 S0C    S1C    S0U    S1U      EC       EU        OC         OU       PC     PU    YGC     YGCT    FGC    FGCT     GCT   
961152.0 961152.0  0.0    0.0   5767232.0 115344.7 15379136.0    0.0     21248.0 3298.0      0    0.000   0      0.000    0.000
961152.0 961152.0  0.0    0.0   5767232.0 115344.7 15379136.0    0.0     21248.0 11729.2      0    0.000   0      0.000    0.000
961152.0 961152.0  0.0    0.0   5767232.0 230689.5 15379136.0    0.0     21248.0 13368.9      0    0.000   0      0.000    0.000
961152.0 961152.0  0.0    0.0   5767232.0 230689.5 15379136.0    0.0     21248.0 14622.0      0    0.000   0      0.000    0.000
961152.0 961152.0  0.0    0.0   5767232.0 3345384.3 15379136.0    0.0     29504.0 28978.7      0    0.000   0      0.000    0.000
961152.0 961152.0  0.0    0.0   5767232.0 5537285.9 15379136.0    0.0     38912.0 38849.4      0    0.000   0      0.000    0.000
961152.0 961152.0  0.0   102321.2 5767232.0 1054254.4 15379136.0    0.0     47360.0 46877.8      1    0.076   0      0.000    0.076
961152.0 961152.0  0.0   102321.2 5767232.0 2661161.3 15379136.0    0.0     48896.0 48818.6      1    0.076   0      0.000    0.076
961152.0 961152.0 109210.6  0.0   5767232.0 1063636.7 15379136.0    0.0     50240.0 50124.9      2    0.124   0      0.000    0.124
961152.0 961152.0 109210.6  0.0   5767232.0 5253926.6 15379136.0    0.0     50240.0 50233.5      2    0.124   0      0.000    0.124
961152.0 961152.0  0.0   102939.5 5767232.0 3620721.8 15379136.0    0.0     50432.0 50252.0      3    0.160   0      0.000    0.160
961152.0 961152.0 107550.3  0.0   5767232.0 1814247.3 15379136.0    0.0     50432.0 50253.0      4    0.206   0      0.000    0.206
110912.0 961152.0  0.0   102254.5 5767232.0 950059.2 15379136.0    0.0     50432.0 50345.3      5    0.246   0      0.000    0.246
110912.0 961152.0  0.0   102254.5 5767232.0 4877809.2 15379136.0    0.0     50432.0 50345.9      5    0.246   0      0.000    0.246
110912.0 110400.0 102883.6  0.0   7468224.0 2397145.6 15379136.0    0.0     50432.0 50346.1      6    0.277   0      0.000    0.277
110912.0 110400.0 102883.6  0.0   7468224.0 6788848.1 15379136.0    0.0     50432.0 50395.2      6    0.277   0      0.000    0.277
126208.0 29376.0  0.0   29368.4 7468224.0 3004820.7 15379136.0  73425.9   50816.0 50641.5      7    0.317   0      0.000    0.317
126208.0 29376.0  0.0   29368.4 7468224.0 6529667.5 15379136.0  73425.9   50816.0 50671.5      7    0.317   0      0.000    0.317
126208.0 128320.0 63662.4  0.0   7432896.0 3021701.0 15379136.0  73497.9   50816.0 50671.7      8    0.341   0      0.000    0.341
126208.0 128320.0 63662.4  0.0   7432896.0 6813931.5 15379136.0  73497.9   50816.0 50672.4      8    0.341   0      0.000    0.341
129216.0 62848.0  0.0   62829.3 7432896.0 3538355.4 15379136.0  73633.9   50816.0 50672.8      9    0.360   0      0.000    0.360
129216.0 62848.0  0.0   62829.3 7432896.0 7089560.0 15379136.0  73633.9   50816.0 50675.2      9    0.360   0      0.000    0.360
129216.0 130880.0 53146.5  0.0   7427776.0 2725049.7 15379136.0  87464.1   50816.0 50724.0     10    0.384   0      0.000    0.384
129216.0 130880.0 53146.5  0.0   7427776.0 5072107.2 15379136.0  87464.1   50816.0 50729.0     10    0.384   0      0.000    0.384
129216.0 130880.0 53146.5  0.0   7427776.0 7287461.4 15379136.0  87464.1   50816.0 50729.5     10    0.384   0      0.000    0.384
130304.0 130880.0  0.0   59478.3 7427776.0 1992643.5 15379136.0  96641.7   50816.0 50731.2     11    0.405   0      0.000    0.405
130304.0 130880.0  0.0   59478.3 7427776.0 3537350.8 15379136.0  96641.7   50816.0 50735.3     11    0.405   0      0.000    0.405
130304.0 130880.0  0.0   59478.3 7427776.0 4587179.2 15379136.0  96641.7   50816.0 50741.0     11    0.405   0      0.000    0.405
130304.0 130880.0  0.0   59478.3 7427776.0 5614314.0 15379136.0  96641.7   50816.0 50743.6     11    0.405   0      0.000    0.405
130304.0 130880.0  0.0   59478.3 7427776.0 6473971.0 15379136.0  96641.7   50816.0 50743.8     11    0.405   0      0.000    0.405
130304.0 128000.0 66496.6  0.0   7431232.0 66105.3  15379136.0  99962.2   50816.0 50744.2     12    0.426   0      0.000    0.426
130304.0 128000.0 66496.6  0.0   7431232.0 1117455.2 15379136.0  99962.2   50816.0 50747.4     12    0.426   0      0.000    0.426
130304.0 128000.0 66496.6  0.0   7431232.0 1821260.6 15379136.0  99962.2   50816.0 50747.7     12    0.426   0      0.000    0.426
130304.0 128000.0 66496.6  0.0   7431232.0 2770287.7 15379136.0  99962.2   50816.0 50748.6     12    0.426   0      0.000    0.426
130304.0 128000.0 66496.6  0.0   7431232.0 3647764.6 15379136.0  99962.2   50816.0 50748.9     12    0.426   0      0.000    0.426
130304.0 128000.0 66496.6  0.0   7431232.0 4611252.8 15379136.0  99962.2   50816.0 50748.9     12    0.426   0      0.000    0.426
130304.0 128000.0 66496.6  0.0   7431232.0 5503782.7 15379136.0  99962.2   50816.0 50749.4     12    0.426   0      0.000    0.426
130304.0 128000.0 66496.6  0.0   7431232.0 6420327.0 15379136.0  99962.2   50816.0 50749.4     12    0.426   0      0.000    0.426
125824.0 128000.0  0.0   64341.9 7431232.0 136280.2 15379136.0  102390.2  50816.0 50750.2     13    0.446   0      0.000    0.446
125824.0 128000.0  0.0   64341.9 7431232.0 1143439.9 15379136.0  102390.2  50816.0 50750.7     13    0.446   0      0.000    0.446
125824.0 128000.0  0.0   64341.9 7431232.0 2373857.6 15379136.0  102390.2  50816.0 50751.4     13    0.446   0      0.000    0.446
125824.0 128000.0  0.0   64341.9 7431232.0 3609649.5 15379136.0  102390.2  50816.0 50751.4     13    0.446   0      0.000    0.446
125824.0 128000.0  0.0   64341.9 7431232.0 5046915.6 15379136.0  102390.2  50816.0 50751.7     13    0.446   0      0.000    0.446
125824.0 128000.0  0.0   64341.9 7431232.0 6444651.3 15379136.0  102390.2  50816.0 50751.7     13    0.446   0      0.000    0.446
125824.0 124032.0 61070.8  0.0   7439680.0 385514.2 15379136.0  102962.6  50816.0 50751.9     14    0.464   0      0.000    0.464
125824.0 124032.0 61070.8  0.0   7439680.0 2082879.2 15379136.0  102962.6  50816.0 50757.3     14    0.464   0      0.000    0.464
125824.0 124032.0 61070.8  0.0   7439680.0 3198459.4 15379136.0  102962.6  50816.0 50759.1     14    0.464   0      0.000    0.464
125824.0 124032.0 61070.8  0.0   7439680.0 3844379.8 15379136.0  102962.6  50816.0 50759.5     14    0.464   0      0.000    0.464
125824.0 124032.0 61070.8  0.0   7439680.0 5582340.4 15379136.0  102962.6  50816.0 50765.1     14    0.464   0      0.000    0.464
121216.0 124032.0  0.0   65647.1 7439680.0 647294.2 15379136.0  103055.5  50816.0 50769.7     15    0.486   0      0.000    0.486
121216.0 124032.0  0.0   65647.1 7439680.0 3020176.3 15379136.0  103055.5  50816.0 50770.2     15    0.486   0      0.000    0.486
121216.0 124032.0  0.0   65647.1 7439680.0 5034039.1 15379136.0  103055.5  50816.0 50771.4     15    0.486   0      0.000    0.486
121216.0 124032.0  0.0   65647.1 7439680.0 6589006.9 15379136.0  103055.5  50816.0 50789.0     15    0.486   0      0.000    0.486
121216.0 117952.0 67952.7  0.0   7450368.0 433349.9 15379136.0  109521.8  50816.0 50789.2     16    0.510   0      0.000    0.510
121216.0 117952.0 67952.7  0.0   7450368.0 1537900.5 15379136.0  109521.8  50816.0 50789.4     16    0.510   0      0.000    0.510
121216.0 117952.0 67952.7  0.0   7450368.0 2811628.1 15379136.0  109521.8  50816.0 50791.0     16    0.510   0      0.000    0.510
121216.0 117952.0 67952.7  0.0   7450368.0 4183636.1 15379136.0  109521.8  50816.0 50796.5     16    0.510   0      0.000    0.510
121216.0 117952.0 67952.7  0.0   7450368.0 5837163.9 15379136.0  109521.8  50816.0 50797.3     16    0.510   0      0.000    0.510
121216.0 117952.0 67952.7  0.0   7450368.0 6971099.6 15379136.0  109521.8  50816.0 50797.7     16    0.510   0      0.000    0.510
116544.0 117952.0  0.0   57823.8 7450368.0 1062769.8 15379136.0  114352.7  50816.0 50799.4     17    0.528   0      0.000    0.528
116544.0 117952.0  0.0   57823.8 7450368.0 3156417.5 15379136.0  114352.7  50816.0 50799.9     17    0.528   0      0.000    0.528
116544.0 117952.0  0.0   57823.8 7450368.0 5220145.1 15379136.0  114352.7  50816.0 50800.0     17    0.528   0      0.000    0.528
116544.0 117952.0  0.0   57823.8 7450368.0 6952764.8 15379136.0  114352.7  50816.0 50800.0     17    0.528   0      0.000    0.528
116544.0 112832.0 69432.3  0.0   7460160.0 997202.1 15379136.0  118536.5  50816.0 50800.0     18    0.553   0      0.000    0.553
116544.0 112832.0 69432.3  0.0   7460160.0 2510105.7 15379136.0  118536.5  50816.0 50800.5     18    0.553   0      0.000    0.553
116544.0 112832.0 69432.3  0.0   7460160.0 5165473.2 15379136.0  118536.5  50816.0 50807.6     18    0.553   0      0.000    0.553
111296.0 112832.0  0.0   58218.6 7460160.0 119099.3 15379136.0  126781.2  50816.0 50812.6     19    0.575   0      0.000    0.575
111296.0 112832.0  0.0   58218.6 7460160.0 2802412.9 15379136.0  126781.2  50816.0 50812.8     19    0.575   0      0.000    0.575
111296.0 112832.0  0.0   58218.6 7460160.0 5847736.6 15379136.0  126781.2  50816.0 50812.8     19    0.575   0      0.000    0.575
111296.0 110080.0 54837.0  0.0   7468160.0 866329.8 15379136.0  140931.1  50816.0 50812.8     20    0.597   0      0.000    0.597
111296.0 110080.0 54837.0  0.0   7468160.0 2928862.9 15379136.0  140931.1  50816.0 50814.1     20    0.597   0      0.000    0.597
111296.0 110080.0 54837.0  0.0   7468160.0 4467330.7 15379136.0  140931.1  50816.0 50814.9     20    0.597   0      0.000    0.597
111296.0 110080.0 54837.0  0.0   7468160.0 6336154.0 15379136.0  140931.1  50816.0 50815.1     20    0.597   0      0.000    0.597
107200.0 110080.0  0.0   62672.0 7468160.0 443437.7 15379136.0  146574.0  50816.0 50815.7     21    0.616   0      0.000    0.616
107200.0 110080.0  0.0   62672.0 7468160.0 2034093.7 15379136.0  146574.0  50816.0 50815.7     21    0.616   0      0.000    0.616
107200.0 110080.0  0.0   62672.0 7468160.0 3740008.7 15379136.0  146574.0  50816.0 50815.7     21    0.616   0      0.000    0.616
107200.0 110080.0  0.0   62672.0 7468160.0 5237077.8 15379136.0  146574.0  51008.0 50816.3     21    0.616   0      0.000    0.616
107200.0 104704.0 61210.9  0.0   7477632.0 243422.3 15379136.0  154217.8  51008.0 50817.5     22    0.638   0      0.000    0.638
107200.0 104704.0 61210.9  0.0   7477632.0 2963283.6 15379136.0  154217.8  51008.0 50818.1     22    0.638   0      0.000    0.638
107200.0 104704.0 61210.9  0.0   7477632.0 5444558.7 15379136.0  154217.8  51008.0 50818.1     22    0.638   0      0.000    0.638
104064.0 104704.0  0.0   50445.0 7477632.0 672911.6 15379136.0  170822.2  51008.0 50818.5     23    0.657   0      0.000    0.657
104064.0 104704.0  0.0   50445.0 7477632.0 2951179.0 15379136.0  170822.2  51008.0 50818.5     23    0.657   0      0.000    0.657
104064.0 104704.0  0.0   50445.0 7477632.0 4585762.4 15379136.0  170822.2  51008.0 50818.5     23    0.657   0      0.000    0.657
104064.0 104704.0  0.0   50445.0 7477632.0 7168071.1 15379136.0  170822.2  51008.0 50821.0     23    0.657   0      0.000    0.657
104064.0 102144.0 55502.3  0.0   7483328.0 2618557.1 15379136.0  177042.3  51008.0 50821.0     24    0.678   0      0.000    0.678
104064.0 102144.0 55502.3  0.0   7483328.0 4775813.5 15379136.0  177042.3  51008.0 50822.8     24    0.678   0      0.000    0.678
99392.0 102144.0  0.0   60157.4 7483328.0 59004.7  15379136.0  191273.7  51008.0 50823.1     25    0.702   0      0.000    0.702
99392.0 102144.0  0.0   60157.4 7483328.0 2769056.6 15379136.0  191273.7  51008.0 50823.1     25    0.702   0      0.000    0.702
99392.0 102144.0  0.0   60157.4 7483328.0 5312241.7 15379136.0  191273.7  51008.0 50823.4     25    0.702   0      0.000    0.702
99392.0 102144.0  0.0   60157.4 7483328.0 7185676.0 15379136.0  191273.7  51008.0 50823.4     25    0.702   0      0.000    0.702
99392.0 97280.0 56681.0  0.0   7492864.0 1597203.6 15379136.0  202443.7  51008.0 50823.4     26    0.722   0      0.000    0.722
99392.0 97280.0 56681.0  0.0   7492864.0 3540290.7 15379136.0  202443.7  51008.0 50823.5     26    0.722   0      0.000    0.722
99392.0 97280.0 56681.0  0.0   7492864.0 5294347.5 15379136.0  202443.7  51008.0 50824.1     26    0.722   0      0.000    0.722
99392.0 97280.0 56681.0  0.0   7492864.0 7146045.1 15379136.0  202443.7  51008.0 50824.2     26    0.722   0      0.000    0.722
95296.0 97280.0  0.0   56186.8 7492864.0 1274275.5 15379136.0  211680.8  51008.0 50824.5     27    0.745   0      0.000    0.745
95296.0 97280.0  0.0   56186.8 7492864.0 2497289.2 15379136.0  211680.8  51008.0 50824.5     27    0.745   0      0.000    0.745
95296.0 97280.0  0.0   56186.8 7492864.0 4361127.2 15379136.0  211680.8  51008.0 50825.3     27    0.745   0      0.000    0.745
95296.0 97280.0  0.0   56186.8 7492864.0 6293443.1 15379136.0  211680.8  51008.0 50826.5     27    0.745   0      0.000    0.745
95296.0 92544.0 60501.8  0.0   7501696.0 745280.4 15379136.0  223728.2  51008.0 50826.5     28    0.767   0      0.000    0.767
95296.0 92544.0 60501.8  0.0   7501696.0 2592606.1 15379136.0  223728.2  51008.0 50827.1     28    0.767   0      0.000    0.767
95296.0 92544.0 60501.8  0.0   7501696.0 5334184.6 15379136.0  223728.2  51008.0 50829.2     28    0.767   0      0.000    0.767
95296.0 92544.0 60501.8  0.0   7501696.0 7450746.8 15379136.0  223728.2  51008.0 50829.2     29    0.767   0      0.000    0.767
90496.0 92544.0  0.0   57635.4 7501696.0 2397191.1 15379136.0  234175.1  51008.0 50829.2     29    0.792   0      0.000    0.792
90496.0 92544.0  0.0   57635.4 7501696.0 5005629.4 15379136.0  234175.1  51008.0 50830.8     29    0.792   0      0.000    0.792
90496.0 92544.0  0.0   57635.4 7501696.0 6790944.9 15379136.0  234175.1  51008.0 50835.0     29    0.792   0      0.000    0.792
90496.0 88192.0 59244.0  0.0   7510848.0 1389785.0 15379136.0  248136.0  51008.0 50835.2     30    0.816   0      0.000    0.816
90496.0 88192.0 59244.0  0.0   7510848.0 3849645.9 15379136.0  248136.0  51008.0 50835.2     30    0.816   0      0.000    0.816
90496.0 88192.0 59244.0  0.0   7510848.0 6650311.7 15379136.0  248136.0  51008.0 50835.2     30    0.816   0      0.000    0.816
88768.0 88192.0  0.0   43456.5 7510848.0 1764232.6 15379136.0  262453.4  51008.0 50835.6     31    0.837   0      0.000    0.837
88768.0 88192.0  0.0   43456.5 7510848.0 4829853.3 15379136.0  262453.4  51008.0 50835.6     31    0.837   0      0.000    0.837
88768.0 88192.0  0.0   43456.5 7510848.0 7385294.2 15379136.0  262453.4  51008.0 50835.6     31    0.837   0      0.000    0.837
88768.0 88576.0 44611.0  0.0   7512192.0 1876619.6 15379136.0  272226.8  51008.0 50835.6     32    0.853   0      0.000    0.853
88768.0 88576.0 44611.0  0.0   7512192.0 3760118.3 15379136.0  272226.8  51008.0 50835.6     32    0.853   0      0.000    0.853
88768.0 88576.0 44611.0  0.0   7512192.0 5067709.8 15379136.0  272226.8  51008.0 50835.6     32    0.853   0      0.000    0.853
88768.0 88576.0 44611.0  0.0   7512192.0 6989991.0 15379136.0  272226.8  51008.0 50837.3     32    0.853   0      0.000    0.853
87360.0 88576.0  0.0   48101.2 7512192.0 544825.6 15379136.0  283886.4  51008.0 50837.3     33    0.872   0      0.000    0.872
87360.0 88576.0  0.0   48101.2 7512192.0 2393498.7 15379136.0  283886.4  51008.0 50837.3     33    0.872   0      0.000    0.872
87360.0 88576.0  0.0   48101.2 7512192.0 5072525.7 15379136.0  283886.4  51008.0 50837.3     33    0.872   0      0.000    0.872
87360.0 86400.0 45814.3  0.0   7515776.0 170889.0 15379136.0  296268.2  51008.0 50837.3     34    0.890   0      0.000    0.890
87360.0 86400.0 45814.3  0.0   7515776.0 1908531.7 15379136.0  296268.2  51008.0 50837.3     34    0.890   0      0.000    0.890
87360.0 86400.0 45814.3  0.0   7515776.0 3746554.4 15379136.0  296268.2  51008.0 50837.3     34    0.890   0      0.000    0.890
87360.0 86400.0 45814.3  0.0   7515776.0 5516068.5 15379136.0  296268.2  51008.0 50837.5     34    0.890   0      0.000    0.890
87360.0 86400.0 45814.3  0.0   7515776.0 7421626.5 15379136.0  296268.2  51008.0 50837.5     34    0.890   0      0.000    0.890
84480.0 86400.0  0.0   50055.2 7515776.0 1960191.6 15379136.0  307115.5  51008.0 50837.5     35    0.909   0      0.000    0.909
84480.0 86400.0  0.0   50055.2 7515776.0 3732132.6 15379136.0  307115.5  51008.0 50837.5     35    0.909   0      0.000    0.909
84480.0 86400.0  0.0   50055.2 7515776.0 5405636.2 15379136.0  307115.5  51008.0 50837.5     35    0.909   0      0.000    0.909
84480.0 86400.0  0.0   50055.2 7515776.0 6987350.8 15379136.0  307115.5  51008.0 50837.5     35    0.909   0      0.000    0.909
84480.0 82944.0 48062.2  0.0   7522112.0 712347.3 15379136.0  318034.6  51008.0 50838.7     36    0.928   0      0.000    0.928
84480.0 82944.0 48062.2  0.0   7522112.0 1300460.0 15379136.0  318034.6  51008.0 50838.7     36    0.928   0      0.000    0.928
84480.0 82944.0 48062.2  0.0   7522112.0 1833480.8 15379136.0  318034.6  51008.0 50838.7     36    0.928   0      0.000    0.928
84480.0 82944.0 48062.2  0.0   7522112.0 3486056.6 15379136.0  318034.6  51008.0 50840.3     36    0.928   0      0.000    0.928
84480.0 82944.0 48062.2  0.0   7522112.0 4571811.0 15379136.0  318034.6  51008.0 50840.3     36    0.928   0      0.000    0.928
84480.0 82944.0 48062.2  0.0   7522112.0 6052422.0 15379136.0  318034.6  51008.0 50840.3     36    0.928   0      0.000    0.928
80704.0 82944.0  0.0   56402.9 7522112.0 333634.6 15379136.0  325184.4  51008.0 50840.3     37    0.950   0      0.000    0.950
80704.0 82944.0  0.0   56402.9 7522112.0 1037924.0 15379136.0  325184.4  51008.0 50840.7     37    0.950   0      0.000    0.950
80704.0 82944.0  0.0   56402.9 7522112.0 1651779.2 15379136.0  325184.4  51008.0 50840.7     37    0.950   0      0.000    0.950
80704.0 82944.0  0.0   56402.9 7522112.0 1978396.0 15379136.0  325184.4  51008.0 50840.7     37    0.950   0      0.000    0.950
80704.0 82944.0  0.0   56402.9 7522112.0 2672589.4 15379136.0  325184.4  51008.0 50840.7     37    0.950   0      0.000    0.950
80704.0 82944.0  0.0   56402.9 7522112.0 3274286.9 15379136.0  325184.4  51008.0 50840.8     37    0.950   0      0.000    0.950
80704.0 82944.0  0.0   56402.9 7522112.0 4126155.1 15379136.0  325184.4  51008.0 50840.8     37    0.950   0      0.000    0.950
80704.0 82944.0  0.0   56402.9 7522112.0 5111567.6 15379136.0  325184.4  51008.0 50840.8     37    0.950   0      0.000    0.950
80704.0 82944.0  0.0   56402.9 7522112.0 5688145.8 15379136.0  325184.4  51008.0 50840.8     37    0.950   0      0.000    0.950
80704.0 82944.0  0.0   56402.9 7522112.0 6797437.3 15379136.0  325184.4  51008.0 50841.0     37    0.950   0      0.000    0.950
80704.0 80384.0 61327.2  0.0   7528448.0 990589.7 15379136.0  333379.3  51008.0 50841.0     38    0.972   0      0.000    0.972
80704.0 80384.0 61327.2  0.0   7528448.0 2417296.7 15379136.0  333379.3  51008.0 50841.0     38    0.972   0      0.000    0.972
80704.0 80384.0 61327.2  0.0   7528448.0 3360421.3 15379136.0  333379.3  51008.0 50843.9     38    0.972   0      0.000    0.972
80704.0 80384.0 61327.2  0.0   7528448.0 5067926.1 15379136.0  333379.3  51008.0 50844.6     38    0.972   0      0.000    0.972
80704.0 80384.0 61327.2  0.0   7528448.0 6815916.3 15379136.0  333379.3  51008.0 50845.9     38    0.972   0      0.000    0.972
78976.0 80384.0  0.0   49672.4 7528448.0 597929.9 15379136.0  348669.6  51008.0 50847.3     39    0.994   0      0.000    0.994
78976.0 80384.0  0.0   49672.4 7528448.0 1155621.5 15379136.0  348669.6  51008.0 50847.3     39    0.994   0      0.000    0.994
78976.0 80384.0  0.0   49672.4 7528448.0 1452309.4 15379136.0  348669.6  51008.0 50848.2     39    0.994   0      0.000    0.994
78976.0 80384.0  0.0   49672.4 7528448.0 2479180.2 15379136.0  348669.6  51008.0 50848.9     39    0.994   0      0.000    0.994
78976.0 80384.0  0.0   49672.4 7528448.0 3403547.6 15379136.0  348669.6  51008.0 50848.9     39    0.994   0      0.000    0.994
78976.0 80384.0  0.0   49672.4 7528448.0 4087726.0 15379136.0  348669.6  51008.0 50868.5     39    0.994   0      0.000    0.994
78976.0 80384.0  0.0   49672.4 7528448.0 5042386.7 15379136.0  348669.6  51008.0 50868.5     39    0.994   0      0.000    0.994
78976.0 80384.0  0.0   49672.4 7528448.0 5801498.6 15379136.0  348669.6  51008.0 50868.9     39    0.994   0      0.000    0.994
78976.0 80384.0  0.0   49672.4 7528448.0 6949622.2 15379136.0  348669.6  51008.0 50869.3     39    0.994   0      0.000    0.994
78976.0 79808.0 63836.8  0.0   7529920.0 221315.2 15379136.0  354612.0  51008.0 50869.3     40    1.019   0      0.000    1.019
78976.0 79808.0 63836.8  0.0   7529920.0 1167292.4 15379136.0  354612.0  51008.0 50869.5     40    1.019   0      0.000    1.019
78976.0 79808.0 63836.8  0.0   7529920.0 2130926.7 15379136.0  354612.0  51008.0 50869.5     40    1.019   0      0.000    1.019
78976.0 79808.0 63836.8  0.0   7529920.0 2606309.1 15379136.0  354612.0  51008.0 50869.5     40    1.019   0      0.000    1.019
78976.0 79808.0 63836.8  0.0   7529920.0 2736955.5 15379136.0  354612.0  51008.0 50869.5     40    1.019   0      0.000    1.019
78976.0 79808.0 63836.8  0.0   7529920.0 3758233.5 15379136.0  354612.0  51008.0 50869.8     40    1.019   0      0.000    1.019
78976.0 79808.0 63836.8  0.0   7529920.0 5114303.9 15379136.0  354612.0  51008.0 50869.8     40    1.019   0      0.000    1.019
78976.0 79808.0 63836.8  0.0   7529920.0 5803435.1 15379136.0  354612.0  51008.0 50870.2     40    1.019   0      0.000    1.019
78976.0 79808.0 63836.8  0.0   7529920.0 6275891.2 15379136.0  354612.0  51008.0 50870.2     40    1.019   0      0.000    1.019
78976.0 79808.0 63836.8  0.0   7529920.0 7020201.0 15379136.0  354612.0  51008.0 50871.0     40    1.019   0      0.000    1.019
78464.0 79808.0  0.0   58807.1 7529920.0 99214.1  15379136.0  363705.3  51008.0 50871.0     41    1.042   0      0.000    1.042
78464.0 79808.0  0.0   58807.1 7529920.0 660431.4 15379136.0  363705.3  51008.0 50871.4     41    1.042   0      0.000    1.042
78464.0 79808.0  0.0   58807.1 7529920.0 1236464.8 15379136.0  363705.3  51008.0 50871.6     41    1.042   0      0.000    1.042
78464.0 79808.0  0.0   58807.1 7529920.0 1612640.2 15379136.0  363705.3  51008.0 50871.9     41    1.042   0      0.000    1.042
78464.0 79808.0  0.0   58807.1 7529920.0 2940676.7 15379136.0  363705.3  51008.0 50872.3     41    1.042   0      0.000    1.042
78464.0 79808.0  0.0   58807.1 7529920.0 4037580.6 15379136.0  363705.3  51008.0 50873.8     41    1.042   0      0.000    1.042
78464.0 79808.0  0.0   58807.1 7529920.0 5336565.8 15379136.0  363705.3  51008.0 50874.0     41    1.042   0      0.000    1.042
78464.0 79808.0  0.0   58807.1 7529920.0 6148761.3 15379136.0  363705.3  51008.0 50874.0     41    1.042   0      0.000    1.042
78464.0 79808.0  0.0   58807.1 7529920.0 7018485.4 15379136.0  363705.3  51008.0 50875.9     41    1.042   0      0.000    1.042
78464.0 78528.0 62376.1  0.0   7532480.0 407616.5 15379136.0  365993.4  51008.0 50875.9     42    1.061   0      0.000    1.061
78464.0 78528.0 62376.1  0.0   7532480.0 1465240.2 15379136.0  365993.4  51008.0 50877.0     42    1.061   0      0.000    1.061
78464.0 78528.0 62376.1  0.0   7532480.0 2538934.9 15379136.0  365993.4  51008.0 50877.0     42    1.061   0      0.000    1.061
78464.0 78528.0 62376.1  0.0   7532480.0 3267642.6 15379136.0  365993.4  51008.0 50877.0     42    1.061   0      0.000    1.061
78464.0 78528.0 62376.1  0.0   7532480.0 4803135.3 15379136.0  365993.4  51008.0 50878.2     42    1.061   0      0.000    1.061
78464.0 78528.0 62376.1  0.0   7532480.0 6632212.7 15379136.0  365993.4  51008.0 50878.2     42    1.061   0      0.000    1.061
76992.0 78528.0  0.0   53228.6 7532480.0 112156.9 15379136.0  377380.0  51008.0 50878.2     43    1.083   0      0.000    1.083
76992.0 78528.0  0.0   53228.6 7532480.0 1025503.5 15379136.0  377380.0  51008.0 50878.9     43    1.083   0      0.000    1.083
76992.0 78528.0  0.0   53228.6 7532480.0 1858979.1 15379136.0  377380.0  51008.0 50878.9     43    1.083   0      0.000    1.083
76992.0 78528.0  0.0   53228.6 7532480.0 2771861.0 15379136.0  377380.0  51008.0 50879.2     43    1.083   0      0.000    1.083
76992.0 78528.0  0.0   53228.6 7532480.0 3943646.5 15379136.0  377380.0  51008.0 50958.4     43    1.083   0      0.000    1.083
76992.0 78528.0  0.0   53228.6 7532480.0 5053255.8 15379136.0  377380.0  51008.0 50958.4     43    1.083   0      0.000    1.083
76992.0 78528.0  0.0   53228.6 7532480.0 6329704.1 15379136.0  377380.0  51008.0 50958.4     43    1.083   0      0.000    1.083
76992.0 78528.0  0.0   53228.6 7532480.0 6911266.4 15379136.0  377380.0  51008.0 50959.1     43    1.083   0      0.000    1.083
76992.0 75776.0 58836.6  0.0   7536768.0 686555.3 15379136.0  387362.1  51008.0 50960.3     44    1.106   0      0.000    1.106
76992.0 75776.0 58836.6  0.0   7536768.0 2691845.8 15379136.0  387362.1  51008.0 50960.3     44    1.106   0      0.000    1.106
76992.0 75776.0 58836.6  0.0   7536768.0 3894348.5 15379136.0  387362.1  51008.0 50961.4     44    1.106   0      0.000    1.106
76992.0 75776.0 58836.6  0.0   7536768.0 5098807.2 15379136.0  387362.1  51008.0 50961.8     44    1.106   0      0.000    1.106
76992.0 75776.0 58836.6  0.0   7536768.0 6297503.8 15379136.0  387362.1  51008.0 50962.1     44    1.106   0      0.000    1.106
76992.0 75776.0 58836.6  0.0   7536768.0 7172414.1 15379136.0  387362.1  51008.0 50962.5     44    1.106   0      0.000    1.106
75200.0 75776.0  0.0   49009.0 7536768.0 1021466.5 15379136.0  403730.1  51008.0 50963.0     45    1.132   0      0.000    1.132
75200.0 75776.0  0.0   49009.0 7536768.0 2174764.1 15379136.0  403730.1  51008.0 50963.6     45    1.132   0      0.000    1.132
75200.0 75776.0  0.0   49009.0 7536768.0 2897194.6 15379136.0  403730.1  51008.0 50967.1     45    1.132   0      0.000    1.132
75200.0 75776.0  0.0   49009.0 7536768.0 3484951.0 15379136.0  403730.1  51008.0 50968.3     45    1.132   0      0.000    1.132
75200.0 75776.0  0.0   49009.0 7536768.0 4813131.7 15379136.0  403730.1  51008.0 50968.5     45    1.132   0      0.000    1.132
75200.0 75776.0  0.0   49009.0 7536768.0 6221775.8 15379136.0  403730.1  51008.0 50968.6     45    1.132   0      0.000    1.132
75200.0 75776.0  0.0   49009.0 7536768.0 7456492.6 15379136.0  403730.1  51008.0 50969.7     45    1.132   0      0.000    1.132
75200.0 73984.0 51789.5  0.0   7540352.0 952482.0 15379136.0  424466.4  51008.0 50969.7     46    1.156   0      0.000    1.156
75200.0 73984.0 51789.5  0.0   7540352.0 1836423.4 15379136.0  424466.4  51008.0 50969.7     46    1.156   0      0.000    1.156
75200.0 73984.0 51789.5  0.0   7540352.0 2744232.2 15379136.0  424466.4  51008.0 50969.7     46    1.156   0      0.000    1.156
75200.0 73984.0 51789.5  0.0   7540352.0 3448178.6 15379136.0  424466.4  51008.0 50969.9     46    1.156   0      0.000    1.156
75200.0 73984.0 51789.5  0.0   7540352.0 4385135.0 15379136.0  424466.4  51008.0 50970.8     46    1.156   0      0.000    1.156
75200.0 73984.0 51789.5  0.0   7540352.0 4806260.0 15379136.0  424466.4  51008.0 50970.9     46    1.156   0      0.000    1.156
75200.0 73984.0 51789.5  0.0   7540352.0 5900378.5 15379136.0  424466.4  51008.0 50970.9     46    1.156   0      0.000    1.156
75200.0 73984.0 51789.5  0.0   7540352.0 7382948.4 15379136.0  424466.4  51008.0 50970.9     46    1.156   0      0.000    1.156
72192.0 73984.0  0.0   55263.9 7540352.0 1089289.4 15379136.0  432841.8  51008.0 50971.4     47    1.180   0      0.000    1.180
72192.0 73984.0  0.0   55263.9 7540352.0 2114414.0 15379136.0  432841.8  51008.0 50971.7     47    1.180   0      0.000    1.180
72192.0 73984.0  0.0   55263.9 7540352.0 2535605.4 15379136.0  432841.8  51008.0 50971.7     47    1.180   0      0.000    1.180
72192.0 73984.0  0.0   55263.9 7540352.0 3355627.3 15379136.0  432841.8  51008.0 50975.0     47    1.180   0      0.000    1.180
72192.0 73984.0  0.0   55263.9 7540352.0 3787604.8 15379136.0  432841.8  51008.0 50975.0     47    1.180   0      0.000    1.180
72192.0 73984.0  0.0   55263.9 7540352.0 4121011.1 15379136.0  432841.8  51008.0 50977.8     47    1.180   0      0.000    1.180
72192.0 73984.0  0.0   55263.9 7540352.0 5384690.9 15379136.0  432841.8  51008.0 50977.8     47    1.180   0      0.000    1.180
72192.0 73984.0  0.0   55263.9 7540352.0 6172026.4 15379136.0  432841.8  51008.0 50977.8     47    1.180   0      0.000    1.180
72192.0 73984.0  0.0   55263.9 7540352.0 6770117.2 15379136.0  432841.8  51008.0 50978.3     47    1.180   0      0.000    1.180
72192.0 73984.0  0.0   55263.9 7540352.0 7521979.0 15379136.0  432841.8  51008.0 50978.6     47    1.180   0      0.000    1.180
72192.0 70656.0 54826.2  0.0   7546688.0 1086778.0 15379136.0  436808.2  51008.0 50978.6     48    1.202   0      0.000    1.202
72192.0 70656.0 54826.2  0.0   7546688.0 1842392.4 15379136.0  436808.2  51008.0 50978.6     48    1.202   0      0.000    1.202
72192.0 70656.0 54826.2  0.0   7546688.0 2354518.5 15379136.0  436808.2  51008.0 50978.6     48    1.202   0      0.000    1.202
72192.0 70656.0 54826.2  0.0   7546688.0 3062955.5 15379136.0  436808.2  51008.0 50978.6     48    1.202   0      0.000    1.202
72192.0 70656.0 54826.2  0.0   7546688.0 3779053.3 15379136.0  436808.2  51008.0 50978.8     48    1.202   0      0.000    1.202
72192.0 70656.0 54826.2  0.0   7546688.0 4586023.7 15379136.0  436808.2  51008.0 50978.8     48    1.202   0      0.000    1.202
72192.0 70656.0 54826.2  0.0   7546688.0 5891068.1 15379136.0  436808.2  51008.0 50978.8     48    1.202   0      0.000    1.202
72192.0 70656.0 54826.2  0.0   7546688.0 6722917.2 15379136.0  436808.2  51008.0 50978.8     48    1.202   0      0.000    1.202
73664.0 69184.0  0.0   69128.4 7546688.0   0.0    15379136.0  444367.2  51008.0 50978.8     49    1.231   0      0.000    1.231
73664.0 69184.0  0.0   69128.4 7546688.0 633829.8 15379136.0  444367.2  51008.0 50978.8     49    1.231   0      0.000    1.231
73664.0 69184.0  0.0   69128.4 7546688.0 1651329.5 15379136.0  444367.2  51008.0 50978.8     49    1.231   0      0.000    1.231
73664.0 69184.0  0.0   69128.4 7546688.0 2322866.2 15379136.0  444367.2  51008.0 50978.8     49    1.231   0      0.000    1.231
73664.0 69184.0  0.0   69128.4 7546688.0 2984440.9 15379136.0  444367.2  51008.0 50978.8     49    1.231   0      0.000    1.231
73664.0 69184.0  0.0   69128.4 7546688.0 3797488.6 15379136.0  444367.2  51008.0 50979.1     49    1.231   0      0.000    1.231
73664.0 69184.0  0.0   69128.4 7546688.0 4745376.6 15379136.0  444367.2  51008.0 50979.3     49    1.231   0      0.000    1.231
73664.0 69184.0  0.0   69128.4 7546688.0 5775651.4 15379136.0  444367.2  51008.0 50979.8     49    1.231   0      0.000    1.231
73664.0 69184.0  0.0   69128.4 7546688.0 6488616.4 15379136.0  444367.2  51008.0 50979.8     49    1.231   0      0.000    1.231
73664.0 69184.0  0.0   69128.4 7546688.0 7264930.8 15379136.0  444367.2  51008.0 50979.8     49    1.231   0      0.000    1.231
73664.0 73216.0 58795.6  0.0   7542656.0 1194995.1 15379136.0  454348.8  51008.0 50979.8     50    1.254   0      0.000    1.254
73664.0 73216.0 58795.6  0.0   7542656.0 1856720.4 15379136.0  454348.8  51008.0 50979.8     50    1.254   0      0.000    1.254
73664.0 73216.0 58795.6  0.0   7542656.0 2668207.0 15379136.0  454348.8  51008.0 50979.8     50    1.254   0      0.000    1.254
73664.0 73216.0 58795.6  0.0   7542656.0 3209333.5 15379136.0  454348.8  51008.0 50980.0     50    1.254   0      0.000    1.254
73664.0 73216.0 58795.6  0.0   7542656.0 3903476.2 15379136.0  454348.8  51008.0 50980.3     50    1.254   0      0.000    1.254
73664.0 73216.0 58795.6  0.0   7542656.0 4471777.2 15379136.0  454348.8  51008.0 50983.7     50    1.254   0      0.000    1.254
73664.0 73216.0 58795.6  0.0   7542656.0 5653049.2 15379136.0  454348.8  51008.0 50983.7     50    1.254   0      0.000    1.254
73664.0 73216.0 58795.6  0.0   7542656.0 6036687.5 15379136.0  454348.8  51008.0 50983.7     50    1.254   0      0.000    1.254
73664.0 73216.0 58795.6  0.0   7542656.0 6606090.1 15379136.0  454348.8  51008.0 50983.7     50    1.254   0      0.000    1.254
73664.0 73216.0 58795.6  0.0   7542656.0 7412818.9 15379136.0  454348.8  51008.0 50983.7     50    1.254   0      0.000    1.254
72128.0 73216.0  0.0   58554.3 7542656.0 1005549.9 15379136.0  457514.1  51008.0 50983.7     51    1.276   0      0.000    1.276
72128.0 73216.0  0.0   58554.3 7542656.0 1847328.9 15379136.0  457514.1  51008.0 50983.7     51    1.276   0      0.000    1.276
72128.0 73216.0  0.0   58554.3 7542656.0 2504872.5 15379136.0  457514.1  51008.0 50983.7     51    1.276   0      0.000    1.276
72128.0 73216.0  0.0   58554.3 7542656.0 3554391.4 15379136.0  457514.1  51008.0 50983.9     51    1.276   0      0.000    1.276
72128.0 73216.0  0.0   58554.3 7542656.0 4779688.0 15379136.0  457514.1  51008.0 50984.7     51    1.276   0      0.000    1.276
72128.0 73216.0  0.0   58554.3 7542656.0 6371008.9 15379136.0  457514.1  51008.0 50984.9     51    1.276   0      0.000    1.276
72128.0 71424.0 59327.4  0.0   7545984.0 767663.4 15379136.0  461587.9  51008.0 50986.2     52    1.299   0      0.000    1.299
72128.0 71424.0 59327.4  0.0   7545984.0 1841444.1 15379136.0  461587.9  51008.0 50986.2     52    1.299   0      0.000    1.299
72128.0 71424.0 59327.4  0.0   7545984.0 3405347.3 15379136.0  461587.9  51008.0 50986.6     52    1.299   0      0.000    1.299
72128.0 71424.0 59327.4  0.0   7545984.0 4569605.5 15379136.0  461587.9  51008.0 50988.5     52    1.299   0      0.000    1.299
72128.0 71424.0 59327.4  0.0   7545984.0 6289190.4 15379136.0  461587.9  51008.0 50988.5     52    1.299   0      0.000    1.299
72128.0 71424.0 59327.4  0.0   7545984.0 7158495.8 15379136.0  461587.9  51008.0 50988.5     52    1.299   0      0.000    1.299
71936.0 71424.0  0.0   46400.2 7545984.0 1033797.6 15379136.0  477164.9  51008.0 50988.5     53    1.326   0      0.000    1.326
71936.0 71424.0  0.0   46400.2 7545984.0 2604339.7 15379136.0  477164.9  51008.0 50988.9     53    1.326   0      0.000    1.326
71936.0 71424.0  0.0   46400.2 7545984.0 5238988.2 15379136.0  477164.9  51008.0 50990.3     53    1.326   0      0.000    1.326
71936.0 71424.0  0.0   46400.2 7545984.0 5798083.9 15379136.0  477164.9  51008.0 50990.3     53    1.326   0      0.000    1.326
71936.0 71424.0  0.0   46400.2 7545984.0 6611263.9 15379136.0  477164.9  51008.0 50990.4     53    1.326   0      0.000    1.326
71936.0 73536.0 37545.2  0.0   7542464.0 851830.6 15379136.0  504097.9  51008.0 50990.9     54    1.347   0      0.000    1.347
71936.0 73536.0 37545.2  0.0   7542464.0 1951017.7 15379136.0  504097.9  51008.0 50991.1     54    1.347   0      0.000    1.347
71936.0 73536.0 37545.2  0.0   7542464.0 3389097.7 15379136.0  504097.9  51008.0 50991.5     54    1.347   0      0.000    1.347
71936.0 73536.0 37545.2  0.0   7542464.0 4642116.5 15379136.0  504097.9  51008.0 50991.5     54    1.347   0      0.000    1.347
71936.0 73536.0 37545.2  0.0   7542464.0 6536230.0 15379136.0  504097.9  51008.0 50991.5     54    1.347   0      0.000    1.347
72896.0 73536.0  0.0   47103.4 7542464.0 293352.1 15379136.0  520186.1  51008.0 50993.4     55    1.368   0      0.000    1.368
72896.0 73536.0  0.0   47103.4 7542464.0 1479144.2 15379136.0  520186.1  51008.0 50993.4     55    1.368   0      0.000    1.368
72896.0 73536.0  0.0   47103.4 7542464.0 3386585.6 15379136.0  520186.1  51008.0 50993.6     55    1.368   0      0.000    1.368
72896.0 73536.0  0.0   47103.4 7542464.0 4788747.5 15379136.0  520186.1  51008.0 50993.6     55    1.368   0      0.000    1.368
72896.0 73280.0 40055.9  0.0   7542976.0   0.0    15379136.0  533159.5  51008.0 50993.6     56    1.386   0      0.000    1.386
72896.0 73280.0 40055.9  0.0   7542976.0 2281475.5 15379136.0  533159.5  51008.0 50993.6     56    1.386   0      0.000    1.386
72896.0 73280.0 40055.9  0.0   7542976.0 3910076.8 15379136.0  533159.5  51008.0 50993.6     56    1.386   0      0.000    1.386
72896.0 73280.0 40055.9  0.0   7542976.0 6139357.5 15379136.0  533159.5  51008.0 50993.9     56    1.386   0      0.000    1.386
72704.0 73280.0  0.0   43260.1 7542976.0 1164306.0 15379136.0  550271.0  51008.0 50994.1     57    1.409   0      0.000    1.409
72704.0 73280.0  0.0   43260.1 7542976.0 3146057.9 15379136.0  550271.0  51008.0 50994.1     57    1.409   0      0.000    1.409
72704.0 73280.0  0.0   43260.1 7542976.0 4779497.5 15379136.0  550271.0  51008.0 50994.1     57    1.409   0      0.000    1.409
72704.0 73280.0  0.0   43260.1 7542976.0 5446295.2 15379136.0  550271.0  51008.0 50994.1     57    1.409   0      0.000    1.409
72704.0 73280.0  0.0   43260.1 7542976.0 6781886.1 15379136.0  550271.0  51008.0 50994.1     57    1.409   0      0.000    1.409
72704.0 71616.0 45672.2  0.0   7545216.0 1874180.8 15379136.0  562326.9  51008.0 50994.1     58    1.435   0      0.000    1.435
72704.0 71616.0 45672.2  0.0   7545216.0 2360369.0 15379136.0  562326.9  51008.0 50994.1     58    1.435   0      0.000    1.435
72704.0 71616.0 45672.2  0.0   7545216.0 4497980.5 15379136.0  562326.9  51008.0 50994.1     58    1.435   0      0.000    1.435
72704.0 71616.0 45672.2  0.0   7545216.0 6924195.6 15379136.0  562326.9  51008.0 50994.1     58    1.435   0      0.000    1.435
70976.0 71616.0  0.0   42310.9 7545216.0 924900.2 15379136.0  586184.2  51008.0 50994.5     59    1.458   0      0.000    1.458
70976.0 71616.0  0.0   42310.9 7545216.0 2535772.6 15379136.0  586184.2  51008.0 50994.5     59    1.458   0      0.000    1.458
70976.0 71616.0  0.0   42310.9 7545216.0 4144622.2 15379136.0  586184.2  51008.0 50994.8     59    1.458   0      0.000    1.458
70976.0 71616.0  0.0   42310.9 7545216.0 6568502.3 15379136.0  586184.2  51008.0 50994.8     59    1.458   0      0.000    1.458
70976.0 69568.0 51872.6  0.0   7548992.0 1104874.9 15379136.0  597139.0  51008.0 51000.6     60    1.483   0      0.000    1.483
70976.0 69568.0 51872.6  0.0   7548992.0 3332113.9 15379136.0  597139.0  51008.0 51000.6     60    1.483   0      0.000    1.483
70976.0 69568.0 51872.6  0.0   7548992.0 5198223.7 15379136.0  597139.0  51008.0 51001.1     60    1.483   0      0.000    1.483
70976.0 69568.0 51872.6  0.0   7548992.0 7257997.3 15379136.0  597139.0  51008.0 51001.1     60    1.483   0      0.000    1.483
68480.0 69568.0  0.0   45115.0 7548992.0 1160706.7 15379136.0  612140.4  51008.0 51001.1     61    1.504   0      0.000    1.504
68480.0 69568.0  0.0   45115.0 7548992.0 2857368.4 15379136.0  612140.4  51008.0 51001.1     61    1.504   0      0.000    1.504
68480.0 69568.0  0.0   45115.0 7548992.0 3723466.4 15379136.0  612140.4  51008.0 51001.1     61    1.504   0      0.000    1.504
68480.0 69568.0  0.0   45115.0 7548992.0 4883225.1 15379136.0  612140.4  51008.0 51001.1     61    1.504   0      0.000    1.504
68480.0 69568.0  0.0   45115.0 7548992.0 5759837.9 15379136.0  612140.4  51008.0 51001.1     61    1.504   0      0.000    1.504
68480.0 69568.0  0.0   45115.0 7548992.0 6427621.8 15379136.0  612140.4  51008.0 51001.1     61    1.504   0      0.000    1.504
68480.0 69568.0  0.0   45115.0 7548992.0 7194472.3 15379136.0  612140.4  51008.0 51001.1     61    1.504   0      0.000    1.504
68480.0 71744.0 63619.9  0.0   7546048.0 852926.1 15379136.0  618088.8  51008.0 51001.1     62    1.526   0      0.000    1.526
68480.0 71744.0 63619.9  0.0   7546048.0 2559272.3 15379136.0  618088.8  51008.0 51001.1     62    1.526   0      0.000    1.526
68480.0 71744.0 63619.9  0.0   7546048.0 3724521.6 15379136.0  618088.8  51008.0 51001.1     62    1.526   0      0.000    1.526
68480.0 71744.0 63619.9  0.0   7546048.0 4319424.5 15379136.0  618088.8  51008.0 51001.1     62    1.526   0      0.000    1.526
68480.0 71744.0 63619.9  0.0   7546048.0 4601687.7 15379136.0  618088.8  51008.0 51001.1     62    1.526   0      0.000    1.526
68480.0 71744.0 63619.9  0.0   7546048.0 5294544.7 15379136.0  618088.8  51008.0 51001.1     62    1.526   0      0.000    1.526
68480.0 71744.0 63619.9  0.0   7546048.0 6412276.8 15379136.0  618088.8  51008.0 51002.1     62    1.526   0      0.000    1.526
68480.0 71744.0 63619.9  0.0   7546048.0 7323697.6 15379136.0  618088.8  51008.0 51002.1     62    1.526   0      0.000    1.526
73600.0 61568.0  0.0   61545.9 7546048.0 1080647.4 15379136.0  624368.6  51008.0 51004.5     63    1.552   0      0.000    1.552
73600.0 61568.0  0.0   61545.9 7546048.0 2294863.7 15379136.0  624368.6  51008.0 51004.5     63    1.552   0      0.000    1.552
73600.0 61568.0  0.0   61545.9 7546048.0 3910556.1 15379136.0  624368.6  51008.0 51004.5     63    1.552   0      0.000    1.552
73600.0 61568.0  0.0   61545.9 7546048.0 4903628.8 15379136.0  624368.6  51008.0 51004.5     63    1.552   0      0.000    1.552
73600.0 61568.0  0.0   61545.9 7546048.0 6075809.4 15379136.0  624368.6  51008.0 51005.4     63    1.552   0      0.000    1.552
73600.0 74240.0 59732.9  0.0   7541056.0 101167.7 15379136.0  635612.0  51008.0 51005.4     64    1.579   0      0.000    1.579
73600.0 74240.0 59732.9  0.0   7541056.0 2398736.8 15379136.0  635612.0  51008.0 51005.4     64    1.579   0      0.000    1.579
73600.0 74240.0 59732.9  0.0   7541056.0 3471386.3 15379136.0  635612.0  51008.0 51005.4     64    1.579   0      0.000    1.579
73600.0 74240.0 59732.9  0.0   7541056.0 6067990.0 15379136.0  635612.0  51008.0 51005.4     64    1.579   0      0.000    1.579
73600.0 74240.0 59732.9  0.0   7541056.0 6829116.2 15379136.0  635612.0  51008.0 51005.4     64    1.579   0      0.000    1.579
72832.0 74240.0  0.0   48730.7 7541056.0 543261.6 15379136.0  655515.2  51008.0 51005.4     65    1.601   0      0.000    1.601
72832.0 74240.0  0.0   48730.7 7541056.0 1806083.7 15379136.0  655515.2  51008.0 51005.4     65    1.601   0      0.000    1.601
72832.0 74240.0  0.0   48730.7 7541056.0 2985898.4 15379136.0  655515.2  51008.0 51005.4     65    1.601   0      0.000    1.601
72832.0 74240.0  0.0   48730.7 7541056.0 4091663.2 15379136.0  655515.2  51008.0 51005.4     65    1.601   0      0.000    1.601
72832.0 74240.0  0.0   48730.7 7541056.0 4777429.2 15379136.0  655515.2  51008.0 51005.4     65    1.601   0      0.000    1.601
72832.0 74240.0  0.0   48730.7 7541056.0 5908292.0 15379136.0  655515.2  51008.0 51006.2     65    1.601   0      0.000    1.601
72832.0 74240.0  0.0   48730.7 7541056.0 6680333.2 15379136.0  655515.2  51008.0 51006.2     65    1.601   0      0.000    1.601
72832.0 74624.0 62892.7  0.0   7540288.0 234574.6 15379136.0  663713.2  51008.0 51006.2     66    1.624   0      0.000    1.624
72832.0 74624.0 62892.7  0.0   7540288.0 1790804.3 15379136.0  663713.2  51008.0 51006.2     66    1.624   0      0.000    1.624
72832.0 74624.0 62892.7  0.0   7540288.0 2407010.1 15379136.0  663713.2  51008.0 51006.2     66    1.624   0      0.000    1.624
72832.0 74624.0 62892.7  0.0   7540288.0 3597740.2 15379136.0  663713.2  51008.0 51006.2     66    1.624   0      0.000    1.624
72832.0 74624.0 62892.7  0.0   7540288.0 4914121.2 15379136.0  663713.2  51008.0 51006.2     66    1.624   0      0.000    1.624
72832.0 74624.0 62892.7  0.0   7540288.0 6733919.4 15379136.0  663713.2  51008.0 51006.2     66    1.624   0      0.000    1.624
73728.0 74624.0  0.0   46490.1 7540288.0 508593.8 15379136.0  685630.1  51008.0 51006.2     67    1.648   0      0.000    1.648
73728.0 74624.0  0.0   46490.1 7540288.0 1618302.8 15379136.0  685630.1  51008.0 51006.2     67    1.648   0      0.000    1.648
73728.0 74624.0  0.0   46490.1 7540288.0 2607488.4 15379136.0  685630.1  51008.0 51006.2     67    1.648   0      0.000    1.648
73728.0 74624.0  0.0   46490.1 7540288.0 4330911.8 15379136.0  685630.1  51008.0 51006.8     67    1.648   0      0.000    1.648
73728.0 74624.0  0.0   46490.1 7540288.0 5013777.8 15379136.0  685630.1  51008.0 51006.8     67    1.648   0      0.000    1.648
73728.0 74624.0  0.0   46490.1 7540288.0 6164517.2 15379136.0  685630.1  51008.0 51006.8     67    1.648   0      0.000    1.648
73728.0 74624.0  0.0   46490.1 7540288.0 7018526.7 15379136.0  685630.1  51008.0 51006.8     67    1.648   0      0.000    1.648
73728.0 73408.0 57622.7  0.0   7542400.0 581010.1 15379136.0  691564.4  51008.0 51006.8     68    1.669   0      0.000    1.669
73728.0 73408.0 57622.7  0.0   7542400.0 1742026.4 15379136.0  691564.4  51008.0 51006.8     68    1.669   0      0.000    1.669
73728.0 73408.0 57622.7  0.0   7542400.0 3162110.5 15379136.0  691564.4  51008.0 51006.8     68    1.669   0      0.000    1.669
73728.0 73408.0 57622.7  0.0   7542400.0 4082250.7 15379136.0  691564.4  51008.0 51006.8     68    1.669   0      0.000    1.669
73728.0 73408.0 57622.7  0.0   7542400.0 5464872.0 15379136.0  691564.4  51008.0 51007.5     68    1.669   0      0.000    1.669
73728.0 73408.0 57622.7  0.0   7542400.0 6376754.6 15379136.0  691564.4  51008.0 51007.5     68    1.669   0      0.000    1.669
73728.0 73408.0 57622.7  0.0   7542400.0 7538253.3 15379136.0  691564.4  51008.0 51007.5     69    1.669   0      0.000    1.669
73856.0 59904.0  0.0   59857.0 7542400.0 1013768.3 15379136.0  699079.0  51008.0 51007.5     69    1.695   0      0.000    1.695
73856.0 59904.0  0.0   59857.0 7542400.0 2109156.1 15379136.0  699079.0  51008.0 51007.5     69    1.695   0      0.000    1.695
73856.0 59904.0  0.0   59857.0 7542400.0 3015218.9 15379136.0  699079.0  51008.0 51007.5     69    1.695   0      0.000    1.695
73856.0 59904.0  0.0   59857.0 7542400.0 4108663.2 15379136.0  699079.0  51008.0 51007.5     69    1.695   0      0.000    1.695
73856.0 59904.0  0.0   59857.0 7542400.0 4682296.7 15379136.0  699079.0  51008.0 51007.5     69    1.695   0      0.000    1.695
73856.0 59904.0  0.0   59857.0 7542400.0 6087166.3 15379136.0  699079.0  51008.0 51007.5     69    1.695   0      0.000    1.695
73856.0 59904.0  0.0   59857.0 7542400.0 6922349.0 15379136.0  699079.0  51008.0 51007.5     69    1.695   0      0.000    1.695
73856.0 73664.0 43353.8  0.0   7542016.0 329098.0 15379136.0  715771.2  51008.0 51007.6     70    1.713   0      0.000    1.713
73856.0 73664.0 43353.8  0.0   7542016.0 1800962.3 15379136.0  715771.2  51008.0 51007.6     70    1.713   0      0.000    1.713
73856.0 73664.0 43353.8  0.0   7542016.0 2900498.7 15379136.0  715771.2  51008.0 51007.6     70    1.713   0      0.000    1.713
73856.0 73664.0 43353.8  0.0   7542016.0 4111395.8 15379136.0  715771.2  51008.0 51007.6     70    1.713   0      0.000    1.713
73856.0 73664.0 43353.8  0.0   7542016.0 5370321.5 15379136.0  715771.2  51008.0 51007.6     70    1.713   0      0.000    1.713
73856.0 73664.0 43353.8  0.0   7542016.0 6368559.5 15379136.0  715771.2  51008.0 51007.6     70    1.713   0      0.000    1.713
74368.0 60416.0  0.0   60390.1 7542016.0 538855.3 15379136.0  726121.3  51200.0 51016.0     71    1.741   0      0.000    1.741
74368.0 60416.0  0.0   60390.1 7542016.0 1617004.5 15379136.0  726121.3  51200.0 51016.0     71    1.741   0      0.000    1.741
74368.0 60416.0  0.0   60390.1 7542016.0 2613544.7 15379136.0  726121.3  51200.0 51016.0     71    1.741   0      0.000    1.741
74368.0 60416.0  0.0   60390.1 7542016.0 4818043.5 15379136.0  726121.3  51200.0 51016.0     71    1.741   0      0.000    1.741
74368.0 60416.0  0.0   60390.1 7542016.0 5697912.5 15379136.0  726121.3  51200.0 51016.1     71    1.741   0      0.000    1.741
74368.0 60416.0  0.0   60390.1 7542016.0 7392051.5 15379136.0  726121.3  51200.0 51016.1     71    1.741   0      0.000    1.741
74368.0 72768.0 54889.5  0.0   7542400.0 1496687.6 15379136.0  744801.1  51200.0 51016.1     72    1.765   0      0.000    1.765
74368.0 72768.0 54889.5  0.0   7542400.0 2186593.2 15379136.0  744801.1  51200.0 51016.1     72    1.765   0      0.000    1.765
74368.0 72768.0 54889.5  0.0   7542400.0 3649945.5 15379136.0  744801.1  51200.0 51016.1     72    1.765   0      0.000    1.765
74368.0 72768.0 54889.5  0.0   7542400.0 4053400.1 15379136.0  744801.1  51200.0 51016.1     72    1.765   0      0.000    1.765
74368.0 72768.0 54889.5  0.0   7542400.0 5181214.7 15379136.0  744801.1  51200.0 51016.5     72    1.765   0      0.000    1.765
74368.0 72768.0 54889.5  0.0   7542400.0 5861059.6 15379136.0  744801.1  51200.0 51016.5     72    1.765   0      0.000    1.765
74368.0 72768.0 54889.5  0.0   7542400.0 6702377.3 15379136.0  744801.1  51200.0 51016.5     72    1.765   0      0.000    1.765
71104.0 72768.0  0.0   52302.3 7542400.0 335581.8 15379136.0  751636.9  51200.0 51016.5     73    1.785   0      0.000    1.785
71104.0 72768.0  0.0   52302.3 7542400.0 1487455.6 15379136.0  751636.9  51200.0 51016.5     73    1.785   0      0.000    1.785
71104.0 72768.0  0.0   52302.3 7542400.0 2007008.6 15379136.0  751636.9  51200.0 51016.5     73    1.785   0      0.000    1.785
71104.0 72768.0  0.0   52302.3 7542400.0 3114831.6 15379136.0  751636.9  51200.0 51016.5     73    1.785   0      0.000    1.785
71104.0 72768.0  0.0   52302.3 7542400.0 4343040.7 15379136.0  751636.9  51200.0 51016.5     73    1.785   0      0.000    1.785
71104.0 72768.0  0.0   52302.3 7542400.0 5120246.3 15379136.0  751636.9  51200.0 51016.5     73    1.785   0      0.000    1.785
71104.0 72768.0  0.0   52302.3 7542400.0 7171941.1 15379136.0  751636.9  51200.0 51016.5     73    1.785   0      0.000    1.785
71104.0 74688.0 68090.7  0.0   7540160.0 621130.8 15379136.0  758369.1  51200.0 51016.5     74    1.812   0      0.000    1.812
71104.0 74688.0 68090.7  0.0   7540160.0 1982209.8 15379136.0  758369.1  51200.0 51016.5     74    1.812   0      0.000    1.812
71104.0 74688.0 68090.7  0.0   7540160.0 3402654.6 15379136.0  758369.1  51200.0 51016.5     74    1.812   0      0.000    1.812
71104.0 74688.0 68090.7  0.0   7540160.0 4919973.2 15379136.0  758369.1  51200.0 51016.5     74    1.812   0      0.000    1.812
71104.0 74688.0 68090.7  0.0   7540160.0 6189647.2 15379136.0  758369.1  51200.0 51016.5     74    1.812   0      0.000    1.812
71104.0 74688.0 68090.7  0.0   7540160.0 7318246.5 15379136.0  758369.1  51200.0 51016.5     74    1.812   0      0.000    1.812
74240.0 74688.0  0.0   46423.2 7540160.0 882809.0 15379136.0  779623.6  51200.0 51016.5     75    1.838   0      0.000    1.838
74240.0 74688.0  0.0   46423.2 7540160.0 2792021.8 15379136.0  779623.6  51200.0 51016.5     75    1.838   0      0.000    1.838
74240.0 74688.0  0.0   46423.2 7540160.0 3809494.2 15379136.0  779623.6  51200.0 51016.5     75    1.838   0      0.000    1.838
74240.0 74688.0  0.0   46423.2 7540160.0 4808118.0 15379136.0  779623.6  51200.0 51016.5     75    1.838   0      0.000    1.838
74240.0 74688.0  0.0   46423.2 7540160.0 5928456.0 15379136.0  779623.6  51200.0 51016.5     75    1.838   0      0.000    1.838
74240.0 74688.0  0.0   46423.2 7540160.0 6522393.0 15379136.0  779623.6  51200.0 51016.5     75    1.838   0      0.000    1.838
74240.0 73920.0 44167.2  0.0   7541376.0 771671.4 15379136.0  790793.5  51200.0 51016.5     76    1.857   0      0.000    1.857
74240.0 73920.0 44167.2  0.0   7541376.0 1450699.9 15379136.0  790793.5  51200.0 51016.5     76    1.857   0      0.000    1.857
74240.0 73920.0 44167.2  0.0   7541376.0 2121251.9 15379136.0  790793.5  51200.0 51016.5     76    1.857   0      0.000    1.857
74240.0 73920.0 44167.2  0.0   7541376.0 2803441.8 15379136.0  790793.5  51200.0 51016.5     76    1.857   0      0.000    1.857
74240.0 73920.0 44167.2  0.0   7541376.0 3054093.1 15379136.0  790793.5  51200.0 51016.8     76    1.857   0      0.000    1.857
74240.0 73920.0 44167.2  0.0   7541376.0 4571051.9 15379136.0  790793.5  51200.0 51016.8     76    1.857   0      0.000    1.857
74240.0 73920.0 44167.2  0.0   7541376.0 5851034.2 15379136.0  790793.5  51200.0 51016.8     76    1.857   0      0.000    1.857
74240.0 73920.0 44167.2  0.0   7541376.0 7002912.0 15379136.0  790793.5  51200.0 51016.8     76    1.857   0      0.000    1.857
73088.0 73920.0  0.0   56564.2 7541376.0 137516.9 15379136.0  798993.2  51200.0 51016.8     77    1.880   0      0.000    1.880
73088.0 73920.0  0.0   56564.2 7541376.0 1588335.0 15379136.0  798993.2  51200.0 51018.5     77    1.880   0      0.000    1.880
73088.0 73920.0  0.0   56564.2 7541376.0 2943542.8 15379136.0  798993.2  51200.0 51018.5     77    1.880   0      0.000    1.880
73088.0 73920.0  0.0   56564.2 7541376.0 4697811.9 15379136.0  798993.2  51200.0 51018.5     77    1.880   0      0.000    1.880
73088.0 73920.0  0.0   56564.2 7541376.0 6568948.2 15379136.0  798993.2  51200.0 51018.5     77    1.880   0      0.000    1.880
73088.0 73920.0  0.0   56564.2 7541376.0 7167070.7 15379136.0  798993.2  51200.0 51018.5     77    1.880   0      0.000    1.880
73088.0 74240.0 61838.8  0.0   7541056.0 809824.9 15379136.0  809152.7  51200.0 51018.5     78    1.906   0      0.000    1.906
73088.0 74240.0 61838.8  0.0   7541056.0 2245021.1 15379136.0  809152.7  51200.0 51018.5     78    1.906   0      0.000    1.906
73088.0 74240.0 61838.8  0.0   7541056.0 2817847.1 15379136.0  809152.7  51200.0 51018.5     78    1.906   0      0.000    1.906
73088.0 74240.0 61838.8  0.0   7541056.0 4225216.8 15379136.0  809152.7  51200.0 51018.5     78    1.906   0      0.000    1.906
73088.0 74240.0 61838.8  0.0   7541056.0 5229231.0 15379136.0  809152.7  51200.0 51018.5     78    1.906   0      0.000    1.906
73088.0 74240.0 61838.8  0.0   7541056.0 6516026.9 15379136.0  809152.7  51200.0 51018.5     78    1.906   0      0.000    1.906
73024.0 74240.0  0.0   49659.3 7541056.0 124511.8 15379136.0  828171.3  51200.0 51018.5     79    1.930   0      0.000    1.930
73024.0 74240.0  0.0   49659.3 7541056.0 1457478.3 15379136.0  828171.3  51200.0 51018.5     79    1.930   0      0.000    1.930
73024.0 74240.0  0.0   49659.3 7541056.0 2128964.8 15379136.0  828171.3  51200.0 51018.5     79    1.930   0      0.000    1.930
73024.0 74240.0  0.0   49659.3 7541056.0 3554044.9 15379136.0  828171.3  51200.0 51018.5     79    1.930   0      0.000    1.930
73024.0 74240.0  0.0   49659.3 7541056.0 4961724.5 15379136.0  828171.3  51200.0 51018.5     79    1.930   0      0.000    1.930
73024.0 74240.0  0.0   49659.3 7541056.0 6052590.4 15379136.0  828171.3  51200.0 51018.5     79    1.930   0      0.000    1.930
73024.0 74240.0  0.0   49659.3 7541056.0 6804691.2 15379136.0  828171.3  51200.0 51018.5     79    1.930   0      0.000    1.930
73024.0 74240.0  0.0   49659.3 7541056.0 7339627.7 15379136.0  828171.3  51200.0 51018.5     79    1.930   0      0.000    1.930
73024.0 71296.0 52793.9  0.0   7545216.0 1376392.6 15379136.0  837782.2  51200.0 51018.5     80    1.951   0      0.000    1.951
73024.0 71296.0 52793.9  0.0   7545216.0 2561343.6 15379136.0  837782.2  51200.0 51018.5     80    1.951   0      0.000    1.951
73024.0 71296.0 52793.9  0.0   7545216.0 3475348.3 15379136.0  837782.2  51200.0 51018.5     80    1.951   0      0.000    1.951
73024.0 71296.0 52793.9  0.0   7545216.0 4335505.4 15379136.0  837782.2  51200.0 51018.5     80    1.951   0      0.000    1.951
73024.0 71296.0 52793.9  0.0   7545216.0 5277248.4 15379136.0  837782.2  51200.0 51018.5     80    1.951   0      0.000    1.951
73024.0 71296.0 52793.9  0.0   7545216.0 6142025.8 15379136.0  837782.2  51200.0 51018.5     80    1.951   0      0.000    1.951
73024.0 71296.0 52793.9  0.0   7545216.0 7198290.1 15379136.0  837782.2  51200.0 51018.7     80    1.951   0      0.000    1.951
70208.0 71296.0  0.0   55466.0 7545216.0 723840.1 15379136.0  846881.7  51200.0 51018.7     81    1.975   0      0.000    1.975
70208.0 71296.0  0.0   55466.0 7545216.0 2379470.8 15379136.0  846881.7  51200.0 51018.7     81    1.975   0      0.000    1.975
70208.0 71296.0  0.0   55466.0 7545216.0 3708890.8 15379136.0  846881.7  51200.0 51018.7     81    1.975   0      0.000    1.975
70208.0 71296.0  0.0   55466.0 7545216.0 4779606.9 15379136.0  846881.7  51200.0 51018.7     81    1.975   0      0.000    1.975
70208.0 71296.0  0.0   55466.0 7545216.0 6095778.1 15379136.0  846881.7  51200.0 51018.7     81    1.975   0      0.000    1.975
70208.0 71296.0  0.0   55466.0 7545216.0 6870933.1 15379136.0  846881.7  51200.0 51018.7     81    1.975   0      0.000    1.975
70208.0 69440.0 48724.8  0.0   7549888.0 1108072.0 15379136.0  864657.8  51200.0 51018.7     82    1.997   0      0.000    1.997
70208.0 69440.0 48724.8  0.0   7549888.0 2143789.4 15379136.0  864657.8  51200.0 51018.7     82    1.997   0      0.000    1.997
70208.0 69440.0 48724.8  0.0   7549888.0 3270834.1 15379136.0  864657.8  51200.0 51018.7     82    1.997   0      0.000    1.997
70208.0 69440.0 48724.8  0.0   7549888.0 4335738.9 15379136.0  864657.8  51200.0 51019.2     82    1.997   0      0.000    1.997
70208.0 69440.0 48724.8  0.0   7549888.0 5725408.6 15379136.0  864657.8  51200.0 51019.2     82    1.997   0      0.000    1.997
70208.0 69440.0 48724.8  0.0   7549888.0 6611363.6 15379136.0  864657.8  51200.0 51019.2     82    1.997   0      0.000    1.997
68032.0 69440.0  0.0   52271.1 7549888.0 919024.7 15379136.0  878723.5  51200.0 51019.2     83    2.024   0      0.000    2.024
68032.0 69440.0  0.0   52271.1 7549888.0 1544303.6 15379136.0  878723.5  51200.0 51019.2     83    2.024   0      0.000    2.024
68032.0 69440.0  0.0   52271.1 7549888.0 2986522.6 15379136.0  878723.5  51200.0 51019.2     83    2.024   0      0.000    2.024
68032.0 69440.0  0.0   52271.1 7549888.0 3534554.6 15379136.0  878723.5  51200.0 51019.2     83    2.024   0      0.000    2.024
68032.0 69440.0  0.0   52271.1 7549888.0 4902270.3 15379136.0  878723.5  51200.0 51019.2     83    2.024   0      0.000    2.024
68032.0 69440.0  0.0   52271.1 7549888.0 6016424.4 15379136.0  878723.5  51200.0 51019.2     83    2.024   0      0.000    2.024
68032.0 69440.0  0.0   52271.1 7549888.0 7115376.6 15379136.0  878723.5  51200.0 51019.2     83    2.024   0      0.000    2.024
68032.0 66752.0 53707.7  0.0   7554752.0 125999.0 15379136.0  896105.7  51200.0 51019.2     84    2.049   0      0.000    2.049
68032.0 66752.0 53707.7  0.0   7554752.0 1146594.5 15379136.0  896105.7  51200.0 51019.2     84    2.049   0      0.000    2.049
68032.0 66752.0 53707.7  0.0   7554752.0 2401822.4 15379136.0  896105.7  51200.0 51019.2     84    2.049   0      0.000    2.049
68032.0 66752.0 53707.7  0.0   7554752.0 4038787.8 15379136.0  896105.7  51200.0 51019.2     84    2.049   0      0.000    2.049
68032.0 66752.0 53707.7  0.0   7554752.0 5525429.5 15379136.0  896105.7  51200.0 51019.2     84    2.049   0      0.000    2.049
68032.0 66752.0 53707.7  0.0   7554752.0 6435426.1 15379136.0  896105.7  51200.0 51019.2     84    2.049   0      0.000    2.049
65472.0 66752.0  0.0   52748.0 7554752.0 546897.9 15379136.0  905170.1  51200.0 51019.2     85    2.068   0      0.000    2.068
65472.0 66752.0  0.0   52748.0 7554752.0 1623494.2 15379136.0  905170.1  51200.0 51019.2     85    2.068   0      0.000    2.068
65472.0 66752.0  0.0   52748.0 7554752.0 2864654.8 15379136.0  905170.1  51200.0 51019.2     85    2.068   0      0.000    2.068
65472.0 66752.0  0.0   52748.0 7554752.0 3999078.0 15379136.0  905170.1  51200.0 51019.2     85    2.068   0      0.000    2.068
65472.0 66752.0  0.0   52748.0 7554752.0 4499472.5 15379136.0  905170.1  51200.0 51019.2     85    2.068   0      0.000    2.068
65472.0 66752.0  0.0   52748.0 7554752.0 5503944.0 15379136.0  905170.1  51200.0 51019.2     85    2.068   0      0.000    2.068
65472.0 66752.0  0.0   52748.0 7554752.0 6831387.6 15379136.0  905170.1  51200.0 51019.2     85    2.068   0      0.000    2.068
65472.0 65728.0 57230.0  0.0   7558080.0 431582.2 15379136.0  913374.3  51200.0 51019.2     86    2.089   0      0.000    2.089
65472.0 65728.0 57230.0  0.0   7558080.0 1646899.4 15379136.0  913374.3  51200.0 51019.2     86    2.089   0      0.000    2.089
65472.0 65728.0 57230.0  0.0   7558080.0 2840971.4 15379136.0  913374.3  51200.0 51019.6     86    2.089   0      0.000    2.089
65472.0 65728.0 57230.0  0.0   7558080.0 4173251.4 15379136.0  913374.3  51200.0 51019.6     86    2.089   0      0.000    2.089
65472.0 65728.0 57230.0  0.0   7558080.0 4674037.0 15379136.0  913374.3  51200.0 51019.6     86    2.089   0      0.000    2.089
65472.0 65728.0 57230.0  0.0   7558080.0 6257700.8 15379136.0  913374.3  51200.0 51019.6     86    2.089   0      0.000    2.089
65472.0 65728.0 57230.0  0.0   7558080.0 6958826.3 15379136.0  913374.3  51200.0 51019.6     86    2.089   0      0.000    2.089
67264.0 61184.0  0.0   61120.3 7558080.0 583353.3 15379136.0  925400.9  51200.0 51019.6     87    2.115   0      0.000    2.115
67264.0 61184.0  0.0   61120.3 7558080.0 1518555.9 15379136.0  925400.9  51200.0 51019.6     87    2.115   0      0.000    2.115
67264.0 61184.0  0.0   61120.3 7558080.0 2896427.5 15379136.0  925400.9  51200.0 51020.6     87    2.115   0      0.000    2.115
67264.0 61184.0  0.0   61120.3 7558080.0 3641341.9 15379136.0  925400.9  51200.0 51020.6     87    2.115   0      0.000    2.115
67264.0 61184.0  0.0   61120.3 7558080.0 4868825.3 15379136.0  925400.9  51200.0 51020.6     87    2.115   0      0.000    2.115
67264.0 61184.0  0.0   61120.3 7558080.0 5269546.6 15379136.0  925400.9  51200.0 51020.6     87    2.115   0      0.000    2.115
67264.0 61184.0  0.0   61120.3 7558080.0 6391007.3 15379136.0  925400.9  51200.0 51020.6     87    2.115   0      0.000    2.115
67264.0 61184.0  0.0   61120.3 7558080.0 6816783.7 15379136.0  925400.9  51200.0 51020.6     87    2.115   0      0.000    2.115
67264.0 67776.0 59238.5  0.0   7553984.0 298332.8 15379136.0  936684.7  51200.0 51021.4     88    2.138   0      0.000    2.138
67264.0 67776.0 59238.5  0.0   7553984.0 1153536.1 15379136.0  936684.7  51200.0 51021.4     88    2.138   0      0.000    2.138
67264.0 67776.0 59238.5  0.0   7553984.0 1824765.9 15379136.0  936684.7  51200.0 51021.4     88    2.138   0      0.000    2.138
67264.0 67776.0 59238.5  0.0   7553984.0 3377034.8 15379136.0  936684.7  51200.0 51022.9     88    2.138   0      0.000    2.138
67264.0 67776.0 59238.5  0.0   7553984.0 4441591.0 15379136.0  936684.7  51200.0 51022.9     88    2.138   0      0.000    2.138
67264.0 67776.0 59238.5  0.0   7553984.0 5706888.0 15379136.0  936684.7  51200.0 51023.3     88    2.138   0      0.000    2.138
67072.0 67776.0  0.0   51652.9 7553984.0 442908.4 15379136.0  954818.4  51200.0 51023.3     89    2.162   0      0.000    2.162
67072.0 67776.0  0.0   51652.9 7553984.0 1983353.2 15379136.0  954818.4  51200.0 51023.3     89    2.162   0      0.000    2.162
67072.0 67776.0  0.0   51652.9 7553984.0 3192880.0 15379136.0  954818.4  51200.0 51023.3     89    2.162   0      0.000    2.162
67072.0 67776.0  0.0   51652.9 7553984.0 4266633.9 15379136.0  954818.4  51200.0 51023.3     89    2.162   0      0.000    2.162
67072.0 67776.0  0.0   51652.9 7553984.0 5250038.6 15379136.0  954818.4  51200.0 51023.3     89    2.162   0      0.000    2.162
67072.0 67776.0  0.0   51652.9 7553984.0 7331734.2 15379136.0  954818.4  51200.0 51023.3     89    2.162   0      0.000    2.162
67072.0 67328.0 45631.7  0.0   7554880.0 1634767.9 15379136.0  969955.9  51200.0 51023.3     90    2.186   0      0.000    2.186
67072.0 67328.0 45631.7  0.0   7554880.0 3146350.0 15379136.0  969955.9  51200.0 51023.3     90    2.186   0      0.000    2.186
67072.0 67328.0 45631.7  0.0   7554880.0 3755645.8 15379136.0  969955.9  51200.0 51023.3     90    2.186   0      0.000    2.186
67072.0 67328.0 45631.7  0.0   7554880.0 5310447.0 15379136.0  969955.9  51200.0 51024.4     90    2.186   0      0.000    2.186
67072.0 67328.0 45631.7  0.0   7554880.0 6795806.4 15379136.0  969955.9  51200.0 51024.4     90    2.186   0      0.000    2.186
66880.0 67328.0  0.0   48509.9 7554880.0 154133.4 15379136.0  987600.3  51200.0 51024.4     91    2.208   0      0.000    2.208
66880.0 67328.0  0.0   48509.9 7554880.0 1199080.9 15379136.0  987600.3  51200.0 51024.4     91    2.208   0      0.000    2.208
66880.0 67328.0  0.0   48509.9 7554880.0 2333691.1 15379136.0  987600.3  51200.0 51024.4     91    2.208   0      0.000    2.208
66880.0 67328.0  0.0   48509.9 7554880.0 4617236.8 15379136.0  987600.3  51200.0 51024.4     91    2.208   0      0.000    2.208
66880.0 67328.0  0.0   48509.9 7554880.0 6029469.0 15379136.0  987600.3  51200.0 51024.4     91    2.208   0      0.000    2.208
66880.0 67328.0  0.0   48509.9 7554880.0 6834639.8 15379136.0  987600.3  51200.0 51024.4     91    2.208   0      0.000    2.208
66880.0 67456.0 41403.3  0.0   7554624.0 742792.3 15379136.0  998951.9  51200.0 51024.9     92    2.225   0      0.000    2.225
66880.0 67456.0 41403.3  0.0   7554624.0 1577892.9 15379136.0  998951.9  51200.0 51024.9     92    2.225   0      0.000    2.225
66880.0 67456.0 41403.3  0.0   7554624.0 2353171.8 15379136.0  998951.9  51200.0 51024.9     92    2.225   0      0.000    2.225
66880.0 67456.0 41403.3  0.0   7554624.0 4214166.6 15379136.0  998951.9  51200.0 51024.9     92    2.225   0      0.000    2.225
66880.0 67456.0 41403.3  0.0   7554624.0 5413854.3 15379136.0  998951.9  51200.0 51024.9     92    2.225   0      0.000    2.225
66880.0 67456.0 41403.3  0.0   7554624.0 6956126.9 15379136.0  998951.9  51200.0 51026.1     92    2.225   0      0.000    2.225
67200.0 67456.0  0.0   55456.9 7554624.0 924784.7 15379136.0 1007781.7  51200.0 51026.1     93    2.251   0      0.000    2.251
67200.0 67456.0  0.0   55456.9 7554624.0 2412758.9 15379136.0 1007781.7  51200.0 51026.1     93    2.251   0      0.000    2.251
67200.0 67456.0  0.0   55456.9 7554624.0 4666316.1 15379136.0 1007781.7  51200.0 51026.1     93    2.251   0      0.000    2.251
67200.0 67456.0  0.0   55456.9 7554624.0 5689957.8 15379136.0 1007781.7  51200.0 51026.1     93    2.251   0      0.000    2.251
67200.0 67456.0  0.0   55456.9 7554624.0 7363063.6 15379136.0 1007781.7  51200.0 51026.1     93    2.251   0      0.000    2.251
67200.0 65792.0 52188.5  0.0   7556544.0 1850110.0 15379136.0 1030556.5  51200.0 51026.1     94    2.278   0      0.000    2.278
67200.0 65792.0 52188.5  0.0   7556544.0 3407259.6 15379136.0 1030556.5  51200.0 51026.1     94    2.278   0      0.000    2.278
67200.0 65792.0 52188.5  0.0   7556544.0 4404825.9 15379136.0 1030556.5  51200.0 51026.1     94    2.278   0      0.000    2.278
67200.0 65792.0 52188.5  0.0   7556544.0 6523885.9 15379136.0 1030556.5  51200.0 51026.1     94    2.278   0      0.000    2.278
64832.0 65792.0  0.0   49788.4 7556544.0 57115.1  15379136.0 1038957.5  51200.0 51026.1     95    2.297   0      0.000    2.297
64832.0 65792.0  0.0   49788.4 7556544.0 1111398.6 15379136.0 1038957.5  51200.0 51026.1     95    2.297   0      0.000    2.297
64832.0 65792.0  0.0   49788.4 7556544.0 2775575.5 15379136.0 1038957.5  51200.0 51026.1     95    2.297   0      0.000    2.297
64832.0 65792.0  0.0   49788.4 7556544.0 4023777.4 15379136.0 1038957.5  51200.0 51026.1     95    2.297   0      0.000    2.297
64832.0 65792.0  0.0   49788.4 7556544.0 5058689.9 15379136.0 1038957.5  51200.0 51026.1     95    2.297   0      0.000    2.297
64832.0 65792.0  0.0   49788.4 7556544.0 6647072.0 15379136.0 1038957.5  51200.0 51026.1     95    2.297   0      0.000    2.297
64832.0 65792.0  0.0   49788.4 7556544.0 7471066.0 15379136.0 1038957.5  51200.0 51026.1     95    2.297   0      0.000    2.297
64832.0 64320.0 47625.8  0.0   7560384.0 1208207.1 15379136.0 1044533.5  51200.0 51026.7     96    2.316   0      0.000    2.316
64832.0 64320.0 47625.8  0.0   7560384.0 2134326.0 15379136.0 1044533.5  51200.0 51026.7     96    2.316   0      0.000    2.316
64832.0 64320.0 47625.8  0.0   7560384.0 3229156.8 15379136.0 1044533.5  51200.0 51026.7     96    2.316   0      0.000    2.316
64832.0 64320.0 47625.8  0.0   7560384.0 4134350.6 15379136.0 1044533.5  51200.0 51026.7     96    2.316   0      0.000    2.316
64832.0 64320.0 47625.8  0.0   7560384.0 4323047.6 15379136.0 1044533.5  51200.0 51026.7     96    2.316   0      0.000    2.316
64832.0 64320.0 47625.8  0.0   7560384.0 4481741.5 15379136.0 1044533.5  51200.0 51026.7     96    2.316   0      0.000    2.316
64832.0 64320.0 47625.8  0.0   7560384.0 4561007.8 15379136.0 1044533.5  51200.0 51026.7     96    2.316   0      0.000    2.316
64832.0 64320.0 47625.8  0.0   7560384.0 4688249.7 15379136.0 1044533.5  51200.0 51026.7     96    2.316   0      0.000    2.316
64832.0 64320.0 47625.8  0.0   7560384.0 4777227.4 15379136.0 1044533.5  51200.0 51026.7     96    2.316   0      0.000    2.316
64832.0 64320.0 47625.8  0.0   7560384.0 4835133.3 15379136.0 1044533.5  51200.0 51026.7     96    2.316   0      0.000    2.316
64832.0 64320.0 47625.8  0.0   7560384.0 4964281.1 15379136.0 1044533.5  51200.0 51026.7     96    2.316   0      0.000    2.316
64832.0 64320.0 47625.8  0.0   7560384.0 5080209.9 15379136.0 1044533.5  51200.0 51026.7     96    2.316   0      0.000    2.316
64832.0 64320.0 47625.8  0.0   7560384.0 5152392.1 15379136.0 1044533.5  51200.0 51026.7     96    2.316   0      0.000    2.316
64832.0 64320.0 47625.8  0.0   7560384.0 5262466.5 15379136.0 1044533.5  51200.0 51026.7     96    2.316   0      0.000    2.316
64832.0 64320.0 47625.8  0.0   7560384.0 5378742.1 15379136.0 1044533.5  51200.0 51026.7     96    2.316   0      0.000    2.316
64832.0 64320.0 47625.8  0.0   7560384.0 5462669.1 15379136.0 1044533.5  51200.0 51026.7     96    2.316   0      0.000    2.316
64832.0 64320.0 47625.8  0.0   7560384.0 5561630.3 15379136.0 1044533.5  51200.0 51026.7     96    2.316   0      0.000    2.316
64832.0 64320.0 47625.8  0.0   7560384.0 5654835.5 15379136.0 1044533.5  51200.0 51026.7     96    2.316   0      0.000    2.316
64832.0 64320.0 47625.8  0.0   7560384.0 5729229.6 15379136.0 1044533.5  51200.0 51026.7     96    2.316   0      0.000    2.316
64832.0 64320.0 47625.8  0.0   7560384.0 5781875.0 15379136.0 1044533.5  51200.0 51026.7     96    2.316   0      0.000    2.316
64832.0 64320.0 47625.8  0.0   7560384.0 5830964.9 15379136.0 1044533.5  51200.0 51026.7     96    2.316   0      0.000    2.316
64832.0 64320.0 47625.8  0.0   7560384.0 5877629.5 15379136.0 1044533.5  51200.0 51026.7     96    2.316   0      0.000    2.316
64832.0 64320.0 47625.8  0.0   7560384.0 5894113.3 15379136.0 1044533.5  51200.0 51026.7     96    2.316   0      0.000    2.316
64832.0 64320.0 47625.8  0.0   7560384.0 5907605.8 15379136.0 1044533.5  51200.0 51026.7     96    2.316   0      0.000    2.316
64832.0 64320.0 47625.8  0.0   7560384.0 5923938.3 15379136.0 1044533.5  51200.0 51026.7     96    2.316   0      0.000    2.316
64832.0 64320.0 47625.8  0.0   7560384.0 5940462.7 15379136.0 1044533.5  51200.0 51026.7     96    2.316   0      0.000    2.316
64832.0 64320.0 47625.8  0.0   7560384.0 5962058.1 15379136.0 1044533.5  51200.0 51026.7     96    2.316   0      0.000    2.316
64832.0 64320.0 47625.8  0.0   7560384.0 5986329.8 15379136.0 1044533.5  51200.0 51026.7     96    2.316   0      0.000    2.316
64832.0 64320.0 47625.8  0.0   7560384.0 6008663.4 15379136.0 1044533.5  51200.0 51027.6     96    2.316   0      0.000    2.316
64832.0 64320.0 47625.8  0.0   7560384.0 6024664.9 15379136.0 1044533.5  51200.0 51027.6     96    2.316   0      0.000    2.316
64832.0 64320.0 47625.8  0.0   7560384.0 6040888.5 15379136.0 1044533.5  51200.0 51027.6     96    2.316   0      0.000    2.316
64832.0 64320.0 47625.8  0.0   7560384.0 6067413.0 15379136.0 1044533.5  51200.0 51027.6     96    2.316   0      0.000    2.316
64832.0 64320.0 47625.8  0.0   7560384.0 6086617.2 15379136.0 1044533.5  51200.0 51027.6     96    2.316   0      0.000    2.316
64832.0 64320.0 47625.8  0.0   7560384.0 6107880.9 15379136.0 1044533.5  51200.0 51027.6     96    2.316   0      0.000    2.316
64832.0 64320.0 47625.8  0.0   7560384.0 6137429.6 15379136.0 1044533.5  51200.0 51027.6     96    2.316   0      0.000    2.316
64832.0 64320.0 47625.8  0.0   7560384.0 6156267.5 15379136.0 1044533.5  51200.0 51027.6     96    2.316   0      0.000    2.316
64832.0 64320.0 47625.8  0.0   7560384.0 6189012.2 15379136.0 1044533.5  51200.0 51027.6     96    2.316   0      0.000    2.316
64832.0 64320.0 47625.8  0.0   7560384.0 6221490.7 15379136.0 1044533.5  51200.0 51027.6     96    2.316   0      0.000    2.316
64832.0 64320.0 47625.8  0.0   7560384.0 6245644.6 15379136.0 1044533.5  51200.0 51027.6     96    2.316   0      0.000    2.316
64832.0 64320.0 47625.8  0.0   7560384.0 6266915.8 15379136.0 1044533.5  51200.0 51027.6     96    2.316   0      0.000    2.316
64832.0 64320.0 47625.8  0.0   7560384.0 6282993.4 15379136.0 1044533.5  51200.0 51027.6     96    2.316   0      0.000    2.316
64832.0 64320.0 47625.8  0.0   7560384.0 6301859.9 15379136.0 1044533.5  51200.0 51027.6     96    2.316   0      0.000    2.316
64832.0 64320.0 47625.8  0.0   7560384.0 6326029.8 15379136.0 1044533.5  51200.0 51027.6     96    2.316   0      0.000    2.316
64832.0 64320.0 47625.8  0.0   7560384.0 6347437.2 15379136.0 1044533.5  51200.0 51027.6     96    2.316   0      0.000    2.316
64832.0 64320.0 47625.8  0.0   7560384.0 6374245.6 15379136.0 1044533.5  51200.0 51027.6     96    2.316   0      0.000    2.316
64832.0 64320.0 47625.8  0.0   7560384.0 6393137.2 15379136.0 1044533.5  51200.0 51027.6     96    2.316   0      0.000    2.316
64832.0 64320.0 47625.8  0.0   7560384.0 6412062.9 15379136.0 1044533.5  51200.0 51027.6     96    2.316   0      0.000    2.316
64832.0 64320.0 47625.8  0.0   7560384.0 6428196.2 15379136.0 1044533.5  51200.0 51027.6     96    2.316   0      0.000    2.316
64832.0 64320.0 47625.8  0.0   7560384.0 6452111.3 15379136.0 1044533.5  51200.0 51027.6     96    2.316   0      0.000    2.316
64832.0 64320.0 47625.8  0.0   7560384.0 6484375.1 15379136.0 1044533.5  51200.0 51027.6     96    2.316   0      0.000    2.316
64832.0 64320.0 47625.8  0.0   7560384.0 6511209.5 15379136.0 1044533.5  51200.0 51027.6     96    2.316   0      0.000    2.316
64832.0 64320.0 47625.8  0.0   7560384.0 6541528.1 15379136.0 1044533.5  51200.0 51027.6     96    2.316   0      0.000    2.316
64832.0 64320.0 47625.8  0.0   7560384.0 6568200.0 15379136.0 1044533.5  51200.0 51027.7     96    2.316   0      0.000    2.316
64832.0 64320.0 47625.8  0.0   7560384.0 6592477.1 15379136.0 1044533.5  51200.0 51027.7     96    2.316   0      0.000    2.316
64832.0 64320.0 47625.8  0.0   7560384.0 6621771.2 15379136.0 1044533.5  51200.0 51027.7     96    2.316   0      0.000    2.316
64832.0 64320.0 47625.8  0.0   7560384.0 6643490.2 15379136.0 1044533.5  51200.0 51027.7     96    2.316   0      0.000    2.316
64832.0 64320.0 47625.8  0.0   7560384.0 6673114.9 15379136.0 1044533.5  51200.0 51027.7     96    2.316   0      0.000    2.316
64832.0 64320.0 47625.8  0.0   7560384.0 6691877.7 15379136.0 1044533.5  51200.0 51028.2     96    2.316   0      0.000    2.316
64832.0 64320.0 47625.8  0.0   7560384.0 6718587.3 15379136.0 1044533.5  51200.0 51028.2     96    2.316   0      0.000    2.316
64832.0 64320.0 47625.8  0.0   7560384.0 6739917.8 15379136.0 1044533.5  51200.0 51028.2     96    2.316   0      0.000    2.316
64832.0 64320.0 47625.8  0.0   7560384.0 6761292.4 15379136.0 1044533.5  51200.0 51028.2     96    2.316   0      0.000    2.316
64832.0 64320.0 47625.8  0.0   7560384.0 6785833.4 15379136.0 1044533.5  51200.0 51028.2     96    2.316   0      0.000    2.316
64832.0 64320.0 47625.8  0.0   7560384.0 6820354.2 15379136.0 1044533.5  51200.0 51028.2     96    2.316   0      0.000    2.316
64832.0 64320.0 47625.8  0.0   7560384.0 6858370.6 15379136.0 1044533.5  51200.0 51028.2     96    2.316   0      0.000    2.316
64832.0 64320.0 47625.8  0.0   7560384.0 6879639.3 15379136.0 1044533.5  51200.0 51028.2     96    2.316   0      0.000    2.316
64832.0 64320.0 47625.8  0.0   7560384.0 6909025.1 15379136.0 1044533.5  51200.0 51028.2     96    2.316   0      0.000    2.316
64832.0 64320.0 47625.8  0.0   7560384.0 6942056.3 15379136.0 1044533.5  51200.0 51028.2     96    2.316   0      0.000    2.316
64832.0 64320.0 47625.8  0.0   7560384.0 6979517.9 15379136.0 1044533.5  51200.0 51028.2     96    2.316   0      0.000    2.316
64832.0 64320.0 47625.8  0.0   7560384.0 7014642.8 15379136.0 1044533.5  51200.0 51028.2     96    2.316   0      0.000    2.316
64832.0 64320.0 47625.8  0.0   7560384.0 7059900.2 15379136.0 1044533.5  51200.0 51028.2     96    2.316   0      0.000    2.316
64832.0 64320.0 47625.8  0.0   7560384.0 7108530.9 15379136.0 1044533.5  51200.0 51028.2     96    2.316   0      0.000    2.316
64832.0 64320.0 47625.8  0.0   7560384.0 7183757.1 15379136.0 1044533.5  51200.0 51028.2     96    2.316   0      0.000    2.316
64832.0 64320.0 47625.8  0.0   7560384.0 7263981.9 15379136.0 1044533.5  51200.0 51028.2     96    2.316   0      0.000    2.316
64832.0 64320.0 47625.8  0.0   7560384.0 7333412.4 15379136.0 1044533.5  51200.0 51028.2     96    2.316   0      0.000    2.316
64832.0 64320.0 47625.8  0.0   7560384.0 7397086.6 15379136.0 1044533.5  51200.0 51028.2     96    2.316   0      0.000    2.316
64832.0 64320.0 47625.8  0.0   7560384.0 7455971.7 15379136.0 1044533.5  51200.0 51028.2     96    2.316   0      0.000    2.316
64832.0 64320.0 47625.8  0.0   7560384.0 7506751.4 15379136.0 1044533.5  51200.0 51028.2     96    2.316   0      0.000    2.316
64832.0 64320.0 47625.8  0.0   7560384.0 7557759.4 15379136.0 1044533.5  51200.0 51028.2     96    2.316   0      0.000    2.316
70784.0 6336.0  0.0   6320.6 7560384.0 67098.4  15379136.0 1044635.3  51200.0 51028.2     97    2.321   0      0.000    2.321
70784.0 6336.0  0.0   6320.6 7560384.0 134204.2 15379136.0 1044635.3  51200.0 51028.2     97    2.321   0      0.000    2.321
70784.0 6336.0  0.0   6320.6 7560384.0 251517.3 15379136.0 1044635.3  51200.0 51028.2     97    2.321   0      0.000    2.321
70784.0 6336.0  0.0   6320.6 7560384.0 340244.0 15379136.0 1044635.3  51200.0 51028.2     97    2.321   0      0.000    2.321
70784.0 6336.0  0.0   6320.6 7560384.0 407453.8 15379136.0 1044635.3  51200.0 51028.2     97    2.321   0      0.000    2.321
70784.0 6336.0  0.0   6320.6 7560384.0 491260.1 15379136.0 1044635.3  51200.0 51028.2     97    2.321   0      0.000    2.321
70784.0 6336.0  0.0   6320.6 7560384.0 575012.4 15379136.0 1044635.3  51200.0 51028.2     97    2.321   0      0.000    2.321
70784.0 6336.0  0.0   6320.6 7560384.0 658823.0 15379136.0 1044635.3  51200.0 51028.2     97    2.321   0      0.000    2.321
70784.0 6336.0  0.0   6320.6 7560384.0 742599.3 15379136.0 1044635.3  51200.0 51028.2     97    2.321   0      0.000    2.321
70784.0 6336.0  0.0   6320.6 7560384.0 809645.3 15379136.0 1044635.3  51200.0 51028.5     97    2.321   0      0.000    2.321
70784.0 6336.0  0.0   6320.6 7560384.0 810089.0 15379136.0 1044635.3  51200.0 51028.5     97    2.321   0      0.000    2.321
70784.0 6336.0  0.0   6320.6 7560384.0 810741.0 15379136.0 1044635.3  51200.0 51028.5     97    2.321   0      0.000    2.321
70784.0 6336.0  0.0   6320.6 7560384.0 815693.9 15379136.0 1044635.3  51200.0 51028.5     97    2.321   0      0.000    2.321
70784.0 6336.0  0.0   6320.6 7560384.0 815716.2 15379136.0 1044635.3  51200.0 51028.5     97    2.321   0      0.000    2.321
70784.0 6336.0  0.0   6320.6 7560384.0 815731.7 15379136.0 1044635.3  51200.0 51028.5     97    2.321   0      0.000    2.321
70784.0 6336.0  0.0   6320.6 7560384.0 815753.9 15379136.0 1044635.3  51200.0 51028.5     97    2.321   0      0.000    2.321
70784.0 6336.0  0.0   6320.6 7560384.0 815803.4 15379136.0 1044635.3  51200.0 51028.5     97    2.321   0      0.000    2.321
70784.0 6336.0  0.0   6320.6 7560384.0 815822.9 15379136.0 1044635.3  51200.0 51028.5     97    2.321   0      0.000    2.321
70784.0 6336.0  0.0   6320.6 7560384.0 815838.9 15379136.0 1044635.3  51200.0 51028.5     97    2.321   0      0.000    2.321
70784.0 6336.0  0.0   6320.6 7560384.0 815858.3 15379136.0 1044635.3  51200.0 51028.5     97    2.321   0      0.000    2.321
70784.0 6336.0  0.0   6320.6 7560384.0 815880.6 15379136.0 1044635.3  51200.0 51028.5     97    2.321   0      0.000    2.321
70784.0 6336.0  0.0   6320.6 7560384.0 815923.2 15379136.0 1044635.3  51200.0 51028.5     97    2.321   0      0.000    2.321
70784.0 6336.0  0.0   6320.6 7560384.0 815938.8 15379136.0 1044635.3  51200.0 51028.5     97    2.321   0      0.000    2.321
70784.0 6336.0  0.0   6320.6 7560384.0 815961.1 15379136.0 1044635.3  51200.0 51028.5     97    2.321   0      0.000    2.321
70784.0 6336.0  0.0   6320.6 7560384.0 1243855.3 15379136.0 1044635.3  51200.0 51161.6     97    2.321   0      0.000    2.321
