 S0C    S1C    S0U    S1U      EC       EU        OC         OU       PC     PU    YGC     YGCT    FGC    FGCT     GCT   
961152.0 961152.0  0.0    0.0   5767232.0 115344.7 15379136.0    0.0     21248.0 5723.4      0    0.000   0      0.000    0.000
961152.0 961152.0  0.0    0.0   5767232.0 230689.5 15379136.0    0.0     21248.0 14344.1      0    0.000   0      0.000    0.000
961152.0 961152.0  0.0    0.0   5767232.0 3576106.3 15379136.0    0.0     31232.0 30841.0      0    0.000   0      0.000    0.000
961152.0 961152.0  0.0    0.0   5767232.0 4037517.0 15379136.0    0.0     34112.0 33982.0      0    0.000   0      0.000    0.000
961152.0 961152.0  0.0    0.0   5767232.0 5421973.3 15379136.0    0.0     34880.0 34716.4      0    0.000   0      0.000    0.000
961152.0 961152.0  0.0    0.0   5767232.0 5767232.0 15379136.0    0.0     46592.0 46528.4      0    0.000   0      0.000    0.000
961152.0 961152.0  0.0   118315.1 5767232.0 1910615.1 15379136.0    0.0     49088.0 48926.9      1    0.096   0      0.000    0.096
961152.0 961152.0  0.0   118315.1 5767232.0 3981845.5 15379136.0    0.0     50240.0 50203.0      1    0.096   0      0.000    0.096
961152.0 961152.0 115437.6  0.0   5767232.0 945072.1 15379136.0    0.0     50432.0 50255.9      2    0.176   0      0.000    0.176
961152.0 961152.0 115437.6  0.0   5767232.0 3628772.2 15379136.0    0.0     50432.0 50345.3      2    0.176   0      0.000    0.176
961152.0 961152.0  0.0   135988.4 5767232.0 1464503.6 15379136.0    0.0     50624.0 50454.2      3    0.278   0      0.000    0.278
961152.0 961152.0  0.0   135988.4 5767232.0 4824122.3 15379136.0    0.0     50624.0 50467.1      3    0.278   0      0.000    0.278
961152.0 961152.0 135947.9  0.0   5767232.0 2319376.9 15379136.0    0.0     50624.0 50467.1      4    0.362   0      0.000    0.362
961152.0 961152.0 135947.9  0.0   5767232.0 4885574.0 15379136.0    0.0     50624.0 50474.9      4    0.362   0      0.000    0.362
150656.0 961152.0  0.0   141170.2 5767232.0 2693613.8 15379136.0    0.0     50624.0 50476.9      5    0.463   0      0.000    0.463
150656.0 961152.0  0.0   141170.2 5767232.0 5264336.1 15379136.0    0.0     50624.0 50477.9      5    0.463   0      0.000    0.463
150656.0 151040.0 135977.1  0.0   7387456.0 2257004.7 15379136.0    0.0     50624.0 50479.6      6    0.569   0      0.000    0.569
150656.0 151040.0 135977.1  0.0   7387456.0 4817826.3 15379136.0    0.0     50624.0 50479.8      6    0.569   0      0.000    0.569
150656.0 151040.0 135977.1  0.0   7387456.0 7385376.3 15379136.0    0.0     50816.0 50690.8      6    0.569   0      0.000    0.569
166976.0 45120.0  0.0   45084.7 7387456.0 2948621.0 15379136.0  88222.0   50816.0 50769.3      7    0.684   0      0.000    0.684
166976.0 45120.0  0.0   45084.7 7387456.0 5906000.6 15379136.0  88222.0   51008.0 50823.7      7    0.684   0      0.000    0.684
166976.0 174528.0 50590.7  0.0   7340480.0 1597046.4 15379136.0  105066.1  51008.0 50823.7      8    0.707   0      0.000    0.707
166976.0 174528.0 50590.7  0.0   7340480.0 5070255.9 15379136.0  105066.1  51008.0 50829.9      8    0.707   0      0.000    0.707
176576.0 60864.0  0.0   60847.1 7340480.0 981719.7 15379136.0  105090.1  51008.0 50830.1      9    0.769   0      0.000    0.769
176576.0 60864.0  0.0   60847.1 7340480.0 4202357.0 15379136.0  105090.1  51008.0 50830.8      9    0.769   0      0.000    0.769
176576.0 179840.0 43384.0  0.0   7329856.0 335018.9 15379136.0  120052.0  51008.0 50830.8     10    0.828   0      0.000    0.828
176576.0 179840.0 43384.0  0.0   7329856.0 3791289.6 15379136.0  120052.0  51008.0 50831.0     10    0.828   0      0.000    0.828
176576.0 179840.0 43384.0  0.0   7329856.0 7150963.1 15379136.0  120052.0  51008.0 50839.3     10    0.828   0      0.000    0.828
179392.0 179840.0  0.0   53561.6 7329856.0 2399349.5 15379136.0  131376.7  51008.0 50840.1     11    0.847   0      0.000    0.847
179392.0 179840.0  0.0   53561.6 7329856.0 5078321.5 15379136.0  131376.7  51008.0 50842.4     11    0.847   0      0.000    0.847
179392.0 178688.0 48511.7  0.0   7331456.0 527921.0 15379136.0  148168.3  51008.0 50842.6     12    0.968   0      0.000    0.968
179392.0 178688.0 48511.7  0.0   7331456.0 3629672.3 15379136.0  148168.3  51008.0 50847.9     12    0.968   0      0.000    0.968
179392.0 178688.0 48511.7  0.0   7331456.0 4839192.8 15379136.0  148168.3  51008.0 50850.6     12    0.968   0      0.000    0.968
179392.0 178688.0 48511.7  0.0   7331456.0 5786621.0 15379136.0  148168.3  51008.0 50850.8     12    0.968   0      0.000    0.968
179392.0 178688.0 48511.7  0.0   7331456.0 6524371.5 15379136.0  148168.3  51008.0 50851.2     12    0.968   0      0.000    0.968
179392.0 178688.0 48511.7  0.0   7331456.0 7256956.6 15379136.0  148168.3  51008.0 50851.2     12    0.968   0      0.000    0.968
173248.0 178688.0  0.0   69062.4 7331456.0 1004158.1 15379136.0  149572.1  51008.0 50851.2     13    1.033   0      0.000    1.033
173248.0 178688.0  0.0   69062.4 7331456.0 1796404.4 15379136.0  149572.1  51008.0 50851.2     13    1.033   0      0.000    1.033
173248.0 178688.0  0.0   69062.4 7331456.0 2736387.3 15379136.0  149572.1  51008.0 50851.2     13    1.033   0      0.000    1.033
173248.0 178688.0  0.0   69062.4 7331456.0 3571117.8 15379136.0  149572.1  51008.0 50851.7     13    1.033   0      0.000    1.033
173248.0 178688.0  0.0   69062.4 7331456.0 4579326.4 15379136.0  149572.1  51008.0 50851.8     13    1.033   0      0.000    1.033
173248.0 178688.0  0.0   69062.4 7331456.0 5426956.4 15379136.0  149572.1  51008.0 50852.1     13    1.033   0      0.000    1.033
173248.0 178688.0  0.0   69062.4 7331456.0 6232740.2 15379136.0  149572.1  51008.0 50875.1     13    1.033   0      0.000    1.033
173248.0 178688.0  0.0   69062.4 7331456.0 7142670.4 15379136.0  149572.1  51008.0 50875.1     13    1.033   0      0.000    1.033
173248.0 169536.0 59292.7  0.0   7346752.0 1223346.5 15379136.0  154413.8  51008.0 50881.0     14    1.046   0      0.000    1.046
173248.0 169536.0 59292.7  0.0   7346752.0 2618283.9 15379136.0  154413.8  51008.0 50882.1     14    1.046   0      0.000    1.046
173248.0 169536.0 59292.7  0.0   7346752.0 3582520.8 15379136.0  154413.8  51008.0 50882.9     14    1.046   0      0.000    1.046
173248.0 169536.0 59292.7  0.0   7346752.0 4698115.5 15379136.0  154413.8  51008.0 50901.6     14    1.046   0      0.000    1.046
173248.0 169536.0 59292.7  0.0   7346752.0 5762874.0 15379136.0  154413.8  51008.0 50903.5     14    1.046   0      0.000    1.046
173248.0 169536.0 59292.7  0.0   7346752.0 6711427.9 15379136.0  154413.8  51008.0 50908.8     14    1.046   0      0.000    1.046
163712.0 169536.0  0.0   68888.4 7346752.0 395147.9 15379136.0  154554.2  51008.0 50910.1     15    1.061   0      0.000    1.061
163712.0 169536.0  0.0   68888.4 7346752.0 1257034.7 15379136.0  154554.2  51008.0 50911.1     15    1.061   0      0.000    1.061
163712.0 169536.0  0.0   68888.4 7346752.0 2482174.8 15379136.0  154554.2  51008.0 50913.5     15    1.061   0      0.000    1.061
163712.0 169536.0  0.0   68888.4 7346752.0 3637620.0 15379136.0  154554.2  51008.0 50914.1     15    1.061   0      0.000    1.061
163712.0 169536.0  0.0   68888.4 7346752.0 4715557.9 15379136.0  154554.2  51008.0 50914.9     15    1.061   0      0.000    1.061
163712.0 169536.0  0.0   68888.4 7346752.0 5752345.4 15379136.0  154554.2  51008.0 50918.4     15    1.061   0      0.000    1.061
163712.0 169536.0  0.0   68888.4 7346752.0 6713004.5 15379136.0  154554.2  51008.0 50919.3     15    1.061   0      0.000    1.061
163712.0 158400.0 66990.0  0.0   7367424.0 666491.6 15379136.0  159366.1  51008.0 50920.1     16    1.075   0      0.000    1.075
163712.0 158400.0 66990.0  0.0   7367424.0 1958258.7 15379136.0  159366.1  51008.0 50921.2     16    1.075   0      0.000    1.075
163712.0 158400.0 66990.0  0.0   7367424.0 3340265.0 15379136.0  159366.1  51008.0 50924.7     16    1.075   0      0.000    1.075
163712.0 158400.0 66990.0  0.0   7367424.0 4611795.9 15379136.0  159366.1  51008.0 50925.1     16    1.075   0      0.000    1.075
163712.0 158400.0 66990.0  0.0   7367424.0 6105902.4 15379136.0  159366.1  51008.0 50925.8     16    1.075   0      0.000    1.075
163712.0 158400.0 66990.0  0.0   7367424.0 7048219.7 15379136.0  159366.1  51008.0 50925.8     16    1.075   0      0.000    1.075
153216.0 158400.0  0.0   67117.8 7367424.0 862451.5 15379136.0  162073.5  51008.0 50931.9     17    1.089   0      0.000    1.089
153216.0 158400.0  0.0   67117.8 7367424.0 2083450.1 15379136.0  162073.5  51008.0 50933.0     17    1.089   0      0.000    1.089
153216.0 158400.0  0.0   67117.8 7367424.0 3529238.3 15379136.0  162073.5  51008.0 50933.6     17    1.089   0      0.000    1.089
153216.0 158400.0  0.0   67117.8 7367424.0 4524886.4 15379136.0  162073.5  51008.0 50933.6     17    1.089   0      0.000    1.089
153216.0 158400.0  0.0   67117.8 7367424.0 6118676.7 15379136.0  162073.5  51008.0 50939.4     17    1.089   0      0.000    1.089
153216.0 149312.0 60119.4  0.0   7387008.0 1928203.9 15379136.0  164732.6  51008.0 50939.6     18    1.109   0      0.000    1.109
153216.0 149312.0 60119.4  0.0   7387008.0 4879061.8 15379136.0  164732.6  51008.0 50939.6     18    1.109   0      0.000    1.109
149952.0 149312.0  0.0   32225.3 7387008.0 632004.5 15379136.0  188764.4  51008.0 50939.6     19    1.139   0      0.000    1.139
149952.0 149312.0  0.0   32225.3 7387008.0 4209249.7 15379136.0  188764.4  51008.0 50939.6     19    1.139   0      0.000    1.139
149952.0 149824.0 29260.2  0.0   7389760.0 154867.8 15379136.0  201126.5  51008.0 50939.6     20    1.199   0      0.000    1.199
149952.0 149824.0 29260.2  0.0   7389760.0 3162262.8 15379136.0  201126.5  51008.0 50939.6     20    1.199   0      0.000    1.199
149952.0 149824.0 29260.2  0.0   7389760.0 6320149.9 15379136.0  201126.5  51008.0 50942.5     20    1.199   0      0.000    1.199
143680.0 149824.0  0.0   57882.9 7389760.0 662544.5 15379136.0  210754.1  51008.0 50944.8     21    1.259   0      0.000    1.259
143680.0 149824.0  0.0   57882.9 7389760.0 2880005.1 15379136.0  210754.1  51008.0 50945.4     21    1.259   0      0.000    1.259
143680.0 149824.0  0.0   57882.9 7389760.0 5621999.2 15379136.0  210754.1  51008.0 50945.6     21    1.259   0      0.000    1.259
143680.0 139584.0 47467.8  0.0   7406272.0 616227.1 15379136.0  231127.6  51008.0 50945.6     22    1.331   0      0.000    1.331
143680.0 139584.0 47467.8  0.0   7406272.0 3344836.8 15379136.0  231127.6  51008.0 50947.3     22    1.331   0      0.000    1.331
143680.0 139584.0 47467.8  0.0   7406272.0 5223164.3 15379136.0  231127.6  51008.0 50947.3     22    1.331   0      0.000    1.331
134656.0 139584.0  0.0   51779.8 7406272.0 243213.1 15379136.0  245777.8  51008.0 50947.3     23    1.391   0      0.000    1.391
134656.0 139584.0  0.0   51779.8 7406272.0 2521371.0 15379136.0  245777.8  51008.0 50947.3     23    1.391   0      0.000    1.391
134656.0 139584.0  0.0   51779.8 7406272.0 4632163.3 15379136.0  245777.8  51008.0 50947.3     23    1.391   0      0.000    1.391
134656.0 139584.0  0.0   51779.8 7406272.0 6534260.5 15379136.0  245777.8  51008.0 50947.3     23    1.391   0      0.000    1.391
134656.0 129920.0 50915.4  0.0   7424960.0 1078382.0 15379136.0  261299.1  51008.0 50947.3     24    1.450   0      0.000    1.450
134656.0 129920.0 50915.4  0.0   7424960.0 3301538.8 15379136.0  261299.1  51008.0 50947.3     24    1.450   0      0.000    1.450
134656.0 129920.0 50915.4  0.0   7424960.0 5826773.4 15379136.0  261299.1  51008.0 50947.4     24    1.450   0      0.000    1.450
125824.0 129920.0  0.0   48241.0 7424960.0 530928.1 15379136.0  271689.2  51008.0 50947.6     25    1.506   0      0.000    1.506
125824.0 129920.0  0.0   48241.0 7424960.0 3315990.9 15379136.0  271689.2  51008.0 50949.0     25    1.506   0      0.000    1.506
125824.0 129920.0  0.0   48241.0 7424960.0 6355064.3 15379136.0  271689.2  51008.0 50949.2     25    1.506   0      0.000    1.506
125824.0 122944.0 40683.8  0.0   7440768.0 2157976.4 15379136.0  285851.8  51008.0 50949.2     26    1.521   0      0.000    1.521
125824.0 122944.0 40683.8  0.0   7440768.0 5167470.3 15379136.0  285851.8  51008.0 50949.4     26    1.521   0      0.000    1.521
119936.0 122944.0  0.0   40163.1 7440768.0 651199.3 15379136.0  300376.5  51008.0 50950.4     27    1.585   0      0.000    1.585
119936.0 122944.0  0.0   40163.1 7440768.0 3362644.6 15379136.0  300376.5  51008.0 50950.4     27    1.585   0      0.000    1.585
119936.0 122944.0  0.0   40163.1 7440768.0 6101863.9 15379136.0  300376.5  51008.0 50951.8     27    1.585   0      0.000    1.585
119936.0 115008.0 49664.5  0.0   7454592.0 1218373.8 15379136.0  313497.5  51008.0 50952.5     28    1.641   0      0.000    1.641
119936.0 115008.0 49664.5  0.0   7454592.0 3226146.5 15379136.0  313497.5  51008.0 50952.8     28    1.641   0      0.000    1.641
119936.0 115008.0 49664.5  0.0   7454592.0 5481112.9 15379136.0  313497.5  51008.0 50952.8     28    1.641   0      0.000    1.641
113088.0 115008.0  0.0   34254.6 7454592.0 275792.9 15379136.0  334780.0  51008.0 50953.0     29    1.705   0      0.000    1.705
113088.0 115008.0  0.0   34254.6 7454592.0 2128479.2 15379136.0  334780.0  51008.0 50954.1     29    1.705   0      0.000    1.705
113088.0 115008.0  0.0   34254.6 7454592.0 4193064.6 15379136.0  334780.0  51008.0 50954.3     29    1.705   0      0.000    1.705
113088.0 115008.0  0.0   34254.6 7454592.0 6565953.8 15379136.0  334780.0  51008.0 50954.7     29    1.705   0      0.000    1.705
113088.0 109056.0 43585.5  0.0   7467392.0 694017.0 15379136.0  347799.5  51008.0 50954.7     30    1.756   0      0.000    1.756
113088.0 109056.0 43585.5  0.0   7467392.0 2978983.1 15379136.0  347799.5  51008.0 50954.7     30    1.756   0      0.000    1.756
113088.0 109056.0 43585.5  0.0   7467392.0 5591628.6 15379136.0  347799.5  51008.0 50956.4     30    1.756   0      0.000    1.756
105216.0 109056.0  0.0   43486.3 7467392.0 332147.2 15379136.0  363304.4  51008.0 50956.5     31    1.823   0      0.000    1.823
105216.0 109056.0  0.0   43486.3 7467392.0 1938587.4 15379136.0  363304.4  51008.0 50956.5     31    1.823   0      0.000    1.823
105216.0 109056.0  0.0   43486.3 7467392.0 3636975.3 15379136.0  363304.4  51008.0 50959.1     31    1.823   0      0.000    1.823
105216.0 109056.0  0.0   43486.3 7467392.0 5908069.5 15379136.0  363304.4  51008.0 50959.1     31    1.823   0      0.000    1.823
105216.0 109056.0  0.0   43486.3 7467392.0 7235651.9 15379136.0  363304.4  51008.0 50959.1     31    1.823   0      0.000    1.823
105216.0 100096.0 51465.4  0.0   7484224.0 760916.5 15379136.0  377160.4  51008.0 50959.1     32    1.913   0      0.000    1.913
105216.0 100096.0 51465.4  0.0   7484224.0 1582020.2 15379136.0  377160.4  51008.0 50959.1     32    1.913   0      0.000    1.913
105216.0 100096.0 51465.4  0.0   7484224.0 3020368.2 15379136.0  377160.4  51008.0 50959.5     32    1.913   0      0.000    1.913
105216.0 100096.0 51465.4  0.0   7484224.0 4195667.0 15379136.0  377160.4  51008.0 50959.5     32    1.913   0      0.000    1.913
105216.0 100096.0 51465.4  0.0   7484224.0 5255140.3 15379136.0  377160.4  51008.0 50959.6     32    1.913   0      0.000    1.913
105216.0 100096.0 51465.4  0.0   7484224.0 6440485.4 15379136.0  377160.4  51008.0 50959.6     32    1.913   0      0.000    1.913
97600.0 100096.0  0.0   58438.3 7484224.0 39329.7  15379136.0  386063.1  51008.0 50961.2     33    1.968   0      0.000    1.968
97600.0 100096.0  0.0   58438.3 7484224.0 1543346.3 15379136.0  386063.1  51008.0 50961.2     33    1.968   0      0.000    1.968
97600.0 100096.0  0.0   58438.3 7484224.0 3377632.3 15379136.0  386063.1  51008.0 50963.0     33    1.968   0      0.000    1.968
97600.0 100096.0  0.0   58438.3 7484224.0 4631233.4 15379136.0  386063.1  51008.0 50966.9     33    1.968   0      0.000    1.968
97600.0 100096.0  0.0   58438.3 7484224.0 6374332.5 15379136.0  386063.1  51008.0 50966.9     33    1.968   0      0.000    1.968
97600.0 93120.0 52972.9  0.0   7498816.0 787604.1 15379136.0  398010.8  51008.0 50967.0     34    2.026   0      0.000    2.026
97600.0 93120.0 52972.9  0.0   7498816.0 2457787.8 15379136.0  398010.8  51008.0 50967.2     34    2.026   0      0.000    2.026
97600.0 93120.0 52972.9  0.0   7498816.0 2685738.0 15379136.0  398010.8  51008.0 50967.6     34    2.026   0      0.000    2.026
97600.0 93120.0 52972.9  0.0   7498816.0 2899314.6 15379136.0  398010.8  51008.0 50967.6     34    2.026   0      0.000    2.026
97600.0 93120.0 52972.9  0.0   7498816.0 3280501.4 15379136.0  398010.8  51008.0 50969.8     34    2.026   0      0.000    2.026
97600.0 93120.0 52972.9  0.0   7498816.0 3638948.0 15379136.0  398010.8  51008.0 50969.8     34    2.026   0      0.000    2.026
97600.0 93120.0 52972.9  0.0   7498816.0 3949123.2 15379136.0  398010.8  51008.0 50969.8     34    2.026   0      0.000    2.026
97600.0 93120.0 52972.9  0.0   7498816.0 4124959.7 15379136.0  398010.8  51008.0 50970.6     34    2.026   0      0.000    2.026
97600.0 93120.0 52972.9  0.0   7498816.0 4559374.6 15379136.0  398010.8  51008.0 50971.2     34    2.026   0      0.000    2.026
97600.0 93120.0 52972.9  0.0   7498816.0 4927978.9 15379136.0  398010.8  51008.0 50971.5     34    2.026   0      0.000    2.026
97600.0 93120.0 52972.9  0.0   7498816.0 5234326.3 15379136.0  398010.8  51008.0 50971.5     34    2.026   0      0.000    2.026
97600.0 93120.0 52972.9  0.0   7498816.0 5432741.3 15379136.0  398010.8  51008.0 50971.5     34    2.026   0      0.000    2.026
97600.0 93120.0 52972.9  0.0   7498816.0 5670229.8 15379136.0  398010.8  51008.0 50972.1     34    2.026   0      0.000    2.026
97600.0 93120.0 52972.9  0.0   7498816.0 5841578.5 15379136.0  398010.8  51008.0 50972.3     34    2.026   0      0.000    2.026
97600.0 93120.0 52972.9  0.0   7498816.0 6146536.3 15379136.0  398010.8  51008.0 50972.6     34    2.026   0      0.000    2.026
97600.0 93120.0 52972.9  0.0   7498816.0 6454640.7 15379136.0  398010.8  51008.0 50972.8     34    2.026   0      0.000    2.026
97600.0 93120.0 52972.9  0.0   7498816.0 6733278.1 15379136.0  398010.8  51008.0 50974.4     34    2.026   0      0.000    2.026
94144.0 93120.0  0.0   66534.6 7498816.0 197040.4 15379136.0  401030.8  51008.0 50976.2     35    2.084   0      0.000    2.084
94144.0 93120.0  0.0   66534.6 7498816.0 2032972.6 15379136.0  401030.8  51008.0 50977.3     35    2.084   0      0.000    2.084
94144.0 93120.0  0.0   66534.6 7498816.0 4129247.4 15379136.0  401030.8  51008.0 50978.5     35    2.084   0      0.000    2.084
94144.0 93120.0  0.0   66534.6 7498816.0 6585641.2 15379136.0  401030.8  51008.0 50978.7     35    2.084   0      0.000    2.084
94144.0 94912.0 26209.0  0.0   7499712.0 1171907.6 15379136.0  431094.5  51008.0 50979.1     36    2.141   0      0.000    2.141
94144.0 94912.0 26209.0  0.0   7499712.0 3712334.4 15379136.0  431094.5  51008.0 50983.1     36    2.141   0      0.000    2.141
94144.0 94912.0 26209.0  0.0   7499712.0 6166556.0 15379136.0  431094.5  51008.0 50983.4     36    2.141   0      0.000    2.141
94336.0 94912.0  0.0   29389.3 7499712.0 1340603.8 15379136.0  448601.9  51008.0 50984.0     37    2.210   0      0.000    2.210
94336.0 94912.0  0.0   29389.3 7499712.0 3708397.9 15379136.0  448601.9  51008.0 50986.6     37    2.210   0      0.000    2.210
94336.0 94912.0  0.0   29389.3 7499712.0 5965636.9 15379136.0  448601.9  51008.0 50989.6     37    2.210   0      0.000    2.210
94336.0 94464.0 22285.1  0.0   7500608.0 586540.6 15379136.0  472134.0  51008.0 50990.8     38    2.252   0      0.000    2.252
94336.0 94464.0 22285.1  0.0   7500608.0 2801667.0 15379136.0  472134.0  51008.0 50991.4     38    2.252   0      0.000    2.252
94336.0 94464.0 22285.1  0.0   7500608.0 5173896.9 15379136.0  472134.0  51008.0 50991.4     38    2.252   0      0.000    2.252
94336.0 94464.0 22285.1  0.0   7500608.0 6946922.7 15379136.0  472134.0  51008.0 50991.9     38    2.252   0      0.000    2.252
91008.0 94464.0  0.0   38598.2 7500608.0 1842391.9 15379136.0  482936.9  51008.0 50993.4     39    2.313   0      0.000    2.313
91008.0 94464.0  0.0   38598.2 7500608.0 3868717.9 15379136.0  482936.9  51008.0 50994.5     39    2.313   0      0.000    2.313
91008.0 94464.0  0.0   38598.2 7500608.0 5217317.8 15379136.0  482936.9  51008.0 50994.5     39    2.313   0      0.000    2.313
91008.0 94464.0  0.0   38598.2 7500608.0 6797874.2 15379136.0  482936.9  51008.0 50994.7     39    2.313   0      0.000    2.313
91008.0 86720.0 46291.5  0.0   7511808.0 1088467.7 15379136.0  490851.9  51008.0 50994.7     40    2.373   0      0.000    2.373
91008.0 86720.0 46291.5  0.0   7511808.0 2177918.5 15379136.0  490851.9  51008.0 50997.2     40    2.373   0      0.000    2.373
91008.0 86720.0 46291.5  0.0   7511808.0 2819257.9 15379136.0  490851.9  51008.0 50997.2     40    2.373   0      0.000    2.373
91008.0 86720.0 46291.5  0.0   7511808.0 3401587.5 15379136.0  490851.9  51008.0 50997.2     40    2.373   0      0.000    2.373
91008.0 86720.0 46291.5  0.0   7511808.0 4143065.2 15379136.0  490851.9  51008.0 50997.2     40    2.373   0      0.000    2.373
91008.0 86720.0 46291.5  0.0   7511808.0 4772906.9 15379136.0  490851.9  51008.0 50997.4     40    2.373   0      0.000    2.373
91008.0 86720.0 46291.5  0.0   7511808.0 5803359.3 15379136.0  490851.9  51008.0 50998.9     40    2.373   0      0.000    2.373
91008.0 86720.0 46291.5  0.0   7511808.0 6551318.5 15379136.0  490851.9  51008.0 51000.5     40    2.373   0      0.000    2.373
91008.0 86720.0 46291.5  0.0   7511808.0 7354266.8 15379136.0  490851.9  51008.0 51001.6     40    2.373   0      0.000    2.373
89920.0 86720.0  0.0   65590.8 7511808.0 641543.0 15379136.0  497147.9  51008.0 51002.0     41    2.398   0      0.000    2.398
89920.0 86720.0  0.0   65590.8 7511808.0 1425023.7 15379136.0  497147.9  51008.0 51002.0     41    2.398   0      0.000    2.398
89920.0 86720.0  0.0   65590.8 7511808.0 2226705.8 15379136.0  497147.9  51008.0 51002.0     41    2.398   0      0.000    2.398
89920.0 86720.0  0.0   65590.8 7511808.0 2902465.3 15379136.0  497147.9  51008.0 51002.0     41    2.398   0      0.000    2.398
89920.0 86720.0  0.0   65590.8 7511808.0 3807118.0 15379136.0  497147.9  51008.0 51002.2     41    2.398   0      0.000    2.398
89920.0 86720.0  0.0   65590.8 7511808.0 4581666.5 15379136.0  497147.9  51008.0 51002.2     41    2.398   0      0.000    2.398
89920.0 86720.0  0.0   65590.8 7511808.0 5674934.3 15379136.0  497147.9  51008.0 51002.4     41    2.398   0      0.000    2.398
89920.0 90112.0 59664.3  0.0   7509312.0   0.0    15379136.0  503271.6  51008.0 51003.1     42    2.503   0      0.000    2.503
89920.0 90112.0 59664.3  0.0   7509312.0 2061871.7 15379136.0  503271.6  51008.0 51003.1     42    2.503   0      0.000    2.503
89920.0 90112.0 59664.3  0.0   7509312.0 4158253.9 15379136.0  503271.6  51008.0 51003.6     42    2.503   0      0.000    2.503
89920.0 90112.0 59664.3  0.0   7509312.0 5847418.0 15379136.0  503271.6  51008.0 51005.6     42    2.503   0      0.000    2.503
89920.0 90112.0 59664.3  0.0   7509312.0 7474225.9 15379136.0  503271.6  51008.0 51007.2     42    2.503   0      0.000    2.503
89984.0 90112.0  0.0   59783.6 7509312.0 1637242.5 15379136.0  513410.4  51008.0 51007.2     43    2.543   0      0.000    2.543
89984.0 90112.0  0.0   59783.6 7509312.0 3703341.6 15379136.0  513410.4  51008.0 51007.2     43    2.543   0      0.000    2.543
89984.0 90112.0  0.0   59783.6 7509312.0 5565876.5 15379136.0  513410.4  51200.0 51008.5     43    2.543   0      0.000    2.543
89984.0 90112.0  0.0   59783.6 7509312.0 6574569.1 15379136.0  513410.4  51200.0 51008.6     43    2.543   0      0.000    2.543
89984.0 90112.0  0.0   59783.6 7509312.0 7416681.9 15379136.0  513410.4  51200.0 51008.7     43    2.543   0      0.000    2.543
89984.0 90624.0 62571.3  0.0   7508288.0 659648.7 15379136.0  519332.4  51200.0 51009.0     44    2.577   0      0.000    2.577
89984.0 90624.0 62571.3  0.0   7508288.0 1660446.2 15379136.0  519332.4  51200.0 51009.0     44    2.577   0      0.000    2.577
89984.0 90624.0 62571.3  0.0   7508288.0 2723534.7 15379136.0  519332.4  51200.0 51009.2     44    2.577   0      0.000    2.577
89984.0 90624.0 62571.3  0.0   7508288.0 4432989.9 15379136.0  519332.4  51200.0 51087.8     44    2.577   0      0.000    2.577
89984.0 90624.0 62571.3  0.0   7508288.0 6233746.9 15379136.0  519332.4  51200.0 51088.4     44    2.577   0      0.000    2.577
86720.0 90624.0  0.0   50982.9 7508288.0 1253872.9 15379136.0  527247.1  51200.0 51088.4     45    2.650   0      0.000    2.650
86720.0 90624.0  0.0   50982.9 7508288.0 3588553.8 15379136.0  527247.1  51200.0 51089.1     45    2.650   0      0.000    2.650
86720.0 90624.0  0.0   50982.9 7508288.0 6149585.7 15379136.0  527247.1  51200.0 51089.3     45    2.650   0      0.000    2.650
86720.0 85376.0 38521.6  0.0   7517440.0 747077.0 15379136.0  552105.0  51200.0 51089.3     46    2.753   0      0.000    2.753
86720.0 85376.0 38521.6  0.0   7517440.0 3386067.5 15379136.0  552105.0  51200.0 51089.3     46    2.753   0      0.000    2.753
86720.0 85376.0 38521.6  0.0   7517440.0 4461725.8 15379136.0  552105.0  51200.0 51090.7     46    2.753   0      0.000    2.753
86720.0 85376.0 38521.6  0.0   7517440.0 5645085.7 15379136.0  552105.0  51200.0 51091.0     46    2.753   0      0.000    2.753
86720.0 85376.0 38521.6  0.0   7517440.0 7308235.8 15379136.0  552105.0  51200.0 51091.1     46    2.753   0      0.000    2.753
83904.0 85376.0  0.0   37958.8 7517440.0 1439272.2 15379136.0  566144.8  51200.0 51091.1     47    2.914   0      0.000    2.914
83904.0 85376.0  0.0   37958.8 7517440.0 2006687.5 15379136.0  566144.8  51200.0 51097.4     47    2.914   0      0.000    2.914
83904.0 85376.0  0.0   37958.8 7517440.0 2587268.6 15379136.0  566144.8  51200.0 51097.4     47    2.914   0      0.000    2.914
83904.0 85376.0  0.0   37958.8 7517440.0 3124037.0 15379136.0  566144.8  51200.0 51097.6     47    2.914   0      0.000    2.914
83904.0 85376.0  0.0   37958.8 7517440.0 3502131.0 15379136.0  566144.8  51200.0 51097.6     47    2.914   0      0.000    2.914
83904.0 85376.0  0.0   37958.8 7517440.0 3800481.1 15379136.0  566144.8  51200.0 51097.8     47    2.914   0      0.000    2.914
83904.0 85376.0  0.0   37958.8 7517440.0 4865616.1 15379136.0  566144.8  51200.0 51097.8     47    2.914   0      0.000    2.914
83904.0 85376.0  0.0   37958.8 7517440.0 5869401.6 15379136.0  566144.8  51200.0 51097.8     47    2.914   0      0.000    2.914
83904.0 85376.0  0.0   37958.8 7517440.0 6459926.5 15379136.0  566144.8  51200.0 51097.8     47    2.914   0      0.000    2.914
83904.0 85376.0  0.0   37958.8 7517440.0 6733894.1 15379136.0  566144.8  51200.0 51098.1     47    2.914   0      0.000    2.914
83904.0 85376.0  0.0   37958.8 7517440.0 6816605.4 15379136.0  566144.8  51200.0 51098.5     47    2.914   0      0.000    2.914
83904.0 85376.0  0.0   37958.8 7517440.0 7202792.4 15379136.0  566144.8  51200.0 51098.5     47    2.914   0      0.000    2.914
83904.0 85376.0  0.0   37958.8 7517440.0 7505179.2 15379136.0  566144.8  51200.0 51098.5     47    2.914   0      0.000    2.914
83904.0 90112.0 75122.1  0.0   7509312.0 522843.6 15379136.0  566168.8  51200.0 51098.5     48    2.934   0      0.000    2.934
83904.0 90112.0 75122.1  0.0   7509312.0 927472.3 15379136.0  566168.8  51200.0 51098.5     48    2.934   0      0.000    2.934
83904.0 90112.0 75122.1  0.0   7509312.0 1423572.4 15379136.0  566168.8  51200.0 51098.5     48    2.934   0      0.000    2.934
83904.0 90112.0 75122.1  0.0   7509312.0 1798565.1 15379136.0  566168.8  51200.0 51098.5     48    2.934   0      0.000    2.934
83904.0 90112.0 75122.1  0.0   7509312.0 2354298.2 15379136.0  566168.8  51200.0 51098.5     48    2.934   0      0.000    2.934
83904.0 90112.0 75122.1  0.0   7509312.0 4430074.6 15379136.0  566168.8  51200.0 51098.5     48    2.934   0      0.000    2.934
83904.0 90112.0 75122.1  0.0   7509312.0 6674775.1 15379136.0  566168.8  51200.0 51098.5     48    2.934   0      0.000    2.934
86272.0 90112.0  0.0   51223.6 7509312.0 284934.9 15379136.0  583634.0  51200.0 51098.5     49    3.049   0      0.000    3.049
86272.0 90112.0  0.0   51223.6 7509312.0 2252206.0 15379136.0  583634.0  51200.0 51098.5     49    3.049   0      0.000    3.049
86272.0 90112.0  0.0   51223.6 7509312.0 3783110.9 15379136.0  583634.0  51200.0 51098.5     49    3.049   0      0.000    3.049
86272.0 90112.0  0.0   51223.6 7509312.0 4420469.9 15379136.0  583634.0  51200.0 51098.5     49    3.049   0      0.000    3.049
86272.0 90112.0  0.0   51223.6 7509312.0 6661040.8 15379136.0  583634.0  51200.0 51099.3     49    3.049   0      0.000    3.049
86272.0 84032.0 54670.2  0.0   7519232.0 834253.0 15379136.0  596582.1  51200.0 51099.3     50    3.140   0      0.000    3.140
86272.0 84032.0 54670.2  0.0   7519232.0 3036447.2 15379136.0  596582.1  51200.0 51099.3     50    3.140   0      0.000    3.140
86272.0 84032.0 54670.2  0.0   7519232.0 4967423.0 15379136.0  596582.1  51200.0 51099.3     50    3.140   0      0.000    3.140
86272.0 84032.0 54670.2  0.0   7519232.0 6499870.4 15379136.0  596582.1  51200.0 51099.5     50    3.140   0      0.000    3.140
81728.0 84032.0  0.0   46354.0 7519232.0 460687.3 15379136.0  609290.0  51200.0 51099.5     51    3.155   0      0.000    3.155
81728.0 84032.0  0.0   46354.0 7519232.0 1831225.7 15379136.0  609290.0  51200.0 51099.5     51    3.155   0      0.000    3.155
81728.0 84032.0  0.0   46354.0 7519232.0 3252852.1 15379136.0  609290.0  51200.0 51099.5     51    3.155   0      0.000    3.155
81728.0 84032.0  0.0   46354.0 7519232.0 4024691.2 15379136.0  609290.0  51200.0 51099.5     51    3.155   0      0.000    3.155
81728.0 84032.0  0.0   46354.0 7519232.0 4897020.9 15379136.0  609290.0  51200.0 51099.5     51    3.155   0      0.000    3.155
81728.0 84032.0  0.0   46354.0 7519232.0 5532535.9 15379136.0  609290.0  51200.0 51099.7     51    3.155   0      0.000    3.155
81728.0 84032.0  0.0   46354.0 7519232.0 7262960.3 15379136.0  609290.0  51200.0 51101.0     51    3.155   0      0.000    3.155
81728.0 81664.0 59366.7  0.0   7526144.0 1543176.5 15379136.0  612300.7  51200.0 51101.0     52    3.174   0      0.000    3.174
81728.0 81664.0 59366.7  0.0   7526144.0 2818779.0 15379136.0  612300.7  51200.0 51101.0     52    3.174   0      0.000    3.174
81728.0 81664.0 59366.7  0.0   7526144.0 4289023.7 15379136.0  612300.7  51200.0 51101.0     52    3.174   0      0.000    3.174
81728.0 81664.0 59366.7  0.0   7526144.0 5835019.5 15379136.0  612300.7  51200.0 51101.0     52    3.174   0      0.000    3.174
79232.0 81664.0  0.0   49110.4 7526144.0 160925.5 15379136.0  632751.8  51200.0 51101.0     53    3.227   0      0.000    3.227
79232.0 81664.0  0.0   49110.4 7526144.0 1660678.4 15379136.0  632751.8  51200.0 51101.0     53    3.227   0      0.000    3.227
79232.0 81664.0  0.0   49110.4 7526144.0 3275452.1 15379136.0  632751.8  51200.0 51101.0     53    3.227   0      0.000    3.227
79232.0 81664.0  0.0   49110.4 7526144.0 3818160.2 15379136.0  632751.8  51200.0 51101.0     53    3.227   0      0.000    3.227
79232.0 81664.0  0.0   49110.4 7526144.0 4917932.2 15379136.0  632751.8  51200.0 51101.0     53    3.227   0      0.000    3.227
79232.0 81664.0  0.0   49110.4 7526144.0 6179013.1 15379136.0  632751.8  51200.0 51101.0     53    3.227   0      0.000    3.227
79232.0 76480.0 51663.2  0.0   7533824.0 184862.5 15379136.0  639802.5  51200.0 51104.7     54    3.246   0      0.000    3.246
79232.0 76480.0 51663.2  0.0   7533824.0 2377322.8 15379136.0  639802.5  51200.0 51105.1     54    3.246   0      0.000    3.246
79232.0 76480.0 51663.2  0.0   7533824.0 4761558.5 15379136.0  639802.5  51200.0 51105.1     54    3.246   0      0.000    3.246
79232.0 76480.0 51663.2  0.0   7533824.0 7322956.8 15379136.0  639802.5  51200.0 51108.1     54    3.246   0      0.000    3.246
75904.0 76480.0  0.0   40453.0 7533824.0 2894023.9 15379136.0  661287.3  51200.0 51108.1     55    3.292   0      0.000    3.292
75904.0 76480.0  0.0   40453.0 7533824.0 5529491.6 15379136.0  661287.3  51200.0 51108.5     55    3.292   0      0.000    3.292
75904.0 75008.0 54914.1  0.0   7538624.0 290719.3 15379136.0  677109.2  51200.0 51108.6     56    3.314   0      0.000    3.314
75904.0 75008.0 54914.1  0.0   7538624.0 2383102.3 15379136.0  677109.2  51200.0 51109.2     56    3.314   0      0.000    3.314
75904.0 75008.0 54914.1  0.0   7538624.0 4457918.9 15379136.0  677109.2  51200.0 51109.2     56    3.314   0      0.000    3.314
75904.0 75008.0 54914.1  0.0   7538624.0 5998912.3 15379136.0  677109.2  51200.0 51109.2     56    3.314   0      0.000    3.314
75904.0 75008.0 54914.1  0.0   7538624.0 7329803.8 15379136.0  677109.2  51200.0 51109.2     56    3.314   0      0.000    3.314
73920.0 75008.0  0.0   43312.1 7538624.0 1502914.9 15379136.0  691584.5  51200.0 51109.2     57    3.332   0      0.000    3.332
73920.0 75008.0  0.0   43312.1 7538624.0 3633368.6 15379136.0  691584.5  51200.0 51109.2     57    3.332   0      0.000    3.332
73920.0 75008.0  0.0   43312.1 7538624.0 5371214.3 15379136.0  691584.5  51200.0 51109.6     57    3.332   0      0.000    3.332
73920.0 75008.0  0.0   43312.1 7538624.0 6698134.8 15379136.0  691584.5  51200.0 51109.6     57    3.332   0      0.000    3.332
73920.0 72384.0 45197.1  0.0   7543232.0 50868.2  15379136.0  705212.3  51200.0 51109.6     58    3.401   0      0.000    3.401
73920.0 72384.0 45197.1  0.0   7543232.0 921898.5 15379136.0  705212.3  51200.0 51109.6     58    3.401   0      0.000    3.401
73920.0 72384.0 45197.1  0.0   7543232.0 2384372.5 15379136.0  705212.3  51200.0 51109.6     58    3.401   0      0.000    3.401
73920.0 72384.0 45197.1  0.0   7543232.0 4257880.6 15379136.0  705212.3  51200.0 51109.6     58    3.401   0      0.000    3.401
73920.0 72384.0 45197.1  0.0   7543232.0 5977260.2 15379136.0  705212.3  51200.0 51109.6     58    3.401   0      0.000    3.401
70656.0 72384.0  0.0   46760.3 7543232.0 235908.5 15379136.0  721948.4  51200.0 51109.6     59    3.469   0      0.000    3.469
70656.0 72384.0  0.0   46760.3 7543232.0 2166154.5 15379136.0  721948.4  51200.0 51109.6     59    3.469   0      0.000    3.469
70656.0 72384.0  0.0   46760.3 7543232.0 4056517.9 15379136.0  721948.4  51200.0 51109.6     59    3.469   0      0.000    3.469
70656.0 72384.0  0.0   46760.3 7543232.0 6325757.0 15379136.0  721948.4  51200.0 51109.6     59    3.469   0      0.000    3.469
70656.0 71424.0 32471.4  0.0   7546688.0 619976.3 15379136.0  746957.9  51200.0 51109.6     60    3.509   0      0.000    3.509
70656.0 71424.0 32471.4  0.0   7546688.0 2118825.3 15379136.0  746957.9  51200.0 51109.6     60    3.509   0      0.000    3.509
70656.0 71424.0 32471.4  0.0   7546688.0 3731330.3 15379136.0  746957.9  51200.0 51113.5     60    3.509   0      0.000    3.509
70656.0 71424.0 32471.4  0.0   7546688.0 5535440.7 15379136.0  746957.9  51200.0 51113.5     60    3.509   0      0.000    3.509
70656.0 71424.0 32471.4  0.0   7546688.0 7431414.5 15379136.0  746957.9  51200.0 51115.6     60    3.509   0      0.000    3.509
70272.0 71424.0  0.0   40799.3 7546688.0 1818656.6 15379136.0  766211.7  51200.0 51116.1     61    3.609   0      0.000    3.609
70272.0 71424.0  0.0   40799.3 7546688.0 4015078.4 15379136.0  766211.7  51200.0 51116.1     61    3.609   0      0.000    3.609
70272.0 71424.0  0.0   40799.3 7546688.0 5915799.6 15379136.0  766211.7  51200.0 51116.1     61    3.609   0      0.000    3.609
70272.0 69888.0 35512.4  0.0   7549376.0 466275.9 15379136.0  787783.4  51200.0 51116.1     62    3.677   0      0.000    3.677
70272.0 69888.0 35512.4  0.0   7549376.0 2103873.1 15379136.0  787783.4  51200.0 51116.1     62    3.677   0      0.000    3.677
70272.0 69888.0 35512.4  0.0   7549376.0 3585136.4 15379136.0  787783.4  51200.0 51116.1     62    3.677   0      0.000    3.677
70272.0 69888.0 35512.4  0.0   7549376.0 4080994.3 15379136.0  787783.4  51200.0 51116.1     62    3.677   0      0.000    3.677
70272.0 69888.0 35512.4  0.0   7549376.0 4489010.0 15379136.0  787783.4  51200.0 51116.1     62    3.677   0      0.000    3.677
70272.0 69888.0 35512.4  0.0   7549376.0 5234209.7 15379136.0  787783.4  51200.0 51116.9     62    3.677   0      0.000    3.677
70272.0 69888.0 35512.4  0.0   7549376.0 6299893.4 15379136.0  787783.4  51200.0 51116.9     62    3.677   0      0.000    3.677
70272.0 69888.0 35512.4  0.0   7549376.0 6698384.3 15379136.0  787783.4  51200.0 51116.9     62    3.677   0      0.000    3.677
70272.0 69888.0 35512.4  0.0   7549376.0 6984373.8 15379136.0  787783.4  51200.0 51116.9     62    3.677   0      0.000    3.677
74560.0 65088.0  0.0   65032.3 7549376.0 248141.2 15379136.0  788677.7  51200.0 51116.9     63    3.694   0      0.000    3.694
74560.0 65088.0  0.0   65032.3 7549376.0 1413761.2 15379136.0  788677.7  51200.0 51116.9     63    3.694   0      0.000    3.694
74560.0 65088.0  0.0   65032.3 7549376.0 2883195.8 15379136.0  788677.7  51200.0 51116.9     63    3.694   0      0.000    3.694
74560.0 65088.0  0.0   65032.3 7549376.0 3729285.6 15379136.0  788677.7  51200.0 51116.9     63    3.694   0      0.000    3.694
74560.0 65088.0  0.0   65032.3 7549376.0 5477539.2 15379136.0  788677.7  51200.0 51117.3     63    3.694   0      0.000    3.694
74560.0 65088.0  0.0   65032.3 7549376.0 7051240.4 15379136.0  788677.7  51200.0 51117.3     63    3.694   0      0.000    3.694
74560.0 72320.0 48868.0  0.0   7542656.0 1665634.2 15379136.0  807185.4  51200.0 51117.3     64    3.819   0      0.000    3.819
74560.0 72320.0 48868.0  0.0   7542656.0 3182727.7 15379136.0  807185.4  51200.0 51117.3     64    3.819   0      0.000    3.819
74560.0 72320.0 48868.0  0.0   7542656.0 4898563.2 15379136.0  807185.4  51200.0 51117.3     64    3.819   0      0.000    3.819
74560.0 72320.0 48868.0  0.0   7542656.0 6372977.3 15379136.0  807185.4  51200.0 51117.3     64    3.819   0      0.000    3.819
70208.0 72320.0  0.0   48894.6 7542656.0 658194.7 15379136.0  823945.0  51200.0 51117.3     65    3.857   0      0.000    3.857
70208.0 72320.0  0.0   48894.6 7542656.0 1878471.1 15379136.0  823945.0  51200.0 51117.5     65    3.857   0      0.000    3.857
70208.0 72320.0  0.0   48894.6 7542656.0 3298597.9 15379136.0  823945.0  51200.0 51117.5     65    3.857   0      0.000    3.857
70208.0 72320.0  0.0   48894.6 7542656.0 4546431.8 15379136.0  823945.0  51200.0 51117.5     65    3.857   0      0.000    3.857
70208.0 72320.0  0.0   48894.6 7542656.0 6105990.0 15379136.0  823945.0  51200.0 51117.5     65    3.857   0      0.000    3.857
70208.0 72320.0  0.0   48894.6 7542656.0 7182114.2 15379136.0  823945.0  51200.0 51117.5     65    3.857   0      0.000    3.857
70208.0 68928.0 50564.0  0.0   7550400.0 1030198.8 15379136.0  837737.6  51200.0 51117.5     66    3.887   0      0.000    3.887
70208.0 68928.0 50564.0  0.0   7550400.0 2338431.0 15379136.0  837737.6  51200.0 51117.5     66    3.887   0      0.000    3.887
70208.0 68928.0 50564.0  0.0   7550400.0 3484275.6 15379136.0  837737.6  51200.0 51117.5     66    3.887   0      0.000    3.887
70208.0 68928.0 50564.0  0.0   7550400.0 4827968.8 15379136.0  837737.6  51200.0 51117.5     66    3.887   0      0.000    3.887
70208.0 68928.0 50564.0  0.0   7550400.0 5855995.1 15379136.0  837737.6  51200.0 51117.5     66    3.887   0      0.000    3.887
70208.0 68928.0 50564.0  0.0   7550400.0 6777000.3 15379136.0  837737.6  51200.0 51117.5     66    3.887   0      0.000    3.887
67200.0 68928.0  0.0   46498.5 7550400.0 427729.5 15379136.0  853505.7  51200.0 51117.5     67    3.919   0      0.000    3.919
67200.0 68928.0  0.0   46498.5 7550400.0 1222581.6 15379136.0  853505.7  51200.0 51117.5     67    3.919   0      0.000    3.919
67200.0 68928.0  0.0   46498.5 7550400.0 2366620.5 15379136.0  853505.7  51200.0 51117.5     67    3.919   0      0.000    3.919
67200.0 68928.0  0.0   46498.5 7550400.0 3180817.1 15379136.0  853505.7  51200.0 51117.5     67    3.919   0      0.000    3.919
67200.0 68928.0  0.0   46498.5 7550400.0 4000765.2 15379136.0  853505.7  51200.0 51117.5     67    3.919   0      0.000    3.919
67200.0 68928.0  0.0   46498.5 7550400.0 5437596.6 15379136.0  853505.7  51200.0 51117.5     67    3.919   0      0.000    3.919
67200.0 68928.0  0.0   46498.5 7550400.0 5885810.5 15379136.0  853505.7  51200.0 51117.5     67    3.919   0      0.000    3.919
67200.0 68928.0  0.0   46498.5 7550400.0 6674895.8 15379136.0  853505.7  51200.0 51117.5     67    3.919   0      0.000    3.919
67200.0 70016.0 60915.8  0.0   7549504.0 360821.1 15379136.0  855204.1  51200.0 51117.5     68    3.949   0      0.000    3.949
67200.0 70016.0 60915.8  0.0   7549504.0 1403588.4 15379136.0  855204.1  51200.0 51117.5     68    3.949   0      0.000    3.949
67200.0 70016.0 60915.8  0.0   7549504.0 2958230.1 15379136.0  855204.1  51200.0 51117.5     68    3.949   0      0.000    3.949
67200.0 70016.0 60915.8  0.0   7549504.0 4094689.6 15379136.0  855204.1  51200.0 51117.5     68    3.949   0      0.000    3.949
67200.0 70016.0 60915.8  0.0   7549504.0 5630984.2 15379136.0  855204.1  51200.0 51117.5     68    3.949   0      0.000    3.949
67200.0 70016.0 60915.8  0.0   7549504.0 7043849.3 15379136.0  855204.1  51200.0 51117.9     68    3.949   0      0.000    3.949
68480.0 70016.0  0.0   46239.4 7549504.0 1080807.7 15379136.0  867965.9  51200.0 51117.9     69    3.973   0      0.000    3.973
68480.0 70016.0  0.0   46239.4 7549504.0 2616283.0 15379136.0  867965.9  51200.0 51117.9     69    3.973   0      0.000    3.973
68480.0 70016.0  0.0   46239.4 7549504.0 3984346.8 15379136.0  867965.9  51200.0 51117.9     69    3.973   0      0.000    3.973
68480.0 70016.0  0.0   46239.4 7549504.0 5288343.0 15379136.0  867965.9  51200.0 51117.9     69    3.973   0      0.000    3.973
68480.0 70016.0  0.0   46239.4 7549504.0 6420661.9 15379136.0  867965.9  51200.0 51117.9     69    3.973   0      0.000    3.973
68480.0 70016.0  0.0   46239.4 7549504.0 7393796.4 15379136.0  867965.9  51200.0 51117.9     69    3.973   0      0.000    3.973
68480.0 69696.0 57596.9  0.0   7550144.0 1012273.1 15379136.0  879466.5  51200.0 51117.9     70    4.049   0      0.000    4.049
68480.0 69696.0 57596.9  0.0   7550144.0 2062722.5 15379136.0  879466.5  51200.0 51118.8     70    4.049   0      0.000    4.049
68480.0 69696.0 57596.9  0.0   7550144.0 2658096.8 15379136.0  879466.5  51200.0 51118.8     70    4.049   0      0.000    4.049
68480.0 69696.0 57596.9  0.0   7550144.0 3407717.2 15379136.0  879466.5  51200.0 51118.8     70    4.049   0      0.000    4.049
68480.0 69696.0 57596.9  0.0   7550144.0 3758460.9 15379136.0  879466.5  51200.0 51118.8     70    4.049   0      0.000    4.049
68480.0 69696.0 57596.9  0.0   7550144.0 4505949.7 15379136.0  879466.5  51200.0 51118.8     70    4.049   0      0.000    4.049
68480.0 69696.0 57596.9  0.0   7550144.0 5251335.1 15379136.0  879466.5  51200.0 51118.8     70    4.049   0      0.000    4.049
68480.0 69696.0 57596.9  0.0   7550144.0 5980620.5 15379136.0  879466.5  51200.0 51118.8     70    4.049   0      0.000    4.049
68480.0 69696.0 57596.9  0.0   7550144.0 6820106.5 15379136.0  879466.5  51200.0 51118.8     70    4.049   0      0.000    4.049
72832.0 66560.0  0.0   66502.4 7550144.0 126074.2 15379136.0  884867.3  51200.0 51118.8     71    4.125   0      0.000    4.125
72832.0 66560.0  0.0   66502.4 7550144.0 553907.0 15379136.0  884867.3  51200.0 51118.8     71    4.125   0      0.000    4.125
72832.0 66560.0  0.0   66502.4 7550144.0 1494768.9 15379136.0  884867.3  51200.0 51118.8     71    4.125   0      0.000    4.125
72832.0 66560.0  0.0   66502.4 7550144.0 2192966.0 15379136.0  884867.3  51200.0 51118.8     71    4.125   0      0.000    4.125
72832.0 66560.0  0.0   66502.4 7550144.0 2550729.8 15379136.0  884867.3  51200.0 51118.8     71    4.125   0      0.000    4.125
72832.0 66560.0  0.0   66502.4 7550144.0 3609937.4 15379136.0  884867.3  51200.0 51126.6     71    4.125   0      0.000    4.125
72832.0 66560.0  0.0   66502.4 7550144.0 4826138.0 15379136.0  884867.3  51200.0 51126.6     71    4.125   0      0.000    4.125
72832.0 66560.0  0.0   66502.4 7550144.0 5827808.5 15379136.0  884867.3  51200.0 51126.6     71    4.125   0      0.000    4.125
72832.0 66560.0  0.0   66502.4 7550144.0 6818024.5 15379136.0  884867.3  51200.0 51126.6     71    4.125   0      0.000    4.125
72832.0 74752.0 60062.3  0.0   7540032.0 498543.5 15379136.0  889977.7  51200.0 51126.6     72    4.179   0      0.000    4.179
72832.0 74752.0 60062.3  0.0   7540032.0 1361019.7 15379136.0  889977.7  51200.0 51127.0     72    4.179   0      0.000    4.179
72832.0 74752.0 60062.3  0.0   7540032.0 2107789.0 15379136.0  889977.7  51200.0 51127.2     72    4.179   0      0.000    4.179
72832.0 74752.0 60062.3  0.0   7540032.0 2641522.3 15379136.0  889977.7  51200.0 51127.4     72    4.179   0      0.000    4.179
72832.0 74752.0 60062.3  0.0   7540032.0 3524769.2 15379136.0  889977.7  51200.0 51127.4     72    4.179   0      0.000    4.179
72832.0 74752.0 60062.3  0.0   7540032.0 3868091.9 15379136.0  889977.7  51200.0 51127.4     72    4.179   0      0.000    4.179
72832.0 74752.0 60062.3  0.0   7540032.0 4136540.8 15379136.0  889977.7  51200.0 51127.4     72    4.179   0      0.000    4.179
72832.0 74752.0 60062.3  0.0   7540032.0 4763427.2 15379136.0  889977.7  51200.0 51127.4     72    4.179   0      0.000    4.179
72832.0 74752.0 60062.3  0.0   7540032.0 5129393.9 15379136.0  889977.7  51200.0 51127.4     72    4.179   0      0.000    4.179
72832.0 74752.0 60062.3  0.0   7540032.0 5464602.5 15379136.0  889977.7  51200.0 51127.4     72    4.179   0      0.000    4.179
72832.0 74752.0 60062.3  0.0   7540032.0 6537340.6 15379136.0  889977.7  51200.0 51127.4     72    4.179   0      0.000    4.179
73664.0 74752.0  0.0   55448.8 7540032.0 372300.0 15379136.0  895221.1  51200.0 51127.4     73    4.193   0      0.000    4.193
73664.0 74752.0  0.0   55448.8 7540032.0 1626876.6 15379136.0  895221.1  51200.0 51127.4     73    4.193   0      0.000    4.193
73664.0 74752.0  0.0   55448.8 7540032.0 2860319.9 15379136.0  895221.1  51200.0 51127.9     73    4.193   0      0.000    4.193
73664.0 74752.0  0.0   55448.8 7540032.0 4446054.6 15379136.0  895221.1  51200.0 51127.9     73    4.193   0      0.000    4.193
73664.0 74752.0  0.0   55448.8 7540032.0 6094110.2 15379136.0  895221.1  51200.0 51128.7     73    4.193   0      0.000    4.193
73664.0 74176.0 37628.2  0.0   7541184.0 1134365.6 15379136.0  913506.9  51200.0 51128.7     74    4.255   0      0.000    4.255
73664.0 74176.0 37628.2  0.0   7541184.0 4384788.0 15379136.0  913506.9  51200.0 51128.7     74    4.255   0      0.000    4.255
73664.0 74176.0 37628.2  0.0   7541184.0 6878901.1 15379136.0  913506.9  51200.0 51128.7     74    4.255   0      0.000    4.255
73856.0 74176.0  0.0   39615.9 7541184.0 2368730.0 15379136.0  933681.8  51200.0 51128.7     75    4.299   0      0.000    4.299
73856.0 74176.0  0.0   39615.9 7541184.0 5364336.1 15379136.0  933681.8  51200.0 51128.7     75    4.299   0      0.000    4.299
73856.0 72064.0 46293.8  0.0   7543616.0 211943.0 15379136.0  942275.2  51200.0 51128.7     76    4.337   0      0.000    4.337
73856.0 72064.0 46293.8  0.0   7543616.0 2445326.4 15379136.0  942275.2  51200.0 51128.7     76    4.337   0      0.000    4.337
73856.0 72064.0 46293.8  0.0   7543616.0 5398961.0 15379136.0  942275.2  51200.0 51128.7     76    4.337   0      0.000    4.337
73216.0 72064.0  0.0   29763.8 7543616.0 644532.5 15379136.0  955507.9  51200.0 51128.7     77    4.369   0      0.000    4.369
73216.0 72064.0  0.0   29763.8 7543616.0 3811799.8 15379136.0  955507.9  51200.0 51128.7     77    4.369   0      0.000    4.369
73216.0 72064.0  0.0   29763.8 7543616.0 6721469.4 15379136.0  955507.9  51200.0 51129.3     77    4.369   0      0.000    4.369
73216.0 71296.0 44126.8  0.0   7545024.0 2087526.4 15379136.0  972090.3  51200.0 51129.3     78    4.458   0      0.000    4.458
73216.0 71296.0 44126.8  0.0   7545024.0 4389767.1 15379136.0  972090.3  51200.0 51130.4     78    4.458   0      0.000    4.458
73216.0 71296.0 44126.8  0.0   7545024.0 7028257.3 15379136.0  972090.3  51200.0 51130.4     78    4.458   0      0.000    4.458
70592.0 71296.0  0.0   37564.9 7545024.0 1488936.3 15379136.0  994131.8  51200.0 51130.4     79    4.558   0      0.000    4.558
70592.0 71296.0  0.0   37564.9 7545024.0 3606205.9 15379136.0  994131.8  51200.0 51130.4     79    4.558   0      0.000    4.558
70592.0 71296.0  0.0   37564.9 7545024.0 6015512.2 15379136.0  994131.8  51200.0 51130.4     79    4.558   0      0.000    4.558
70592.0 71296.0  0.0   37564.9 7545024.0 7351087.8 15379136.0  994131.8  51200.0 51130.6     79    4.558   0      0.000    4.558
70592.0 68992.0 48598.4  0.0   7549952.0 1754887.4 15379136.0 1005488.2  51200.0 51130.6     80    4.587   0      0.000    4.587
70592.0 68992.0 48598.4  0.0   7549952.0 2603368.8 15379136.0 1005488.2  51200.0 51130.6     80    4.587   0      0.000    4.587
70592.0 68992.0 48598.4  0.0   7549952.0 3938398.0 15379136.0 1005488.2  51200.0 51130.6     80    4.587   0      0.000    4.587
70592.0 68992.0 48598.4  0.0   7549952.0 5420606.4 15379136.0 1005488.2  51200.0 51130.6     80    4.587   0      0.000    4.587
67840.0 68992.0  0.0   40239.2 7549952.0 180098.9 15379136.0 1027144.2  51200.0 51130.6     81    4.646   0      0.000    4.646
67840.0 68992.0  0.0   40239.2 7549952.0 2169783.4 15379136.0 1027144.2  51200.0 51130.6     81    4.646   0      0.000    4.646
67840.0 68992.0  0.0   40239.2 7549952.0 3616764.6 15379136.0 1027144.2  51200.0 51130.6     81    4.646   0      0.000    4.646
67840.0 68992.0  0.0   40239.2 7549952.0 5547468.7 15379136.0 1027144.2  51200.0 51130.6     81    4.646   0      0.000    4.646
67840.0 66752.0 39534.3  0.0   7554944.0 355464.0 15379136.0 1041024.0  51200.0 51130.6     82    4.708   0      0.000    4.708
67840.0 66752.0 39534.3  0.0   7554944.0 2519001.6 15379136.0 1041024.0  51200.0 51131.1     82    4.708   0      0.000    4.708
67840.0 66752.0 39534.3  0.0   7554944.0 4289685.9 15379136.0 1041024.0  51200.0 51131.1     82    4.708   0      0.000    4.708
67840.0 66752.0 39534.3  0.0   7554944.0 5675245.9 15379136.0 1041024.0  51200.0 51131.1     82    4.708   0      0.000    4.708
67840.0 66752.0 39534.3  0.0   7554944.0 6573961.8 15379136.0 1041024.0  51200.0 51131.1     82    4.708   0      0.000    4.708
67840.0 66752.0 39534.3  0.0   7554944.0 7337982.3 15379136.0 1041024.0  51200.0 51131.1     82    4.708   0      0.000    4.708
65792.0 66752.0  0.0   38375.5 7554944.0 982537.9 15379136.0 1062704.2  51200.0 51131.1     83    4.732   0      0.000    4.732
65792.0 66752.0  0.0   38375.5 7554944.0 1822102.9 15379136.0 1062704.2  51200.0 51131.1     83    4.732   0      0.000    4.732
65792.0 66752.0  0.0   38375.5 7554944.0 3512730.3 15379136.0 1062704.2  51200.0 51131.4     83    4.732   0      0.000    4.732
65792.0 66752.0  0.0   38375.5 7554944.0 5011600.1 15379136.0 1062704.2  51200.0 51131.4     83    4.732   0      0.000    4.732
65792.0 66752.0  0.0   38375.5 7554944.0 5456465.2 15379136.0 1062704.2  51200.0 51132.9     83    4.732   0      0.000    4.732
65792.0 66752.0  0.0   38375.5 7554944.0 6229577.3 15379136.0 1062704.2  51200.0 51132.9     83    4.732   0      0.000    4.732
65792.0 65152.0 48653.8  0.0   7558592.0 352805.4 15379136.0 1071480.4  51200.0 51132.9     84    4.750   0      0.000    4.750
65792.0 65152.0 48653.8  0.0   7558592.0 1491556.6 15379136.0 1071480.4  51200.0 51132.9     84    4.750   0      0.000    4.750
65792.0 65152.0 48653.8  0.0   7558592.0 3625096.6 15379136.0 1071480.4  51200.0 51132.9     84    4.750   0      0.000    4.750
65792.0 65152.0 48653.8  0.0   7558592.0 5766402.0 15379136.0 1071480.4  51200.0 51132.9     84    4.750   0      0.000    4.750
65728.0 65152.0  0.0   29939.9 7558592.0 314832.5 15379136.0 1109917.4  51200.0 51132.9     85    4.784   0      0.000    4.784
65728.0 65152.0  0.0   29939.9 7558592.0 2125982.9 15379136.0 1109917.4  51200.0 51132.9     85    4.784   0      0.000    4.784
65728.0 65152.0  0.0   29939.9 7558592.0 3659131.4 15379136.0 1109917.4  51200.0 51132.9     85    4.784   0      0.000    4.784
65728.0 65152.0  0.0   29939.9 7558592.0 4861163.6 15379136.0 1109917.4  51200.0 51132.9     85    4.784   0      0.000    4.784
65728.0 65152.0  0.0   29939.9 7558592.0 5544929.2 15379136.0 1109917.4  51200.0 51132.9     85    4.784   0      0.000    4.784
65728.0 65152.0  0.0   29939.9 7558592.0 6706399.5 15379136.0 1109917.4  51200.0 51132.9     85    4.784   0      0.000    4.784
65728.0 67392.0 54043.5  0.0   7554752.0 199269.0 15379136.0 1118292.6  51200.0 51132.9     86    4.802   0      0.000    4.802
65728.0 67392.0 54043.5  0.0   7554752.0 849108.5 15379136.0 1118292.6  51200.0 51132.9     86    4.802   0      0.000    4.802
65728.0 67392.0 54043.5  0.0   7554752.0 1480455.9 15379136.0 1118292.6  51200.0 51132.9     86    4.802   0      0.000    4.802
65728.0 67392.0 54043.5  0.0   7554752.0 2034210.4 15379136.0 1118292.6  51200.0 51132.9     86    4.802   0      0.000    4.802
65728.0 67392.0 54043.5  0.0   7554752.0 2585051.0 15379136.0 1118292.6  51200.0 51132.9     86    4.802   0      0.000    4.802
65728.0 67392.0 54043.5  0.0   7554752.0 3132943.0 15379136.0 1118292.6  51200.0 51132.9     86    4.802   0      0.000    4.802
65728.0 67392.0 54043.5  0.0   7554752.0 3508186.1 15379136.0 1118292.6  51200.0 51132.9     86    4.802   0      0.000    4.802
65728.0 67392.0 54043.5  0.0   7554752.0 4191725.5 15379136.0 1118292.6  51200.0 51132.9     86    4.802   0      0.000    4.802
65728.0 67392.0 54043.5  0.0   7554752.0 4400057.2 15379136.0 1118292.6  51200.0 51132.9     86    4.802   0      0.000    4.802
65728.0 67392.0 54043.5  0.0   7554752.0 5327510.6 15379136.0 1118292.6  51200.0 51132.9     86    4.802   0      0.000    4.802
65728.0 67392.0 54043.5  0.0   7554752.0 5620508.9 15379136.0 1118292.6  51200.0 51132.9     86    4.802   0      0.000    4.802
65728.0 67392.0 54043.5  0.0   7554752.0 7124726.2 15379136.0 1118292.6  51200.0 51132.9     86    4.802   0      0.000    4.802
70592.0 59392.0  0.0   59353.6 7554752.0 983057.6 15379136.0 1121417.3  51200.0 51132.9     87    4.829   0      0.000    4.829
70592.0 59392.0  0.0   59353.6 7554752.0 2594749.0 15379136.0 1121417.3  51200.0 51132.9     87    4.829   0      0.000    4.829
70592.0 59392.0  0.0   59353.6 7554752.0 3606834.4 15379136.0 1121417.3  51200.0 51132.9     87    4.829   0      0.000    4.829
70592.0 59392.0  0.0   59353.6 7554752.0 5393362.0 15379136.0 1121417.3  51200.0 51132.9     87    4.829   0      0.000    4.829
70592.0 69632.0 37068.6  0.0   7549312.0 541613.1 15379136.0 1149508.5  51200.0 51132.9     88    4.928   0      0.000    4.928
70592.0 69632.0 37068.6  0.0   7549312.0 1905270.3 15379136.0 1149508.5  51200.0 51132.9     88    4.928   0      0.000    4.928
70592.0 69632.0 37068.6  0.0   7549312.0 2983963.1 15379136.0 1149508.5  51200.0 51132.9     88    4.928   0      0.000    4.928
70592.0 69632.0 37068.6  0.0   7549312.0 3825292.5 15379136.0 1149508.5  51200.0 51132.9     88    4.928   0      0.000    4.928
70592.0 69632.0 37068.6  0.0   7549312.0 4908781.9 15379136.0 1149508.5  51200.0 51132.9     88    4.928   0      0.000    4.928
70592.0 69632.0 37068.6  0.0   7549312.0 5761517.9 15379136.0 1149508.5  51200.0 51132.9     88    4.928   0      0.000    4.928
70592.0 69632.0 37068.6  0.0   7549312.0 6504898.2 15379136.0 1149508.5  51200.0 51132.9     88    4.928   0      0.000    4.928
70592.0 69632.0 37068.6  0.0   7549312.0 7244375.1 15379136.0 1149508.5  51200.0 51132.9     88    4.928   0      0.000    4.928
72000.0 58112.0  0.0   58061.6 7549312.0 354672.1 15379136.0 1156848.0  51200.0 51132.9     89    4.982   0      0.000    4.982
72000.0 58112.0  0.0   58061.6 7549312.0 1217136.1 15379136.0 1156848.0  51200.0 51132.9     89    4.982   0      0.000    4.982
72000.0 58112.0  0.0   58061.6 7549312.0 1958199.6 15379136.0 1156848.0  51200.0 51132.9     89    4.982   0      0.000    4.982
72000.0 58112.0  0.0   58061.6 7549312.0 2518536.3 15379136.0 1156848.0  51200.0 51132.9     89    4.982   0      0.000    4.982
72000.0 58112.0  0.0   58061.6 7549312.0 3799224.3 15379136.0 1156848.0  51200.0 51133.6     89    4.982   0      0.000    4.982
72000.0 58112.0  0.0   58061.6 7549312.0 5326047.6 15379136.0 1156848.0  51200.0 51133.6     89    4.982   0      0.000    4.982
72000.0 58112.0  0.0   58061.6 7549312.0 5894511.4 15379136.0 1156848.0  51200.0 51133.6     89    4.982   0      0.000    4.982
72000.0 58112.0  0.0   58061.6 7549312.0 6793426.6 15379136.0 1156848.0  51200.0 51133.6     89    4.982   0      0.000    4.982
72000.0 76096.0 64518.8  0.0   7537344.0  4163.2  15379136.0 1159755.6  51200.0 51133.6     90    4.999   0      0.000    4.999
72000.0 76096.0 64518.8  0.0   7537344.0 1072330.1 15379136.0 1159755.6  51200.0 51133.6     90    4.999   0      0.000    4.999
72000.0 76096.0 64518.8  0.0   7537344.0 1644525.6 15379136.0 1159755.6  51200.0 51133.6     90    4.999   0      0.000    4.999
72000.0 76096.0 64518.8  0.0   7537344.0 2517684.4 15379136.0 1159755.6  51200.0 51133.9     90    4.999   0      0.000    4.999
72000.0 76096.0 64518.8  0.0   7537344.0 3677461.6 15379136.0 1159755.6  51200.0 51133.9     90    4.999   0      0.000    4.999
72000.0 76096.0 64518.8  0.0   7537344.0 4560830.7 15379136.0 1159755.6  51200.0 51133.9     90    4.999   0      0.000    4.999
72000.0 76096.0 64518.8  0.0   7537344.0 5704383.5 15379136.0 1159755.6  51200.0 51133.9     90    4.999   0      0.000    4.999
72000.0 76096.0 64518.8  0.0   7537344.0 6462378.2 15379136.0 1159755.6  51200.0 51133.9     90    4.999   0      0.000    4.999
75328.0 76096.0  0.0   53542.9 7537344.0 983233.3 15379136.0 1174272.5  51200.0 51134.4     91    5.040   0      0.000    5.040
75328.0 76096.0  0.0   53542.9 7537344.0 2647089.8 15379136.0 1174272.5  51200.0 51134.4     91    5.040   0      0.000    5.040
75328.0 76096.0  0.0   53542.9 7537344.0 3638135.8 15379136.0 1174272.5  51200.0 51135.5     91    5.040   0      0.000    5.040
75328.0 76096.0  0.0   53542.9 7537344.0 4844706.5 15379136.0 1174272.5  51200.0 51135.5     91    5.040   0      0.000    5.040
75328.0 76096.0  0.0   53542.9 7537344.0 6164631.7 15379136.0 1174272.5  51200.0 51135.5     91    5.040   0      0.000    5.040
75328.0 76096.0  0.0   53542.9 7537344.0 7038829.6 15379136.0 1174272.5  51200.0 51135.5     91    5.040   0      0.000    5.040
75328.0 74432.0 53665.2  0.0   7539776.0 1104410.9 15379136.0 1189682.0  51200.0 51135.5     92    5.064   0      0.000    5.064
75328.0 74432.0 53665.2  0.0   7539776.0 2612333.9 15379136.0 1189682.0  51200.0 51135.5     92    5.064   0      0.000    5.064
75328.0 74432.0 53665.2  0.0   7539776.0 6648966.2 15379136.0 1189682.0  51200.0 51136.8     92    5.064   0      0.000    5.064
73088.0 74432.0  0.0   52322.4 7539776.0 764918.7 15379136.0 1202966.9  51200.0 51136.8     93    5.104   0      0.000    5.104
73088.0 74432.0  0.0   52322.4 7539776.0 1749706.4 15379136.0 1202966.9  51200.0 51136.8     93    5.104   0      0.000    5.104
73088.0 74432.0  0.0   52322.4 7539776.0 3142555.3 15379136.0 1202966.9  51200.0 51136.8     93    5.104   0      0.000    5.104
73088.0 74432.0  0.0   52322.4 7539776.0 4813900.4 15379136.0 1202966.9  51200.0 51136.8     93    5.104   0      0.000    5.104
73088.0 74432.0  0.0   52322.4 7539776.0 5925357.8 15379136.0 1202966.9  51200.0 51136.8     93    5.104   0      0.000    5.104
73088.0 71040.0 50367.2  0.0   7545408.0   0.0    15379136.0 1216216.5  51200.0 51137.8     94    5.152   0      0.000    5.152
73088.0 71040.0 50367.2  0.0   7545408.0 1447191.2 15379136.0 1216216.5  51200.0 51137.8     94    5.152   0      0.000    5.152
73088.0 71040.0 50367.2  0.0   7545408.0 2606813.1 15379136.0 1216216.5  51200.0 51137.8     94    5.152   0      0.000    5.152
73088.0 71040.0 50367.2  0.0   7545408.0 3504999.0 15379136.0 1216216.5  51200.0 51137.8     94    5.152   0      0.000    5.152
73088.0 71040.0 50367.2  0.0   7545408.0 4771105.9 15379136.0 1216216.5  51200.0 51137.8     94    5.152   0      0.000    5.152
73088.0 71040.0 50367.2  0.0   7545408.0 5740024.6 15379136.0 1216216.5  51200.0 51138.3     94    5.152   0      0.000    5.152
73088.0 71040.0 50367.2  0.0   7545408.0 7495451.5 15379136.0 1216216.5  51200.0 51138.3     94    5.152   0      0.000    5.152
69952.0 71040.0  0.0   43438.0 7545408.0 1852237.7 15379136.0 1231981.7  51200.0 51138.3     95    5.236   0      0.000    5.236
69952.0 71040.0  0.0   43438.0 7545408.0 2636383.0 15379136.0 1231981.7  51200.0 51138.3     95    5.236   0      0.000    5.236
69952.0 71040.0  0.0   43438.0 7545408.0 3781102.5 15379136.0 1231981.7  51200.0 51138.3     95    5.236   0      0.000    5.236
69952.0 71040.0  0.0   43438.0 7545408.0 5257710.1 15379136.0 1231981.7  51200.0 51138.3     95    5.236   0      0.000    5.236
69952.0 71040.0  0.0   43438.0 7545408.0 6153086.9 15379136.0 1231981.7  51200.0 51138.3     95    5.236   0      0.000    5.236
69952.0 71040.0  0.0   43438.0 7545408.0 7200634.0 15379136.0 1231981.7  51200.0 51138.3     95    5.236   0      0.000    5.236
69952.0 67904.0 49176.1  0.0   7551680.0 669575.6 15379136.0 1244998.4  51200.0 51138.3     96    5.344   0      0.000    5.344
69952.0 67904.0 49176.1  0.0   7551680.0 2276691.9 15379136.0 1244998.4  51200.0 51138.3     96    5.344   0      0.000    5.344
69952.0 67904.0 49176.1  0.0   7551680.0 3866412.3 15379136.0 1244998.4  51200.0 51138.3     96    5.344   0      0.000    5.344
69952.0 67904.0 49176.1  0.0   7551680.0 5902901.0 15379136.0 1244998.4  51200.0 51138.3     96    5.344   0      0.000    5.344
68352.0 67904.0  0.0   35428.5 7551680.0 389320.6 15379136.0 1262693.4  51200.0 51138.3     97    5.410   0      0.000    5.410
68352.0 67904.0  0.0   35428.5 7551680.0 1565895.8 15379136.0 1262693.4  51200.0 51140.0     97    5.410   0      0.000    5.410
68352.0 67904.0  0.0   35428.5 7551680.0 3217295.7 15379136.0 1262693.4  51200.0 51140.0     97    5.410   0      0.000    5.410
68352.0 67904.0  0.0   35428.5 7551680.0 4659490.6 15379136.0 1262693.4  51200.0 51141.5     97    5.410   0      0.000    5.410
68352.0 67904.0  0.0   35428.5 7551680.0 6544002.0 15379136.0 1262693.4  51200.0 51141.5     97    5.410   0      0.000    5.410
68352.0 67904.0  0.0   35428.5 7551680.0 7407069.8 15379136.0 1262693.4  51200.0 51141.5     97    5.410   0      0.000    5.410
68352.0 69376.0 56059.4  0.0   7550784.0 1311460.1 15379136.0 1271704.5  51200.0 51141.5     98    5.481   0      0.000    5.481
68352.0 69376.0 56059.4  0.0   7550784.0 2041123.3 15379136.0 1271704.5  51200.0 51141.5     98    5.481   0      0.000    5.481
68352.0 69376.0 56059.4  0.0   7550784.0 3731394.6 15379136.0 1271704.5  51200.0 51141.5     98    5.481   0      0.000    5.481
68352.0 69376.0 56059.4  0.0   7550784.0 4524274.1 15379136.0 1271704.5  51200.0 51141.5     98    5.481   0      0.000    5.481
68352.0 69376.0 56059.4  0.0   7550784.0 5443670.9 15379136.0 1271704.5  51200.0 51141.5     98    5.481   0      0.000    5.481
68352.0 69376.0 56059.4  0.0   7550784.0 6095265.4 15379136.0 1271704.5  51200.0 51141.5     98    5.481   0      0.000    5.481
68352.0 69376.0 56059.4  0.0   7550784.0 7479359.9 15379136.0 1271704.5  51200.0 51141.7     98    5.481   0      0.000    5.481
71232.0 59136.0  0.0   59100.4 7550784.0 1099257.7 15379136.0 1280536.3  51200.0 51141.7     99    5.537   0      0.000    5.537
71232.0 59136.0  0.0   59100.4 7550784.0 2031960.7 15379136.0 1280536.3  51200.0 51141.7     99    5.537   0      0.000    5.537
71232.0 59136.0  0.0   59100.4 7550784.0 2888259.3 15379136.0 1280536.3  51200.0 51141.7     99    5.537   0      0.000    5.537
71232.0 59136.0  0.0   59100.4 7550784.0 3893634.5 15379136.0 1280536.3  51200.0 51141.7     99    5.537   0      0.000    5.537
71232.0 59136.0  0.0   59100.4 7550784.0 4876913.4 15379136.0 1280536.3  51200.0 51141.7     99    5.537   0      0.000    5.537
71232.0 59136.0  0.0   59100.4 7550784.0 5819370.7 15379136.0 1280536.3  51200.0 51141.7     99    5.537   0      0.000    5.537
71232.0 59136.0  0.0   59100.4 7550784.0 6984871.5 15379136.0 1280536.3  51200.0 51141.7     99    5.537   0      0.000    5.537
71232.0 69888.0 44588.9  0.0   7548416.0 1950330.1 15379136.0 1291861.3  51200.0 51141.7    100    5.604   0      0.000    5.604
71232.0 69888.0 44588.9  0.0   7548416.0 3215557.1 15379136.0 1291861.3  51200.0 51141.7    100    5.604   0      0.000    5.604
71232.0 69888.0 44588.9  0.0   7548416.0 4345724.4 15379136.0 1291861.3  51200.0 51141.7    100    5.604   0      0.000    5.604
71232.0 69888.0 44588.9  0.0   7548416.0 5278890.0 15379136.0 1291861.3  51200.0 51141.7    100    5.604   0      0.000    5.604
71232.0 69888.0 44588.9  0.0   7548416.0 6890167.8 15379136.0 1291861.3  51200.0 51141.7    100    5.604   0      0.000    5.604
69248.0 69888.0  0.0   52936.6 7548416.0 391999.6 15379136.0 1309291.5  51200.0 51142.3    101    5.698   0      0.000    5.698
69248.0 69888.0  0.0   52936.6 7548416.0 1123745.7 15379136.0 1309291.5  51200.0 51142.3    101    5.698   0      0.000    5.698
69248.0 69888.0  0.0   52936.6 7548416.0 1458832.2 15379136.0 1309291.5  51200.0 51142.3    101    5.698   0      0.000    5.698
69248.0 69888.0  0.0   52936.6 7548416.0 2118029.8 15379136.0 1309291.5  51200.0 51142.3    101    5.698   0      0.000    5.698
69248.0 69888.0  0.0   52936.6 7548416.0 2673722.2 15379136.0 1309291.5  51200.0 51142.3    101    5.698   0      0.000    5.698
69248.0 69888.0  0.0   52936.6 7548416.0 3922698.6 15379136.0 1309291.5  51200.0 51142.3    101    5.698   0      0.000    5.698
69248.0 69888.0  0.0   52936.6 7548416.0 4610009.8 15379136.0 1309291.5  51200.0 51142.3    101    5.698   0      0.000    5.698
69248.0 69888.0  0.0   52936.6 7548416.0 5450252.4 15379136.0 1309291.5  51200.0 51142.3    101    5.698   0      0.000    5.698
69248.0 69888.0  0.0   52936.6 7548416.0 5956800.7 15379136.0 1309291.5  51200.0 51142.3    101    5.698   0      0.000    5.698
69248.0 69888.0  0.0   52936.6 7548416.0 7246344.0 15379136.0 1309291.5  51200.0 51142.3    101    5.698   0      0.000    5.698
69248.0 68160.0 51822.5  0.0   7552128.0 1024354.3 15379136.0 1314594.4  51200.0 51142.3    102    5.773   0      0.000    5.773
69248.0 68160.0 51822.5  0.0   7552128.0 2383716.4 15379136.0 1314594.4  51200.0 51142.3    102    5.773   0      0.000    5.773
69248.0 68160.0 51822.5  0.0   7552128.0 3463405.2 15379136.0 1314594.4  51200.0 51142.3    102    5.773   0      0.000    5.773
69248.0 68160.0 51822.5  0.0   7552128.0 4768688.4 15379136.0 1314594.4  51200.0 51142.3    102    5.773   0      0.000    5.773
69248.0 68160.0 51822.5  0.0   7552128.0 5927689.4 15379136.0 1314594.4  51200.0 51142.3    102    5.773   0      0.000    5.773
69248.0 68160.0 51822.5  0.0   7552128.0 6774949.0 15379136.0 1314594.4  51200.0 51142.3    102    5.773   0      0.000    5.773
69248.0 68160.0 51822.5  0.0   7552128.0 7524147.8 15379136.0 1314594.4  51200.0 51142.3    102    5.773   0      0.000    5.773
68544.0 68160.0  0.0   55775.2 7552128.0 467716.8 15379136.0 1325694.1  51200.0 51142.3    103    5.887   0      0.000    5.887
68544.0 68160.0  0.0   55775.2 7552128.0 1433978.9 15379136.0 1325694.1  51200.0 51142.3    103    5.887   0      0.000    5.887
68544.0 68160.0  0.0   55775.2 7552128.0 1828875.8 15379136.0 1325694.1  51200.0 51142.3    103    5.887   0      0.000    5.887
68544.0 68160.0  0.0   55775.2 7552128.0 2381894.0 15379136.0 1325694.1  51200.0 51142.3    103    5.887   0      0.000    5.887
68544.0 68160.0  0.0   55775.2 7552128.0 3499078.1 15379136.0 1325694.1  51200.0 51142.3    103    5.887   0      0.000    5.887
68544.0 68160.0  0.0   55775.2 7552128.0 4343691.8 15379136.0 1325694.1  51200.0 51142.3    103    5.887   0      0.000    5.887
68544.0 68160.0  0.0   55775.2 7552128.0 4930727.2 15379136.0 1325694.1  51200.0 51142.3    103    5.887   0      0.000    5.887
68544.0 68160.0  0.0   55775.2 7552128.0 5345694.4 15379136.0 1325694.1  51200.0 51142.3    103    5.887   0      0.000    5.887
68544.0 68160.0  0.0   55775.2 7552128.0 5607171.0 15379136.0 1325694.1  51200.0 51142.3    103    5.887   0      0.000    5.887
68544.0 68160.0  0.0   55775.2 7552128.0 5893632.9 15379136.0 1325694.1  51200.0 51142.3    103    5.887   0      0.000    5.887
68544.0 68160.0  0.0   55775.2 7552128.0 6143705.4 15379136.0 1325694.1  51200.0 51142.3    103    5.887   0      0.000    5.887
68544.0 68160.0  0.0   55775.2 7552128.0 6304307.1 15379136.0 1325694.1  51200.0 51142.3    103    5.887   0      0.000    5.887
68544.0 68160.0  0.0   55775.2 7552128.0 6408102.0 15379136.0 1325694.1  51200.0 51142.3    103    5.887   0      0.000    5.887
68544.0 68160.0  0.0   55775.2 7552128.0 6521757.5 15379136.0 1325694.1  51200.0 51142.3    103    5.887   0      0.000    5.887
68544.0 68160.0  0.0   55775.2 7552128.0 6628700.8 15379136.0 1325694.1  51200.0 51142.3    103    5.887   0      0.000    5.887
68544.0 68160.0  0.0   55775.2 7552128.0 7021325.6 15379136.0 1325694.1  51200.0 51142.3    103    5.887   0      0.000    5.887
68544.0 68160.0  0.0   55775.2 7552128.0 7360493.3 15379136.0 1325694.1  51200.0 51142.3    103    5.887   0      0.000    5.887
68544.0 68864.0 37567.1  0.0   7551808.0 327915.7 15379136.0 1328252.5  51200.0 51142.3    104    5.904   0      0.000    5.904
68544.0 68864.0 37567.1  0.0   7551808.0 726676.7 15379136.0 1328252.5  51200.0 51142.3    104    5.904   0      0.000    5.904
68544.0 68864.0 37567.1  0.0   7551808.0 1198834.3 15379136.0 1328252.5  51200.0 51142.3    104    5.904   0      0.000    5.904
68544.0 68864.0 37567.1  0.0   7551808.0 1705179.2 15379136.0 1328252.5  51200.0 51142.3    104    5.904   0      0.000    5.904
68544.0 68864.0 37567.1  0.0   7551808.0 2289963.0 15379136.0 1328252.5  51200.0 51142.3    104    5.904   0      0.000    5.904
68544.0 68864.0 37567.1  0.0   7551808.0 2814604.8 15379136.0 1328252.5  51200.0 51142.3    104    5.904   0      0.000    5.904
68544.0 68864.0 37567.1  0.0   7551808.0 3307454.1 15379136.0 1328252.5  51200.0 51142.3    104    5.904   0      0.000    5.904
68544.0 68864.0 37567.1  0.0   7551808.0 3831620.1 15379136.0 1328252.5  51200.0 51142.3    104    5.904   0      0.000    5.904
68544.0 68864.0 37567.1  0.0   7551808.0 4414976.1 15379136.0 1328252.5  51200.0 51142.3    104    5.904   0      0.000    5.904
68544.0 68864.0 37567.1  0.0   7551808.0 5696454.4 15379136.0 1328252.5  51200.0 51142.3    104    5.904   0      0.000    5.904
68544.0 68864.0 37567.1  0.0   7551808.0 6108318.4 15379136.0 1328252.5  51200.0 51142.3    104    5.904   0      0.000    5.904
68544.0 68864.0 37567.1  0.0   7551808.0 6170439.4 15379136.0 1328252.5  51200.0 51142.3    104    5.904   0      0.000    5.904
68544.0 68864.0 37567.1  0.0   7551808.0 6208245.4 15379136.0 1328252.5  51200.0 51142.3    104    5.904   0      0.000    5.904
68544.0 68864.0 37567.1  0.0   7551808.0 6246337.0 15379136.0 1328252.5  51200.0 51142.3    104    5.904   0      0.000    5.904
68544.0 68864.0 37567.1  0.0   7551808.0 6276480.0 15379136.0 1328252.5  51200.0 51142.3    104    5.904   0      0.000    5.904
68544.0 68864.0 37567.1  0.0   7551808.0 6314895.8 15379136.0 1328252.5  51200.0 51142.3    104    5.904   0      0.000    5.904
68544.0 68864.0 37567.1  0.0   7551808.0 6370024.7 15379136.0 1328252.5  51200.0 51142.3    104    5.904   0      0.000    5.904
68544.0 68864.0 37567.1  0.0   7551808.0 6432474.0 15379136.0 1328252.5  51200.0 51142.3    104    5.904   0      0.000    5.904
68544.0 68864.0 37567.1  0.0   7551808.0 6475235.8 15379136.0 1328252.5  51200.0 51142.3    104    5.904   0      0.000    5.904
68544.0 68864.0 37567.1  0.0   7551808.0 6517237.9 15379136.0 1328252.5  51200.0 51142.3    104    5.904   0      0.000    5.904
68544.0 68864.0 37567.1  0.0   7551808.0 6564636.7 15379136.0 1328252.5  51200.0 51142.3    104    5.904   0      0.000    5.904
68544.0 68864.0 37567.1  0.0   7551808.0 6610945.9 15379136.0 1328252.5  51200.0 51142.3    104    5.904   0      0.000    5.904
68544.0 68864.0 37567.1  0.0   7551808.0 6640592.4 15379136.0 1328252.5  51200.0 51142.3    104    5.904   0      0.000    5.904
68544.0 68864.0 37567.1  0.0   7551808.0 6674238.4 15379136.0 1328252.5  51200.0 51142.3    104    5.904   0      0.000    5.904
68544.0 68864.0 37567.1  0.0   7551808.0 6711365.3 15379136.0 1328252.5  51200.0 51142.3    104    5.904   0      0.000    5.904
68544.0 68864.0 37567.1  0.0   7551808.0 6753391.3 15379136.0 1328252.5  51200.0 51142.3    104    5.904   0      0.000    5.904
68544.0 68864.0 37567.1  0.0   7551808.0 6795787.7 15379136.0 1328252.5  51200.0 51142.3    104    5.904   0      0.000    5.904
68544.0 68864.0 37567.1  0.0   7551808.0 6833887.9 15379136.0 1328252.5  51200.0 51142.3    104    5.904   0      0.000    5.904
68544.0 68864.0 37567.1  0.0   7551808.0 6876345.7 15379136.0 1328252.5  51200.0 51142.3    104    5.904   0      0.000    5.904
68544.0 68864.0 37567.1  0.0   7551808.0 6918531.4 15379136.0 1328252.5  51200.0 51142.3    104    5.904   0      0.000    5.904
68544.0 68864.0 37567.1  0.0   7551808.0 6965500.6 15379136.0 1328252.5  51200.0 51142.3    104    5.904   0      0.000    5.904
68544.0 68864.0 37567.1  0.0   7551808.0 7020512.4 15379136.0 1328252.5  51200.0 51142.3    104    5.904   0      0.000    5.904
68544.0 68864.0 37567.1  0.0   7551808.0 7062649.8 15379136.0 1328252.5  51200.0 51142.3    104    5.904   0      0.000    5.904
68544.0 68864.0 37567.1  0.0   7551808.0 7105693.2 15379136.0 1328252.5  51200.0 51142.3    104    5.904   0      0.000    5.904
68544.0 68864.0 37567.1  0.0   7551808.0 7160680.1 15379136.0 1328252.5  51200.0 51142.3    104    5.904   0      0.000    5.904
68544.0 68864.0 37567.1  0.0   7551808.0 7206911.0 15379136.0 1328252.5  51200.0 51142.3    104    5.904   0      0.000    5.904
68544.0 68864.0 37567.1  0.0   7551808.0 7253375.1 15379136.0 1328252.5  51200.0 51142.3    104    5.904   0      0.000    5.904
68544.0 68864.0 37567.1  0.0   7551808.0 7308601.1 15379136.0 1328252.5  51200.0 51142.3    104    5.904   0      0.000    5.904
68544.0 68864.0 37567.1  0.0   7551808.0 7342948.4 15379136.0 1328252.5  51200.0 51142.3    104    5.904   0      0.000    5.904
68544.0 68864.0 37567.1  0.0   7551808.0 7381202.2 15379136.0 1328252.5  51200.0 51142.3    104    5.904   0      0.000    5.904
68544.0 68864.0 37567.1  0.0   7551808.0 7419111.8 15379136.0 1328252.5  51200.0 51142.3    104    5.904   0      0.000    5.904
68544.0 68864.0 37567.1  0.0   7551808.0 7461304.6 15379136.0 1328252.5  51200.0 51142.3    104    5.904   0      0.000    5.904
68544.0 68864.0 37567.1  0.0   7551808.0 7491186.0 15379136.0 1328252.5  51200.0 51142.3    104    5.904   0      0.000    5.904
68544.0 68864.0 37567.1  0.0   7551808.0 7533686.6 15379136.0 1328252.5  51200.0 51142.3    104    5.904   0      0.000    5.904
73344.0 11264.0  0.0   11256.1 7551808.0 18696.9  15379136.0 1328530.2  51200.0 51142.3    105    5.956   0      0.000    5.956
73344.0 11264.0  0.0   11256.1 7551808.0 225886.0 15379136.0 1328530.2  51200.0 51142.3    105    5.956   0      0.000    5.956
73344.0 11264.0  0.0   11256.1 7551808.0 272799.6 15379136.0 1328530.2  51200.0 51142.3    105    5.956   0      0.000    5.956
73344.0 11264.0  0.0   11256.1 7551808.0 329219.6 15379136.0 1328530.2  51200.0 51142.3    105    5.956   0      0.000    5.956
73344.0 11264.0  0.0   11256.1 7551808.0 385726.1 15379136.0 1328530.2  51200.0 51142.3    105    5.956   0      0.000    5.956
73344.0 11264.0  0.0   11256.1 7551808.0 432653.4 15379136.0 1328530.2  51200.0 51142.3    105    5.956   0      0.000    5.956
73344.0 11264.0  0.0   11256.1 7551808.0 498507.3 15379136.0 1328530.2  51200.0 51142.3    105    5.956   0      0.000    5.956
73344.0 11264.0  0.0   11256.1 7551808.0 564444.2 15379136.0 1328530.2  51200.0 51142.3    105    5.956   0      0.000    5.956
73344.0 11264.0  0.0   11256.1 7551808.0 625525.3 15379136.0 1328530.2  51200.0 51142.3    105    5.956   0      0.000    5.956
73344.0 11264.0  0.0   11256.1 7551808.0 710068.1 15379136.0 1328530.2  51200.0 51142.3    105    5.956   0      0.000    5.956
73344.0 11264.0  0.0   11256.1 7551808.0 766520.6 15379136.0 1328530.2  51200.0 51142.3    105    5.956   0      0.000    5.956
73344.0 11264.0  0.0   11256.1 7551808.0 832331.0 15379136.0 1328530.2  51200.0 51142.3    105    5.956   0      0.000    5.956
73344.0 11264.0  0.0   11256.1 7551808.0 888887.9 15379136.0 1328530.2  51200.0 51142.3    105    5.956   0      0.000    5.956
73344.0 11264.0  0.0   11256.1 7551808.0 940401.5 15379136.0 1328530.2  51200.0 51142.3    105    5.956   0      0.000    5.956
73344.0 11264.0  0.0   11256.1 7551808.0 1005909.9 15379136.0 1328530.2  51200.0 51142.3    105    5.956   0      0.000    5.956
73344.0 11264.0  0.0   11256.1 7551808.0 1071407.7 15379136.0 1328530.2  51200.0 51142.3    105    5.956   0      0.000    5.956
73344.0 11264.0  0.0   11256.1 7551808.0 1118293.7 15379136.0 1328530.2  51200.0 51142.3    105    5.956   0      0.000    5.956
73344.0 11264.0  0.0   11256.1 7551808.0 1165113.0 15379136.0 1328530.2  51200.0 51142.3    105    5.956   0      0.000    5.956
73344.0 11264.0  0.0   11256.1 7551808.0 1221335.5 15379136.0 1328530.2  51200.0 51142.3    105    5.956   0      0.000    5.956
73344.0 11264.0  0.0   11256.1 7551808.0 1258863.6 15379136.0 1328530.2  51200.0 51142.3    105    5.956   0      0.000    5.956
73344.0 11264.0  0.0   11256.1 7551808.0 1287051.0 15379136.0 1328530.2  51200.0 51142.3    105    5.956   0      0.000    5.956
73344.0 11264.0  0.0   11256.1 7551808.0 1324554.1 15379136.0 1328530.2  51200.0 51142.3    105    5.956   0      0.000    5.956
73344.0 11264.0  0.0   11256.1 7551808.0 1389938.1 15379136.0 1328530.2  51200.0 51142.3    105    5.956   0      0.000    5.956
73344.0 11264.0  0.0   11256.1 7551808.0 1460152.2 15379136.0 1328530.2  51200.0 51142.3    105    5.956   0      0.000    5.956
73344.0 11264.0  0.0   11256.1 7551808.0 1544431.6 15379136.0 1328530.2  51200.0 51142.3    105    5.956   0      0.000    5.956
73344.0 11264.0  0.0   11256.1 7551808.0 1628618.6 15379136.0 1328530.2  51200.0 51142.3    105    5.956   0      0.000    5.956
73344.0 11264.0  0.0   11256.1 7551808.0 1703785.2 15379136.0 1328530.2  51200.0 51142.3    105    5.956   0      0.000    5.956
73344.0 11264.0  0.0   11256.1 7551808.0 1709266.7 15379136.0 1328530.2  51200.0 51142.3    105    5.956   0      0.000    5.956
73344.0 11264.0  0.0   11256.1 7551808.0 1709286.7 15379136.0 1328530.2  51200.0 51142.3    105    5.956   0      0.000    5.956
73344.0 11264.0  0.0   11256.1 7551808.0 1709328.3 15379136.0 1328530.2  51200.0 51142.3    105    5.956   0      0.000    5.956
73344.0 11264.0  0.0   11256.1 7551808.0 1709353.3 15379136.0 1328530.2  51200.0 51142.3    105    5.956   0      0.000    5.956
73344.0 11264.0  0.0   11256.1 7551808.0 1709373.3 15379136.0 1328530.2  51200.0 51142.7    105    5.956   0      0.000    5.956
73344.0 11264.0  0.0   11256.1 7551808.0 1709392.3 15379136.0 1328530.2  51200.0 51142.7    105    5.956   0      0.000    5.956
73344.0 11264.0  0.0   11256.1 7551808.0 1709409.2 15379136.0 1328530.2  51200.0 51142.7    105    5.956   0      0.000    5.956
73344.0 11264.0  0.0   11256.1 7551808.0 1709453.1 15379136.0 1328530.2  51200.0 51142.7    105    5.956   0      0.000    5.956
73344.0 11264.0  0.0   11256.1 7551808.0 1709475.0 15379136.0 1328530.2  51200.0 51142.8    105    5.956   0      0.000    5.956
73344.0 11264.0  0.0   11256.1 7551808.0 1709498.2 15379136.0 1328530.2  51200.0 51142.8    105    5.956   0      0.000    5.956
73344.0 11264.0  0.0   11256.1 7551808.0 1709515.1 15379136.0 1328530.2  51200.0 51142.8    105    5.956   0      0.000    5.956
73344.0 11264.0  0.0   11256.1 7551808.0 1709534.1 15379136.0 1328530.2  51200.0 51142.8    105    5.956   0      0.000    5.956
73344.0 11264.0  0.0   11256.1 7551808.0 1709584.2 15379136.0 1328530.2  51200.0 51142.8    105    5.956   0      0.000    5.956
73344.0 11264.0  0.0   11256.1 7551808.0 1709603.0 15379136.0 1328530.2  51200.0 51142.8    105    5.956   0      0.000    5.956
73344.0 11264.0  0.0   11256.1 7551808.0 1709623.1 15379136.0 1328530.2  51200.0 51142.8    105    5.956   0      0.000    5.956
73344.0 11264.0  0.0   11256.1 7551808.0 1709643.0 15379136.0 1328530.2  51200.0 51142.8    105    5.956   0      0.000    5.956
73344.0 11264.0  0.0   11256.1 7551808.0 1709660.0 15379136.0 1328530.2  51200.0 51142.8    105    5.956   0      0.000    5.956
73344.0 11264.0  0.0   11256.1 7551808.0 1709708.1 15379136.0 1328530.2  51200.0 51142.8    105    5.956   0      0.000    5.956
