 S0C    S1C    S0U    S1U      EC       EU        OC         OU       PC     PU    YGC     YGCT    FGC    FGCT     GCT   
961152.0 961152.0  0.0    0.0   5767232.0 115344.7 15379136.0    0.0     21248.0 2774.6      0    0.000   0      0.000    0.000
961152.0 961152.0  0.0    0.0   5767232.0 230689.4 15379136.0    0.0     21248.0 13271.1      0    0.000   0      0.000    0.000
961152.0 961152.0  0.0    0.0   5767232.0 692197.6 15379136.0    0.0     22016.0 21653.6      0    0.000   0      0.000    0.000
961152.0 961152.0  0.0    0.0   5767232.0 3691419.6 15379136.0    0.0     33920.0 33867.2      0    0.000   0      0.000    0.000
961152.0 961152.0  0.0    0.0   5767232.0 3691419.6 15379136.0    0.0     33920.0 33867.2      0    0.000   0      0.000    0.000
961152.0 961152.0  0.0    0.0   5767232.0 5306597.3 15379136.0    0.0     39104.0 39008.5      0    0.000   0      0.000    0.000
961152.0 961152.0  0.0   107095.2 5767232.0 2455397.0 15379136.0    0.0     50048.0 49944.2      1    0.089   0      0.000    0.089
961152.0 961152.0 89413.7  0.0   5767232.0   0.0    15379136.0    0.0     50240.0 50056.1      2    0.180   0      0.000    0.180
961152.0 961152.0 89413.7  0.0   5767232.0 3584376.5 15379136.0    0.0     50240.0 50181.2      2    0.180   0      0.000    0.180
961152.0 961152.0  0.0   100064.8 5767232.0 1273468.3 15379136.0    0.0     50240.0 50193.4      3    0.213   0      0.000    0.213
961152.0 961152.0  0.0   100064.8 5767232.0 4442351.5 15379136.0    0.0     50240.0 50213.0      3    0.213   0      0.000    0.213
961152.0 961152.0 109322.9  0.0   5767232.0 2722973.4 15379136.0    0.0     50432.0 50299.9      4    0.260   0      0.000    0.260
114496.0 961152.0  0.0   104761.5 5767232.0 517225.6 15379136.0    0.0     50432.0 50305.6      5    0.291   0      0.000    0.291
114496.0 961152.0  0.0   104761.5 5767232.0 3911757.6 15379136.0    0.0     50432.0 50306.2      5    0.291   0      0.000    0.291
114496.0 117696.0 111330.3  0.0   7454144.0 1458834.0 15379136.0    0.0     50432.0 50307.9      6    0.396   0      0.000    0.396
114496.0 117696.0 111330.3  0.0   7454144.0 4734314.9 15379136.0    0.0     50432.0 50308.2      6    0.396   0      0.000    0.396
130112.0 38656.0  0.0   38652.0 7454144.0 714731.3 15379136.0  73016.7   50432.0 50308.5      7    0.484   0      0.000    0.484
130112.0 38656.0  0.0   38652.0 7454144.0 3959954.8 15379136.0  73016.7   50432.0 50308.5      7    0.484   0      0.000    0.484
130112.0 38656.0  0.0   38652.0 7454144.0 6699624.6 15379136.0  73016.7   50624.0 50575.9      7    0.484   0      0.000    0.484
130112.0 133120.0 57600.9  0.0   7423296.0 1744505.9 15379136.0  73072.7   50816.0 50630.6      8    0.516   0      0.000    0.516
130112.0 133120.0 57600.9  0.0   7423296.0 3156847.3 15379136.0  73072.7   50816.0 50633.4      8    0.516   0      0.000    0.516
130112.0 133120.0 57600.9  0.0   7423296.0 4726476.4 15379136.0  73072.7   50816.0 50676.7      8    0.516   0      0.000    0.516
130112.0 133120.0 57600.9  0.0   7423296.0 6220315.7 15379136.0  73072.7   50816.0 50688.3      8    0.516   0      0.000    0.516
130112.0 133120.0 57600.9  0.0   7423296.0 7383608.6 15379136.0  73072.7   50816.0 50691.7      8    0.516   0      0.000    0.516
129920.0 133120.0  0.0   81764.4 7423296.0 1486851.8 15379136.0  73266.3   50816.0 50692.0      9    0.563   0      0.000    0.563
129920.0 133120.0  0.0   81764.4 7423296.0 3516483.0 15379136.0  73266.3   50816.0 50692.0      9    0.563   0      0.000    0.563
129920.0 133120.0  0.0   81764.4 7423296.0 5834681.8 15379136.0  73266.3   50816.0 50693.6      9    0.563   0      0.000    0.563
129920.0 129664.0 66430.2  0.0   7429952.0 838255.9 15379136.0  80815.7   50816.0 50693.7     10    0.586   0      0.000    0.586
129920.0 129664.0 66430.2  0.0   7429952.0 3330105.8 15379136.0  80815.7   50816.0 50694.3     10    0.586   0      0.000    0.586
129920.0 129664.0 66430.2  0.0   7429952.0 5725151.4 15379136.0  80815.7   50816.0 50694.3     10    0.586   0      0.000    0.586
130816.0 55104.0  0.0   55053.7 7429952.0 170952.6 15379136.0  94376.4   50816.0 50699.4     11    0.615   0      0.000    0.615
130816.0 55104.0  0.0   55053.7 7429952.0 1273973.3 15379136.0  94376.4   50816.0 50703.0     11    0.615   0      0.000    0.615
130816.0 55104.0  0.0   55053.7 7429952.0 2925587.1 15379136.0  94376.4   50816.0 50703.2     11    0.615   0      0.000    0.615
130816.0 55104.0  0.0   55053.7 7429952.0 4075411.4 15379136.0  94376.4   50816.0 50703.2     11    0.615   0      0.000    0.615
130816.0 55104.0  0.0   55053.7 7429952.0 5183130.4 15379136.0  94376.4   50816.0 50703.2     11    0.615   0      0.000    0.615
130816.0 55104.0  0.0   55053.7 7429952.0 6572481.2 15379136.0  94376.4   50816.0 50703.2     11    0.615   0      0.000    0.615
130816.0 55104.0  0.0   55053.7 7429952.0 7400021.0 15379136.0  94376.4   50816.0 50704.2     11    0.615   0      0.000    0.615
130816.0 128960.0 67095.3  0.0   7429760.0 1553035.3 15379136.0  99199.1   50816.0 50704.4     12    0.636   0      0.000    0.636
130816.0 128960.0 67095.3  0.0   7429760.0 3059739.2 15379136.0  99199.1   50816.0 50704.5     12    0.636   0      0.000    0.636
130816.0 128960.0 67095.3  0.0   7429760.0 4443770.3 15379136.0  99199.1   50816.0 50704.5     12    0.636   0      0.000    0.636
130816.0 128960.0 67095.3  0.0   7429760.0 5817971.8 15379136.0  99199.1   50816.0 50704.5     12    0.636   0      0.000    0.636
130816.0 128960.0 67095.3  0.0   7429760.0 7411845.2 15379136.0  99199.1   50816.0 50705.6     12    0.636   0      0.000    0.636
127808.0 128960.0  0.0   61216.6 7429760.0 1985679.3 15379136.0  105070.2  50816.0 50707.3     13    0.657   0      0.000    0.657
127808.0 128960.0  0.0   61216.6 7429760.0 3194082.8 15379136.0  105070.2  50816.0 50707.3     13    0.657   0      0.000    0.657
127808.0 128960.0  0.0   61216.6 7429760.0 5543217.9 15379136.0  105070.2  50816.0 50707.6     13    0.657   0      0.000    0.657
127808.0 128000.0 50614.4  0.0   7433536.0 515972.5 15379136.0  108565.7  50816.0 50707.9     14    0.672   0      0.000    0.672
127808.0 128000.0 50614.4  0.0   7433536.0 1975189.3 15379136.0  108565.7  50816.0 50716.6     14    0.672   0      0.000    0.672
127808.0 128000.0 50614.4  0.0   7433536.0 4237677.6 15379136.0  108565.7  50816.0 50716.9     14    0.672   0      0.000    0.672
127808.0 128000.0 50614.4  0.0   7433536.0 6810054.1 15379136.0  108565.7  50816.0 50718.1     14    0.672   0      0.000    0.672
129472.0 38400.0  0.0   38342.0 7433536.0 2139596.2 15379136.0  115646.6  50816.0 50718.4     15    0.688   0      0.000    0.688
129472.0 38400.0  0.0   38342.0 7433536.0 3823205.9 15379136.0  115646.6  50816.0 50722.8     15    0.688   0      0.000    0.688
129472.0 38400.0  0.0   38342.0 7433536.0 5622317.7 15379136.0  115646.6  50816.0 50751.6     15    0.688   0      0.000    0.688
129472.0 124800.0 67673.7  0.0   7435264.0 340121.9 15379136.0  121958.6  50816.0 50752.6     16    0.713   0      0.000    0.713
129472.0 124800.0 67673.7  0.0   7435264.0 2601952.5 15379136.0  121958.6  50816.0 50752.7     16    0.713   0      0.000    0.713
129472.0 124800.0 67673.7  0.0   7435264.0 4641608.9 15379136.0  121958.6  50816.0 50757.1     16    0.713   0      0.000    0.713
129472.0 124800.0 67673.7  0.0   7435264.0 6018739.4 15379136.0  121958.6  50816.0 50759.3     16    0.713   0      0.000    0.713
129472.0 124800.0 67673.7  0.0   7435264.0 7058655.3 15379136.0  121958.6  50816.0 50761.1     16    0.713   0      0.000    0.713
121152.0 124800.0  0.0   63165.4 7435264.0 971807.1 15379136.0  136912.0  50816.0 50761.7     17    0.741   0      0.000    0.741
121152.0 124800.0  0.0   63165.4 7435264.0 2362585.9 15379136.0  136912.0  50816.0 50762.5     17    0.741   0      0.000    0.741
121152.0 124800.0  0.0   63165.4 7435264.0 3482811.7 15379136.0  136912.0  50816.0 50762.8     17    0.741   0      0.000    0.741
121152.0 124800.0  0.0   63165.4 7435264.0 4504292.3 15379136.0  136912.0  50816.0 50762.9     17    0.741   0      0.000    0.741
121152.0 124800.0  0.0   63165.4 7435264.0 5357458.3 15379136.0  136912.0  50816.0 50763.1     17    0.741   0      0.000    0.741
121152.0 124800.0  0.0   63165.4 7435264.0 6334341.9 15379136.0  136912.0  50816.0 50763.1     17    0.741   0      0.000    0.741
121152.0 118336.0 59237.0  0.0   7450048.0 439032.2 15379136.0  143450.8  50816.0 50763.8     18    0.762   0      0.000    0.762
121152.0 118336.0 59237.0  0.0   7450048.0 1784887.2 15379136.0  143450.8  50816.0 50764.5     18    0.762   0      0.000    0.762
121152.0 118336.0 59237.0  0.0   7450048.0 2977816.5 15379136.0  143450.8  50816.0 50770.7     18    0.762   0      0.000    0.762
121152.0 118336.0 59237.0  0.0   7450048.0 4299614.6 15379136.0  143450.8  50816.0 50772.8     18    0.762   0      0.000    0.762
121152.0 118336.0 59237.0  0.0   7450048.0 6096952.1 15379136.0  143450.8  50816.0 50773.0     18    0.762   0      0.000    0.762
117504.0 118336.0  0.0   47367.3 7450048.0 755100.6 15379136.0  147526.3  50816.0 50773.0     19    0.777   0      0.000    0.777
117504.0 118336.0  0.0   47367.3 7450048.0 2703412.5 15379136.0  147526.3  50816.0 50773.6     19    0.777   0      0.000    0.777
117504.0 118336.0  0.0   47367.3 7450048.0 3482147.5 15379136.0  147526.3  50816.0 50774.0     19    0.777   0      0.000    0.777
117504.0 118336.0  0.0   47367.3 7450048.0 5106688.7 15379136.0  147526.3  50816.0 50774.4     19    0.777   0      0.000    0.777
117504.0 118336.0  0.0   47367.3 7450048.0 6754573.7 15379136.0  147526.3  50816.0 50774.4     19    0.777   0      0.000    0.777
117504.0 112832.0 66537.7  0.0   7459200.0 864107.1 15379136.0  153614.3  50816.0 50774.4     20    0.799   0      0.000    0.799
117504.0 112832.0 66537.7  0.0   7459200.0 2552566.9 15379136.0  153614.3  50816.0 50774.4     20    0.799   0      0.000    0.799
117504.0 112832.0 66537.7  0.0   7459200.0 4215211.6 15379136.0  153614.3  50816.0 50774.4     20    0.799   0      0.000    0.799
117504.0 112832.0 66537.7  0.0   7459200.0 5904071.2 15379136.0  153614.3  50816.0 50775.1     20    0.799   0      0.000    0.799
110208.0 112832.0  0.0   56860.5 7459200.0 353673.5 15379136.0  164697.8  50816.0 50775.1     21    0.833   0      0.000    0.833
110208.0 112832.0  0.0   56860.5 7459200.0 1216994.1 15379136.0  164697.8  50816.0 50775.1     21    0.833   0      0.000    0.833
110208.0 112832.0  0.0   56860.5 7459200.0 2183426.0 15379136.0  164697.8  50816.0 50775.1     21    0.833   0      0.000    0.833
110208.0 112832.0  0.0   56860.5 7459200.0 3421113.9 15379136.0  164697.8  50816.0 50775.1     21    0.833   0      0.000    0.833
110208.0 112832.0  0.0   56860.5 7459200.0 4306053.1 15379136.0  164697.8  50816.0 50775.6     21    0.833   0      0.000    0.833
110208.0 112832.0  0.0   56860.5 7459200.0 5087198.2 15379136.0  164697.8  50816.0 50775.6     21    0.833   0      0.000    0.833
110208.0 112832.0  0.0   56860.5 7459200.0 6348815.0 15379136.0  164697.8  50816.0 50778.3     21    0.833   0      0.000    0.833
110208.0 107072.0 59878.4  0.0   7472256.0 251675.0 15379136.0  169092.5  50816.0 50778.4     22    0.852   0      0.000    0.852
110208.0 107072.0 59878.4  0.0   7472256.0 2276425.7 15379136.0  169092.5  50816.0 50778.4     22    0.852   0      0.000    0.852
110208.0 107072.0 59878.4  0.0   7472256.0 4005690.2 15379136.0  169092.5  50816.0 50779.9     22    0.852   0      0.000    0.852
110208.0 107072.0 59878.4  0.0   7472256.0 4887934.3 15379136.0  169092.5  50816.0 50780.6     22    0.852   0      0.000    0.852
110208.0 107072.0 59878.4  0.0   7472256.0 5462474.7 15379136.0  169092.5  50816.0 50780.6     22    0.852   0      0.000    0.852
110208.0 107072.0 59878.4  0.0   7472256.0 5975638.8 15379136.0  169092.5  50816.0 50780.9     22    0.852   0      0.000    0.852
110208.0 107072.0 59878.4  0.0   7472256.0 6683818.9 15379136.0  169092.5  50816.0 50780.9     22    0.852   0      0.000    0.852
110208.0 107072.0 59878.4  0.0   7472256.0 7287646.4 15379136.0  169092.5  50816.0 50780.9     22    0.852   0      0.000    0.852
103488.0 107072.0  0.0   67478.5 7472256.0 485363.1 15379136.0  175952.1  50816.0 50781.1     23    0.892   0      0.000    0.892
103488.0 107072.0  0.0   67478.5 7472256.0 1251919.8 15379136.0  175952.1  50816.0 50781.1     23    0.892   0      0.000    0.892
103488.0 107072.0  0.0   67478.5 7472256.0 2332434.2 15379136.0  175952.1  50816.0 50781.1     23    0.892   0      0.000    0.892
103488.0 107072.0  0.0   67478.5 7472256.0 2872491.8 15379136.0  175952.1  50816.0 50781.1     23    0.892   0      0.000    0.892
103488.0 107072.0  0.0   67478.5 7472256.0 3493087.6 15379136.0  175952.1  50816.0 50781.1     23    0.892   0      0.000    0.892
103488.0 107072.0  0.0   67478.5 7472256.0 4097781.2 15379136.0  175952.1  50816.0 50781.1     23    0.892   0      0.000    0.892
103488.0 107072.0  0.0   67478.5 7472256.0 4713185.1 15379136.0  175952.1  50816.0 50781.6     23    0.892   0      0.000    0.892
103488.0 107072.0  0.0   67478.5 7472256.0 5310271.2 15379136.0  175952.1  50816.0 50781.8     23    0.892   0      0.000    0.892
103488.0 107072.0  0.0   67478.5 7472256.0 5747279.7 15379136.0  175952.1  50816.0 50781.8     23    0.892   0      0.000    0.892
103488.0 107072.0  0.0   67478.5 7472256.0 6429291.2 15379136.0  175952.1  50816.0 50782.2     23    0.892   0      0.000    0.892
103488.0 100928.0 69431.6  0.0   7485120.0 505709.8 15379136.0  180715.8  50816.0 50782.5     24    0.915   0      0.000    0.915
103488.0 100928.0 69431.6  0.0   7485120.0 1468565.9 15379136.0  180715.8  50816.0 50782.5     24    0.915   0      0.000    0.915
103488.0 100928.0 69431.6  0.0   7485120.0 2412978.0 15379136.0  180715.8  50816.0 50782.7     24    0.915   0      0.000    0.915
103488.0 100928.0 69431.6  0.0   7485120.0 4300297.7 15379136.0  180715.8  50816.0 50783.6     24    0.915   0      0.000    0.915
103488.0 100928.0 69431.6  0.0   7485120.0 5492769.3 15379136.0  180715.8  50816.0 50784.4     24    0.915   0      0.000    0.915
103488.0 100928.0 69431.6  0.0   7485120.0 6427622.3 15379136.0  180715.8  50816.0 50785.0     24    0.915   0      0.000    0.915
103488.0 100928.0 69431.6  0.0   7485120.0 6959063.3 15379136.0  180715.8  50816.0 50785.5     24    0.915   0      0.000    0.915
98048.0 100928.0  0.0   63373.2 7485120.0 160034.0 15379136.0  191423.2  50816.0 50785.7     25    0.947   0      0.000    0.947
98048.0 100928.0  0.0   63373.2 7485120.0 702883.1 15379136.0  191423.2  50816.0 50785.7     25    0.947   0      0.000    0.947
98048.0 100928.0  0.0   63373.2 7485120.0 1048316.7 15379136.0  191423.2  50816.0 50786.0     25    0.947   0      0.000    0.947
98048.0 100928.0  0.0   63373.2 7485120.0 1575362.1 15379136.0  191423.2  50816.0 50786.0     25    0.947   0      0.000    0.947
98048.0 100928.0  0.0   63373.2 7485120.0 2068667.3 15379136.0  191423.2  50816.0 50786.0     25    0.947   0      0.000    0.947
98048.0 100928.0  0.0   63373.2 7485120.0 2455936.4 15379136.0  191423.2  50816.0 50787.0     25    0.947   0      0.000    0.947
98048.0 100928.0  0.0   63373.2 7485120.0 2930727.9 15379136.0  191423.2  50816.0 50787.3     25    0.947   0      0.000    0.947
98048.0 100928.0  0.0   63373.2 7485120.0 3434896.8 15379136.0  191423.2  50816.0 50787.3     25    0.947   0      0.000    0.947
98048.0 100928.0  0.0   63373.2 7485120.0 3862700.9 15379136.0  191423.2  50816.0 50787.5     25    0.947   0      0.000    0.947
98048.0 100928.0  0.0   63373.2 7485120.0 4287714.5 15379136.0  191423.2  50816.0 50787.5     25    0.947   0      0.000    0.947
98048.0 100928.0  0.0   63373.2 7485120.0 4794573.2 15379136.0  191423.2  50816.0 50788.9     25    0.947   0      0.000    0.947
98048.0 100928.0  0.0   63373.2 7485120.0 5336801.5 15379136.0  191423.2  50816.0 50789.1     25    0.947   0      0.000    0.947
98048.0 100928.0  0.0   63373.2 7485120.0 5897946.9 15379136.0  191423.2  50816.0 50789.3     25    0.947   0      0.000    0.947
98048.0 100928.0  0.0   63373.2 7485120.0 6330216.8 15379136.0  191423.2  50816.0 50789.3     25    0.947   0      0.000    0.947
98048.0 100928.0  0.0   63373.2 7485120.0 6879536.2 15379136.0  191423.2  50816.0 50789.6     25    0.947   0      0.000    0.947
98048.0 100928.0  0.0   63373.2 7485120.0 7450735.5 15379136.0  191423.2  50816.0 50790.5     25    0.947   0      0.000    0.947
98048.0 95488.0 62660.9  0.0   7496000.0 599441.6 15379136.0  193816.5  50816.0 50790.5     26    0.963   0      0.000    0.963
98048.0 95488.0 62660.9  0.0   7496000.0 987178.5 15379136.0  193816.5  50816.0 50791.8     26    0.963   0      0.000    0.963
98048.0 95488.0 62660.9  0.0   7496000.0 1446669.7 15379136.0  193816.5  50816.0 50791.9     26    0.963   0      0.000    0.963
98048.0 95488.0 62660.9  0.0   7496000.0 1775423.1 15379136.0  193816.5  50816.0 50792.5     26    0.963   0      0.000    0.963
98048.0 95488.0 62660.9  0.0   7496000.0 2287978.8 15379136.0  193816.5  50816.0 50793.8     26    0.963   0      0.000    0.963
98048.0 95488.0 62660.9  0.0   7496000.0 3806389.0 15379136.0  193816.5  50816.0 50794.9     26    0.963   0      0.000    0.963
98048.0 95488.0 62660.9  0.0   7496000.0 5281868.8 15379136.0  193816.5  50816.0 50798.2     26    0.963   0      0.000    0.963
98048.0 95488.0 62660.9  0.0   7496000.0 7084632.8 15379136.0  193816.5  50816.0 50799.6     26    0.963   0      0.000    0.963
92992.0 95488.0  0.0   63117.7 7496000.0 1411577.7 15379136.0  197342.9  50816.0 50799.9     27    0.990   0      0.000    0.990
92992.0 95488.0  0.0   63117.7 7496000.0 2748127.4 15379136.0  197342.9  50816.0 50800.1     27    0.990   0      0.000    0.990
92992.0 95488.0  0.0   63117.7 7496000.0 4746452.6 15379136.0  197342.9  50816.0 50805.3     27    0.990   0      0.000    0.990
92992.0 95488.0  0.0   63117.7 7496000.0 6599728.7 15379136.0  197342.9  50816.0 50806.8     27    0.990   0      0.000    0.990
92992.0 95360.0 35835.6  0.0   7498816.0 741960.8 15379136.0  217024.0  50816.0 50809.1     28    1.020   0      0.000    1.020
92992.0 95360.0 35835.6  0.0   7498816.0 3319919.0 15379136.0  217024.0  50816.0 50809.9     28    1.020   0      0.000    1.020
92992.0 95360.0 35835.6  0.0   7498816.0 5588742.7 15379136.0  217024.0  50816.0 50809.9     28    1.020   0      0.000    1.020
98112.0 27072.0  0.0   27034.0 7498816.0 505507.8 15379136.0  239553.0  50816.0 50809.9     29    1.051   0      0.000    1.051
98112.0 27072.0  0.0   27034.0 7498816.0 3013515.6 15379136.0  239553.0  50816.0 50810.1     29    1.051   0      0.000    1.051
98112.0 27072.0  0.0   27034.0 7498816.0 4900203.6 15379136.0  239553.0  51008.0 50817.5     29    1.051   0      0.000    1.051
98112.0 27072.0  0.0   27034.0 7498816.0 7276220.0 15379136.0  239553.0  51008.0 50821.2     29    1.051   0      0.000    1.051
98112.0 98112.0 36262.6  0.0   7493312.0 2199309.4 15379136.0  256290.9  51008.0 50821.6     30    1.076   0      0.000    1.076
98112.0 98112.0 36262.6  0.0   7493312.0 3903371.3 15379136.0  256290.9  51008.0 50825.0     30    1.076   0      0.000    1.076
98112.0 98112.0 36262.6  0.0   7493312.0 5412552.0 15379136.0  256290.9  51008.0 50828.1     30    1.076   0      0.000    1.076
98112.0 98112.0 36262.6  0.0   7493312.0 7106665.0 15379136.0  256290.9  51008.0 50829.3     30    1.076   0      0.000    1.076
95744.0 98112.0  0.0   46474.2 7493312.0 1273817.0 15379136.0  272679.3  51008.0 50830.2     31    1.100   0      0.000    1.100
95744.0 98112.0  0.0   46474.2 7493312.0 2488389.1 15379136.0  272679.3  51008.0 50830.4     31    1.100   0      0.000    1.100
95744.0 98112.0  0.0   46474.2 7493312.0 3922178.2 15379136.0  272679.3  51008.0 50830.4     31    1.100   0      0.000    1.100
95744.0 98112.0  0.0   46474.2 7493312.0 5705669.2 15379136.0  272679.3  51008.0 50830.4     31    1.100   0      0.000    1.100
95744.0 98112.0  0.0   46474.2 7493312.0 6263380.7 15379136.0  272679.3  51008.0 50830.9     31    1.100   0      0.000    1.100
95744.0 98112.0  0.0   46474.2 7493312.0 6724740.2 15379136.0  272679.3  51008.0 50831.1     31    1.100   0      0.000    1.100
95744.0 98112.0  0.0   46474.2 7493312.0 7239413.4 15379136.0  272679.3  51008.0 50831.4     31    1.100   0      0.000    1.100
95744.0 92736.0 58455.3  0.0   7501056.0 303269.1 15379136.0  283188.0  51008.0 50831.4     32    1.130   0      0.000    1.130
95744.0 92736.0 58455.3  0.0   7501056.0 1602347.3 15379136.0  283188.0  51008.0 50831.6     32    1.130   0      0.000    1.130
95744.0 92736.0 58455.3  0.0   7501056.0 3300919.3 15379136.0  283188.0  51008.0 50832.0     32    1.130   0      0.000    1.130
95744.0 92736.0 58455.3  0.0   7501056.0 4279341.1 15379136.0  283188.0  51008.0 50832.0     32    1.130   0      0.000    1.130
95744.0 92736.0 58455.3  0.0   7501056.0 5089075.0 15379136.0  283188.0  51008.0 50832.4     32    1.130   0      0.000    1.130
95744.0 92736.0 58455.3  0.0   7501056.0 6516974.6 15379136.0  283188.0  51008.0 50832.6     32    1.130   0      0.000    1.130
95744.0 92736.0 58455.3  0.0   7501056.0 7435811.2 15379136.0  283188.0  51008.0 50833.3     32    1.130   0      0.000    1.130
89728.0 92736.0  0.0   57889.5 7501056.0 1418866.4 15379136.0  292040.5  51008.0 50833.5     33    1.151   0      0.000    1.151
89728.0 92736.0  0.0   57889.5 7501056.0 2736073.4 15379136.0  292040.5  51008.0 50833.8     33    1.151   0      0.000    1.151
89728.0 92736.0  0.0   57889.5 7501056.0 3500702.1 15379136.0  292040.5  51008.0 50833.8     33    1.151   0      0.000    1.151
89728.0 92736.0  0.0   57889.5 7501056.0 4063270.5 15379136.0  292040.5  51008.0 50833.8     33    1.151   0      0.000    1.151
89728.0 92736.0  0.0   57889.5 7501056.0 4771806.3 15379136.0  292040.5  51008.0 50833.9     33    1.151   0      0.000    1.151
89728.0 92736.0  0.0   57889.5 7501056.0 5341530.1 15379136.0  292040.5  51008.0 50834.1     33    1.151   0      0.000    1.151
89728.0 92736.0  0.0   57889.5 7501056.0 6369239.6 15379136.0  292040.5  51008.0 50834.9     33    1.151   0      0.000    1.151
89728.0 92736.0  0.0   57889.5 7501056.0 7002691.7 15379136.0  292040.5  51008.0 50835.2     33    1.151   0      0.000    1.151
89728.0 87936.0 60317.6  0.0   7511872.0 100134.4 15379136.0  299011.8  51008.0 50835.5     34    1.171   0      0.000    1.171
89728.0 87936.0 60317.6  0.0   7511872.0 800732.1 15379136.0  299011.8  51008.0 50835.5     34    1.171   0      0.000    1.171
89728.0 87936.0 60317.6  0.0   7511872.0 1287537.2 15379136.0  299011.8  51008.0 50835.5     34    1.171   0      0.000    1.171
89728.0 87936.0 60317.6  0.0   7511872.0 1673713.4 15379136.0  299011.8  51008.0 50835.5     34    1.171   0      0.000    1.171
89728.0 87936.0 60317.6  0.0   7511872.0 2821222.9 15379136.0  299011.8  51008.0 50836.9     34    1.171   0      0.000    1.171
89728.0 87936.0 60317.6  0.0   7511872.0 3451352.4 15379136.0  299011.8  51008.0 50836.9     34    1.171   0      0.000    1.171
89728.0 87936.0 60317.6  0.0   7511872.0 3934180.0 15379136.0  299011.8  51008.0 50836.9     34    1.171   0      0.000    1.171
89728.0 87936.0 60317.6  0.0   7511872.0 4611049.6 15379136.0  299011.8  51008.0 50838.7     34    1.171   0      0.000    1.171
89728.0 87936.0 60317.6  0.0   7511872.0 5079502.6 15379136.0  299011.8  51008.0 50838.7     34    1.171   0      0.000    1.171
89728.0 87936.0 60317.6  0.0   7511872.0 5690797.2 15379136.0  299011.8  51008.0 50840.1     34    1.171   0      0.000    1.171
89728.0 87936.0 60317.6  0.0   7511872.0 6383489.1 15379136.0  299011.8  51008.0 50840.1     34    1.171   0      0.000    1.171
89728.0 87936.0 60317.6  0.0   7511872.0 7118759.1 15379136.0  299011.8  51008.0 50840.1     34    1.171   0      0.000    1.171
89024.0 87936.0  0.0   68006.8 7511872.0 163648.0 15379136.0  300334.9  51008.0 50840.3     35    1.191   0      0.000    1.191
89024.0 87936.0  0.0   68006.8 7511872.0 742478.2 15379136.0  300334.9  51008.0 50840.5     35    1.191   0      0.000    1.191
89024.0 87936.0  0.0   68006.8 7511872.0 1298766.6 15379136.0  300334.9  51008.0 50840.8     35    1.191   0      0.000    1.191
89024.0 87936.0  0.0   68006.8 7511872.0 1817730.1 15379136.0  300334.9  51008.0 50840.8     35    1.191   0      0.000    1.191
89024.0 87936.0  0.0   68006.8 7511872.0 2275331.5 15379136.0  300334.9  51008.0 50840.8     35    1.191   0      0.000    1.191
89024.0 87936.0  0.0   68006.8 7511872.0 2952632.1 15379136.0  300334.9  51008.0 50840.8     35    1.191   0      0.000    1.191
89024.0 87936.0  0.0   68006.8 7511872.0 3591343.6 15379136.0  300334.9  51008.0 50919.7     35    1.191   0      0.000    1.191
89024.0 87936.0  0.0   68006.8 7511872.0 4288602.7 15379136.0  300334.9  51008.0 50919.7     35    1.191   0      0.000    1.191
89024.0 87936.0  0.0   68006.8 7511872.0 4872546.7 15379136.0  300334.9  51008.0 50919.7     35    1.191   0      0.000    1.191
89024.0 87936.0  0.0   68006.8 7511872.0 5376314.6 15379136.0  300334.9  51008.0 50919.7     35    1.191   0      0.000    1.191
89024.0 87936.0  0.0   68006.8 7511872.0 5857827.0 15379136.0  300334.9  51008.0 50919.7     35    1.191   0      0.000    1.191
89024.0 87936.0  0.0   68006.8 7511872.0 6407493.6 15379136.0  300334.9  51008.0 50919.7     35    1.191   0      0.000    1.191
89024.0 87936.0  0.0   68006.8 7511872.0 6915849.6 15379136.0  300334.9  51008.0 50919.7     35    1.191   0      0.000    1.191
89024.0 87936.0  0.0   68006.8 7511872.0 7387408.3 15379136.0  300334.9  51008.0 50919.7     35    1.191   0      0.000    1.191
89024.0 86208.0 55837.2  0.0   7514304.0 569144.3 15379136.0  306000.2  51008.0 50919.7     36    1.224   0      0.000    1.224
89024.0 86208.0 55837.2  0.0   7514304.0 1882652.5 15379136.0  306000.2  51008.0 50919.7     36    1.224   0      0.000    1.224
89024.0 86208.0 55837.2  0.0   7514304.0 3793641.6 15379136.0  306000.2  51008.0 50920.2     36    1.224   0      0.000    1.224
89024.0 86208.0 55837.2  0.0   7514304.0 6084960.0 15379136.0  306000.2  51008.0 50920.2     36    1.224   0      0.000    1.224
84928.0 86208.0  0.0   48365.1 7514304.0 807546.8 15379136.0  315898.7  51008.0 50920.4     37    1.245   0      0.000    1.245
84928.0 86208.0  0.0   48365.1 7514304.0 3074225.7 15379136.0  315898.7  51008.0 50921.2     37    1.245   0      0.000    1.245
84928.0 86208.0  0.0   48365.1 7514304.0 5689342.6 15379136.0  315898.7  51008.0 50921.3     37    1.245   0      0.000    1.245
84928.0 87232.0 26262.2  0.0   7515072.0 564789.5 15379136.0  338508.5  51008.0 50921.6     38    1.274   0      0.000    1.274
84928.0 87232.0 26262.2  0.0   7515072.0 3533813.4 15379136.0  338508.5  51008.0 50921.9     38    1.274   0      0.000    1.274
84928.0 87232.0 26262.2  0.0   7515072.0 6230495.5 15379136.0  338508.5  51008.0 50923.0     38    1.274   0      0.000    1.274
87168.0 87232.0  0.0   34242.2 7515072.0 1572635.2 15379136.0  353686.5  51008.0 50923.0     39    1.297   0      0.000    1.297
87168.0 87232.0  0.0   34242.2 7515072.0 4431021.4 15379136.0  353686.5  51008.0 50926.0     39    1.297   0      0.000    1.297
87168.0 87232.0  0.0   34242.2 7515072.0 7118494.3 15379136.0  353686.5  51008.0 50926.3     39    1.297   0      0.000    1.297
87168.0 86976.0 32134.6  0.0   7515392.0 1907255.7 15379136.0  368873.0  51008.0 50926.3     40    1.575   0      0.000    1.575
87168.0 86976.0 32134.6  0.0   7515392.0 4088378.6 15379136.0  368873.0  51008.0 50926.3     40    1.575   0      0.000    1.575
87168.0 86976.0 32134.6  0.0   7515392.0 6910005.8 15379136.0  368873.0  51008.0 50927.3     40    1.575   0      0.000    1.575
84800.0 86976.0  0.0   40532.5 7515392.0 423222.3 15379136.0  385803.3  51008.0 50927.3     41    2.805   0      0.000    2.805
84800.0 86976.0  0.0   40532.5 7515392.0 2074179.0 15379136.0  385803.3  51008.0 50927.3     41    2.805   0      0.000    2.805
84800.0 86976.0  0.0   40532.5 7515392.0 3922490.6 15379136.0  385803.3  51008.0 50927.3     41    2.805   0      0.000    2.805
84800.0 86976.0  0.0   40532.5 7515392.0 6338701.4 15379136.0  385803.3  51008.0 50927.3     41    2.805   0      0.000    2.805
84800.0 86976.0 22329.9 40532.5 7515392.0 7515392.0 15379136.0  395188.0  51008.0 50928.1     42    2.805   0      0.000    2.805
84800.0 83200.0 37189.0  0.0   7521536.0 2150276.0 15379136.0  403830.5  51008.0 50928.1     42    2.898   0      0.000    2.898
84800.0 83200.0 37189.0  0.0   7521536.0 4378930.0 15379136.0  403830.5  51008.0 50928.1     42    2.898   0      0.000    2.898
84800.0 83200.0 37189.0  0.0   7521536.0 5843398.4 15379136.0  403830.5  51008.0 50928.1     42    2.898   0      0.000    2.898
84800.0 83200.0 37189.0 21652.8 7521536.0 7521536.0 15379136.0  407867.4  51008.0 50928.1     43    2.898   0      0.000    2.898
81728.0 83200.0  0.0   35169.3 7521536.0 353204.8 15379136.0  421456.6  51008.0 50928.1     43    4.483   0      0.000    4.483
81728.0 83200.0  0.0   35169.3 7521536.0 1745705.1 15379136.0  421456.6  51008.0 50928.1     43    4.483   0      0.000    4.483
81728.0 83200.0  0.0   35169.3 7521536.0 4374052.2 15379136.0  421456.6  51008.0 50928.1     43    4.483   0      0.000    4.483
81728.0 83200.0  0.0   35169.3 7521536.0 6423719.9 15379136.0  421456.6  51008.0 50928.1     43    4.483   0      0.000    4.483
81728.0 79872.0 36687.6  0.0   7527936.0 469142.1 15379136.0  434949.1  51008.0 50928.5     44    5.057   0      0.000    5.057
81728.0 79872.0 36687.6  0.0   7527936.0 2440693.4 15379136.0  434949.1  51008.0 50928.7     44    5.057   0      0.000    5.057
81728.0 79872.0 36687.6  0.0   7527936.0 4278378.1 15379136.0  434949.1  51008.0 50928.7     44    5.057   0      0.000    5.057
81728.0 79872.0 36687.6  0.0   7527936.0 6232508.7 15379136.0  434949.1  51008.0 50928.7     44    5.057   0      0.000    5.057
81728.0 79872.0 36687.6 41065.3 7527936.0 7527936.0 15379136.0  449393.8  51008.0 50928.7     45    5.057   0      0.000    5.057
77184.0 79872.0  0.0   41161.3 7527936.0 1835235.6 15379136.0  449393.8  51008.0 50928.7     45    5.626   0      0.000    5.626
77184.0 79872.0  0.0   41161.3 7527936.0 4912913.5 15379136.0  449393.8  51008.0 50928.7     45    5.626   0      0.000    5.626
77184.0 79872.0  0.0   41161.3 7527936.0 6388236.0 15379136.0  449393.8  51008.0 50928.7     45    5.626   0      0.000    5.626
77184.0 79872.0 39241.3 41161.3 7527936.0 7527936.0 15379136.0  459660.7  51008.0 50934.7     46    5.626   0      0.000    5.626
77184.0 74880.0 39593.3  0.0   7537472.0 2547561.8 15379136.0  459660.7  51008.0 50934.7     46    6.733   0      0.000    6.733
77184.0 74880.0 39593.3  0.0   7537472.0 3920804.3 15379136.0  459660.7  51008.0 50934.7     46    6.733   0      0.000    6.733
77184.0 74880.0 39593.3  0.0   7537472.0 6383722.1 15379136.0  459660.7  51008.0 50934.7     46    6.733   0      0.000    6.733
74304.0 74880.0  0.0   29774.6 7537472.0 208874.9 15379136.0  480023.6  51008.0 50934.7     47    7.727   0      0.000    7.727
74304.0 74880.0  0.0   29774.6 7537472.0 2848411.1 15379136.0  480023.6  51008.0 50934.7     47    7.727   0      0.000    7.727
74304.0 74880.0  0.0   29774.6 7537472.0 4575239.9 15379136.0  480023.6  51008.0 50934.7     47    7.727   0      0.000    7.727
74304.0 74880.0  0.0   29774.6 7537472.0 5635442.5 15379136.0  480023.6  51008.0 50934.7     47    7.727   0      0.000    7.727
74304.0 74880.0  0.0   29774.6 7537472.0 7438441.8 15379136.0  480023.6  51008.0 50934.7     47    7.727   0      0.000    7.727
74304.0 75072.0 53450.9  0.0   7539392.0 2124765.4 15379136.0  489825.1  51008.0 50934.7     48    7.765   0      0.000    7.765
74304.0 75072.0 53450.9  0.0   7539392.0 4011462.4 15379136.0  489825.1  51008.0 50934.7     48    7.765   0      0.000    7.765
74304.0 75072.0 53450.9  0.0   7539392.0 6002382.7 15379136.0  489825.1  51008.0 50934.7     48    7.765   0      0.000    7.765
74304.0 75072.0 53450.9  0.0   7539392.0 7028609.6 15379136.0  489825.1  51008.0 50934.7     48    7.765   0      0.000    7.765
72256.0 75072.0  0.0   42358.9 7539392.0 612351.3 15379136.0  511950.2  51008.0 50938.7     49    7.924   0      0.000    7.924
72256.0 75072.0  0.0   42358.9 7539392.0 1627879.4 15379136.0  511950.2  51008.0 50938.7     49    7.924   0      0.000    7.924
72256.0 75072.0  0.0   42358.9 7539392.0 2199703.8 15379136.0  511950.2  51008.0 50938.7     49    7.924   0      0.000    7.924
72256.0 75072.0  0.0   42358.9 7539392.0 2835370.2 15379136.0  511950.2  51008.0 50938.7     49    7.924   0      0.000    7.924
72256.0 75072.0  0.0   42358.9 7539392.0 3330128.1 15379136.0  511950.2  51008.0 50938.7     49    7.924   0      0.000    7.924
72256.0 75072.0  0.0   42358.9 7539392.0 3647457.5 15379136.0  511950.2  51008.0 50938.7     49    7.924   0      0.000    7.924
72256.0 75072.0  0.0   42358.9 7539392.0 5140645.0 15379136.0  511950.2  51008.0 50939.0     49    7.924   0      0.000    7.924
72256.0 75072.0  0.0   42358.9 7539392.0 7087473.6 15379136.0  511950.2  51008.0 50939.0     49    7.924   0      0.000    7.924
72256.0 71808.0 50260.2  0.0   7545472.0 694249.0 15379136.0  525241.6  51008.0 50939.0     50    8.762   0      0.000    8.762
72256.0 71808.0 50260.2  0.0   7545472.0 2180680.1 15379136.0  525241.6  51008.0 50939.0     50    8.762   0      0.000    8.762
72256.0 71808.0 50260.2  0.0   7545472.0 2648279.1 15379136.0  525241.6  51008.0 50939.0     50    8.762   0      0.000    8.762
72256.0 71808.0 50260.2  0.0   7545472.0 3402735.0 15379136.0  525241.6  51008.0 50939.0     50    8.762   0      0.000    8.762
72256.0 71808.0 50260.2  0.0   7545472.0 4748185.7 15379136.0  525241.6  51008.0 50942.9     50    8.762   0      0.000    8.762
72256.0 71808.0 50260.2  0.0   7545472.0 5711308.1 15379136.0  525241.6  51008.0 50942.9     50    8.762   0      0.000    8.762
69120.0 71808.0  0.0   44262.9 7545472.0 162686.1 15379136.0  546683.6  51008.0 50942.9     51    9.021   0      0.000    9.021
69120.0 71808.0  0.0   44262.9 7545472.0 2068174.4 15379136.0  546683.6  51008.0 50942.9     51    9.021   0      0.000    9.021
69120.0 71808.0  0.0   44262.9 7545472.0 3597333.2 15379136.0  546683.6  51008.0 50943.2     51    9.021   0      0.000    9.021
69120.0 71808.0  0.0   44262.9 7545472.0 5142891.9 15379136.0  546683.6  51008.0 50943.9     51    9.021   0      0.000    9.021
69120.0 71808.0  0.0   44262.9 7545472.0 7320530.4 15379136.0  546683.6  51008.0 50943.9     51    9.021   0      0.000    9.021
69120.0 66816.0 44900.7  0.0   7553600.0 1024767.4 15379136.0  562733.9  51008.0 50943.9     52    9.347   0      0.000    9.347
69120.0 66816.0 44900.7  0.0   7553600.0 2976419.2 15379136.0  562733.9  51008.0 50943.9     52    9.347   0      0.000    9.347
69120.0 66816.0 44900.7  0.0   7553600.0 4318128.4 15379136.0  562733.9  51008.0 50943.9     52    9.347   0      0.000    9.347
69120.0 66816.0 44900.7  0.0   7553600.0 5954773.4 15379136.0  562733.9  51008.0 50944.4     52    9.347   0      0.000    9.347
69120.0 66816.0 44900.7  0.0   7553600.0 7460077.5 15379136.0  562733.9  51008.0 50944.4     52    9.347   0      0.000    9.347
65216.0 66816.0  0.0   40556.3 7553600.0 1087913.5 15379136.0  580071.2  51008.0 50944.4     53    9.719   0      0.000    9.719
65216.0 66816.0  0.0   40556.3 7553600.0 2837369.1 15379136.0  580071.2  51008.0 50944.4     53    9.719   0      0.000    9.719
65216.0 66816.0  0.0   40556.3 7553600.0 4112107.9 15379136.0  580071.2  51008.0 50944.4     53    9.719   0      0.000    9.719
65216.0 66816.0  0.0   40556.3 7553600.0 4803607.5 15379136.0  580071.2  51008.0 50944.4     53    9.719   0      0.000    9.719
65216.0 66816.0  0.0   40556.3 7553600.0 5084972.6 15379136.0  580071.2  51008.0 50944.4     53    9.719   0      0.000    9.719
65216.0 66816.0  0.0   40556.3 7553600.0 5745217.6 15379136.0  580071.2  51008.0 50944.4     53    9.719   0      0.000    9.719
65216.0 66816.0  0.0   40556.3 7553600.0 6769138.1 15379136.0  580071.2  51008.0 50944.4     53    9.719   0      0.000    9.719
65216.0 63552.0 45323.6  0.0   7560768.0 346920.0 15379136.0  598376.7  51008.0 50944.4     54   10.171   0      0.000   10.171
65216.0 63552.0 45323.6  0.0   7560768.0 2169886.4 15379136.0  598376.7  51008.0 50944.4     54   10.171   0      0.000   10.171
65216.0 63552.0 45323.6  0.0   7560768.0 3816013.3 15379136.0  598376.7  51008.0 50944.4     54   10.171   0      0.000   10.171
65216.0 63552.0 45323.6  0.0   7560768.0 4818682.7 15379136.0  598376.7  51008.0 50944.4     54   10.171   0      0.000   10.171
65216.0 63552.0 45323.6  0.0   7560768.0 5576518.1 15379136.0  598376.7  51008.0 50944.4     54   10.171   0      0.000   10.171
65216.0 63552.0 45323.6  0.0   7560768.0 6315553.1 15379136.0  598376.7  51008.0 50944.4     54   10.171   0      0.000   10.171
65216.0 63552.0 45323.6  0.0   7560768.0 6923869.3 15379136.0  598376.7  51008.0 50944.4     54   10.171   0      0.000   10.171
65216.0 63552.0 45323.6 47126.1 7560768.0 7560768.0 15379136.0  610314.5  51008.0 50944.4     55   10.171   0      0.000   10.171
62784.0 63552.0  0.0   47318.1 7560768.0 418716.7 15379136.0  614550.9  51008.0 50944.4     55   11.969   0      0.000   11.969
62784.0 63552.0  0.0   47318.1 7560768.0 2155752.8 15379136.0  614550.9  51008.0 50944.4     55   11.969   0      0.000   11.969
62784.0 63552.0  0.0   47318.1 7560768.0 3755602.9 15379136.0  614550.9  51008.0 50944.4     55   11.969   0      0.000   11.969
62784.0 63552.0  0.0   47318.1 7560768.0 5401326.1 15379136.0  614550.9  51008.0 50944.4     55   11.969   0      0.000   11.969
62784.0 63552.0  0.0   47318.1 7560768.0 6903666.2 15379136.0  614550.9  51008.0 50944.4     55   11.969   0      0.000   11.969
62784.0 63680.0 51923.7  0.0   7562176.0 546884.7 15379136.0  633786.8  51008.0 50944.4     56   12.063   0      0.000   12.063
62784.0 63680.0 51923.7  0.0   7562176.0 2243049.2 15379136.0  633786.8  51008.0 50944.4     56   12.063   0      0.000   12.063
62784.0 63680.0 51923.7  0.0   7562176.0 4316939.2 15379136.0  633786.8  51008.0 50944.4     56   12.063   0      0.000   12.063
62784.0 63680.0 51923.7  0.0   7562176.0 6326058.7 15379136.0  633786.8  51008.0 50944.4     56   12.063   0      0.000   12.063
63680.0 63680.0  0.0   34378.2 7562176.0 350206.2 15379136.0  652361.2  51008.0 50945.3     57   12.304   0      0.000   12.304
63680.0 63680.0  0.0   34378.2 7562176.0 2925571.9 15379136.0  652361.2  51008.0 50945.3     57   12.304   0      0.000   12.304
63680.0 63680.0  0.0   34378.2 7562176.0 4341076.4 15379136.0  652361.2  51008.0 50945.3     57   12.304   0      0.000   12.304
63680.0 63680.0  0.0   34378.2 7562176.0 5582000.2 15379136.0  652361.2  51008.0 50945.6     57   12.304   0      0.000   12.304
63680.0 63680.0  0.0   34378.2 7562176.0 6910697.5 15379136.0  652361.2  51008.0 50945.6     57   12.304   0      0.000   12.304
63680.0 63680.0  0.0   34378.2 7562176.0 7512623.9 15379136.0  652361.2  51008.0 50945.6     57   12.304   0      0.000   12.304
63680.0 62016.0 42720.7  0.0   7563840.0 875430.9 15379136.0  662733.5  51008.0 50945.6     58   13.102   0      0.000   13.102
63680.0 62016.0 42720.7  0.0   7563840.0 1772869.1 15379136.0  662733.5  51008.0 50945.6     58   13.102   0      0.000   13.102
63680.0 62016.0 42720.7  0.0   7563840.0 2403231.5 15379136.0  662733.5  51008.0 50946.1     58   13.102   0      0.000   13.102
63680.0 62016.0 42720.7  0.0   7563840.0 4471946.0 15379136.0  662733.5  51008.0 50946.1     58   13.102   0      0.000   13.102
63680.0 62016.0 42720.7  0.0   7563840.0 6535736.6 15379136.0  662733.5  51008.0 50946.1     58   13.102   0      0.000   13.102
60544.0 62016.0  0.0   44902.8 7563840.0 1302430.8 15379136.0  677093.1  51008.0 50946.1     59   13.134   0      0.000   13.134
60544.0 62016.0  0.0   44902.8 7563840.0 3624147.4 15379136.0  677093.1  51008.0 50948.2     59   13.134   0      0.000   13.134
60544.0 62016.0  0.0   44902.8 7563840.0 5909075.8 15379136.0  677093.1  51008.0 50948.2     59   13.134   0      0.000   13.134
60544.0 62016.0 33819.8 44902.8 7563840.0 7563840.0 15379136.0  695819.8  51008.0 50948.2     60   13.134   0      0.000   13.134
60544.0 60608.0 34075.8  0.0   7568320.0 886323.2 15379136.0  695819.8  51008.0 50948.2     60   14.600   0      0.000   14.600
60544.0 60608.0 34075.8  0.0   7568320.0 2398454.0 15379136.0  695819.8  51008.0 50948.2     60   14.600   0      0.000   14.600
60544.0 60608.0 34075.8  0.0   7568320.0 5116680.3 15379136.0  695819.8  51008.0 50949.2     60   14.600   0      0.000   14.600
60544.0 60608.0 34075.8  0.0   7568320.0 7235498.5 15379136.0  695819.8  51008.0 50949.2     60   14.600   0      0.000   14.600
59968.0 60608.0  0.0   36641.4 7568320.0 1718071.6 15379136.0  715242.2  51008.0 50949.2     61   14.699   0      0.000   14.699
59968.0 60608.0  0.0   36641.4 7568320.0 3673284.8 15379136.0  715242.2  51008.0 50949.2     61   14.699   0      0.000   14.699
59968.0 60608.0  0.0   36641.4 7568320.0 5857477.1 15379136.0  715242.2  51008.0 50951.6     61   14.699   0      0.000   14.699
59968.0 60608.0  0.0   36641.4 7568320.0 7309024.4 15379136.0  715242.2  51008.0 50951.6     61   14.699   0      0.000   14.699
59968.0 59712.0 46454.4  0.0   7569856.0 953214.2 15379136.0  728885.3  51008.0 50951.6     62   14.738   0      0.000   14.738
59968.0 59712.0 46454.4  0.0   7569856.0 1924508.4 15379136.0  728885.3  51008.0 50951.6     62   14.738   0      0.000   14.738
59968.0 59712.0 46454.4  0.0   7569856.0 3130954.9 15379136.0  728885.3  51008.0 50951.6     62   14.738   0      0.000   14.738
59968.0 59712.0 46454.4  0.0   7569856.0 4108507.9 15379136.0  728885.3  51008.0 50951.8     62   14.738   0      0.000   14.738
59968.0 59712.0 46454.4  0.0   7569856.0 5222462.1 15379136.0  728885.3  51008.0 50951.8     62   14.738   0      0.000   14.738
59968.0 59712.0 46454.4  0.0   7569856.0 7092550.3 15379136.0  728885.3  51008.0 50952.2     62   14.738   0      0.000   14.738
58624.0 59712.0  0.0   39170.3 7569856.0 532246.2 15379136.0  747986.6  51008.0 50952.2     63   15.320   0      0.000   15.320
58624.0 59712.0  0.0   39170.3 7569856.0 2754485.5 15379136.0  747986.6  51008.0 50952.2     63   15.320   0      0.000   15.320
58624.0 59712.0  0.0   39170.3 7569856.0 4857001.5 15379136.0  747986.6  51008.0 50952.2     63   15.320   0      0.000   15.320
58624.0 59712.0  0.0   39170.3 7569856.0 6914567.8 15379136.0  747986.6  51008.0 50952.2     63   15.320   0      0.000   15.320
58624.0 61120.0 18573.8  0.0   7567296.0 532190.7 15379136.0  774684.5  51008.0 50952.2     64   15.354   0      0.000   15.354
58624.0 61120.0 18573.8  0.0   7567296.0 2532092.6 15379136.0  774684.5  51008.0 50952.2     64   15.354   0      0.000   15.354
58624.0 61120.0 18573.8  0.0   7567296.0 4789285.9 15379136.0  774684.5  51008.0 50952.2     64   15.354   0      0.000   15.354
58624.0 61120.0 18573.8  0.0   7567296.0 6052184.1 15379136.0  774684.5  51008.0 50952.2     64   15.354   0      0.000   15.354
60736.0 61120.0  0.0   29904.2 7567296.0 933431.3 15379136.0  784730.2  51008.0 50952.2     65   15.374   0      0.000   15.374
60736.0 61120.0  0.0   29904.2 7567296.0 3092178.8 15379136.0  784730.2  51008.0 50952.2     65   15.374   0      0.000   15.374
60736.0 61120.0  0.0   29904.2 7567296.0 5592141.9 15379136.0  784730.2  51008.0 50952.2     65   15.374   0      0.000   15.374
60736.0 61120.0  0.0   29904.2 7567296.0 7249544.2 15379136.0  784730.2  51008.0 50952.2     65   15.374   0      0.000   15.374
60736.0 59968.0 30926.7  0.0   7568832.0 988082.3 15379136.0  803549.2  51008.0 50952.2     66   15.402   0      0.000   15.402
60736.0 59968.0 30926.7  0.0   7568832.0 2551995.2 15379136.0  803549.2  51008.0 50952.2     66   15.402   0      0.000   15.402
60736.0 59968.0 30926.7  0.0   7568832.0 4239452.0 15379136.0  803549.2  51008.0 50952.2     66   15.402   0      0.000   15.402
60736.0 59968.0 30926.7  0.0   7568832.0 5317191.2 15379136.0  803549.2  51008.0 50952.2     66   15.402   0      0.000   15.402
60736.0 59968.0 30926.7  0.0   7568832.0 5903574.5 15379136.0  803549.2  51008.0 50953.7     66   15.402   0      0.000   15.402
60736.0 59968.0 30926.7  0.0   7568832.0 7284511.7 15379136.0  803549.2  51008.0 50953.9     66   15.402   0      0.000   15.402
60736.0 59968.0 30926.7  0.0   7568832.0 7516799.4 15379136.0  803549.2  51008.0 50953.9     66   15.402   0      0.000   15.402
62208.0 50176.0  0.0   50151.2 7568832.0 908866.8 15379136.0  821206.1  51008.0 50953.9     67   16.148   0      0.000   16.148
62208.0 50176.0  0.0   50151.2 7568832.0 1420879.3 15379136.0  821206.1  51008.0 50953.9     67   16.148   0      0.000   16.148
62208.0 50176.0  0.0   50151.2 7568832.0 2366276.4 15379136.0  821206.1  51008.0 50953.9     67   16.148   0      0.000   16.148
62208.0 50176.0  0.0   50151.2 7568832.0 3611862.6 15379136.0  821206.1  51008.0 50961.9     67   16.148   0      0.000   16.148
62208.0 50176.0  0.0   50151.2 7568832.0 4447572.0 15379136.0  821206.1  51008.0 50961.9     67   16.148   0      0.000   16.148
62208.0 50176.0  0.0   50151.2 7568832.0 5788645.1 15379136.0  821206.1  51008.0 50961.9     67   16.148   0      0.000   16.148
62208.0 50176.0  0.0   50151.2 7568832.0 6941438.2 15379136.0  821206.1  51008.0 50961.9     67   16.148   0      0.000   16.148
62208.0 66944.0 58426.2  0.0   7555648.0 250531.3 15379136.0  835397.0  51008.0 50961.9     68   16.913   0      0.000   16.913
62208.0 66944.0 58426.2  0.0   7555648.0 1385880.8 15379136.0  835397.0  51008.0 50962.5     68   16.913   0      0.000   16.913
62208.0 66944.0 58426.2  0.0   7555648.0 2487027.8 15379136.0  835397.0  51008.0 50962.5     68   16.913   0      0.000   16.913
62208.0 66944.0 58426.2  0.0   7555648.0 3612399.3 15379136.0  835397.0  51008.0 50962.5     68   16.913   0      0.000   16.913
62208.0 66944.0 58426.2  0.0   7555648.0 5191950.1 15379136.0  835397.0  51008.0 50962.5     68   16.913   0      0.000   16.913
62208.0 66944.0 58426.2  0.0   7555648.0 5951737.9 15379136.0  835397.0  51008.0 50962.5     68   16.913   0      0.000   16.913
62208.0 66944.0 58426.2  0.0   7555648.0 7413596.9 15379136.0  835397.0  51008.0 50962.7     68   16.913   0      0.000   16.913
69760.0 55936.0  0.0   55907.3 7555648.0 1434424.4 15379136.0  851499.6  51008.0 50962.7     69   17.339   0      0.000   17.339
69760.0 55936.0  0.0   55907.3 7555648.0 3025336.8 15379136.0  851499.6  51008.0 50962.7     69   17.339   0      0.000   17.339
69760.0 55936.0  0.0   55907.3 7555648.0 3942344.8 15379136.0  851499.6  51008.0 50962.7     69   17.339   0      0.000   17.339
69760.0 55936.0  0.0   55907.3 7555648.0 5162068.8 15379136.0  851499.6  51008.0 50962.7     69   17.339   0      0.000   17.339
69760.0 55936.0  0.0   55907.3 7555648.0 5897695.5 15379136.0  851499.6  51008.0 50962.7     69   17.339   0      0.000   17.339
69760.0 55936.0  0.0   55907.3 7555648.0 6096286.1 15379136.0  851499.6  51008.0 50962.7     69   17.339   0      0.000   17.339
69760.0 55936.0  0.0   55907.3 7555648.0 6598006.8 15379136.0  851499.6  51008.0 50962.7     69   17.339   0      0.000   17.339
69760.0 55936.0 45643.3 55907.3 7555648.0 7555648.0 15379136.0  869412.5  51008.0 50962.7     70   17.339   0      0.000   17.339
69760.0 68160.0 45675.3  0.0   7551616.0 775592.4 15379136.0  869476.1  51008.0 50962.7     70   17.797   0      0.000   17.797
69760.0 68160.0 45675.3  0.0   7551616.0 2037027.3 15379136.0  869476.1  51008.0 50963.0     70   17.797   0      0.000   17.797
69760.0 68160.0 45675.3  0.0   7551616.0 3040500.7 15379136.0  869476.1  51008.0 50963.0     70   17.797   0      0.000   17.797
69760.0 68160.0 45675.3  0.0   7551616.0 4108159.0 15379136.0  869476.1  51008.0 50963.0     70   17.797   0      0.000   17.797
69760.0 68160.0 45675.3  0.0   7551616.0 4987027.8 15379136.0  869476.1  51008.0 50963.0     70   17.797   0      0.000   17.797
69760.0 68160.0 45675.3  0.0   7551616.0 6013499.1 15379136.0  869476.1  51008.0 50963.0     70   17.797   0      0.000   17.797
69760.0 68160.0 45675.3  0.0   7551616.0 7100472.6 15379136.0  869476.1  51008.0 50963.0     70   17.797   0      0.000   17.797
69760.0 68160.0 45675.3 51822.9 7551616.0 7551616.0 15379136.0  881175.4  51008.0 50963.0     71   17.797   0      0.000   17.797
68928.0 68160.0  0.0   51918.9 7551616.0 445825.3 15379136.0  881175.4  51008.0 50963.0     71   19.512   0      0.000   19.512
68928.0 68160.0  0.0   51918.9 7551616.0 1271342.6 15379136.0  881175.4  51008.0 50963.0     71   19.512   0      0.000   19.512
68928.0 68160.0  0.0   51918.9 7551616.0 1644997.4 15379136.0  881175.4  51008.0 50963.0     71   19.512   0      0.000   19.512
68928.0 68160.0  0.0   51918.9 7551616.0 1998776.4 15379136.0  881175.4  51008.0 50963.0     71   19.512   0      0.000   19.512
68928.0 68160.0  0.0   51918.9 7551616.0 2859182.6 15379136.0  881175.4  51008.0 50963.0     71   19.512   0      0.000   19.512
68928.0 68160.0  0.0   51918.9 7551616.0 3860049.3 15379136.0  881175.4  51008.0 50963.0     71   19.512   0      0.000   19.512
68928.0 68160.0  0.0   51918.9 7551616.0 5222500.9 15379136.0  881175.4  51008.0 50963.0     71   19.512   0      0.000   19.512
68928.0 68160.0  0.0   51918.9 7551616.0 7342994.7 15379136.0  881175.4  51008.0 50963.0     71   19.512   0      0.000   19.512
68928.0 68800.0 50473.7  0.0   7551808.0 1633615.1 15379136.0  890463.1  51008.0 50963.0     72   19.547   0      0.000   19.547
68928.0 68800.0 50473.7  0.0   7551808.0 3678991.5 15379136.0  890463.1  51008.0 50963.0     72   19.547   0      0.000   19.547
68928.0 68800.0 50473.7  0.0   7551808.0 6094540.4 15379136.0  890463.1  51008.0 50963.0     72   19.547   0      0.000   19.547
68928.0 68800.0 50473.7 8876.8 7551808.0 7551808.0 15379136.0  897275.7  51008.0 50963.0     73   19.547   0      0.000   19.547
69440.0 26752.0  0.0   26747.6 7551808.0 1600465.0 15379136.0  927063.9  51008.0 50963.6     73   20.658   0      0.000   20.658
69440.0 26752.0  0.0   26747.6 7551808.0 2632443.5 15379136.0  927063.9  51008.0 50964.7     73   20.658   0      0.000   20.658
69440.0 26752.0  0.0   26747.6 7551808.0 3343852.6 15379136.0  927063.9  51008.0 50964.9     73   20.658   0      0.000   20.658
69440.0 26752.0  0.0   26747.6 7551808.0 4814728.9 15379136.0  927063.9  51008.0 50964.9     73   20.658   0      0.000   20.658
69440.0 26752.0  0.0   26747.6 7551808.0 5701271.5 15379136.0  927063.9  51008.0 50964.9     73   20.658   0      0.000   20.658
69440.0 26752.0  0.0   26747.6 7551808.0 6525029.2 15379136.0  927063.9  51008.0 50964.9     73   20.658   0      0.000   20.658
69440.0 26752.0  0.0   26747.6 7551808.0 7330503.5 15379136.0  927063.9  51008.0 50964.9     73   20.658   0      0.000   20.658
69440.0 73600.0 61343.8  0.0   7542336.0 604578.4 15379136.0  935529.6  51008.0 50964.9     74   20.740   0      0.000   20.740
69440.0 73600.0 61343.8  0.0   7542336.0 1183924.5 15379136.0  935529.6  51008.0 50964.9     74   20.740   0      0.000   20.740
69440.0 73600.0 61343.8  0.0   7542336.0 1618916.6 15379136.0  935529.6  51008.0 50964.9     74   20.740   0      0.000   20.740
69440.0 73600.0 61343.8  0.0   7542336.0 2907800.9 15379136.0  935529.6  51008.0 50964.9     74   20.740   0      0.000   20.740
69440.0 73600.0 61343.8  0.0   7542336.0 4531957.3 15379136.0  935529.6  51008.0 50964.9     74   20.740   0      0.000   20.740
69440.0 73600.0 61343.8  0.0   7542336.0 6272389.3 15379136.0  935529.6  51008.0 50964.9     74   20.740   0      0.000   20.740
69440.0 73600.0 61343.8 44908.4 7542336.0 7542336.0 15379136.0  961748.6  51008.0 50964.9     75   20.740   0      0.000   20.740
70848.0 73600.0  0.0   45004.4 7542336.0 629933.1 15379136.0  961748.6  51008.0 50966.4     75   21.521   0      0.000   21.521
70848.0 73600.0  0.0   45004.4 7542336.0 2111682.5 15379136.0  961748.6  51008.0 50966.4     75   21.521   0      0.000   21.521
70848.0 73600.0  0.0   45004.4 7542336.0 3864018.3 15379136.0  961748.6  51008.0 50966.4     75   21.521   0      0.000   21.521
70848.0 73600.0  0.0   45004.4 7542336.0 4419745.9 15379136.0  961748.6  51008.0 50966.4     75   21.521   0      0.000   21.521
70848.0 73600.0  0.0   45004.4 7542336.0 6018663.8 15379136.0  961748.6  51008.0 50966.4     75   21.521   0      0.000   21.521
70848.0 73600.0  0.0   45004.4 7542336.0 7359589.8 15379136.0  961748.6  51008.0 50966.4     75   21.521   0      0.000   21.521
70848.0 68736.0 41881.4  0.0   7549952.0 901063.4 15379136.0  979865.2  51008.0 50966.4     76   22.308   0      0.000   22.308
70848.0 68736.0 41881.4  0.0   7549952.0 1435542.2 15379136.0  979865.2  51008.0 50966.4     76   22.308   0      0.000   22.308
70848.0 68736.0 41881.4  0.0   7549952.0 2162199.3 15379136.0  979865.2  51008.0 50966.4     76   22.308   0      0.000   22.308
70848.0 68736.0 41881.4  0.0   7549952.0 2778158.7 15379136.0  979865.2  51008.0 50968.2     76   22.308   0      0.000   22.308
70848.0 68736.0 41881.4  0.0   7549952.0 3925649.9 15379136.0  979865.2  51008.0 50968.2     76   22.308   0      0.000   22.308
70848.0 68736.0 41881.4  0.0   7549952.0 5181036.7 15379136.0  979865.2  51008.0 50968.2     76   22.308   0      0.000   22.308
70848.0 68736.0 41881.4  0.0   7549952.0 6651788.8 15379136.0  979865.2  51008.0 50968.4     76   22.308   0      0.000   22.308
70464.0 68736.0  0.0   55768.0 7549952.0 433006.9 15379136.0  991043.1  51008.0 50968.4     77   23.216   0      0.000   23.216
70464.0 68736.0  0.0   55768.0 7549952.0 1130745.6 15379136.0  991043.1  51008.0 50968.4     77   23.216   0      0.000   23.216
70464.0 68736.0  0.0   55768.0 7549952.0 1958846.5 15379136.0  991043.1  51008.0 50968.4     77   23.216   0      0.000   23.216
70464.0 68736.0  0.0   55768.0 7549952.0 3371951.3 15379136.0  991043.1  51008.0 50968.4     77   23.216   0      0.000   23.216
70464.0 68736.0  0.0   55768.0 7549952.0 3937966.0 15379136.0  991043.1  51008.0 50968.4     77   23.216   0      0.000   23.216
70464.0 68736.0  0.0   55768.0 7549952.0 4446761.9 15379136.0  991043.1  51008.0 50968.4     77   23.216   0      0.000   23.216
70464.0 68736.0  0.0   55768.0 7549952.0 5308014.1 15379136.0  991043.1  51008.0 50968.4     77   23.216   0      0.000   23.216
70464.0 68736.0  0.0   55768.0 7549952.0 6330909.9 15379136.0  991043.1  51008.0 50969.0     77   23.216   0      0.000   23.216
70464.0 68736.0 53278.5 55768.0 7549952.0 7549952.0 15379136.0  995656.9  51008.0 50969.0     78   23.216   0      0.000   23.216
70464.0 73152.0 59475.9  0.0   7543232.0 475071.3 15379136.0  998696.6  51008.0 50969.0     78   25.194   0      0.000   25.194
70464.0 73152.0 59475.9  0.0   7543232.0 1614456.8 15379136.0  998696.6  51008.0 50969.0     78   25.194   0      0.000   25.194
70464.0 73152.0 59475.9  0.0   7543232.0 3615768.7 15379136.0  998696.6  51008.0 50969.0     78   25.194   0      0.000   25.194
70464.0 73152.0 59475.9  0.0   7543232.0 4911769.0 15379136.0  998696.6  51008.0 50969.0     78   25.194   0      0.000   25.194
70464.0 73152.0 59475.9  0.0   7543232.0 5671662.7 15379136.0  998696.6  51008.0 50969.0     78   25.194   0      0.000   25.194
70464.0 73152.0 59475.9  0.0   7543232.0 6998980.7 15379136.0  998696.6  51008.0 50969.0     78   25.194   0      0.000   25.194
70464.0 73152.0 59475.9 40597.5 7543232.0 7543232.0 15379136.0 1026040.9  51008.0 50969.0     79   25.194   0      0.000   25.194
71616.0 73152.0  0.0   40597.5 7543232.0 1306588.6 15379136.0 1026040.9  51008.0 50969.0     79   26.784   0      0.000   26.784
71616.0 73152.0  0.0   40597.5 7543232.0 2754325.4 15379136.0 1026040.9  51008.0 50969.0     79   26.784   0      0.000   26.784
71616.0 73152.0  0.0   40597.5 7543232.0 4346637.1 15379136.0 1026040.9  51008.0 50969.0     79   26.784   0      0.000   26.784
71616.0 73152.0  0.0   40597.5 7543232.0 5695786.0 15379136.0 1026040.9  51008.0 50969.0     79   26.784   0      0.000   26.784
71616.0 73152.0 42095.0 40597.5 7543232.0 7543232.0 15379136.0 1042230.2  51008.0 50969.4     80   26.784   0      0.000   26.784
71616.0 69760.0 42287.0  0.0   7548160.0 1110214.8 15379136.0 1042230.2  51008.0 50969.4     80   27.511   0      0.000   27.511
71616.0 69760.0 42287.0  0.0   7548160.0 2492832.9 15379136.0 1042230.2  51008.0 50969.4     80   27.511   0      0.000   27.511
71616.0 69760.0 42287.0  0.0   7548160.0 4729238.9 15379136.0 1042230.2  51008.0 50969.4     80   27.511   0      0.000   27.511
71616.0 69760.0 42287.0  0.0   7548160.0 6023494.3 15379136.0 1042230.2  51008.0 50969.8     80   27.511   0      0.000   27.511
69184.0 69760.0  0.0   35249.1 7548160.0 323141.5 15379136.0 1065165.5  51008.0 50970.0     81   28.035   0      0.000   28.035
69184.0 69760.0  0.0   35249.1 7548160.0 2889272.4 15379136.0 1065165.5  51008.0 50970.0     81   28.035   0      0.000   28.035
69184.0 69760.0  0.0   35249.1 7548160.0 4583408.7 15379136.0 1065165.5  51008.0 50970.0     81   28.035   0      0.000   28.035
69184.0 69760.0  0.0   35249.1 7548160.0 5830992.9 15379136.0 1065165.5  51008.0 50970.8     81   28.035   0      0.000   28.035
69184.0 69760.0  0.0   35249.1 7548160.0 6418590.5 15379136.0 1065165.5  51008.0 50970.8     81   28.035   0      0.000   28.035
69184.0 69760.0  0.0   35249.1 7548160.0 7113110.8 15379136.0 1065165.5  51008.0 50970.8     81   28.035   0      0.000   28.035
69184.0 67904.0 47988.0  0.0   7552448.0 969578.6 15379136.0 1080038.9  51008.0 50971.0     82   28.093   0      0.000   28.093
69184.0 67904.0 47988.0  0.0   7552448.0 2280660.8 15379136.0 1080038.9  51008.0 50971.0     82   28.093   0      0.000   28.093
69184.0 67904.0 47988.0  0.0   7552448.0 3664202.4 15379136.0 1080038.9  51008.0 50971.0     82   28.093   0      0.000   28.093
69184.0 67904.0 47988.0  0.0   7552448.0 4928550.3 15379136.0 1080038.9  51008.0 50971.0     82   28.093   0      0.000   28.093
69184.0 67904.0 47988.0  0.0   7552448.0 6219286.7 15379136.0 1080038.9  51008.0 50971.0     82   28.093   0      0.000   28.093
69184.0 67904.0 47988.0  0.0   7552448.0 7296861.0 15379136.0 1080038.9  51008.0 50971.0     82   28.093   0      0.000   28.093
65664.0 67904.0  0.0   45152.3 7552448.0 1788039.1 15379136.0 1103158.6  51008.0 50971.0     83   28.331   0      0.000   28.331
65664.0 67904.0  0.0   45152.3 7552448.0 3993386.8 15379136.0 1103158.6  51008.0 50971.0     83   28.331   0      0.000   28.331
65664.0 67904.0  0.0   45152.3 7552448.0 5206449.4 15379136.0 1103158.6  51008.0 50971.0     83   28.331   0      0.000   28.331
65664.0 67904.0  0.0   45152.3 7552448.0 6988026.2 15379136.0 1103158.6  51008.0 50971.0     83   28.331   0      0.000   28.331
65664.0 64576.0 39616.3  0.0   7559296.0 846598.3 15379136.0 1117732.0  51008.0 50971.0     84   28.436   0      0.000   28.436
65664.0 64576.0 39616.3  0.0   7559296.0 2723852.7 15379136.0 1117732.0  51008.0 50971.0     84   28.436   0      0.000   28.436
65664.0 64576.0 39616.3  0.0   7559296.0 4400070.4 15379136.0 1117732.0  51008.0 50971.0     84   28.436   0      0.000   28.436
65664.0 64576.0 39616.3  0.0   7559296.0 5803803.0 15379136.0 1117732.0  51008.0 50971.0     84   28.436   0      0.000   28.436
65664.0 64576.0 39616.3 30075.6 7559296.0 7559296.0 15379136.0 1126481.7  51008.0 50971.7     85   28.436   0      0.000   28.436
64704.0 64576.0  0.0   32174.0 7559296.0 1872845.0 15379136.0 1138897.0  51008.0 50972.1     85   28.838   0      0.000   28.838
64704.0 64576.0  0.0   32174.0 7559296.0 3647224.3 15379136.0 1138897.0  51008.0 50972.1     85   28.838   0      0.000   28.838
64704.0 64576.0  0.0   32174.0 7559296.0 5791806.7 15379136.0 1138897.0  51008.0 50972.1     85   28.838   0      0.000   28.838
64704.0 64576.0  0.0   32174.0 7559296.0 7246374.5 15379136.0 1138897.0  51008.0 50973.2     85   28.838   0      0.000   28.838
64704.0 64000.0 34939.4  0.0   7560832.0 1420224.0 15379136.0 1151987.7  51008.0 50973.2     86   28.900   0      0.000   28.900
64704.0 64000.0 34939.4  0.0   7560832.0 2776295.1 15379136.0 1151987.7  51008.0 50973.2     86   28.900   0      0.000   28.900
64704.0 64000.0 34939.4  0.0   7560832.0 4870290.2 15379136.0 1151987.7  51008.0 50973.2     86   28.900   0      0.000   28.900
64704.0 64000.0 34939.4  0.0   7560832.0 6894818.7 15379136.0 1151987.7  51008.0 50973.2     86   28.900   0      0.000   28.900
64384.0 64000.0  0.0   27653.5 7560832.0 1142423.8 15379136.0 1167168.1  51008.0 50973.2     87   29.388   0      0.000   29.388
64384.0 64000.0  0.0   27653.5 7560832.0 3218034.5 15379136.0 1167168.1  51008.0 50973.2     87   29.388   0      0.000   29.388
64384.0 64000.0  0.0   27653.5 7560832.0 5469211.5 15379136.0 1167168.1  51008.0 50973.2     87   29.388   0      0.000   29.388
64384.0 62272.0 41698.5  0.0   7562880.0 181222.1 15379136.0 1178870.1  51008.0 50973.2     88   29.428   0      0.000   29.428
64384.0 62272.0 41698.5  0.0   7562880.0 1562767.2 15379136.0 1178870.1  51008.0 50973.2     88   29.428   0      0.000   29.428
64384.0 62272.0 41698.5  0.0   7562880.0 2741829.7 15379136.0 1178870.1  51008.0 50973.6     88   29.428   0      0.000   29.428
64384.0 62272.0 41698.5  0.0   7562880.0 5122762.1 15379136.0 1178870.1  51008.0 50973.6     88   29.428   0      0.000   29.428
64384.0 62272.0 41698.5  0.0   7562880.0 6768651.6 15379136.0 1178870.1  51008.0 50973.6     88   29.428   0      0.000   29.428
61056.0 62272.0  0.0   35790.2 7562880.0 794819.0 15379136.0 1194742.3  51008.0 50973.6     89   30.210   0      0.000   30.210
61056.0 62272.0  0.0   35790.2 7562880.0 2636185.6 15379136.0 1194742.3  51008.0 50973.6     89   30.210   0      0.000   30.210
61056.0 62272.0  0.0   35790.2 7562880.0 3443835.8 15379136.0 1194742.3  51008.0 50974.8     89   30.210   0      0.000   30.210
61056.0 62272.0  0.0   35790.2 7562880.0 5764903.6 15379136.0 1194742.3  51008.0 50976.0     89   30.210   0      0.000   30.210
61056.0 62272.0 28309.2 35790.2 7562880.0 7562880.0 15379136.0 1205982.9  51008.0 50976.6     90   30.210   0      0.000   30.210
61056.0 61056.0 28661.2  0.0   7567424.0 2182390.0 15379136.0 1205982.9  51008.0 50976.6     90   31.630   0      0.000   31.630
61056.0 61056.0 28661.2  0.0   7567424.0 5213354.9 15379136.0 1205982.9  51008.0 50976.6     90   31.630   0      0.000   31.630
61056.0 61056.0 28661.2 36776.1 7567424.0 7567424.0 15379136.0 1231512.2  51008.0 50976.6     91   31.630   0      0.000   31.630
59328.0 61056.0  0.0   36872.1 7567424.0 2426576.8 15379136.0 1231512.2  51008.0 50976.6     91   32.259   0      0.000   32.259
59328.0 61056.0  0.0   36872.1 7567424.0 5428585.4 15379136.0 1231512.2  51008.0 50976.6     91   32.259   0      0.000   32.259
59328.0 61504.0 14375.4  0.0   7566528.0 124573.8 15379136.0 1247702.3  51008.0 50976.6     92   32.306   0      0.000   32.306
59328.0 61504.0 14375.4  0.0   7566528.0 2939357.5 15379136.0 1247702.3  51008.0 50976.6     92   32.306   0      0.000   32.306
59328.0 61504.0 14375.4  0.0   7566528.0 5644720.7 15379136.0 1247702.3  51008.0 50976.6     92   32.306   0      0.000   32.306
59456.0 61504.0  0.0   34241.2 7566528.0 998284.1 15379136.0 1253052.7  51008.0 50976.6     93   32.323   0      0.000   32.323
59456.0 61504.0  0.0   34241.2 7566528.0 3975875.3 15379136.0 1253052.7  51008.0 50976.6     93   32.323   0      0.000   32.323
59456.0 61504.0  0.0   34241.2 7566528.0 6666598.7 15379136.0 1253052.7  51008.0 50976.6     93   32.323   0      0.000   32.323
59456.0 58560.0 28022.4  0.0   7571520.0 1362275.5 15379136.0 1272672.4  51008.0 50976.6     94   32.468   0      0.000   32.468
59456.0 58560.0 28022.4  0.0   7571520.0 3368383.6 15379136.0 1272672.4  51008.0 50976.6     94   32.468   0      0.000   32.468
59456.0 58560.0 28022.4  0.0   7571520.0 4187340.6 15379136.0 1272672.4  51008.0 50976.6     94   32.468   0      0.000   32.468
59456.0 58560.0 28022.4  0.0   7571520.0 5609362.5 15379136.0 1272672.4  51008.0 50976.6     94   32.468   0      0.000   32.468
59456.0 58560.0 28022.4  0.0   7571520.0 6734989.5 15379136.0 1272672.4  51008.0 50976.6     94   32.468   0      0.000   32.468
60480.0 46976.0  0.0   46972.0 7571520.0 417066.3 15379136.0 1282356.4  51008.0 50976.6     95   32.582   0      0.000   32.582
60480.0 46976.0  0.0   46972.0 7571520.0 1939096.8 15379136.0 1282356.4  51008.0 50976.6     95   32.582   0      0.000   32.582
60480.0 46976.0  0.0   46972.0 7571520.0 2866670.3 15379136.0 1282356.4  51008.0 50976.6     95   32.582   0      0.000   32.582
60480.0 46976.0  0.0   46972.0 7571520.0 4472035.1 15379136.0 1282356.4  51008.0 50976.6     95   32.582   0      0.000   32.582
60480.0 46976.0  0.0   46972.0 7571520.0 5596760.1 15379136.0 1282356.4  51008.0 50976.6     95   32.582   0      0.000   32.582
60480.0 46976.0  0.0   46972.0 7571520.0 6195785.0 15379136.0 1282356.4  51008.0 50976.6     95   32.582   0      0.000   32.582
60480.0 46976.0 19976.9 46972.0 7571520.0 7571520.0 15379136.0 1286461.2  51008.0 50976.6     96   32.582   0      0.000   32.582
60480.0 58432.0 37547.6  0.0   7570624.0 407619.7 15379136.0 1304377.3  51008.0 50976.6     96   34.309   0      0.000   34.309
60480.0 58432.0 37547.6  0.0   7570624.0 1231700.9 15379136.0 1304377.3  51008.0 50976.6     96   34.309   0      0.000   34.309
60480.0 58432.0 37547.6  0.0   7570624.0 2269132.6 15379136.0 1304377.3  51008.0 50976.6     96   34.309   0      0.000   34.309
60480.0 58432.0 37547.6  0.0   7570624.0 3394823.1 15379136.0 1304377.3  51008.0 50976.6     96   34.309   0      0.000   34.309
60480.0 58432.0 37547.6  0.0   7570624.0 4407583.6 15379136.0 1304377.3  51008.0 50976.6     96   34.309   0      0.000   34.309
60480.0 58432.0 37547.6  0.0   7570624.0 5689112.2 15379136.0 1304377.3  51008.0 50976.6     96   34.309   0      0.000   34.309
60480.0 58432.0 37547.6  0.0   7570624.0 6981178.3 15379136.0 1304377.3  51008.0 50976.6     96   34.309   0      0.000   34.309
60480.0 58432.0  0.0   58410.9 7570624.0 334485.8 15379136.0 1314150.3  51008.0 50976.6     97   34.908   0      0.000   34.908
60480.0 58432.0  0.0   58410.9 7570624.0 1050274.4 15379136.0 1314150.3  51008.0 50976.6     97   34.908   0      0.000   34.908
60480.0 58432.0  0.0   58410.9 7570624.0 1651759.8 15379136.0 1314150.3  51008.0 50976.6     97   34.908   0      0.000   34.908
60480.0 58432.0  0.0   58410.9 7570624.0 2061784.4 15379136.0 1314150.3  51008.0 50976.6     97   34.908   0      0.000   34.908
60480.0 58432.0  0.0   58410.9 7570624.0 2821143.7 15379136.0 1314150.3  51008.0 50976.6     97   34.908   0      0.000   34.908
60480.0 58432.0  0.0   58410.9 7570624.0 3938600.9 15379136.0 1314150.3  51008.0 50976.6     97   34.908   0      0.000   34.908
60480.0 58432.0  0.0   58410.9 7570624.0 5000633.7 15379136.0 1314150.3  51008.0 50976.6     97   34.908   0      0.000   34.908
60480.0 58432.0  0.0   58410.9 7570624.0 6169605.7 15379136.0 1314150.3  51008.0 50976.6     97   34.908   0      0.000   34.908
60480.0 58432.0  0.0   58410.9 7570624.0 6732580.9 15379136.0 1314150.3  51008.0 50976.6     97   34.908   0      0.000   34.908
60480.0 58432.0  0.0   58410.9 7570624.0 7321376.8 15379136.0 1314150.3  51008.0 50976.6     97   34.908   0      0.000   34.908
60480.0 58432.0 52032.3 58410.9 7570624.0 7570624.0 15379136.0 1324444.4  51008.0 50976.6     98   34.908   0      0.000   34.908
60480.0 69696.0 52384.3  0.0   7550144.0 1878825.3 15379136.0 1324444.4  51008.0 50976.6     98   36.799   0      0.000   36.799
60480.0 69696.0 52384.3  0.0   7550144.0 3554552.8 15379136.0 1324444.4  51008.0 50976.6     98   36.799   0      0.000   36.799
60480.0 69696.0 52384.3  0.0   7550144.0 5066151.4 15379136.0 1324444.4  51008.0 50976.6     98   36.799   0      0.000   36.799
60480.0 69696.0 52384.3  0.0   7550144.0 6268082.3 15379136.0 1324444.4  51008.0 50976.6     98   36.799   0      0.000   36.799
60480.0 69696.0 52384.3  0.0   7550144.0 7448163.6 15379136.0 1324444.4  51008.0 50976.8     98   36.799   0      0.000   36.799
68864.0 69696.0  0.0   29398.1 7550144.0 628078.6 15379136.0 1347188.8  51008.0 50976.8     99   37.339   0      0.000   37.339
68864.0 69696.0  0.0   29398.1 7550144.0 1185271.8 15379136.0 1347188.8  51008.0 50976.8     99   37.339   0      0.000   37.339
68864.0 69696.0  0.0   29398.1 7550144.0 1987227.7 15379136.0 1347188.8  51008.0 50976.8     99   37.339   0      0.000   37.339
68864.0 69696.0  0.0   29398.1 7550144.0 2259292.9 15379136.0 1347188.8  51008.0 50980.9     99   37.339   0      0.000   37.339
68864.0 69696.0  0.0   29398.1 7550144.0 2516459.8 15379136.0 1347188.8  51008.0 50980.9     99   37.339   0      0.000   37.339
68864.0 69696.0  0.0   29398.1 7550144.0 2623181.3 15379136.0 1347188.8  51008.0 50980.9     99   37.339   0      0.000   37.339
68864.0 69696.0  0.0   29398.1 7550144.0 2866835.6 15379136.0 1347188.8  51008.0 50980.9     99   37.339   0      0.000   37.339
68864.0 69696.0  0.0   29398.1 7550144.0 3055638.0 15379136.0 1347188.8  51008.0 50980.9     99   37.339   0      0.000   37.339
68864.0 69696.0  0.0   29398.1 7550144.0 3216535.9 15379136.0 1347188.8  51008.0 50980.9     99   37.339   0      0.000   37.339
68864.0 69696.0  0.0   29398.1 7550144.0 3391274.9 15379136.0 1347188.8  51008.0 50980.9     99   37.339   0      0.000   37.339
68864.0 69696.0  0.0   29398.1 7550144.0 3812844.9 15379136.0 1347188.8  51008.0 50980.9     99   37.339   0      0.000   37.339
68864.0 69696.0  0.0   29398.1 7550144.0 4195281.9 15379136.0 1347188.8  51008.0 50980.9     99   37.339   0      0.000   37.339
68864.0 69696.0  0.0   29398.1 7550144.0 4346546.7 15379136.0 1347188.8  51008.0 50980.9     99   37.339   0      0.000   37.339
68864.0 69696.0  0.0   29398.1 7550144.0 4504677.2 15379136.0 1347188.8  51008.0 50980.9     99   37.339   0      0.000   37.339
68864.0 69696.0  0.0   29398.1 7550144.0 4705312.0 15379136.0 1347188.8  51008.0 50980.9     99   37.339   0      0.000   37.339
68864.0 69696.0  0.0   29398.1 7550144.0 4934137.6 15379136.0 1347188.8  51008.0 50980.9     99   37.339   0      0.000   37.339
68864.0 69696.0  0.0   29398.1 7550144.0 5124463.3 15379136.0 1347188.8  51008.0 50980.9     99   37.339   0      0.000   37.339
68864.0 69696.0  0.0   29398.1 7550144.0 5237947.6 15379136.0 1347188.8  51008.0 50980.9     99   37.339   0      0.000   37.339
68864.0 69696.0  0.0   29398.1 7550144.0 5632325.9 15379136.0 1347188.8  51008.0 50980.9     99   37.339   0      0.000   37.339
68864.0 69696.0  0.0   29398.1 7550144.0 5830272.6 15379136.0 1347188.8  51008.0 50980.9     99   37.339   0      0.000   37.339
68864.0 69696.0  0.0   29398.1 7550144.0 6085979.9 15379136.0 1347188.8  51008.0 50980.9     99   37.339   0      0.000   37.339
68864.0 69696.0  0.0   29398.1 7550144.0 6330417.7 15379136.0 1347188.8  51008.0 50980.9     99   37.339   0      0.000   37.339
68864.0 69696.0  0.0   29398.1 7550144.0 6822173.0 15379136.0 1347188.8  51008.0 50980.9     99   37.339   0      0.000   37.339
68864.0 69696.0  0.0   29398.1 7550144.0 7118772.8 15379136.0 1347188.8  51008.0 50980.9     99   37.339   0      0.000   37.339
68864.0 69696.0  0.0   29398.1 7550144.0 7399561.0 15379136.0 1347188.8  51008.0 50980.9     99   37.339   0      0.000   37.339
68864.0 66880.0 42489.5  0.0   7553792.0 184243.9 15379136.0 1347403.3  51008.0 50980.9    100   37.353   0      0.000   37.353
68864.0 66880.0 42489.5  0.0   7553792.0 311326.1 15379136.0 1347403.3  51008.0 50980.9    100   37.353   0      0.000   37.353
68864.0 66880.0 42489.5  0.0   7553792.0 425720.2 15379136.0 1347403.3  51008.0 50980.9    100   37.353   0      0.000   37.353
68864.0 66880.0 42489.5  0.0   7553792.0 493772.5 15379136.0 1347403.3  51008.0 50980.9    100   37.353   0      0.000   37.353
68864.0 66880.0 42489.5  0.0   7553792.0 695553.3 15379136.0 1347403.3  51008.0 50980.9    100   37.353   0      0.000   37.353
68864.0 66880.0 42489.5  0.0   7553792.0 987732.0 15379136.0 1347403.3  51008.0 50980.9    100   37.353   0      0.000   37.353
68864.0 66880.0 42489.5  0.0   7553792.0 1095195.9 15379136.0 1347403.3  51008.0 50980.9    100   37.353   0      0.000   37.353
68864.0 66880.0 42489.5  0.0   7553792.0 1140610.5 15379136.0 1347403.3  51008.0 50980.9    100   37.353   0      0.000   37.353
68864.0 66880.0 42489.5  0.0   7553792.0 1221851.9 15379136.0 1347403.3  51008.0 50980.9    100   37.353   0      0.000   37.353
68864.0 66880.0 42489.5  0.0   7553792.0 1288020.7 15379136.0 1347403.3  51008.0 50980.9    100   37.353   0      0.000   37.353
68864.0 66880.0 42489.5  0.0   7553792.0 1457412.4 15379136.0 1347403.3  51008.0 50980.9    100   37.353   0      0.000   37.353
68864.0 66880.0 42489.5  0.0   7553792.0 1563395.3 15379136.0 1347403.3  51008.0 50980.9    100   37.353   0      0.000   37.353
68864.0 66880.0 42489.5  0.0   7553792.0 1813949.6 15379136.0 1347403.3  51008.0 50980.9    100   37.353   0      0.000   37.353
68864.0 66880.0 42489.5  0.0   7553792.0 2201574.8 15379136.0 1347403.3  51008.0 50980.9    100   37.353   0      0.000   37.353
68864.0 66880.0 42489.5  0.0   7553792.0 2337379.8 15379136.0 1347403.3  51008.0 50980.9    100   37.353   0      0.000   37.353
68864.0 66880.0 42489.5  0.0   7553792.0 2525062.5 15379136.0 1347403.3  51008.0 50980.9    100   37.353   0      0.000   37.353
68864.0 66880.0 42489.5  0.0   7553792.0 2830994.4 15379136.0 1347403.3  51008.0 50980.9    100   37.353   0      0.000   37.353
68864.0 66880.0 42489.5  0.0   7553792.0 2952232.3 15379136.0 1347403.3  51008.0 50980.9    100   37.353   0      0.000   37.353
68864.0 66880.0 42489.5  0.0   7553792.0 3194795.0 15379136.0 1347403.3  51008.0 50980.9    100   37.353   0      0.000   37.353
68864.0 66880.0 42489.5  0.0   7553792.0 3356519.6 15379136.0 1347403.3  51008.0 50980.9    100   37.353   0      0.000   37.353
68864.0 66880.0 42489.5  0.0   7553792.0 3545975.5 15379136.0 1347403.3  51008.0 50980.9    100   37.353   0      0.000   37.353
68864.0 66880.0 42489.5  0.0   7553792.0 3770211.4 15379136.0 1347403.3  51008.0 50980.9    100   37.353   0      0.000   37.353
68864.0 66880.0 42489.5  0.0   7553792.0 4177376.8 15379136.0 1347403.3  51008.0 50980.9    100   37.353   0      0.000   37.353
68864.0 66880.0 42489.5  0.0   7553792.0 4404455.2 15379136.0 1347403.3  51008.0 50980.9    100   37.353   0      0.000   37.353
68864.0 66880.0 42489.5  0.0   7553792.0 4578950.0 15379136.0 1347403.3  51008.0 50980.9    100   37.353   0      0.000   37.353
68864.0 66880.0 42489.5  0.0   7553792.0 4777848.2 15379136.0 1347403.3  51008.0 50980.9    100   37.353   0      0.000   37.353
68864.0 66880.0 42489.5  0.0   7553792.0 4936267.2 15379136.0 1347403.3  51008.0 50980.9    100   37.353   0      0.000   37.353
68864.0 66880.0 42489.5  0.0   7553792.0 5211157.7 15379136.0 1347403.3  51008.0 50980.9    100   37.353   0      0.000   37.353
68864.0 66880.0 42489.5  0.0   7553792.0 5421506.4 15379136.0 1347403.3  51008.0 50980.9    100   37.353   0      0.000   37.353
68864.0 66880.0 42489.5  0.0   7553792.0 5666434.6 15379136.0 1347403.3  51008.0 50980.9    100   37.353   0      0.000   37.353
68864.0 66880.0 42489.5  0.0   7553792.0 5907445.0 15379136.0 1347403.3  51008.0 50980.9    100   37.353   0      0.000   37.353
68864.0 66880.0 42489.5  0.0   7553792.0 6159016.6 15379136.0 1347403.3  51008.0 50980.9    100   37.353   0      0.000   37.353
68864.0 66880.0 42489.5  0.0   7553792.0 6473664.4 15379136.0 1347403.3  51008.0 50980.9    100   37.353   0      0.000   37.353
68864.0 66880.0 42489.5  0.0   7553792.0 6776035.6 15379136.0 1347403.3  51008.0 50980.9    100   37.353   0      0.000   37.353
68864.0 66880.0 42489.5  0.0   7553792.0 7290333.9 15379136.0 1347403.3  51008.0 50980.9    100   37.353   0      0.000   37.353
68864.0 66880.0 42489.5  0.0   7553792.0 7403591.3 15379136.0 1347403.3  51008.0 50980.9    100   37.353   0      0.000   37.353
66496.0 66880.0  0.0   26940.9 7553792.0 233486.0 15379136.0 1347570.4  51008.0 50980.9    101   37.363   0      0.000   37.363
66496.0 66880.0  0.0   26940.9 7553792.0 473236.9 15379136.0 1347570.4  51008.0 50980.9    101   37.363   0      0.000   37.363
66496.0 66880.0  0.0   26940.9 7553792.0 710285.5 15379136.0 1347570.4  51008.0 50980.9    101   37.363   0      0.000   37.363
66496.0 66880.0  0.0   26940.9 7553792.0 1098749.4 15379136.0 1347570.4  51008.0 50980.9    101   37.363   0      0.000   37.363
66496.0 66880.0  0.0   26940.9 7553792.0 1522275.1 15379136.0 1347570.4  51008.0 50980.9    101   37.363   0      0.000   37.363
66496.0 66880.0  0.0   26940.9 7553792.0 2041387.8 15379136.0 1347570.4  51008.0 50980.9    101   37.363   0      0.000   37.363
66496.0 66880.0  0.0   26940.9 7553792.0 2395883.8 15379136.0 1347570.4  51008.0 50980.9    101   37.363   0      0.000   37.363
66496.0 66880.0  0.0   26940.9 7553792.0 2593118.2 15379136.0 1347570.4  51008.0 50980.9    101   37.363   0      0.000   37.363
66496.0 66880.0  0.0   26940.9 7553792.0 2964083.5 15379136.0 1347570.4  51008.0 50980.9    101   37.363   0      0.000   37.363
66496.0 66880.0  0.0   26940.9 7553792.0 3082155.2 15379136.0 1347570.4  51008.0 50980.9    101   37.363   0      0.000   37.363
66496.0 66880.0  0.0   26940.9 7553792.0 3091082.2 15379136.0 1347570.4  51008.0 50980.9    101   37.363   0      0.000   37.363
66496.0 66880.0  0.0   26940.9 7553792.0 3091373.0 15379136.0 1347570.4  51008.0 50980.9    101   37.363   0      0.000   37.363
66496.0 66880.0  0.0   26940.9 7553792.0 3095850.0 15379136.0 1347570.4  51008.0 50981.5    101   37.363   0      0.000   37.363
66496.0 66880.0  0.0   26940.9 7553792.0 3095865.8 15379136.0 1347570.4  51008.0 50981.5    101   37.363   0      0.000   37.363
66496.0 66880.0  0.0   26940.9 7553792.0 3095887.8 15379136.0 1347570.4  51008.0 50981.5    101   37.363   0      0.000   37.363
66496.0 66880.0  0.0   26940.9 7553792.0 3095908.5 15379136.0 1347570.4  51008.0 50981.5    101   37.363   0      0.000   37.363
66496.0 66880.0  0.0   26940.9 7553792.0 3095949.9 15379136.0 1347570.4  51008.0 50981.5    101   37.363   0      0.000   37.363
66496.0 66880.0  0.0   26940.9 7553792.0 3095973.6 15379136.0 1347570.4  51008.0 50981.5    101   37.363   0      0.000   37.363
66496.0 66880.0  0.0   26940.9 7553792.0 3095992.6 15379136.0 1347570.4  51008.0 50981.5    101   37.363   0      0.000   37.363
66496.0 66880.0  0.0   26940.9 7553792.0 3096008.5 15379136.0 1347570.4  51008.0 50981.5    101   37.363   0      0.000   37.363
66496.0 66880.0  0.0   26940.9 7553792.0 3096032.2 15379136.0 1347570.4  51008.0 50981.5    101   37.363   0      0.000   37.363
66496.0 66880.0  0.0   26940.9 7553792.0 3096074.9 15379136.0 1347570.4  51008.0 50981.5    101   37.363   0      0.000   37.363
66496.0 66880.0  0.0   26940.9 7553792.0 3096090.8 15379136.0 1347570.4  51008.0 50981.5    101   37.363   0      0.000   37.363
66496.0 66880.0  0.0   26940.9 7553792.0 3096117.6 15379136.0 1347570.4  51008.0 50981.5    101   37.363   0      0.000   37.363
66496.0 66880.0  0.0   26940.9 7553792.0 3096135.6 15379136.0 1347570.4  51008.0 50981.5    101   37.363   0      0.000   37.363
66496.0 66880.0  0.0   26940.9 7553792.0 3096156.6 15379136.0 1347570.4  51008.0 50981.5    101   37.363   0      0.000   37.363
66496.0 66880.0  0.0   26940.9 7553792.0 3096203.0 15379136.0 1347570.4  51008.0 50981.5    101   37.363   0      0.000   37.363
66496.0 66880.0  0.0   26940.9 7553792.0 3096225.0 15379136.0 1347570.4  51008.0 50981.5    101   37.363   0      0.000   37.363
66496.0 66880.0  0.0   26940.9 7553792.0 3096240.9 15379136.0 1347570.4  51008.0 50981.8    101   37.363   0      0.000   37.363
66496.0 66880.0  0.0   26940.9 7553792.0 3096264.7 15379136.0 1347570.4  51008.0 50981.8    101   37.363   0      0.000   37.363
66496.0 66880.0  0.0   26940.9 7553792.0 3096280.6 15379136.0 1347570.4  51008.0 50981.8    101   37.363   0      0.000   37.363
66496.0 66880.0  0.0   26940.9 7553792.0 3096320.0 15379136.0 1347570.4  51008.0 50981.8    101   37.363   0      0.000   37.363
66496.0 66880.0  0.0   26940.9 7553792.0 3096345.6 15379136.0 1347570.4  51008.0 50981.8    101   37.363   0      0.000   37.363
66496.0 66880.0  0.0   26940.9 7553792.0 3096364.7 15379136.0 1347570.4  51008.0 50981.8    101   37.363   0      0.000   37.363
66496.0 66880.0  0.0   26940.9 7553792.0 3096380.5 15379136.0 1347570.4  51008.0 50981.8    101   37.363   0      0.000   37.363
66496.0 66880.0  0.0   26940.9 7553792.0 3096404.3 15379136.0 1347570.4  51008.0 50981.9    101   37.363   0      0.000   37.363
66496.0 66880.0  0.0   26940.9 7553792.0 3096446.7 15379136.0 1347570.4  51008.0 50981.9    101   37.363   0      0.000   37.363
66496.0 66880.0  0.0   26940.9 7553792.0 3096468.9 15379136.0 1347570.4  51008.0 50981.9    101   37.363   0      0.000   37.363
66496.0 66880.0  0.0   26940.9 7553792.0 3096489.6 15379136.0 1347570.4  51008.0 50982.2    101   37.363   0      0.000   37.363
66496.0 66880.0  0.0   26940.9 7553792.0 3096505.7 15379136.0 1347570.4  51008.0 50982.2    101   37.363   0      0.000   37.363
66496.0 66880.0  0.0   26940.9 7553792.0 3096528.8 15379136.0 1347570.4  51008.0 50982.2    101   37.363   0      0.000   37.363
66496.0 66880.0  0.0   26940.9 7553792.0 3096572.4 15379136.0 1347570.4  51008.0 50982.2    101   37.363   0      0.000   37.363
66496.0 66880.0  0.0   26940.9 7553792.0 3096591.6 15379136.0 1347570.4  51008.0 50982.5    101   37.363   0      0.000   37.363
66496.0 66880.0  0.0   26940.9 7553792.0 3096612.7 15379136.0 1347570.4  51008.0 50982.9    101   37.363   0      0.000   37.363
66496.0 66880.0  0.0   26940.9 7553792.0 3096636.4 15379136.0 1347570.4  51008.0 50982.9    101   37.363   0      0.000   37.363
66496.0 66880.0  0.0   26940.9 7553792.0 3096651.9 15379136.0 1347570.4  51008.0 50982.9    101   37.363   0      0.000   37.363
