 S0C    S1C    S0U    S1U      EC       EU        OC         OU       PC     PU    YGC     YGCT    FGC    FGCT     GCT   
961152.0 961152.0  0.0    0.0   5767232.0 115344.7 15379136.0    0.0     21248.0 8084.2      0    0.000   0      0.000    0.000
961152.0 961152.0  0.0    0.0   5767232.0 230689.5 15379136.0    0.0     21248.0 13982.0      0    0.000   0      0.000    0.000
961152.0 961152.0  0.0    0.0   5767232.0 230689.5 15379136.0    0.0     21248.0 13983.7      0    0.000   0      0.000    0.000
961152.0 961152.0  0.0    0.0   5767232.0 230689.5 15379136.0    0.0     21248.0 13983.7      0    0.000   0      0.000    0.000
961152.0 961152.0  0.0    0.0   5767232.0 230689.5 15379136.0    0.0     21248.0 13983.7      0    0.000   0      0.000    0.000
961152.0 961152.0  0.0    0.0   5767232.0 230689.5 15379136.0    0.0     21248.0 13983.7      0    0.000   0      0.000    0.000
961152.0 961152.0  0.0    0.0   5767232.0 230689.5 15379136.0    0.0     21248.0 13983.7      0    0.000   0      0.000    0.000
961152.0 961152.0  0.0    0.0   5767232.0 230689.5 15379136.0    0.0     21248.0 13983.7      0    0.000   0      0.000    0.000
961152.0 961152.0  0.0    0.0   5767232.0 230689.5 15379136.0    0.0     21248.0 13983.7      0    0.000   0      0.000    0.000
961152.0 961152.0  0.0    0.0   5767232.0 230689.5 15379136.0    0.0     21248.0 16682.0      0    0.000   0      0.000    0.000
961152.0 961152.0  0.0    0.0   5767232.0 3460729.5 15379136.0    0.0     32192.0 31445.3      0    0.000   0      0.000    0.000
961152.0 961152.0  0.0    0.0   5767232.0 5421941.3 15379136.0    0.0     37760.0 37290.7      0    0.000   0      0.000    0.000
961152.0 961152.0  0.0    0.0   5767232.0 5537286.0 15379136.0    0.0     39488.0 39306.1      0    0.000   0      0.000    0.000
961152.0 961152.0  0.0   105264.9 5767232.0   0.0    15379136.0    0.0     48896.0 48817.8      1    0.060   0      0.000    0.060
961152.0 961152.0  0.0   105264.9 5767232.0 3295056.4 15379136.0    0.0     50432.0 50407.7      1    0.060   0      0.000    0.060
961152.0 961152.0  0.0   105264.9 5767232.0 4184702.6 15379136.0    0.0     50624.0 50447.5      1    0.060   0      0.000    0.060
961152.0 961152.0  0.0   105264.9 5767232.0 4891511.1 15379136.0    0.0     50624.0 50569.0      1    0.060   0      0.000    0.060
961152.0 961152.0  0.0   105264.9 5767232.0 5713451.7 15379136.0    0.0     50624.0 50597.9      1    0.060   0      0.000    0.060
961152.0 961152.0 137966.9  0.0   5767232.0 1154724.0 15379136.0    0.0     50624.0 50607.9      2    0.101   0      0.000    0.101
961152.0 961152.0 137966.9  0.0   5767232.0 1859781.9 15379136.0    0.0     50816.0 50633.5      2    0.101   0      0.000    0.101
961152.0 961152.0 137966.9  0.0   5767232.0 2619829.6 15379136.0    0.0     50816.0 50664.3      2    0.101   0      0.000    0.101
961152.0 961152.0 137966.9  0.0   5767232.0 3484425.2 15379136.0    0.0     50816.0 50681.3      2    0.101   0      0.000    0.101
961152.0 961152.0 137966.9  0.0   5767232.0 4247236.1 15379136.0    0.0     50816.0 50688.8      2    0.101   0      0.000    0.101
961152.0 961152.0 137966.9  0.0   5767232.0 4868880.2 15379136.0    0.0     50816.0 50713.9      2    0.101   0      0.000    0.101
961152.0 961152.0 137966.9  0.0   5767232.0 5623363.4 15379136.0    0.0     50816.0 50733.3      2    0.101   0      0.000    0.101
961152.0 961152.0  0.0   137294.4 5767232.0 936188.7 15379136.0    0.0     50816.0 50736.3      3    0.134   0      0.000    0.134
961152.0 961152.0  0.0   137294.4 5767232.0 1636261.0 15379136.0    0.0     50816.0 50741.7      3    0.134   0      0.000    0.134
961152.0 961152.0  0.0   137294.4 5767232.0 2412623.5 15379136.0    0.0     50816.0 50744.2      3    0.134   0      0.000    0.134
961152.0 961152.0  0.0   137294.4 5767232.0 3122986.7 15379136.0    0.0     50816.0 50765.2      3    0.134   0      0.000    0.134
961152.0 961152.0  0.0   137294.4 5767232.0 3845854.0 15379136.0    0.0     50816.0 50785.0      3    0.134   0      0.000    0.134
961152.0 961152.0  0.0   137294.4 5767232.0 4648174.3 15379136.0    0.0     50816.0 50785.7      3    0.134   0      0.000    0.134
961152.0 961152.0  0.0   137294.4 5767232.0 5329905.8 15379136.0    0.0     50816.0 50789.0      3    0.134   0      0.000    0.134
961152.0 961152.0 137319.6  0.0   5767232.0 526669.2 15379136.0    0.0     50816.0 50795.4      4    0.170   0      0.000    0.170
961152.0 961152.0 137319.6  0.0   5767232.0 1205747.2 15379136.0    0.0     50816.0 50795.6      4    0.170   0      0.000    0.170
961152.0 961152.0 137319.6  0.0   5767232.0 1845926.6 15379136.0    0.0     50816.0 50796.5      4    0.170   0      0.000    0.170
961152.0 961152.0 137319.6  0.0   5767232.0 2590394.5 15379136.0    0.0     50816.0 50797.6      4    0.170   0      0.000    0.170
961152.0 961152.0 137319.6  0.0   5767232.0 3346598.2 15379136.0    0.0     50816.0 50798.1      4    0.170   0      0.000    0.170
961152.0 961152.0 137319.6  0.0   5767232.0 4063418.2 15379136.0    0.0     50816.0 50807.6      4    0.170   0      0.000    0.170
961152.0 961152.0 137319.6  0.0   5767232.0 4683808.1 15379136.0    0.0     51008.0 50816.2      4    0.170   0      0.000    0.170
961152.0 961152.0 137319.6  0.0   5767232.0 5420731.4 15379136.0    0.0     51008.0 50817.8      4    0.170   0      0.000    0.170
155456.0 961152.0  0.0   136993.0 5767232.0 691469.1 15379136.0    0.0     51008.0 50818.7      5    0.206   0      0.000    0.206
155456.0 961152.0  0.0   136993.0 5767232.0 1362300.3 15379136.0    0.0     51008.0 50818.9      5    0.206   0      0.000    0.206
155456.0 961152.0  0.0   136993.0 5767232.0 2026410.7 15379136.0    0.0     51008.0 50867.9      5    0.206   0      0.000    0.206
155456.0 961152.0  0.0   136993.0 5767232.0 2636565.4 15379136.0    0.0     51008.0 50927.2      5    0.206   0      0.000    0.206
155456.0 961152.0  0.0   136993.0 5767232.0 3532939.9 15379136.0    0.0     51200.0 51076.7      5    0.206   0      0.000    0.206
155456.0 961152.0  0.0   136993.0 5767232.0 4082741.6 15379136.0    0.0     51200.0 51098.7      5    0.206   0      0.000    0.206
155456.0 961152.0  0.0   136993.0 5767232.0 4907928.9 15379136.0    0.0     51200.0 51110.5      5    0.206   0      0.000    0.206
155456.0 961152.0  0.0   136993.0 5767232.0 5539968.5 15379136.0    0.0     51200.0 51110.7      5    0.206   0      0.000    0.206
155456.0 151616.0 130622.0  0.0   7382464.0 329622.5 15379136.0    0.0     51200.0 51111.5      6    0.244   0      0.000    0.244
155456.0 151616.0 130622.0  0.0   7382464.0 1123802.8 15379136.0    0.0     51200.0 51140.6      6    0.244   0      0.000    0.244
155456.0 151616.0 130622.0  0.0   7382464.0 1630626.7 15379136.0    0.0     51200.0 51140.6      6    0.244   0      0.000    0.244
155456.0 151616.0 130622.0  0.0   7382464.0 2154021.7 15379136.0    0.0     51200.0 51142.1      6    0.244   0      0.000    0.244
155456.0 151616.0 130622.0  0.0   7382464.0 2584715.1 15379136.0    0.0     51200.0 51142.1      6    0.244   0      0.000    0.244
155456.0 151616.0 130622.0  0.0   7382464.0 3066922.8 15379136.0    0.0     51200.0 51142.1      6    0.244   0      0.000    0.244
155456.0 151616.0 130622.0  0.0   7382464.0 3562767.1 15379136.0    0.0     51200.0 51142.1      6    0.244   0      0.000    0.244
155456.0 151616.0 130622.0  0.0   7382464.0 4094307.4 15379136.0    0.0     51200.0 51142.1      6    0.244   0      0.000    0.244
155456.0 151616.0 130622.0  0.0   7382464.0 4692063.3 15379136.0    0.0     51200.0 51142.6      6    0.244   0      0.000    0.244
155456.0 151616.0 130622.0  0.0   7382464.0 5226935.6 15379136.0    0.0     51200.0 51143.0      6    0.244   0      0.000    0.244
155456.0 151616.0 130622.0  0.0   7382464.0 5749934.5 15379136.0    0.0     51200.0 51143.0      6    0.244   0      0.000    0.244
155456.0 151616.0 130622.0  0.0   7382464.0 6195392.2 15379136.0    0.0     51200.0 51143.0      6    0.244   0      0.000    0.244
155456.0 151616.0 130622.0  0.0   7382464.0 6638680.2 15379136.0    0.0     51200.0 51144.4      6    0.244   0      0.000    0.244
155456.0 151616.0 130622.0  0.0   7382464.0 7011650.2 15379136.0    0.0     51200.0 51145.1      6    0.244   0      0.000    0.244
155456.0 151616.0 130622.0  0.0   7382464.0 7377985.8 15379136.0    0.0     51200.0 51147.2      6    0.244   0      0.000    0.244
161280.0 74112.0  0.0   74059.9 7382464.0 642878.3 15379136.0  64766.5   51200.0 51147.2      7    0.291   0      0.000    0.291
161280.0 74112.0  0.0   74059.9 7382464.0 1298518.7 15379136.0  64766.5   51200.0 51153.9      7    0.291   0      0.000    0.291
161280.0 74112.0  0.0   74059.9 7382464.0 1826810.3 15379136.0  64766.5   51200.0 51154.7      7    0.291   0      0.000    0.291
161280.0 74112.0  0.0   74059.9 7382464.0 2271298.9 15379136.0  64766.5   51200.0 51155.4      7    0.291   0      0.000    0.291
161280.0 74112.0  0.0   74059.9 7382464.0 2766919.7 15379136.0  64766.5   51200.0 51156.0      7    0.291   0      0.000    0.291
161280.0 74112.0  0.0   74059.9 7382464.0 3214466.9 15379136.0  64766.5   51200.0 51156.0      7    0.291   0      0.000    0.291
161280.0 74112.0  0.0   74059.9 7382464.0 3544591.7 15379136.0  64766.5   51200.0 51158.8      7    0.291   0      0.000    0.291
161280.0 74112.0  0.0   74059.9 7382464.0 4065814.6 15379136.0  64766.5   51200.0 51159.8      7    0.291   0      0.000    0.291
161280.0 74112.0  0.0   74059.9 7382464.0 4530181.5 15379136.0  64766.5   51200.0 51169.2      7    0.291   0      0.000    0.291
161280.0 74112.0  0.0   74059.9 7382464.0 4967709.8 15379136.0  64766.5   51200.0 51177.8      7    0.291   0      0.000    0.291
161280.0 74112.0  0.0   74059.9 7382464.0 5279298.8 15379136.0  64766.5   51200.0 51178.7      7    0.291   0      0.000    0.291
161280.0 74112.0  0.0   74059.9 7382464.0 5608920.4 15379136.0  64766.5   51200.0 51179.0      7    0.291   0      0.000    0.291
161280.0 74112.0  0.0   74059.9 7382464.0 5986872.9 15379136.0  64766.5   51200.0 51180.4      7    0.291   0      0.000    0.291
161280.0 74112.0  0.0   74059.9 7382464.0 6251550.1 15379136.0  64766.5   51200.0 51181.2      7    0.291   0      0.000    0.291
161280.0 74112.0  0.0   74059.9 7382464.0 6595119.3 15379136.0  64766.5   51200.0 51181.5      7    0.291   0      0.000    0.291
161280.0 74112.0  0.0   74059.9 7382464.0 6937432.4 15379136.0  64766.5   51200.0 51181.5      7    0.291   0      0.000    0.291
161280.0 74112.0  0.0   74059.9 7382464.0 7225128.3 15379136.0  64766.5   51200.0 51181.5      7    0.291   0      0.000    0.291
161280.0 165760.0 76678.0  0.0   7358016.0 283110.7 15379136.0  64822.5   51200.0 51181.7      8    0.307   0      0.000    0.307
161280.0 165760.0 76678.0  0.0   7358016.0 573053.6 15379136.0  64822.5   51200.0 51182.4      8    0.307   0      0.000    0.307
161280.0 165760.0 76678.0  0.0   7358016.0 854707.9 15379136.0  64822.5   51200.0 51182.4      8    0.307   0      0.000    0.307
161280.0 165760.0 76678.0  0.0   7358016.0 1103903.8 15379136.0  64822.5   51200.0 51182.4      8    0.307   0      0.000    0.307
161280.0 165760.0 76678.0  0.0   7358016.0 1348789.6 15379136.0  64822.5   51200.0 51182.4      8    0.307   0      0.000    0.307
161280.0 165760.0 76678.0  0.0   7358016.0 1693203.1 15379136.0  64822.5   51200.0 51182.4      8    0.307   0      0.000    0.307
161280.0 165760.0 76678.0  0.0   7358016.0 2021456.6 15379136.0  64822.5   51200.0 51185.8      8    0.307   0      0.000    0.307
161280.0 165760.0 76678.0  0.0   7358016.0 2298461.4 15379136.0  64822.5   51200.0 51185.8      8    0.307   0      0.000    0.307
161280.0 165760.0 76678.0  0.0   7358016.0 2541621.7 15379136.0  64822.5   51200.0 51185.8      8    0.307   0      0.000    0.307
161280.0 165760.0 76678.0  0.0   7358016.0 2874598.9 15379136.0  64822.5   51200.0 51185.8      8    0.307   0      0.000    0.307
161280.0 165760.0 76678.0  0.0   7358016.0 3140025.0 15379136.0  64822.5   51200.0 51185.8      8    0.307   0      0.000    0.307
161280.0 165760.0 76678.0  0.0   7358016.0 3446199.0 15379136.0  64822.5   51200.0 51186.5      8    0.307   0      0.000    0.307
161280.0 165760.0 76678.0  0.0   7358016.0 3756153.7 15379136.0  64822.5   51200.0 51186.5      8    0.307   0      0.000    0.307
161280.0 165760.0 76678.0  0.0   7358016.0 3988616.8 15379136.0  64822.5   51200.0 51186.5      8    0.307   0      0.000    0.307
161280.0 165760.0 76678.0  0.0   7358016.0 4276442.5 15379136.0  64822.5   51200.0 51186.5      8    0.307   0      0.000    0.307
161280.0 165760.0 76678.0  0.0   7358016.0 4754041.2 15379136.0  64822.5   51200.0 51187.9      8    0.307   0      0.000    0.307
161280.0 165760.0 76678.0  0.0   7358016.0 5135717.2 15379136.0  64822.5   51200.0 51188.6      8    0.307   0      0.000    0.307
161280.0 165760.0 76678.0  0.0   7358016.0 5448006.1 15379136.0  64822.5   51200.0 51189.1      8    0.307   0      0.000    0.307
161280.0 165760.0 76678.0  0.0   7358016.0 5803321.0 15379136.0  64822.5   51200.0 51189.3      8    0.307   0      0.000    0.307
161280.0 165760.0 76678.0  0.0   7358016.0 6086083.4 15379136.0  64822.5   51200.0 51189.3      8    0.307   0      0.000    0.307
161280.0 165760.0 76678.0  0.0   7358016.0 6387756.2 15379136.0  64822.5   51200.0 51189.3      8    0.307   0      0.000    0.307
161280.0 165760.0 76678.0  0.0   7358016.0 6706778.7 15379136.0  64822.5   51200.0 51189.3      8    0.307   0      0.000    0.307
161280.0 165760.0 76678.0  0.0   7358016.0 7073882.6 15379136.0  64822.5   51200.0 51189.3      8    0.307   0      0.000    0.307
161280.0 165760.0 76678.0  0.0   7358016.0 7313623.1 15379136.0  64822.5   51200.0 51189.3      8    0.307   0      0.000    0.307
168512.0 73536.0  0.0   73521.6 7358016.0 239800.2 15379136.0  69651.4   51200.0 51189.3      9    0.325   0      0.000    0.325
168512.0 73536.0  0.0   73521.6 7358016.0 653441.5 15379136.0  69651.4   51200.0 51190.6      9    0.325   0      0.000    0.325
168512.0 73536.0  0.0   73521.6 7358016.0 800633.0 15379136.0  69651.4   51200.0 51190.6      9    0.325   0      0.000    0.325
168512.0 73536.0  0.0   73521.6 7358016.0 1041920.2 15379136.0  69651.4   51200.0 51190.6      9    0.325   0      0.000    0.325
168512.0 73536.0  0.0   73521.6 7358016.0 1508325.7 15379136.0  69651.4   51200.0 51190.8      9    0.325   0      0.000    0.325
168512.0 73536.0  0.0   73521.6 7358016.0 1954557.2 15379136.0  69651.4   51200.0 51191.2      9    0.325   0      0.000    0.325
168512.0 73536.0  0.0   73521.6 7358016.0 2654280.0 15379136.0  69651.4   51200.0 51191.2      9    0.325   0      0.000    0.325
168512.0 73536.0  0.0   73521.6 7358016.0 3309439.7 15379136.0  69651.4   51200.0 51191.2      9    0.325   0      0.000    0.325
168512.0 73536.0  0.0   73521.6 7358016.0 4008622.8 15379136.0  69651.4   51200.0 51191.4      9    0.325   0      0.000    0.325
168512.0 73536.0  0.0   73521.6 7358016.0 4684709.9 15379136.0  69651.4   51200.0 51191.8      9    0.325   0      0.000    0.325
168512.0 73536.0  0.0   73521.6 7358016.0 5389084.8 15379136.0  69651.4   51200.0 51191.8      9    0.325   0      0.000    0.325
168512.0 73536.0  0.0   73521.6 7358016.0 6115534.7 15379136.0  69651.4   51200.0 51194.5      9    0.325   0      0.000    0.325
168512.0 73536.0  0.0   73521.6 7358016.0 6767828.7 15379136.0  69651.4   51200.0 51195.6      9    0.325   0      0.000    0.325
168512.0 73536.0  0.0   73521.6 7358016.0 7330873.8 15379136.0  69651.4   51200.0 51195.6      9    0.325   0      0.000    0.325
168512.0 170432.0 68522.0  0.0   7348672.0 547753.0 15379136.0  75166.7   51200.0 51195.6     10    0.341   0      0.000    0.341
168512.0 170432.0 68522.0  0.0   7348672.0 1218111.7 15379136.0  75166.7   51200.0 51197.7     10    0.341   0      0.000    0.341
168512.0 170432.0 68522.0  0.0   7348672.0 1820789.3 15379136.0  75166.7   51200.0 51198.2     10    0.341   0      0.000    0.341
168512.0 170432.0 68522.0  0.0   7348672.0 2217867.1 15379136.0  75166.7   51200.0 51199.0     10    0.341   0      0.000    0.341
168512.0 170432.0 68522.0  0.0   7348672.0 2632984.1 15379136.0  75166.7   51392.0 51201.9     10    0.341   0      0.000    0.341
168512.0 170432.0 68522.0  0.0   7348672.0 3205534.6 15379136.0  75166.7   51392.0 51203.5     10    0.341   0      0.000    0.341
168512.0 170432.0 68522.0  0.0   7348672.0 3803626.7 15379136.0  75166.7   51392.0 51204.2     10    0.341   0      0.000    0.341
168512.0 170432.0 68522.0  0.0   7348672.0 4426552.2 15379136.0  75166.7   51392.0 51206.0     10    0.341   0      0.000    0.341
168512.0 170432.0 68522.0  0.0   7348672.0 5130224.3 15379136.0  75166.7   51392.0 51208.5     10    0.341   0      0.000    0.341
168512.0 170432.0 68522.0  0.0   7348672.0 5827218.4 15379136.0  75166.7   51392.0 51208.5     10    0.341   0      0.000    0.341
168512.0 170432.0 68522.0  0.0   7348672.0 6514630.0 15379136.0  75166.7   51392.0 51209.3     10    0.341   0      0.000    0.341
168512.0 170432.0 68522.0  0.0   7348672.0 7214205.7 15379136.0  75166.7   51392.0 51210.1     10    0.341   0      0.000    0.341
171712.0 63872.0  0.0   63825.3 7348672.0 643171.2 15379136.0  80560.0   51392.0 51210.2     11    0.355   0      0.000    0.355
171712.0 63872.0  0.0   63825.3 7348672.0 1351474.1 15379136.0  80560.0   51392.0 51212.4     11    0.355   0      0.000    0.355
171712.0 63872.0  0.0   63825.3 7348672.0 1971522.0 15379136.0  80560.0   51392.0 51212.4     11    0.355   0      0.000    0.355
171712.0 63872.0  0.0   63825.3 7348672.0 2567729.8 15379136.0  80560.0   51392.0 51212.8     11    0.355   0      0.000    0.355
171712.0 63872.0  0.0   63825.3 7348672.0 3455985.9 15379136.0  80560.0   51392.0 51213.0     11    0.355   0      0.000    0.355
171712.0 63872.0  0.0   63825.3 7348672.0 4169982.0 15379136.0  80560.0   51392.0 51213.2     11    0.355   0      0.000    0.355
171712.0 63872.0  0.0   63825.3 7348672.0 4854443.1 15379136.0  80560.0   51392.0 51213.2     11    0.355   0      0.000    0.355
171712.0 63872.0  0.0   63825.3 7348672.0 5558390.0 15379136.0  80560.0   51392.0 51213.2     11    0.355   0      0.000    0.355
171712.0 63872.0  0.0   63825.3 7348672.0 6230837.3 15379136.0  80560.0   51392.0 51213.2     11    0.355   0      0.000    0.355
171712.0 63872.0  0.0   63825.3 7348672.0 6920885.3 15379136.0  80560.0   51392.0 51213.2     11    0.355   0      0.000    0.355
171712.0 172096.0 61442.1  0.0   7345344.0 208979.6 15379136.0  82577.9   51392.0 51213.8     12    0.368   0      0.000    0.368
171712.0 172096.0 61442.1  0.0   7345344.0 911157.7 15379136.0  82577.9   51392.0 51216.6     12    0.368   0      0.000    0.368
171712.0 172096.0 61442.1  0.0   7345344.0 1811665.0 15379136.0  82577.9   51392.0 51218.8     12    0.368   0      0.000    0.368
171712.0 172096.0 61442.1  0.0   7345344.0 2500536.5 15379136.0  82577.9   51392.0 51219.5     12    0.368   0      0.000    0.368
171712.0 172096.0 61442.1  0.0   7345344.0 3197459.5 15379136.0  82577.9   51392.0 51219.5     12    0.368   0      0.000    0.368
171712.0 172096.0 61442.1  0.0   7345344.0 3846715.3 15379136.0  82577.9   51392.0 51219.5     12    0.368   0      0.000    0.368
171712.0 172096.0 61442.1  0.0   7345344.0 4541314.6 15379136.0  82577.9   51392.0 51223.1     12    0.368   0      0.000    0.368
171712.0 172096.0 61442.1  0.0   7345344.0 5221936.9 15379136.0  82577.9   51392.0 51223.5     12    0.368   0      0.000    0.368
171712.0 172096.0 61442.1  0.0   7345344.0 5934689.2 15379136.0  82577.9   51392.0 51223.5     12    0.368   0      0.000    0.368
171712.0 172096.0 61442.1  0.0   7345344.0 6646107.5 15379136.0  82577.9   51392.0 51224.4     12    0.368   0      0.000    0.368
171712.0 172096.0 61442.1  0.0   7345344.0 7317987.6 15379136.0  82577.9   51392.0 51225.0     12    0.368   0      0.000    0.368
170816.0 172096.0  0.0   64531.2 7345344.0 750572.9 15379136.0  86899.5   51392.0 51225.2     13    0.382   0      0.000    0.382
170816.0 172096.0  0.0   64531.2 7345344.0 1457013.5 15379136.0  86899.5   51392.0 51226.5     13    0.382   0      0.000    0.382
170816.0 172096.0  0.0   64531.2 7345344.0 2141697.9 15379136.0  86899.5   51392.0 51226.8     13    0.382   0      0.000    0.382
170816.0 172096.0  0.0   64531.2 7345344.0 2810838.9 15379136.0  86899.5   51392.0 51228.0     13    0.382   0      0.000    0.382
170816.0 172096.0  0.0   64531.2 7345344.0 3444137.7 15379136.0  86899.5   51392.0 51228.6     13    0.382   0      0.000    0.382
170816.0 172096.0  0.0   64531.2 7345344.0 4094499.3 15379136.0  86899.5   51392.0 51229.3     13    0.382   0      0.000    0.382
170816.0 172096.0  0.0   64531.2 7345344.0 4772767.9 15379136.0  86899.5   51392.0 51230.1     13    0.382   0      0.000    0.382
170816.0 172096.0  0.0   64531.2 7345344.0 5560293.8 15379136.0  86899.5   51392.0 51231.0     13    0.382   0      0.000    0.382
170816.0 172096.0  0.0   64531.2 7345344.0 6226397.1 15379136.0  86899.5   51392.0 51231.0     13    0.382   0      0.000    0.382
170816.0 172096.0  0.0   64531.2 7345344.0 6814607.4 15379136.0  86899.5   51392.0 51231.0     13    0.382   0      0.000    0.382
170816.0 170432.0 54349.4  0.0   7348288.0 189227.4 15379136.0  91525.2   51392.0 51235.5     14    0.394   0      0.000    0.394
170816.0 170432.0 54349.4  0.0   7348288.0 1041196.4 15379136.0  91525.2   51392.0 51244.7     14    0.394   0      0.000    0.394
170816.0 170432.0 54349.4  0.0   7348288.0 1767123.9 15379136.0  91525.2   51392.0 51244.7     14    0.394   0      0.000    0.394
170816.0 170432.0 54349.4  0.0   7348288.0 2217755.6 15379136.0  91525.2   51392.0 51244.7     14    0.394   0      0.000    0.394
170816.0 170432.0 54349.4  0.0   7348288.0 2771519.1 15379136.0  91525.2   51392.0 51244.7     14    0.394   0      0.000    0.394
170816.0 170432.0 54349.4  0.0   7348288.0 3375453.3 15379136.0  91525.2   51392.0 51252.7     14    0.394   0      0.000    0.394
170816.0 170432.0 54349.4  0.0   7348288.0 4325708.0 15379136.0  91525.2   51392.0 51261.4     14    0.394   0      0.000    0.394
170816.0 170432.0 54349.4  0.0   7348288.0 5007077.8 15379136.0  91525.2   51392.0 51261.4     14    0.394   0      0.000    0.394
170816.0 170432.0 54349.4  0.0   7348288.0 5627369.1 15379136.0  91525.2   51392.0 51262.2     14    0.394   0      0.000    0.394
170816.0 170432.0 54349.4  0.0   7348288.0 6146361.6 15379136.0  91525.2   51392.0 51262.2     14    0.394   0      0.000    0.394
170816.0 170432.0 54349.4  0.0   7348288.0 6876015.3 15379136.0  91525.2   51392.0 51268.6     14    0.394   0      0.000    0.394
166592.0 170432.0  0.0   67907.5 7348288.0 131883.7 15379136.0  97969.5   51392.0 51268.9     15    0.412   0      0.000    0.412
166592.0 170432.0  0.0   67907.5 7348288.0 1016597.5 15379136.0  97969.5   51392.0 51269.3     15    0.412   0      0.000    0.412
166592.0 170432.0  0.0   67907.5 7348288.0 1702125.4 15379136.0  97969.5   51392.0 51269.3     15    0.412   0      0.000    0.412
166592.0 170432.0  0.0   67907.5 7348288.0 2351340.9 15379136.0  97969.5   51392.0 51272.9     15    0.412   0      0.000    0.412
166592.0 170432.0  0.0   67907.5 7348288.0 3220583.5 15379136.0  97969.5   51392.0 51272.9     15    0.412   0      0.000    0.412
166592.0 170432.0  0.0   67907.5 7348288.0 3946267.7 15379136.0  97969.5   51392.0 51272.9     15    0.412   0      0.000    0.412
166592.0 170432.0  0.0   67907.5 7348288.0 4658456.1 15379136.0  97969.5   51392.0 51272.9     15    0.412   0      0.000    0.412
166592.0 170432.0  0.0   67907.5 7348288.0 5352169.9 15379136.0  97969.5   51392.0 51273.2     15    0.412   0      0.000    0.412
166592.0 170432.0  0.0   67907.5 7348288.0 6007998.0 15379136.0  97969.5   51392.0 51273.5     15    0.412   0      0.000    0.412
166592.0 170432.0  0.0   67907.5 7348288.0 6728831.5 15379136.0  97969.5   51392.0 51273.5     15    0.412   0      0.000    0.412
166592.0 162944.0 65789.7  0.0   7360000.0 149687.7 15379136.0  116021.6  51392.0 51273.9     16    0.438   0      0.000    0.438
166592.0 162944.0 65789.7  0.0   7360000.0 837350.5 15379136.0  116021.6  51392.0 51273.9     16    0.438   0      0.000    0.438
166592.0 162944.0 65789.7  0.0   7360000.0 1549258.7 15379136.0  116021.6  51392.0 51275.3     16    0.438   0      0.000    0.438
166592.0 162944.0 65789.7  0.0   7360000.0 2177066.8 15379136.0  116021.6  51392.0 51275.3     16    0.438   0      0.000    0.438
166592.0 162944.0 65789.7  0.0   7360000.0 2789375.0 15379136.0  116021.6  51392.0 51275.3     16    0.438   0      0.000    0.438
166592.0 162944.0 65789.7  0.0   7360000.0 3491553.3 15379136.0  116021.6  51392.0 51276.0     16    0.438   0      0.000    0.438
166592.0 162944.0 65789.7  0.0   7360000.0 4367344.2 15379136.0  116021.6  51392.0 51354.9     16    0.438   0      0.000    0.438
166592.0 162944.0 65789.7  0.0   7360000.0 5049628.5 15379136.0  116021.6  51392.0 51354.9     16    0.438   0      0.000    0.438
166592.0 162944.0 65789.7  0.0   7360000.0 5938672.7 15379136.0  116021.6  51392.0 51354.9     16    0.438   0      0.000    0.438
166592.0 162944.0 65789.7  0.0   7360000.0 6580353.2 15379136.0  116021.6  51392.0 51356.4     16    0.438   0      0.000    0.438
166592.0 162944.0 65789.7  0.0   7360000.0 7266081.9 15379136.0  116021.6  51392.0 51356.4     16    0.438   0      0.000    0.438
159296.0 162944.0  0.0   63880.0 7360000.0 594855.3 15379136.0  123464.3  51392.0 51356.4     17    0.451   0      0.000    0.451
159296.0 162944.0  0.0   63880.0 7360000.0 1016204.9 15379136.0  123464.3  51392.0 51356.4     17    0.451   0      0.000    0.451
159296.0 162944.0  0.0   63880.0 7360000.0 1362431.7 15379136.0  123464.3  51392.0 51356.4     17    0.451   0      0.000    0.451
159296.0 162944.0  0.0   63880.0 7360000.0 1761673.6 15379136.0  123464.3  51392.0 51356.4     17    0.451   0      0.000    0.451
159296.0 162944.0  0.0   63880.0 7360000.0 2430086.8 15379136.0  123464.3  51392.0 51356.4     17    0.451   0      0.000    0.451
159296.0 162944.0  0.0   63880.0 7360000.0 3076121.8 15379136.0  123464.3  51392.0 51356.4     17    0.451   0      0.000    0.451
159296.0 162944.0  0.0   63880.0 7360000.0 3615948.9 15379136.0  123464.3  51392.0 51356.4     17    0.451   0      0.000    0.451
159296.0 162944.0  0.0   63880.0 7360000.0 4208799.0 15379136.0  123464.3  51392.0 51356.4     17    0.451   0      0.000    0.451
159296.0 162944.0  0.0   63880.0 7360000.0 4893043.6 15379136.0  123464.3  51392.0 51356.4     17    0.451   0      0.000    0.451
159296.0 162944.0  0.0   63880.0 7360000.0 5617133.0 15379136.0  123464.3  51392.0 51356.4     17    0.451   0      0.000    0.451
159296.0 162944.0  0.0   63880.0 7360000.0 6342557.2 15379136.0  123464.3  51392.0 51356.4     17    0.451   0      0.000    0.451
159296.0 162944.0  0.0   63880.0 7360000.0 6982839.8 15379136.0  123464.3  51392.0 51356.4     17    0.451   0      0.000    0.451
159296.0 156160.0 59234.9  0.0   7374080.0 407295.7 15379136.0  130707.6  51392.0 51356.4     18    0.463   0      0.000    0.463
159296.0 156160.0 59234.9  0.0   7374080.0 1099940.5 15379136.0  130707.6  51392.0 51356.4     18    0.463   0      0.000    0.463
159296.0 156160.0 59234.9  0.0   7374080.0 1752813.2 15379136.0  130707.6  51392.0 51356.4     18    0.463   0      0.000    0.463
159296.0 156160.0 59234.9  0.0   7374080.0 2348202.9 15379136.0  130707.6  51392.0 51356.4     18    0.463   0      0.000    0.463
159296.0 156160.0 59234.9  0.0   7374080.0 2871191.7 15379136.0  130707.6  51392.0 51356.4     18    0.463   0      0.000    0.463
159296.0 156160.0 59234.9  0.0   7374080.0 3668256.2 15379136.0  130707.6  51392.0 51356.4     18    0.463   0      0.000    0.463
159296.0 156160.0 59234.9  0.0   7374080.0 4288392.1 15379136.0  130707.6  51392.0 51356.6     18    0.463   0      0.000    0.463
159296.0 156160.0 59234.9  0.0   7374080.0 4812500.7 15379136.0  130707.6  51392.0 51356.6     18    0.463   0      0.000    0.463
159296.0 156160.0 59234.9  0.0   7374080.0 5303413.8 15379136.0  130707.6  51392.0 51357.5     18    0.463   0      0.000    0.463
159296.0 156160.0 59234.9  0.0   7374080.0 5726570.1 15379136.0  130707.6  51392.0 51357.5     18    0.463   0      0.000    0.463
159296.0 156160.0 59234.9  0.0   7374080.0 6177333.8 15379136.0  130707.6  51392.0 51357.5     18    0.463   0      0.000    0.463
159296.0 156160.0 59234.9  0.0   7374080.0 6493289.6 15379136.0  130707.6  51392.0 51357.5     18    0.463   0      0.000    0.463
159296.0 156160.0 59234.9  0.0   7374080.0 6853996.2 15379136.0  130707.6  51392.0 51357.5     18    0.463   0      0.000    0.463
159296.0 156160.0 59234.9  0.0   7374080.0 7239596.6 15379136.0  130707.6  51392.0 51357.5     18    0.463   0      0.000    0.463
151680.0 156160.0  0.0   64968.5 7374080.0 242219.4 15379136.0  132781.1  51392.0 51357.5     19    0.477   0      0.000    0.477
151680.0 156160.0  0.0   64968.5 7374080.0 614919.1 15379136.0  132781.1  51392.0 51357.5     19    0.477   0      0.000    0.477
151680.0 156160.0  0.0   64968.5 7374080.0 1010687.7 15379136.0  132781.1  51392.0 51357.5     19    0.477   0      0.000    0.477
151680.0 156160.0  0.0   64968.5 7374080.0 1451971.2 15379136.0  132781.1  51392.0 51357.5     19    0.477   0      0.000    0.477
151680.0 156160.0  0.0   64968.5 7374080.0 1919008.8 15379136.0  132781.1  51392.0 51357.5     19    0.477   0      0.000    0.477
151680.0 156160.0  0.0   64968.5 7374080.0 2354491.9 15379136.0  132781.1  51392.0 51357.5     19    0.477   0      0.000    0.477
151680.0 156160.0  0.0   64968.5 7374080.0 2793058.5 15379136.0  132781.1  51392.0 51358.0     19    0.477   0      0.000    0.477
151680.0 156160.0  0.0   64968.5 7374080.0 3430065.1 15379136.0  132781.1  51392.0 51358.0     19    0.477   0      0.000    0.477
151680.0 156160.0  0.0   64968.5 7374080.0 3923083.9 15379136.0  132781.1  51392.0 51358.0     19    0.477   0      0.000    0.477
151680.0 156160.0  0.0   64968.5 7374080.0 4585035.2 15379136.0  132781.1  51392.0 51358.0     19    0.477   0      0.000    0.477
151680.0 156160.0  0.0   64968.5 7374080.0 5260864.6 15379136.0  132781.1  51392.0 51358.0     19    0.477   0      0.000    0.477
151680.0 156160.0  0.0   64968.5 7374080.0 6142786.9 15379136.0  132781.1  51392.0 51358.0     19    0.477   0      0.000    0.477
151680.0 156160.0  0.0   64968.5 7374080.0 6784895.9 15379136.0  132781.1  51392.0 51358.0     19    0.477   0      0.000    0.477
151680.0 146880.0 67135.2  0.0   7390976.0 118369.1 15379136.0  138699.9  51392.0 51358.0     20    0.495   0      0.000    0.495
151680.0 146880.0 67135.2  0.0   7390976.0 780024.0 15379136.0  138699.9  51392.0 51358.0     20    0.495   0      0.000    0.495
151680.0 146880.0 67135.2  0.0   7390976.0 1544720.0 15379136.0  138699.9  51392.0 51358.0     20    0.495   0      0.000    0.495
151680.0 146880.0 67135.2  0.0   7390976.0 2314670.5 15379136.0  138699.9  51392.0 51358.0     20    0.495   0      0.000    0.495
151680.0 146880.0 67135.2  0.0   7390976.0 3117946.2 15379136.0  138699.9  51392.0 51358.0     20    0.495   0      0.000    0.495
151680.0 146880.0 67135.2  0.0   7390976.0 3875407.4 15379136.0  138699.9  51392.0 51358.0     20    0.495   0      0.000    0.495
151680.0 146880.0 67135.2  0.0   7390976.0 4494351.6 15379136.0  138699.9  51392.0 51358.0     20    0.495   0      0.000    0.495
151680.0 146880.0 67135.2  0.0   7390976.0 5207143.9 15379136.0  138699.9  51392.0 51358.0     20    0.495   0      0.000    0.495
151680.0 146880.0 67135.2  0.0   7390976.0 5882976.4 15379136.0  138699.9  51392.0 51358.0     20    0.495   0      0.000    0.495
151680.0 146880.0 67135.2  0.0   7390976.0 6485585.2 15379136.0  138699.9  51392.0 51358.1     20    0.495   0      0.000    0.495
151680.0 146880.0 67135.2  0.0   7390976.0 7198711.7 15379136.0  138699.9  51392.0 51358.1     20    0.495   0      0.000    0.495
143168.0 146880.0  0.0   61008.6 7390976.0 614902.8 15379136.0  153863.2  51392.0 51358.1     21    0.513   0      0.000    0.513
143168.0 146880.0  0.0   61008.6 7390976.0 1274315.6 15379136.0  153863.2  51392.0 51358.1     21    0.513   0      0.000    0.513
143168.0 146880.0  0.0   61008.6 7390976.0 1854751.0 15379136.0  153863.2  51392.0 51358.1     21    0.513   0      0.000    0.513
143168.0 146880.0  0.0   61008.6 7390976.0 2696653.1 15379136.0  153863.2  51392.0 51358.1     21    0.513   0      0.000    0.513
143168.0 146880.0  0.0   61008.6 7390976.0 3373148.0 15379136.0  153863.2  51392.0 51358.1     21    0.513   0      0.000    0.513
143168.0 146880.0  0.0   61008.6 7390976.0 3937878.8 15379136.0  153863.2  51392.0 51358.1     21    0.513   0      0.000    0.513
143168.0 146880.0  0.0   61008.6 7390976.0 4570118.9 15379136.0  153863.2  51392.0 51358.1     21    0.513   0      0.000    0.513
143168.0 146880.0  0.0   61008.6 7390976.0 5216569.2 15379136.0  153863.2  51392.0 51358.1     21    0.513   0      0.000    0.513
143168.0 146880.0  0.0   61008.6 7390976.0 5963945.2 15379136.0  153863.2  51392.0 51359.2     21    0.513   0      0.000    0.513
143168.0 146880.0  0.0   61008.6 7390976.0 6549157.4 15379136.0  153863.2  51392.0 51359.2     21    0.513   0      0.000    0.513
143168.0 146880.0  0.0   61008.6 7390976.0 7249005.7 15379136.0  153863.2  51392.0 51362.3     21    0.513   0      0.000    0.513
143168.0 139456.0 60340.9  0.0   7406912.0 593684.0 15379136.0  166075.1  51392.0 51362.3     22    0.530   0      0.000    0.530
143168.0 139456.0 60340.9  0.0   7406912.0 1273221.6 15379136.0  166075.1  51392.0 51362.3     22    0.530   0      0.000    0.530
143168.0 139456.0 60340.9  0.0   7406912.0 1966498.5 15379136.0  166075.1  51392.0 51362.3     22    0.530   0      0.000    0.530
143168.0 139456.0 60340.9  0.0   7406912.0 2655058.9 15379136.0  166075.1  51392.0 51362.8     22    0.530   0      0.000    0.530
143168.0 139456.0 60340.9  0.0   7406912.0 3351164.4 15379136.0  166075.1  51392.0 51363.0     22    0.530   0      0.000    0.530
143168.0 139456.0 60340.9  0.0   7406912.0 3903411.0 15379136.0  166075.1  51392.0 51363.0     22    0.530   0      0.000    0.530
143168.0 139456.0 60340.9  0.0   7406912.0 4565076.9 15379136.0  166075.1  51392.0 51364.4     22    0.530   0      0.000    0.530
143168.0 139456.0 60340.9  0.0   7406912.0 5350273.4 15379136.0  166075.1  51392.0 51364.4     22    0.530   0      0.000    0.530
143168.0 139456.0 60340.9  0.0   7406912.0 5908822.9 15379136.0  166075.1  51392.0 51364.4     22    0.530   0      0.000    0.530
143168.0 139456.0 60340.9  0.0   7406912.0 6508659.4 15379136.0  166075.1  51392.0 51364.4     22    0.530   0      0.000    0.530
143168.0 139456.0 60340.9  0.0   7406912.0 7201245.0 15379136.0  166075.1  51392.0 51364.4     22    0.530   0      0.000    0.530
135744.0 139456.0  0.0   59949.5 7406912.0 507128.5 15379136.0  178168.4  51392.0 51364.4     23    0.547   0      0.000    0.547
135744.0 139456.0  0.0   59949.5 7406912.0 1142392.2 15379136.0  178168.4  51392.0 51364.4     23    0.547   0      0.000    0.547
135744.0 139456.0  0.0   59949.5 7406912.0 1787335.1 15379136.0  178168.4  51392.0 51364.4     23    0.547   0      0.000    0.547
135744.0 139456.0  0.0   59949.5 7406912.0 2265001.4 15379136.0  178168.4  51392.0 51364.4     23    0.547   0      0.000    0.547
135744.0 139456.0  0.0   59949.5 7406912.0 2725580.3 15379136.0  178168.4  51392.0 51364.4     23    0.547   0      0.000    0.547
135744.0 139456.0  0.0   59949.5 7406912.0 3434853.0 15379136.0  178168.4  51392.0 51364.4     23    0.547   0      0.000    0.547
135744.0 139456.0  0.0   59949.5 7406912.0 3939977.1 15379136.0  178168.4  51392.0 51364.4     23    0.547   0      0.000    0.547
135744.0 139456.0  0.0   59949.5 7406912.0 4425550.7 15379136.0  178168.4  51392.0 51364.4     23    0.547   0      0.000    0.547
135744.0 139456.0  0.0   59949.5 7406912.0 4830047.4 15379136.0  178168.4  51392.0 51364.8     23    0.547   0      0.000    0.547
135744.0 139456.0  0.0   59949.5 7406912.0 5610930.3 15379136.0  178168.4  51392.0 51364.8     23    0.547   0      0.000    0.547
135744.0 139456.0  0.0   59949.5 7406912.0 6122289.8 15379136.0  178168.4  51392.0 51364.8     23    0.547   0      0.000    0.547
135744.0 139456.0  0.0   59949.5 7406912.0 6694411.3 15379136.0  178168.4  51392.0 51364.8     23    0.547   0      0.000    0.547
135744.0 139456.0  0.0   59949.5 7406912.0 7129230.6 15379136.0  178168.4  51392.0 51364.8     23    0.547   0      0.000    0.547
135744.0 131456.0 62951.6  0.0   7422336.0 317393.0 15379136.0  189290.6  51392.0 51364.8     24    0.564   0      0.000    0.564
135744.0 131456.0 62951.6  0.0   7422336.0 827748.1 15379136.0  189290.6  51392.0 51365.2     24    0.564   0      0.000    0.564
135744.0 131456.0 62951.6  0.0   7422336.0 1561938.8 15379136.0  189290.6  51392.0 51385.3     24    0.564   0      0.000    0.564
135744.0 131456.0 62951.6  0.0   7422336.0 2328173.7 15379136.0  189290.6  51392.0 51386.3     24    0.564   0      0.000    0.564
135744.0 131456.0 62951.6  0.0   7422336.0 3078361.9 15379136.0  189290.6  51392.0 51386.3     24    0.564   0      0.000    0.564
135744.0 131456.0 62951.6  0.0   7422336.0 3769118.4 15379136.0  189290.6  51392.0 51386.3     24    0.564   0      0.000    0.564
135744.0 131456.0 62951.6  0.0   7422336.0 4460713.6 15379136.0  189290.6  51392.0 51386.3     24    0.564   0      0.000    0.564
135744.0 131456.0 62951.6  0.0   7422336.0 5141793.3 15379136.0  189290.6  51392.0 51386.3     24    0.564   0      0.000    0.564
135744.0 131456.0 62951.6  0.0   7422336.0 5846824.7 15379136.0  189290.6  51392.0 51386.3     24    0.564   0      0.000    0.564
135744.0 131456.0 62951.6  0.0   7422336.0 6542388.8 15379136.0  189290.6  51392.0 51386.3     24    0.564   0      0.000    0.564
135744.0 131456.0 62951.6  0.0   7422336.0 7245869.8 15379136.0  189290.6  51392.0 51386.3     24    0.564   0      0.000    0.564
127104.0 131456.0  0.0   64276.7 7422336.0 612937.6 15379136.0  199120.0  51392.0 51386.3     25    0.581   0      0.000    0.581
127104.0 131456.0  0.0   64276.7 7422336.0 1291679.0 15379136.0  199120.0  51392.0 51386.3     25    0.581   0      0.000    0.581
127104.0 131456.0  0.0   64276.7 7422336.0 1997429.1 15379136.0  199120.0  51392.0 51386.3     25    0.581   0      0.000    0.581
127104.0 131456.0  0.0   64276.7 7422336.0 2686353.9 15379136.0  199120.0  51392.0 51388.0     25    0.581   0      0.000    0.581
127104.0 131456.0  0.0   64276.7 7422336.0 3411536.1 15379136.0  199120.0  51392.0 51388.0     25    0.581   0      0.000    0.581
127104.0 131456.0  0.0   64276.7 7422336.0 4072945.2 15379136.0  199120.0  51392.0 51388.0     25    0.581   0      0.000    0.581
127104.0 131456.0  0.0   64276.7 7422336.0 4789079.1 15379136.0  199120.0  51392.0 51388.0     25    0.581   0      0.000    0.581
127104.0 131456.0  0.0   64276.7 7422336.0 5452214.8 15379136.0  199120.0  51392.0 51389.5     25    0.581   0      0.000    0.581
127104.0 131456.0  0.0   64276.7 7422336.0 5986281.9 15379136.0  199120.0  51392.0 51389.5     25    0.581   0      0.000    0.581
127104.0 131456.0  0.0   64276.7 7422336.0 6569512.4 15379136.0  199120.0  51392.0 51389.5     25    0.581   0      0.000    0.581
127104.0 131456.0  0.0   64276.7 7422336.0 7308054.2 15379136.0  199120.0  51392.0 51389.5     25    0.581   0      0.000    0.581
127104.0 123392.0 61438.8  0.0   7439040.0 483407.4 15379136.0  209482.1  51392.0 51389.5     26    0.597   0      0.000    0.597
127104.0 123392.0 61438.8  0.0   7439040.0 1079590.4 15379136.0  209482.1  51392.0 51389.5     26    0.597   0      0.000    0.597
127104.0 123392.0 61438.8  0.0   7439040.0 1704715.2 15379136.0  209482.1  51392.0 51389.5     26    0.597   0      0.000    0.597
127104.0 123392.0 61438.8  0.0   7439040.0 2310095.8 15379136.0  209482.1  51392.0 51389.5     26    0.597   0      0.000    0.597
127104.0 123392.0 61438.8  0.0   7439040.0 2961372.5 15379136.0  209482.1  51392.0 51389.5     26    0.597   0      0.000    0.597
127104.0 123392.0 61438.8  0.0   7439040.0 3586401.3 15379136.0  209482.1  51392.0 51389.5     26    0.597   0      0.000    0.597
127104.0 123392.0 61438.8  0.0   7439040.0 4264469.9 15379136.0  209482.1  51392.0 51389.5     26    0.597   0      0.000    0.597
127104.0 123392.0 61438.8  0.0   7439040.0 4768051.6 15379136.0  209482.1  51392.0 51389.5     26    0.597   0      0.000    0.597
127104.0 123392.0 61438.8  0.0   7439040.0 5628084.9 15379136.0  209482.1  51392.0 51389.5     26    0.597   0      0.000    0.597
127104.0 123392.0 61438.8  0.0   7439040.0 6172830.7 15379136.0  209482.1  51392.0 51389.5     26    0.597   0      0.000    0.597
127104.0 123392.0 61438.8  0.0   7439040.0 6703439.1 15379136.0  209482.1  51392.0 51389.5     26    0.597   0      0.000    0.597
127104.0 123392.0 61438.8  0.0   7439040.0 7293887.2 15379136.0  209482.1  51392.0 51389.5     26    0.597   0      0.000    0.597
120384.0 123392.0  0.0   58209.9 7439040.0 580496.8 15379136.0  220615.7  51392.0 51389.5     27    0.611   0      0.000    0.611
120384.0 123392.0  0.0   58209.9 7439040.0 1235014.5 15379136.0  220615.7  51392.0 51389.5     27    0.611   0      0.000    0.611
120384.0 123392.0  0.0   58209.9 7439040.0 1906900.8 15379136.0  220615.7  51392.0 51389.5     27    0.611   0      0.000    0.611
120384.0 123392.0  0.0   58209.9 7439040.0 2516800.3 15379136.0  220615.7  51392.0 51389.5     27    0.611   0      0.000    0.611
120384.0 123392.0  0.0   58209.9 7439040.0 3070942.0 15379136.0  220615.7  51392.0 51389.5     27    0.611   0      0.000    0.611
120384.0 123392.0  0.0   58209.9 7439040.0 3645065.2 15379136.0  220615.7  51392.0 51389.5     27    0.611   0      0.000    0.611
120384.0 123392.0  0.0   58209.9 7439040.0 4280696.3 15379136.0  220615.7  51392.0 51389.5     27    0.611   0      0.000    0.611
120384.0 123392.0  0.0   58209.9 7439040.0 4861712.2 15379136.0  220615.7  51392.0 51389.5     27    0.611   0      0.000    0.611
120384.0 123392.0  0.0   58209.9 7439040.0 5309012.5 15379136.0  220615.7  51392.0 51389.5     27    0.611   0      0.000    0.611
120384.0 123392.0  0.0   58209.9 7439040.0 5803263.1 15379136.0  220615.7  51392.0 51389.5     27    0.611   0      0.000    0.611
120384.0 123392.0  0.0   58209.9 7439040.0 6289444.2 15379136.0  220615.7  51392.0 51389.5     27    0.611   0      0.000    0.611
120384.0 123392.0  0.0   58209.9 7439040.0 6745221.9 15379136.0  220615.7  51392.0 51389.5     27    0.611   0      0.000    0.611
120384.0 123392.0  0.0   58209.9 7439040.0 7078441.7 15379136.0  220615.7  51392.0 51389.5     27    0.611   0      0.000    0.611
120384.0 117248.0 58205.2  0.0   7451904.0 279389.1 15379136.0  230728.3  51392.0 51389.5     28    0.624   0      0.000    0.624
120384.0 117248.0 58205.2  0.0   7451904.0 978310.7 15379136.0  230728.3  51392.0 51389.5     28    0.624   0      0.000    0.624
120384.0 117248.0 58205.2  0.0   7451904.0 1646879.1 15379136.0  230728.3  51392.0 51389.7     28    0.624   0      0.000    0.624
120384.0 117248.0 58205.2  0.0   7451904.0 2287053.2 15379136.0  230728.3  51392.0 51389.7     28    0.624   0      0.000    0.624
120384.0 117248.0 58205.2  0.0   7451904.0 2940581.4 15379136.0  230728.3  51392.0 51389.7     28    0.624   0      0.000    0.624
120384.0 117248.0 58205.2  0.0   7451904.0 3406359.2 15379136.0  230728.3  51392.0 51390.0     28    0.624   0      0.000    0.624
120384.0 117248.0 58205.2  0.0   7451904.0 3999648.2 15379136.0  230728.3  51392.0 51390.0     28    0.624   0      0.000    0.624
120384.0 117248.0 58205.2  0.0   7451904.0 4263493.4 15379136.0  230728.3  51392.0 51390.0     28    0.624   0      0.000    0.624
120384.0 117248.0 58205.2  0.0   7451904.0 4622975.9 15379136.0  230728.3  51392.0 51390.6     28    0.624   0      0.000    0.624
120384.0 117248.0 58205.2  0.0   7451904.0 4968708.0 15379136.0  230728.3  51392.0 51390.8     28    0.624   0      0.000    0.624
120384.0 117248.0 58205.2  0.0   7451904.0 5462128.7 15379136.0  230728.3  51392.0 51391.4     28    0.624   0      0.000    0.624
120384.0 117248.0 58205.2  0.0   7451904.0 5701348.5 15379136.0  230728.3  51392.0 51391.4     28    0.624   0      0.000    0.624
120384.0 117248.0 58205.2  0.0   7451904.0 5937664.6 15379136.0  230728.3  51392.0 51391.4     28    0.624   0      0.000    0.624
120384.0 117248.0 58205.2  0.0   7451904.0 6194604.9 15379136.0  230728.3  51392.0 51391.4     28    0.624   0      0.000    0.624
120384.0 117248.0 58205.2  0.0   7451904.0 6628084.9 15379136.0  230728.3  51392.0 51391.4     28    0.624   0      0.000    0.624
120384.0 117248.0 58205.2  0.0   7451904.0 6905401.9 15379136.0  230728.3  51392.0 51391.4     28    0.624   0      0.000    0.624
120384.0 117248.0 58205.2  0.0   7451904.0 7160900.5 15379136.0  230728.3  51392.0 51391.4     28    0.624   0      0.000    0.624
120384.0 117248.0 58205.2  0.0   7451904.0 7429311.8 15379136.0  230728.3  51392.0 51391.4     28    0.624   0      0.000    0.624
112640.0 117248.0  0.0   67053.8 7451904.0 413175.5 15379136.0  237836.8  51392.0 51391.4     29    0.641   0      0.000    0.641
112640.0 117248.0  0.0   67053.8 7451904.0 727141.4 15379136.0  237836.8  51392.0 51391.4     29    0.641   0      0.000    0.641
112640.0 117248.0  0.0   67053.8 7451904.0 1060615.2 15379136.0  237836.8  51392.0 51391.4     29    0.641   0      0.000    0.641
112640.0 117248.0  0.0   67053.8 7451904.0 1416656.3 15379136.0  237836.8  51392.0 51391.4     29    0.641   0      0.000    0.641
112640.0 117248.0  0.0   67053.8 7451904.0 1829393.5 15379136.0  237836.8  51392.0 51391.4     29    0.641   0      0.000    0.641
112640.0 117248.0  0.0   67053.8 7451904.0 2287984.6 15379136.0  237836.8  51392.0 51391.4     29    0.641   0      0.000    0.641
112640.0 117248.0  0.0   67053.8 7451904.0 2742787.5 15379136.0  237836.8  51392.0 51391.4     29    0.641   0      0.000    0.641
112640.0 117248.0  0.0   67053.8 7451904.0 3122515.6 15379136.0  237836.8  51392.0 51391.4     29    0.641   0      0.000    0.641
112640.0 117248.0  0.0   67053.8 7451904.0 3555114.9 15379136.0  237836.8  51392.0 51391.7     29    0.641   0      0.000    0.641
112640.0 117248.0  0.0   67053.8 7451904.0 3824724.3 15379136.0  237836.8  51392.0 51391.7     29    0.641   0      0.000    0.641
112640.0 117248.0  0.0   67053.8 7451904.0 4032902.4 15379136.0  237836.8  51392.0 51391.7     29    0.641   0      0.000    0.641
112640.0 117248.0  0.0   67053.8 7451904.0 4197262.7 15379136.0  237836.8  51392.0 51391.7     29    0.641   0      0.000    0.641
112640.0 117248.0  0.0   67053.8 7451904.0 4456346.7 15379136.0  237836.8  51392.0 51391.7     29    0.641   0      0.000    0.641
112640.0 117248.0  0.0   67053.8 7451904.0 4732993.3 15379136.0  237836.8  51392.0 51391.7     29    0.641   0      0.000    0.641
112640.0 117248.0  0.0   67053.8 7451904.0 4931545.2 15379136.0  237836.8  51392.0 51391.7     29    0.641   0      0.000    0.641
112640.0 117248.0  0.0   67053.8 7451904.0 5206446.7 15379136.0  237836.8  51392.0 51391.7     29    0.641   0      0.000    0.641
112640.0 117248.0  0.0   67053.8 7451904.0 5646699.6 15379136.0  237836.8  51584.0 51392.3     29    0.641   0      0.000    0.641
112640.0 117248.0  0.0   67053.8 7451904.0 6228250.0 15379136.0  237836.8  51584.0 51392.3     29    0.641   0      0.000    0.641
112640.0 117248.0  0.0   67053.8 7451904.0 6866075.8 15379136.0  237836.8  51584.0 51392.3     29    0.641   0      0.000    0.641
112640.0 117248.0  0.0   67053.8 7451904.0 7422528.9 15379136.0  237836.8  51584.0 51392.3     29    0.641   0      0.000    0.641
112640.0 109120.0 63312.5  0.0   7467776.0 542742.0 15379136.0  250998.6  51584.0 51392.3     30    0.657   0      0.000    0.657
112640.0 109120.0 63312.5  0.0   7467776.0 1038289.4 15379136.0  250998.6  51584.0 51392.3     30    0.657   0      0.000    0.657
112640.0 109120.0 63312.5  0.0   7467776.0 1582109.9 15379136.0  250998.6  51584.0 51392.3     30    0.657   0      0.000    0.657
112640.0 109120.0 63312.5  0.0   7467776.0 2035394.2 15379136.0  250998.6  51584.0 51392.3     30    0.657   0      0.000    0.657
112640.0 109120.0 63312.5  0.0   7467776.0 2405292.2 15379136.0  250998.6  51584.0 51392.3     30    0.657   0      0.000    0.657
112640.0 109120.0 63312.5  0.0   7467776.0 3020095.5 15379136.0  250998.6  51584.0 51392.3     30    0.657   0      0.000    0.657
112640.0 109120.0 63312.5  0.0   7467776.0 3373074.4 15379136.0  250998.6  51584.0 51392.3     30    0.657   0      0.000    0.657
112640.0 109120.0 63312.5  0.0   7467776.0 3748209.4 15379136.0  250998.6  51584.0 51392.3     30    0.657   0      0.000    0.657
112640.0 109120.0 63312.5  0.0   7467776.0 4210926.2 15379136.0  250998.6  51584.0 51392.3     30    0.657   0      0.000    0.657
112640.0 109120.0 63312.5  0.0   7467776.0 4858576.6 15379136.0  250998.6  51584.0 51392.3     30    0.657   0      0.000    0.657
112640.0 109120.0 63312.5  0.0   7467776.0 5248420.1 15379136.0  250998.6  51584.0 51392.3     30    0.657   0      0.000    0.657
112640.0 109120.0 63312.5  0.0   7467776.0 5665923.7 15379136.0  250998.6  51584.0 51392.3     30    0.657   0      0.000    0.657
112640.0 109120.0 63312.5  0.0   7467776.0 6161322.4 15379136.0  250998.6  51584.0 51392.3     30    0.657   0      0.000    0.657
112640.0 109120.0 63312.5  0.0   7467776.0 6625588.1 15379136.0  250998.6  51584.0 51392.3     30    0.657   0      0.000    0.657
112640.0 109120.0 63312.5  0.0   7467776.0 7097463.5 15379136.0  250998.6  51584.0 51392.3     30    0.657   0      0.000    0.657
106368.0 109120.0  0.0   59913.2 7467776.0   0.0    15379136.0  262008.6  51584.0 51392.3     31    0.671   0      0.000    0.671
106368.0 109120.0  0.0   59913.2 7467776.0 494056.5 15379136.0  262008.6  51584.0 51392.3     31    0.671   0      0.000    0.671
106368.0 109120.0  0.0   59913.2 7467776.0 857326.9 15379136.0  262008.6  51584.0 51392.3     31    0.671   0      0.000    0.671
106368.0 109120.0  0.0   59913.2 7467776.0 1355710.0 15379136.0  262008.6  51584.0 51392.3     31    0.671   0      0.000    0.671
106368.0 109120.0  0.0   59913.2 7467776.0 1924037.2 15379136.0  262008.6  51584.0 51392.3     31    0.671   0      0.000    0.671
106368.0 109120.0  0.0   59913.2 7467776.0 2267417.1 15379136.0  262008.6  51584.0 51392.3     31    0.671   0      0.000    0.671
106368.0 109120.0  0.0   59913.2 7467776.0 2957655.3 15379136.0  262008.6  51584.0 51395.7     31    0.671   0      0.000    0.671
106368.0 109120.0  0.0   59913.2 7467776.0 3565969.6 15379136.0  262008.6  51584.0 51395.7     31    0.671   0      0.000    0.671
106368.0 109120.0  0.0   59913.2 7467776.0 4078628.2 15379136.0  262008.6  51584.0 51395.7     31    0.671   0      0.000    0.671
106368.0 109120.0  0.0   59913.2 7467776.0 4587243.6 15379136.0  262008.6  51584.0 51395.7     31    0.671   0      0.000    0.671
106368.0 109120.0  0.0   59913.2 7467776.0 5179752.6 15379136.0  262008.6  51584.0 51395.7     31    0.671   0      0.000    0.671
106368.0 109120.0  0.0   59913.2 7467776.0 5672988.7 15379136.0  262008.6  51584.0 51395.7     31    0.671   0      0.000    0.671
106368.0 109120.0  0.0   59913.2 7467776.0 6153070.9 15379136.0  262008.6  51584.0 51395.7     31    0.671   0      0.000    0.671
106368.0 109120.0  0.0   59913.2 7467776.0 6836044.8 15379136.0  262008.6  51584.0 51395.8     31    0.671   0      0.000    0.671
106368.0 109120.0  0.0   59913.2 7467776.0 7378656.4 15379136.0  262008.6  51584.0 51395.8     31    0.671   0      0.000    0.671
106368.0 103872.0 58840.7  0.0   7479296.0 492135.1 15379136.0  273120.8  51584.0 51395.8     32    0.687   0      0.000    0.687
106368.0 103872.0 58840.7  0.0   7479296.0 1059417.4 15379136.0  273120.8  51584.0 51395.8     32    0.687   0      0.000    0.687
106368.0 103872.0 58840.7  0.0   7479296.0 1556332.4 15379136.0  273120.8  51584.0 51395.8     32    0.687   0      0.000    0.687
106368.0 103872.0 58840.7  0.0   7479296.0 2138434.5 15379136.0  273120.8  51584.0 51395.8     32    0.687   0      0.000    0.687
106368.0 103872.0 58840.7  0.0   7479296.0 2623363.0 15379136.0  273120.8  51584.0 51395.8     32    0.687   0      0.000    0.687
106368.0 103872.0 58840.7  0.0   7479296.0 3258692.6 15379136.0  273120.8  51584.0 51395.8     32    0.687   0      0.000    0.687
106368.0 103872.0 58840.7  0.0   7479296.0 3920173.2 15379136.0  273120.8  51584.0 51395.8     32    0.687   0      0.000    0.687
106368.0 103872.0 58840.7  0.0   7479296.0 4516962.2 15379136.0  273120.8  51584.0 51395.8     32    0.687   0      0.000    0.687
106368.0 103872.0 58840.7  0.0   7479296.0 4987632.9 15379136.0  273120.8  51584.0 51395.8     32    0.687   0      0.000    0.687
106368.0 103872.0 58840.7  0.0   7479296.0 5407238.6 15379136.0  273120.8  51584.0 51395.8     32    0.687   0      0.000    0.687
106368.0 103872.0 58840.7  0.0   7479296.0 5613009.1 15379136.0  273120.8  51584.0 51395.8     32    0.687   0      0.000    0.687
106368.0 103872.0 58840.7  0.0   7479296.0 5941278.9 15379136.0  273120.8  51584.0 51396.6     32    0.687   0      0.000    0.687
106368.0 103872.0 58840.7  0.0   7479296.0 6174449.0 15379136.0  273120.8  51584.0 51396.6     32    0.687   0      0.000    0.687
106368.0 103872.0 58840.7  0.0   7479296.0 6470029.3 15379136.0  273120.8  51584.0 51396.6     32    0.687   0      0.000    0.687
106368.0 103872.0 58840.7  0.0   7479296.0 6736529.3 15379136.0  273120.8  51584.0 51396.6     32    0.687   0      0.000    0.687
106368.0 103872.0 58840.7  0.0   7479296.0 7165382.4 15379136.0  273120.8  51584.0 51396.6     32    0.687   0      0.000    0.687
101952.0 103872.0  0.0   55464.6 7479296.0 127275.5 15379136.0  282900.5  51584.0 51396.6     33    0.704   0      0.000    0.704
101952.0 103872.0  0.0   55464.6 7479296.0 481047.8 15379136.0  282900.5  51584.0 51396.6     33    0.704   0      0.000    0.704
101952.0 103872.0  0.0   55464.6 7479296.0 981092.6 15379136.0  282900.5  51584.0 51397.2     33    0.704   0      0.000    0.704
101952.0 103872.0  0.0   55464.6 7479296.0 1237031.2 15379136.0  282900.5  51584.0 51397.2     33    0.704   0      0.000    0.704
101952.0 103872.0  0.0   55464.6 7479296.0 1972288.9 15379136.0  282900.5  51584.0 51398.8     33    0.704   0      0.000    0.704
101952.0 103872.0  0.0   55464.6 7479296.0 2223076.8 15379136.0  282900.5  51584.0 51398.8     33    0.704   0      0.000    0.704
101952.0 103872.0  0.0   55464.6 7479296.0 2457954.1 15379136.0  282900.5  51584.0 51398.8     33    0.704   0      0.000    0.704
101952.0 103872.0  0.0   55464.6 7479296.0 2695124.6 15379136.0  282900.5  51584.0 51398.8     33    0.704   0      0.000    0.704
101952.0 103872.0  0.0   55464.6 7479296.0 3079309.6 15379136.0  282900.5  51584.0 51398.8     33    0.704   0      0.000    0.704
101952.0 103872.0  0.0   55464.6 7479296.0 3445399.6 15379136.0  282900.5  51584.0 51398.8     33    0.704   0      0.000    0.704
101952.0 103872.0  0.0   55464.6 7479296.0 3919761.5 15379136.0  282900.5  51584.0 51398.8     33    0.704   0      0.000    0.704
101952.0 103872.0  0.0   55464.6 7479296.0 4398741.7 15379136.0  282900.5  51584.0 51398.8     33    0.704   0      0.000    0.704
101952.0 103872.0  0.0   55464.6 7479296.0 4934427.3 15379136.0  282900.5  51584.0 51398.8     33    0.704   0      0.000    0.704
101952.0 103872.0  0.0   55464.6 7479296.0 5558620.0 15379136.0  282900.5  51584.0 51398.8     33    0.704   0      0.000    0.704
101952.0 103872.0  0.0   55464.6 7479296.0 6114594.2 15379136.0  282900.5  51584.0 51398.8     33    0.704   0      0.000    0.704
101952.0 103872.0  0.0   55464.6 7479296.0 6602063.3 15379136.0  282900.5  51584.0 51398.8     33    0.704   0      0.000    0.704
101952.0 103872.0  0.0   55464.6 7479296.0 6920082.0 15379136.0  282900.5  51584.0 51398.8     33    0.704   0      0.000    0.704
101952.0 103872.0  0.0   55464.6 7479296.0 7238010.7 15379136.0  282900.5  51584.0 51398.8     33    0.704   0      0.000    0.704
101952.0 98816.0 62100.9  0.0   7488768.0 214355.2 15379136.0  287479.3  51584.0 51398.8     34    0.719   0      0.000    0.719
101952.0 98816.0 62100.9  0.0   7488768.0 576269.2 15379136.0  287479.3  51584.0 51398.8     34    0.719   0      0.000    0.719
101952.0 98816.0 62100.9  0.0   7488768.0 900364.9 15379136.0  287479.3  51584.0 51398.8     34    0.719   0      0.000    0.719
101952.0 98816.0 62100.9  0.0   7488768.0 1178942.4 15379136.0  287479.3  51584.0 51399.8     34    0.719   0      0.000    0.719
101952.0 98816.0 62100.9  0.0   7488768.0 1488341.1 15379136.0  287479.3  51584.0 51399.8     34    0.719   0      0.000    0.719
101952.0 98816.0 62100.9  0.0   7488768.0 1810343.7 15379136.0  287479.3  51584.0 51399.8     34    0.719   0      0.000    0.719
101952.0 98816.0 62100.9  0.0   7488768.0 2171628.7 15379136.0  287479.3  51584.0 51399.8     34    0.719   0      0.000    0.719
101952.0 98816.0 62100.9  0.0   7488768.0 2650021.9 15379136.0  287479.3  51584.0 51399.8     34    0.719   0      0.000    0.719
101952.0 98816.0 62100.9  0.0   7488768.0 3169699.8 15379136.0  287479.3  51584.0 51399.8     34    0.719   0      0.000    0.719
101952.0 98816.0 62100.9  0.0   7488768.0 3571865.4 15379136.0  287479.3  51584.0 51399.8     34    0.719   0      0.000    0.719
101952.0 98816.0 62100.9  0.0   7488768.0 4099427.0 15379136.0  287479.3  51584.0 51399.8     34    0.719   0      0.000    0.719
101952.0 98816.0 62100.9  0.0   7488768.0 4531355.2 15379136.0  287479.3  51584.0 51399.8     34    0.719   0      0.000    0.719
101952.0 98816.0 62100.9  0.0   7488768.0 4913044.3 15379136.0  287479.3  51584.0 51399.8     34    0.719   0      0.000    0.719
101952.0 98816.0 62100.9  0.0   7488768.0 5268921.8 15379136.0  287479.3  51584.0 51399.8     34    0.719   0      0.000    0.719
101952.0 98816.0 62100.9  0.0   7488768.0 5654821.0 15379136.0  287479.3  51584.0 51399.8     34    0.719   0      0.000    0.719
101952.0 98816.0 62100.9  0.0   7488768.0 5885196.5 15379136.0  287479.3  51584.0 51399.8     34    0.719   0      0.000    0.719
101952.0 98816.0 62100.9  0.0   7488768.0 6222102.6 15379136.0  287479.3  51584.0 51399.8     34    0.719   0      0.000    0.719
101952.0 98816.0 62100.9  0.0   7488768.0 6688636.8 15379136.0  287479.3  51584.0 51399.8     34    0.719   0      0.000    0.719
101952.0 98816.0 62100.9  0.0   7488768.0 7151726.4 15379136.0  287479.3  51584.0 51399.8     34    0.719   0      0.000    0.719
96512.0 98816.0  0.0   58260.3 7488768.0 159150.4 15379136.0  295859.9  51584.0 51399.8     35    0.735   0      0.000    0.735
96512.0 98816.0  0.0   58260.3 7488768.0 489182.3 15379136.0  295859.9  51584.0 51399.8     35    0.735   0      0.000    0.735
96512.0 98816.0  0.0   58260.3 7488768.0 922355.0 15379136.0  295859.9  51584.0 51399.8     35    0.735   0      0.000    0.735
96512.0 98816.0  0.0   58260.3 7488768.0 1200749.2 15379136.0  295859.9  51584.0 51399.8     35    0.735   0      0.000    0.735
96512.0 98816.0  0.0   58260.3 7488768.0 1739726.6 15379136.0  295859.9  51584.0 51399.8     35    0.735   0      0.000    0.735
96512.0 98816.0  0.0   58260.3 7488768.0 2152210.7 15379136.0  295859.9  51584.0 51399.8     35    0.735   0      0.000    0.735
96512.0 98816.0  0.0   58260.3 7488768.0 2579191.6 15379136.0  295859.9  51584.0 51399.8     35    0.735   0      0.000    0.735
96512.0 98816.0  0.0   58260.3 7488768.0 3010092.7 15379136.0  295859.9  51584.0 51399.8     35    0.735   0      0.000    0.735
96512.0 98816.0  0.0   58260.3 7488768.0 3539617.4 15379136.0  295859.9  51584.0 51399.8     35    0.735   0      0.000    0.735
96512.0 98816.0  0.0   58260.3 7488768.0 4052241.6 15379136.0  295859.9  51584.0 51399.8     35    0.735   0      0.000    0.735
96512.0 98816.0  0.0   58260.3 7488768.0 4642575.4 15379136.0  295859.9  51584.0 51399.8     35    0.735   0      0.000    0.735
96512.0 98816.0  0.0   58260.3 7488768.0 4993312.2 15379136.0  295859.9  51584.0 51399.8     35    0.735   0      0.000    0.735
96512.0 98816.0  0.0   58260.3 7488768.0 5384721.1 15379136.0  295859.9  51584.0 51399.8     35    0.735   0      0.000    0.735
96512.0 98816.0  0.0   58260.3 7488768.0 6110478.0 15379136.0  295859.9  51584.0 51399.8     35    0.735   0      0.000    0.735
96512.0 98816.0  0.0   58260.3 7488768.0 6649383.4 15379136.0  295859.9  51584.0 51399.8     35    0.735   0      0.000    0.735
96512.0 98816.0  0.0   58260.3 7488768.0 7119602.7 15379136.0  295859.9  51584.0 51399.8     35    0.735   0      0.000    0.735
96512.0 94272.0 66807.2  0.0   7498752.0 294004.5 15379136.0  303455.3  51584.0 51400.1     36    0.751   0      0.000    0.751
96512.0 94272.0 66807.2  0.0   7498752.0 722452.7 15379136.0  303455.3  51584.0 51400.1     36    0.751   0      0.000    0.751
96512.0 94272.0 66807.2  0.0   7498752.0 1091547.6 15379136.0  303455.3  51584.0 51400.1     36    0.751   0      0.000    0.751
96512.0 94272.0 66807.2  0.0   7498752.0 1469529.3 15379136.0  303455.3  51584.0 51400.1     36    0.751   0      0.000    0.751
96512.0 94272.0 66807.2  0.0   7498752.0 1831911.0 15379136.0  303455.3  51584.0 51400.1     36    0.751   0      0.000    0.751
96512.0 94272.0 66807.2  0.0   7498752.0 2076758.5 15379136.0  303455.3  51584.0 51400.1     36    0.751   0      0.000    0.751
96512.0 94272.0 66807.2  0.0   7498752.0 2357527.5 15379136.0  303455.3  51584.0 51400.1     36    0.751   0      0.000    0.751
96512.0 94272.0 66807.2  0.0   7498752.0 2892538.7 15379136.0  303455.3  51584.0 51400.1     36    0.751   0      0.000    0.751
96512.0 94272.0 66807.2  0.0   7498752.0 3237363.8 15379136.0  303455.3  51584.0 51400.1     36    0.751   0      0.000    0.751
96512.0 94272.0 66807.2  0.0   7498752.0 3780339.9 15379136.0  303455.3  51584.0 51400.1     36    0.751   0      0.000    0.751
96512.0 94272.0 66807.2  0.0   7498752.0 4140149.4 15379136.0  303455.3  51584.0 51400.1     36    0.751   0      0.000    0.751
96512.0 94272.0 66807.2  0.0   7498752.0 4610480.6 15379136.0  303455.3  51584.0 51400.1     36    0.751   0      0.000    0.751
96512.0 94272.0 66807.2  0.0   7498752.0 5007046.5 15379136.0  303455.3  51584.0 51400.1     36    0.751   0      0.000    0.751
96512.0 94272.0 66807.2  0.0   7498752.0 5398351.6 15379136.0  303455.3  51584.0 51400.1     36    0.751   0      0.000    0.751
96512.0 94272.0 66807.2  0.0   7498752.0 5852483.2 15379136.0  303455.3  51584.0 51400.1     36    0.751   0      0.000    0.751
96512.0 94272.0 66807.2  0.0   7498752.0 6299844.3 15379136.0  303455.3  51584.0 51400.1     36    0.751   0      0.000    0.751
96512.0 94272.0 66807.2  0.0   7498752.0 6746601.2 15379136.0  303455.3  51584.0 51400.1     36    0.751   0      0.000    0.751
96512.0 94272.0 66807.2  0.0   7498752.0 7356883.1 15379136.0  303455.3  51584.0 51400.1     36    0.751   0      0.000    0.751
92416.0 94272.0  0.0   57861.9 7498752.0 590752.1 15379136.0  318259.5  51584.0 51400.1     37    0.767   0      0.000    0.767
92416.0 94272.0  0.0   57861.9 7498752.0 1025147.3 15379136.0  318259.5  51584.0 51400.1     37    0.767   0      0.000    0.767
92416.0 94272.0  0.0   57861.9 7498752.0 1314238.3 15379136.0  318259.5  51584.0 51400.1     37    0.767   0      0.000    0.767
92416.0 94272.0  0.0   57861.9 7498752.0 1640223.9 15379136.0  318259.5  51584.0 51400.1     37    0.767   0      0.000    0.767
92416.0 94272.0  0.0   57861.9 7498752.0 2121881.9 15379136.0  318259.5  51584.0 51400.1     37    0.767   0      0.000    0.767
92416.0 94272.0  0.0   57861.9 7498752.0 2711972.7 15379136.0  318259.5  51584.0 51400.1     37    0.767   0      0.000    0.767
92416.0 94272.0  0.0   57861.9 7498752.0 3219754.4 15379136.0  318259.5  51584.0 51400.1     37    0.767   0      0.000    0.767
92416.0 94272.0  0.0   57861.9 7498752.0 3678654.5 15379136.0  318259.5  51584.0 51400.1     37    0.767   0      0.000    0.767
92416.0 94272.0  0.0   57861.9 7498752.0 4420567.8 15379136.0  318259.5  51584.0 51400.1     37    0.767   0      0.000    0.767
92416.0 94272.0  0.0   57861.9 7498752.0 4937526.9 15379136.0  318259.5  51584.0 51400.1     37    0.767   0      0.000    0.767
92416.0 94272.0  0.0   57861.9 7498752.0 5454119.6 15379136.0  318259.5  51584.0 51400.1     37    0.767   0      0.000    0.767
92416.0 94272.0  0.0   57861.9 7498752.0 6053508.9 15379136.0  318259.5  51584.0 51400.1     37    0.767   0      0.000    0.767
92416.0 94272.0  0.0   57861.9 7498752.0 6899820.0 15379136.0  318259.5  51584.0 51400.1     37    0.767   0      0.000    0.767
92416.0 90752.0 67048.7  0.0   7506368.0 247264.9 15379136.0  325839.6  51584.0 51400.1     38    0.785   0      0.000    0.785
92416.0 90752.0 67048.7  0.0   7506368.0 839906.3 15379136.0  325839.6  51584.0 51400.1     38    0.785   0      0.000    0.785
92416.0 90752.0 67048.7  0.0   7506368.0 1432036.9 15379136.0  325839.6  51584.0 51400.1     38    0.785   0      0.000    0.785
92416.0 90752.0 67048.7  0.0   7506368.0 1967748.8 15379136.0  325839.6  51584.0 51400.1     38    0.785   0      0.000    0.785
92416.0 90752.0 67048.7  0.0   7506368.0 2608453.6 15379136.0  325839.6  51584.0 51400.1     38    0.785   0      0.000    0.785
92416.0 90752.0 67048.7  0.0   7506368.0 3254341.0 15379136.0  325839.6  51584.0 51400.1     38    0.785   0      0.000    0.785
92416.0 90752.0 67048.7  0.0   7506368.0 3962646.4 15379136.0  325839.6  51584.0 51400.1     38    0.785   0      0.000    0.785
92416.0 90752.0 67048.7  0.0   7506368.0 4598124.3 15379136.0  325839.6  51584.0 51400.1     38    0.785   0      0.000    0.785
92416.0 90752.0 67048.7  0.0   7506368.0 5345732.2 15379136.0  325839.6  51584.0 51400.1     38    0.785   0      0.000    0.785
92416.0 90752.0 67048.7  0.0   7506368.0 5977722.5 15379136.0  325839.6  51584.0 51400.1     38    0.785   0      0.000    0.785
92416.0 90752.0 67048.7  0.0   7506368.0 6611560.9 15379136.0  325839.6  51584.0 51400.1     38    0.785   0      0.000    0.785
92416.0 90752.0 67048.7  0.0   7506368.0 7305609.3 15379136.0  325839.6  51584.0 51400.1     38    0.785   0      0.000    0.785
89984.0 90752.0  0.0   53043.1 7506368.0 508919.0 15379136.0  341742.7  51584.0 51400.1     39    0.800   0      0.000    0.800
89984.0 90752.0  0.0   53043.1 7506368.0 1176700.8 15379136.0  341742.7  51584.0 51400.1     39    0.800   0      0.000    0.800
89984.0 90752.0  0.0   53043.1 7506368.0 1805422.3 15379136.0  341742.7  51584.0 51400.7     39    0.800   0      0.000    0.800
89984.0 90752.0  0.0   53043.1 7506368.0 2634831.3 15379136.0  341742.7  51584.0 51400.7     39    0.800   0      0.000    0.800
89984.0 90752.0  0.0   53043.1 7506368.0 3410695.8 15379136.0  341742.7  51584.0 51400.7     39    0.800   0      0.000    0.800
89984.0 90752.0  0.0   53043.1 7506368.0 3990569.4 15379136.0  341742.7  51584.0 51401.1     39    0.800   0      0.000    0.800
89984.0 90752.0  0.0   53043.1 7506368.0 4611948.5 15379136.0  341742.7  51584.0 51401.1     39    0.800   0      0.000    0.800
89984.0 90752.0  0.0   53043.1 7506368.0 5502949.1 15379136.0  341742.7  51584.0 51401.1     39    0.800   0      0.000    0.800
89984.0 90752.0  0.0   53043.1 7506368.0 6196755.5 15379136.0  341742.7  51584.0 51401.1     39    0.800   0      0.000    0.800
89984.0 90752.0  0.0   53043.1 7506368.0 7054992.7 15379136.0  341742.7  51584.0 51401.1     39    0.800   0      0.000    0.800
89984.0 88512.0 66309.1  0.0   7511040.0 380531.7 15379136.0  345926.4  51584.0 51401.1     40    0.815   0      0.000    0.815
89984.0 88512.0 66309.1  0.0   7511040.0 1056230.8 15379136.0  345926.4  51584.0 51401.1     40    0.815   0      0.000    0.815
89984.0 88512.0 66309.1  0.0   7511040.0 1758870.2 15379136.0  345926.4  51584.0 51401.1     40    0.815   0      0.000    0.815
89984.0 88512.0 66309.1  0.0   7511040.0 2358283.0 15379136.0  345926.4  51584.0 51401.1     40    0.815   0      0.000    0.815
89984.0 88512.0 66309.1  0.0   7511040.0 2988888.8 15379136.0  345926.4  51584.0 51401.1     40    0.815   0      0.000    0.815
89984.0 88512.0 66309.1  0.0   7511040.0 3668647.0 15379136.0  345926.4  51584.0 51401.1     40    0.815   0      0.000    0.815
89984.0 88512.0 66309.1  0.0   7511040.0 4355294.1 15379136.0  345926.4  51584.0 51401.1     40    0.815   0      0.000    0.815
89984.0 88512.0 66309.1  0.0   7511040.0 5012424.8 15379136.0  345926.4  51584.0 51401.1     40    0.815   0      0.000    0.815
89984.0 88512.0 66309.1  0.0   7511040.0 5680483.9 15379136.0  345926.4  51584.0 51401.1     40    0.815   0      0.000    0.815
89984.0 88512.0 66309.1  0.0   7511040.0 6327791.8 15379136.0  345926.4  51584.0 51401.1     40    0.815   0      0.000    0.815
89984.0 88512.0 66309.1  0.0   7511040.0 7031219.4 15379136.0  345926.4  51584.0 51401.1     40    0.815   0      0.000    0.815
88320.0 88512.0  0.0   49612.6 7511040.0 169294.5 15379136.0  357627.2  51584.0 51401.1     41    0.828   0      0.000    0.828
88320.0 88512.0  0.0   49612.6 7511040.0 901542.6 15379136.0  357627.2  51584.0 51401.1     41    0.828   0      0.000    0.828
88320.0 88512.0  0.0   49612.6 7511040.0 1545674.2 15379136.0  357627.2  51584.0 51401.1     41    0.828   0      0.000    0.828
88320.0 88512.0  0.0   49612.6 7511040.0 2191305.6 15379136.0  357627.2  51584.0 51401.1     41    0.828   0      0.000    0.828
88320.0 88512.0  0.0   49612.6 7511040.0 2761953.1 15379136.0  357627.2  51584.0 51401.1     41    0.828   0      0.000    0.828
88320.0 88512.0  0.0   49612.6 7511040.0 3388265.3 15379136.0  357627.2  51584.0 51401.1     41    0.828   0      0.000    0.828
88320.0 88512.0  0.0   49612.6 7511040.0 4097326.1 15379136.0  357627.2  51584.0 51401.1     41    0.828   0      0.000    0.828
88320.0 88512.0  0.0   49612.6 7511040.0 4774764.4 15379136.0  357627.2  51584.0 51401.1     41    0.828   0      0.000    0.828
88320.0 88512.0  0.0   49612.6 7511040.0 5327269.0 15379136.0  357627.2  51584.0 51401.1     41    0.828   0      0.000    0.828
88320.0 88512.0  0.0   49612.6 7511040.0 5891630.3 15379136.0  357627.2  51584.0 51401.1     41    0.828   0      0.000    0.828
88320.0 88512.0  0.0   49612.6 7511040.0 6526045.8 15379136.0  357627.2  51584.0 51401.1     41    0.828   0      0.000    0.828
88320.0 88512.0  0.0   49612.6 7511040.0 7168856.7 15379136.0  357627.2  51584.0 51401.1     41    0.828   0      0.000    0.828
88320.0 90304.0 34748.4  0.0   7508928.0 348057.2 15379136.0  361525.1  51584.0 51401.1     42    0.837   0      0.000    0.837
88320.0 90304.0 34748.4  0.0   7508928.0 1049242.9 15379136.0  361525.1  51584.0 51401.1     42    0.837   0      0.000    0.837
88320.0 90304.0 34748.4  0.0   7508928.0 1674955.6 15379136.0  361525.1  51584.0 51401.1     42    0.837   0      0.000    0.837
88320.0 90304.0 34748.4  0.0   7508928.0 2261966.8 15379136.0  361525.1  51584.0 51401.1     42    0.837   0      0.000    0.837
88320.0 90304.0 34748.4  0.0   7508928.0 2918002.8 15379136.0  361525.1  51584.0 51401.1     42    0.837   0      0.000    0.837
88320.0 90304.0 34748.4  0.0   7508928.0 3507398.4 15379136.0  361525.1  51584.0 51401.1     42    0.837   0      0.000    0.837
88320.0 90304.0 34748.4  0.0   7508928.0 4023193.8 15379136.0  361525.1  51584.0 51401.1     42    0.837   0      0.000    0.837
88320.0 90304.0 34748.4  0.0   7508928.0 4498019.6 15379136.0  361525.1  51584.0 51401.1     42    0.837   0      0.000    0.837
88320.0 90304.0 34748.4  0.0   7508928.0 4908546.1 15379136.0  361525.1  51584.0 51401.1     42    0.837   0      0.000    0.837
88320.0 90304.0 34748.4  0.0   7508928.0 5068008.3 15379136.0  361525.1  51584.0 51401.1     42    0.837   0      0.000    0.837
88320.0 90304.0 34748.4  0.0   7508928.0 5229351.1 15379136.0  361525.1  51584.0 51401.1     42    0.837   0      0.000    0.837
88320.0 90304.0 34748.4  0.0   7508928.0 5399241.6 15379136.0  361525.1  51584.0 51401.1     42    0.837   0      0.000    0.837
88320.0 90304.0 34748.4  0.0   7508928.0 5527464.1 15379136.0  361525.1  51584.0 51401.1     42    0.837   0      0.000    0.837
88320.0 90304.0 34748.4  0.0   7508928.0 5690435.2 15379136.0  361525.1  51584.0 51401.1     42    0.837   0      0.000    0.837
88320.0 90304.0 34748.4  0.0   7508928.0 5839021.0 15379136.0  361525.1  51584.0 51401.1     42    0.837   0      0.000    0.837
88320.0 90304.0 34748.4  0.0   7508928.0 5984461.2 15379136.0  361525.1  51584.0 51401.1     42    0.837   0      0.000    0.837
88320.0 90304.0 34748.4  0.0   7508928.0 6160125.0 15379136.0  361525.1  51584.0 51401.1     42    0.837   0      0.000    0.837
88320.0 90304.0 34748.4  0.0   7508928.0 6241179.3 15379136.0  361525.1  51584.0 51401.1     42    0.837   0      0.000    0.837
88320.0 90304.0 34748.4  0.0   7508928.0 6256027.6 15379136.0  361525.1  51584.0 51401.1     42    0.837   0      0.000    0.837
88320.0 90304.0 34748.4  0.0   7508928.0 6262741.6 15379136.0  361525.1  51584.0 51401.1     42    0.837   0      0.000    0.837
88320.0 90304.0 34748.4  0.0   7508928.0 6271625.8 15379136.0  361525.1  51584.0 51401.1     42    0.837   0      0.000    0.837
88320.0 90304.0 34748.4  0.0   7508928.0 6297191.6 15379136.0  361525.1  51584.0 51401.1     42    0.837   0      0.000    0.837
88320.0 90304.0 34748.4  0.0   7508928.0 6314552.6 15379136.0  361525.1  51584.0 51401.1     42    0.837   0      0.000    0.837
88320.0 90304.0 34748.4  0.0   7508928.0 6346390.3 15379136.0  361525.1  51584.0 51401.1     42    0.837   0      0.000    0.837
88320.0 90304.0 34748.4  0.0   7508928.0 6365595.9 15379136.0  361525.1  51584.0 51401.1     42    0.837   0      0.000    0.837
88320.0 90304.0 34748.4  0.0   7508928.0 6381006.6 15379136.0  361525.1  51584.0 51401.1     42    0.837   0      0.000    0.837
88320.0 90304.0 34748.4  0.0   7508928.0 6381033.3 15379136.0  361525.1  51584.0 51401.1     42    0.837   0      0.000    0.837
88320.0 90304.0 34748.4  0.0   7508928.0 6393626.2 15379136.0  361525.1  51584.0 51401.1     42    0.837   0      0.000    0.837
88320.0 90304.0 34748.4  0.0   7508928.0 6420184.3 15379136.0  361525.1  51584.0 51401.1     42    0.837   0      0.000    0.837
88320.0 90304.0 34748.4  0.0   7508928.0 6435268.8 15379136.0  361525.1  51584.0 51401.1     42    0.837   0      0.000    0.837
88320.0 90304.0 34748.4  0.0   7508928.0 6454781.6 15379136.0  361525.1  51584.0 51401.1     42    0.837   0      0.000    0.837
88320.0 90304.0 34748.4  0.0   7508928.0 6496892.8 15379136.0  361525.1  51584.0 51401.1     42    0.837   0      0.000    0.837
88320.0 90304.0 34748.4  0.0   7508928.0 6516270.0 15379136.0  361525.1  51584.0 51401.1     42    0.837   0      0.000    0.837
88320.0 90304.0 34748.4  0.0   7508928.0 6533161.8 15379136.0  361525.1  51584.0 51401.1     42    0.837   0      0.000    0.837
88320.0 90304.0 34748.4  0.0   7508928.0 6563361.2 15379136.0  361525.1  51584.0 51401.1     42    0.837   0      0.000    0.837
88320.0 90304.0 34748.4  0.0   7508928.0 6582372.4 15379136.0  361525.1  51584.0 51401.1     42    0.837   0      0.000    0.837
88320.0 90304.0 34748.4  0.0   7508928.0 6614649.2 15379136.0  361525.1  51584.0 51401.1     42    0.837   0      0.000    0.837
88320.0 90304.0 34748.4  0.0   7508928.0 6614752.4 15379136.0  361525.1  51584.0 51401.1     42    0.837   0      0.000    0.837
88320.0 90304.0 34748.4  0.0   7508928.0 6657286.3 15379136.0  361525.1  51584.0 51401.1     42    0.837   0      0.000    0.837
88320.0 90304.0 34748.4  0.0   7508928.0 6673064.5 15379136.0  361525.1  51584.0 51401.1     42    0.837   0      0.000    0.837
88320.0 90304.0 34748.4  0.0   7508928.0 6721040.4 15379136.0  361525.1  51584.0 51401.1     42    0.837   0      0.000    0.837
88320.0 90304.0 34748.4  0.0   7508928.0 6780724.1 15379136.0  361525.1  51584.0 51401.1     42    0.837   0      0.000    0.837
88320.0 90304.0 34748.4  0.0   7508928.0 6832191.9 15379136.0  361525.1  51584.0 51401.1     42    0.837   0      0.000    0.837
88320.0 90304.0 34748.4  0.0   7508928.0 6874268.7 15379136.0  361525.1  51584.0 51401.1     42    0.837   0      0.000    0.837
88320.0 90304.0 34748.4  0.0   7508928.0 6911241.0 15379136.0  361525.1  51584.0 51401.1     42    0.837   0      0.000    0.837
88320.0 90304.0 34748.4  0.0   7508928.0 6937538.5 15379136.0  361525.1  51584.0 51401.1     42    0.837   0      0.000    0.837
88320.0 90304.0 34748.4  0.0   7508928.0 7008449.8 15379136.0  361525.1  51584.0 51401.1     42    0.837   0      0.000    0.837
88320.0 90304.0 34748.4  0.0   7508928.0 7045390.3 15379136.0  361525.1  51584.0 51401.3     42    0.837   0      0.000    0.837
88320.0 90304.0 34748.4  0.0   7508928.0 7061450.7 15379136.0  361525.1  51584.0 51401.3     42    0.837   0      0.000    0.837
88320.0 90304.0 34748.4  0.0   7508928.0 7174101.5 15379136.0  361525.1  51584.0 51401.3     42    0.837   0      0.000    0.837
88320.0 90304.0 34748.4  0.0   7508928.0 7240122.0 15379136.0  361525.1  51584.0 51401.3     42    0.837   0      0.000    0.837
88320.0 90304.0 34748.4  0.0   7508928.0 7347215.5 15379136.0  361525.1  51584.0 51401.3     42    0.837   0      0.000    0.837
88320.0 90304.0 34748.4  0.0   7508928.0 7424834.8 15379136.0  361525.1  51584.0 51401.3     42    0.837   0      0.000    0.837
88320.0 90304.0 34748.4  0.0   7508928.0 7481240.8 15379136.0  361525.1  51584.0 51401.3     42    0.837   0      0.000    0.837
95296.0 11648.0  0.0   11638.5 7508928.0 48209.5  15379136.0  361776.0  51584.0 51401.3     43    0.841   0      0.000    0.841
95296.0 11648.0  0.0   11638.5 7508928.0 230788.7 15379136.0  361776.0  51584.0 51401.3     43    0.841   0      0.000    0.841
95296.0 11648.0  0.0   11638.5 7508928.0 491343.5 15379136.0  361776.0  51584.0 51401.3     43    0.841   0      0.000    0.841
95296.0 11648.0  0.0   11638.5 7508928.0 757965.1 15379136.0  361776.0  51584.0 51401.3     43    0.841   0      0.000    0.841
95296.0 11648.0  0.0   11638.5 7508928.0 853205.4 15379136.0  361776.0  51584.0 51401.3     43    0.841   0      0.000    0.841
95296.0 11648.0  0.0   11638.5 7508928.0 936033.8 15379136.0  361776.0  51584.0 51401.3     43    0.841   0      0.000    0.841
95296.0 11648.0  0.0   11638.5 7508928.0 940849.4 15379136.0  361776.0  51584.0 51401.7     43    0.841   0      0.000    0.841
95296.0 11648.0  0.0   11638.5 7508928.0 940868.7 15379136.0  361776.0  51584.0 51401.7     43    0.841   0      0.000    0.841
95296.0 11648.0  0.0   11638.5 7508928.0 940915.1 15379136.0  361776.0  51584.0 51401.7     43    0.841   0      0.000    0.841
95296.0 11648.0  0.0   11638.5 7508928.0 940938.3 15379136.0  361776.0  51584.0 51401.7     43    0.841   0      0.000    0.841
95296.0 11648.0  0.0   11638.5 7508928.0 940959.8 15379136.0  361776.0  51584.0 51401.7     43    0.841   0      0.000    0.841
95296.0 11648.0  0.0   11638.5 7508928.0 940973.6 15379136.0  361776.0  51584.0 51401.7     43    0.841   0      0.000    0.841
95296.0 11648.0  0.0   11638.5 7508928.0 940993.1 15379136.0  361776.0  51584.0 51401.7     43    0.841   0      0.000    0.841
95296.0 11648.0  0.0   11638.5 7508928.0 941037.7 15379136.0  361776.0  51584.0 51401.7     43    0.841   0      0.000    0.841
95296.0 11648.0  0.0   11638.5 7508928.0 941057.1 15379136.0  361776.0  51584.0 51401.7     43    0.841   0      0.000    0.841
95296.0 11648.0  0.0   11638.5 7508928.0 941076.5 15379136.0  361776.0  51584.0 51401.7     43    0.841   0      0.000    0.841
95296.0 11648.0  0.0   11638.5 7508928.0 941101.6 15379136.0  361776.0  51584.0 51401.7     43    0.841   0      0.000    0.841
95296.0 11648.0  0.0   11638.5 7508928.0 941121.1 15379136.0  361776.0  51584.0 51401.7     43    0.841   0      0.000    0.841
95296.0 11648.0  0.0   11638.5 7508928.0 941159.1 15379136.0  361776.0  51584.0 51401.7     43    0.841   0      0.000    0.841
95296.0 11648.0  0.0   11638.5 7508928.0 941182.2 15379136.0  361776.0  51584.0 51401.7     43    0.841   0      0.000    0.841
95296.0 11648.0  0.0   11638.5 7508928.0 941201.6 15379136.0  361776.0  51584.0 51401.7     43    0.841   0      0.000    0.841
95296.0 11648.0  0.0   11638.5 7508928.0 941221.1 15379136.0  361776.0  51584.0 51401.7     43    0.841   0      0.000    0.841
95296.0 11648.0  0.0   11638.5 7508928.0 941240.7 15379136.0  361776.0  51584.0 51401.7     43    0.841   0      0.000    0.841
95296.0 11648.0  0.0   11638.5 7508928.0 941286.4 15379136.0  361776.0  51584.0 51401.7     43    0.841   0      0.000    0.841
95296.0 11648.0  0.0   11638.5 7508928.0 941311.4 15379136.0  361776.0  51584.0 51401.7     43    0.841   0      0.000    0.841
95296.0 11648.0  0.0   11638.5 7508928.0 941330.8 15379136.0  361776.0  51584.0 51401.7     43    0.841   0      0.000    0.841
95296.0 11648.0  0.0   11638.5 7508928.0 941344.4 15379136.0  361776.0  51584.0 51401.7     43    0.841   0      0.000    0.841
95296.0 11648.0  0.0   11638.5 7508928.0 941363.8 15379136.0  361776.0  51584.0 51401.7     43    0.841   0      0.000    0.841
95296.0 11648.0  0.0   11638.5 7508928.0 941408.1 15379136.0  361776.0  51584.0 51401.7     43    0.841   0      0.000    0.841
95296.0 11648.0  0.0   11638.5 7508928.0 941427.5 15379136.0  361776.0  51584.0 51401.7     43    0.841   0      0.000    0.841
95296.0 11648.0  0.0   11638.5 7508928.0 941450.5 15379136.0  361776.0  51584.0 51401.7     43    0.841   0      0.000    0.841
95296.0 11648.0  0.0   11638.5 7508928.0 941469.8 15379136.0  361776.0  51584.0 51401.7     43    0.841   0      0.000    0.841
95296.0 11648.0  0.0   11638.5 7508928.0 941491.3 15379136.0  361776.0  51584.0 51401.7     43    0.841   0      0.000    0.841
95296.0 11648.0  0.0   11638.5 7508928.0 941534.8 15379136.0  361776.0  51584.0 51401.7     43    0.841   0      0.000    0.841
95296.0 11648.0  0.0   11638.5 7508928.0 941548.4 15379136.0  361776.0  51584.0 51401.7     43    0.841   0      0.000    0.841
95296.0 11648.0  0.0   11638.5 7508928.0 941571.3 15379136.0  361776.0  51584.0 51401.7     43    0.841   0      0.000    0.841
95296.0 11648.0  0.0   11638.5 7508928.0 941593.0 15379136.0  361776.0  51584.0 51401.7     43    0.841   0      0.000    0.841
95296.0 11648.0  0.0   11638.5 7508928.0 941612.4 15379136.0  361776.0  51584.0 51401.7     43    0.841   0      0.000    0.841
