 S0C    S1C    S0U    S1U      EC       EU        OC         OU       PC     PU    YGC     YGCT    FGC    FGCT     GCT   
961152.0 961152.0  0.0    0.0   5767232.0 115344.7 15379136.0    0.0     21248.0 2638.9      0    0.000   0      0.000    0.000
961152.0 961152.0  0.0    0.0   5767232.0 115344.7 15379136.0    0.0     21248.0 13098.3      0    0.000   0      0.000    0.000
961152.0 961152.0  0.0    0.0   5767232.0 1384298.3 15379136.0    0.0     23360.0 22808.9      0    0.000   0      0.000    0.000
961152.0 961152.0  0.0    0.0   5767232.0 3922140.2 15379136.0    0.0     33920.0 33896.4      0    0.000   0      0.000    0.000
961152.0 961152.0  0.0    0.0   5767232.0 5306596.5 15379136.0    0.0     34496.0 34106.2      0    0.000   0      0.000    0.000
961152.0 961152.0  0.0    0.0   5767232.0 5537286.0 15379136.0    0.0     44288.0 44040.0      0    0.000   0      0.000    0.000
961152.0 961152.0  0.0   104979.9 5767232.0 3841980.3 15379136.0    0.0     50240.0 50081.7      1    0.066   0      0.000    0.066
961152.0 961152.0 79918.2  0.0   5767232.0 3516976.4 15379136.0    0.0     50432.0 50245.2      2    0.096   0      0.000    0.096
961152.0 961152.0  0.0   106517.7 5767232.0 2993848.6 15379136.0    0.0     50432.0 50353.4      3    0.137   0      0.000    0.137
961152.0 961152.0 110564.7  0.0   5767232.0 2262304.2 15379136.0    0.0     50432.0 50370.8      4    0.182   0      0.000    0.182
124864.0 961152.0  0.0   108018.4 5767232.0 1887391.9 15379136.0    0.0     50432.0 50373.0      5    0.223   0      0.000    0.223
124864.0 961152.0  0.0   108018.4 5767232.0 5748832.9 15379136.0    0.0     50432.0 50374.6      5    0.223   0      0.000    0.223
124864.0 122880.0 105004.1  0.0   7441792.0 3117152.9 15379136.0    0.0     50432.0 50376.1      6    0.253   0      0.000    0.253
124864.0 122880.0 105004.1  0.0   7441792.0 6815816.6 15379136.0    0.0     50432.0 50425.0      6    0.253   0      0.000    0.253
135552.0 32256.0  0.0   32216.8 7441792.0 2088178.3 15379136.0  73642.4   50624.0 50451.1      7    0.300   0      0.000    0.300
135552.0 32256.0  0.0   32216.8 7441792.0 5446194.5 15379136.0  73642.4   51008.0 50865.9      7    0.300   0      0.000    0.300
135552.0 131264.0 88407.6  0.0   7422720.0 1385559.8 15379136.0  73770.4   51008.0 50866.1      8    0.330   0      0.000    0.330
135552.0 131264.0 88407.6  0.0   7422720.0 5148853.5 15379136.0  73770.4   51008.0 50866.3      8    0.330   0      0.000    0.330
128256.0 131264.0  0.0   84916.0 7422720.0 1619473.9 15379136.0  73826.4   51008.0 50871.0      9    0.349   0      0.000    0.349
128256.0 131264.0  0.0   84916.0 7422720.0 4439577.9 15379136.0  73826.4   51008.0 50876.9      9    0.349   0      0.000    0.349
128256.0 131264.0  0.0   84916.0 7422720.0 6897662.7 15379136.0  73826.4   51008.0 50882.6      9    0.349   0      0.000    0.349
128256.0 129280.0 63840.8  0.0   7430976.0 1933738.7 15379136.0  101833.3  51008.0 50922.5     10    0.375   0      0.000    0.375
128256.0 129280.0 63840.8  0.0   7430976.0 3565201.6 15379136.0  101833.3  51008.0 50925.6     10    0.375   0      0.000    0.375
128256.0 129280.0 63840.8  0.0   7430976.0 4680734.6 15379136.0  101833.3  51008.0 50925.6     10    0.375   0      0.000    0.375
128256.0 129280.0 63840.8  0.0   7430976.0 5827553.5 15379136.0  101833.3  51008.0 50926.3     10    0.375   0      0.000    0.375
128256.0 129280.0 63840.8  0.0   7430976.0 6726391.9 15379136.0  101833.3  51008.0 50926.6     10    0.375   0      0.000    0.375
128896.0 129280.0  0.0   66929.9 7430976.0 431776.8 15379136.0  104846.3  51008.0 50929.4     11    0.392   0      0.000    0.392
128896.0 129280.0  0.0   66929.9 7430976.0 1431786.3 15379136.0  104846.3  51008.0 50930.4     11    0.392   0      0.000    0.392
128896.0 129280.0  0.0   66929.9 7430976.0 2332077.4 15379136.0  104846.3  51008.0 50931.5     11    0.392   0      0.000    0.392
128896.0 129280.0  0.0   66929.9 7430976.0 3196517.7 15379136.0  104846.3  51008.0 50931.8     11    0.392   0      0.000    0.392
128896.0 129280.0  0.0   66929.9 7430976.0 4161058.2 15379136.0  104846.3  51008.0 50932.0     11    0.392   0      0.000    0.392
128896.0 129280.0  0.0   66929.9 7430976.0 5158915.4 15379136.0  104846.3  51008.0 50932.2     11    0.392   0      0.000    0.392
128896.0 129280.0  0.0   66929.9 7430976.0 6144293.2 15379136.0  104846.3  51008.0 50932.4     11    0.392   0      0.000    0.392
128896.0 129280.0  0.0   66929.9 7430976.0 6888944.1 15379136.0  104846.3  51008.0 50935.3     11    0.392   0      0.000    0.392
128896.0 128768.0 62062.2  0.0   7431872.0 462046.9 15379136.0  107314.8  51008.0 50936.7     12    0.408   0      0.000    0.408
128896.0 128768.0 62062.2  0.0   7431872.0 1231700.2 15379136.0  107314.8  51008.0 50938.9     12    0.408   0      0.000    0.408
128896.0 128768.0 62062.2  0.0   7431872.0 2857275.6 15379136.0  107314.8  51008.0 50939.2     12    0.408   0      0.000    0.408
128896.0 128768.0 62062.2  0.0   7431872.0 5122997.6 15379136.0  107314.8  51008.0 50939.2     12    0.408   0      0.000    0.408
128896.0 128768.0 62062.2  0.0   7431872.0 7125697.2 15379136.0  107314.8  51008.0 50939.9     12    0.408   0      0.000    0.408
128896.0 128768.0  0.0   56785.4 7431872.0 2228794.7 15379136.0  109874.9  51008.0 50945.2     13    0.423   0      0.000    0.423
128896.0 128768.0  0.0   56785.4 7431872.0 5114800.8 15379136.0  109874.9  51008.0 50947.1     13    0.423   0      0.000    0.423
128896.0 128384.0 56465.3  0.0   7432256.0 1093392.1 15379136.0  113293.3  51008.0 50947.3     14    0.439   0      0.000    0.439
128896.0 128384.0 56465.3  0.0   7432256.0 4466610.8 15379136.0  113293.3  51008.0 50966.4     14    0.439   0      0.000    0.439
128896.0 128384.0 56465.3  0.0   7432256.0 7037414.4 15379136.0  113293.3  51008.0 50968.7     14    0.439   0      0.000    0.439
125952.0 128384.0  0.0   64024.8 7432256.0 2853782.3 15379136.0  119515.5  51008.0 50969.1     15    0.459   0      0.000    0.459
125952.0 128384.0  0.0   64024.8 7432256.0 6522528.6 15379136.0  119515.5  51008.0 50971.1     15    0.459   0      0.000    0.459
125952.0 124416.0 57612.6  0.0   7439168.0 1621907.5 15379136.0  132097.4  51008.0 50971.3     16    0.480   0      0.000    0.480
125952.0 124416.0 57612.6  0.0   7439168.0 4034851.1 15379136.0  132097.4  51008.0 50976.0     16    0.480   0      0.000    0.480
125952.0 124416.0 57612.6  0.0   7439168.0 6231373.8 15379136.0  132097.4  51008.0 50979.7     16    0.480   0      0.000    0.480
122432.0 124416.0  0.0   57978.5 7439168.0 908586.2 15379136.0  137724.8  51008.0 50979.9     17    0.495   0      0.000    0.495
122432.0 124416.0  0.0   57978.5 7439168.0 2614293.7 15379136.0  137724.8  51008.0 50985.2     17    0.495   0      0.000    0.495
122432.0 124416.0  0.0   57978.5 7439168.0 3902436.4 15379136.0  137724.8  51008.0 50987.7     17    0.495   0      0.000    0.495
122432.0 124416.0  0.0   57978.5 7439168.0 5095364.0 15379136.0  137724.8  51008.0 50989.9     17    0.495   0      0.000    0.495
122432.0 124416.0  0.0   57978.5 7439168.0 6332364.8 15379136.0  137724.8  51008.0 50991.3     17    0.495   0      0.000    0.495
122432.0 124416.0  0.0   57978.5 7439168.0 7206749.1 15379136.0  137724.8  51008.0 50992.3     17    0.495   0      0.000    0.495
122432.0 118400.0 68805.6  0.0   7448704.0 989809.4 15379136.0  138558.8  51008.0 50992.6     18    0.515   0      0.000    0.515
122432.0 118400.0 68805.6  0.0   7448704.0 2163010.9 15379136.0  138558.8  51008.0 50992.6     18    0.515   0      0.000    0.515
122432.0 118400.0 68805.6  0.0   7448704.0 3289226.1 15379136.0  138558.8  51008.0 50993.3     18    0.515   0      0.000    0.515
122432.0 118400.0 68805.6  0.0   7448704.0 4812460.8 15379136.0  138558.8  51008.0 50993.3     18    0.515   0      0.000    0.515
122432.0 118400.0 68805.6  0.0   7448704.0 7111280.9 15379136.0  138558.8  51008.0 50994.6     18    0.515   0      0.000    0.515
115904.0 118400.0  0.0   61226.8 7448704.0 2212833.1 15379136.0  143730.4  51008.0 50995.1     19    0.533   0      0.000    0.533
115904.0 118400.0  0.0   61226.8 7448704.0 4808360.2 15379136.0  143730.4  51008.0 50995.4     19    0.533   0      0.000    0.533
115904.0 118400.0  0.0   61226.8 7448704.0 7316691.3 15379136.0  143730.4  51008.0 50995.4     19    0.533   0      0.000    0.533
115904.0 114816.0 52222.7  0.0   7458816.0 2327782.1 15379136.0  150534.9  51008.0 50997.5     20    0.548   0      0.000    0.548
115904.0 114816.0 52222.7  0.0   7458816.0 3912044.3 15379136.0  150534.9  51008.0 50998.0     20    0.548   0      0.000    0.548
115904.0 114816.0 52222.7  0.0   7458816.0 5388507.4 15379136.0  150534.9  51008.0 51004.7     20    0.548   0      0.000    0.548
115904.0 114816.0 52222.7  0.0   7458816.0 6667588.8 15379136.0  150534.9  51008.0 51005.1     20    0.548   0      0.000    0.548
111808.0 114816.0  0.0   73923.1 7458816.0 642640.6 15379136.0  151882.9  51008.0 51005.1     21    0.570   0      0.000    0.570
111808.0 114816.0  0.0   73923.1 7458816.0 1639160.0 15379136.0  151882.9  51008.0 51005.1     21    0.570   0      0.000    0.570
111808.0 114816.0  0.0   73923.1 7458816.0 3344556.2 15379136.0  151882.9  51008.0 51005.8     21    0.570   0      0.000    0.570
111808.0 114816.0  0.0   73923.1 7458816.0 6560170.6 15379136.0  151882.9  51008.0 51006.5     21    0.570   0      0.000    0.570
111808.0 110144.0 55783.5  0.0   7467584.0 2182536.2 15379136.0  165972.9  51008.0 51006.5     22    0.589   0      0.000    0.589
111808.0 110144.0 55783.5  0.0   7467584.0 5692942.2 15379136.0  165972.9  51008.0 51006.5     22    0.589   0      0.000    0.589
108160.0 110144.0  0.0   56498.9 7467584.0 916001.6 15379136.0  178910.4  51008.0 51007.1     23    0.606   0      0.000    0.606
108160.0 110144.0  0.0   56498.9 7467584.0 2529971.5 15379136.0  178910.4  51008.0 51007.4     23    0.606   0      0.000    0.606
108160.0 110144.0  0.0   56498.9 7467584.0 4046174.7 15379136.0  178910.4  51008.0 51007.4     23    0.606   0      0.000    0.606
108160.0 110144.0  0.0   56498.9 7467584.0 5010494.8 15379136.0  178910.4  51008.0 51007.4     23    0.606   0      0.000    0.606
108160.0 110144.0  0.0   56498.9 7467584.0 6192445.5 15379136.0  178910.4  51008.0 51007.6     23    0.606   0      0.000    0.606
108160.0 110144.0  0.0   56498.9 7467584.0 7276723.0 15379136.0  178910.4  51008.0 51007.6     23    0.606   0      0.000    0.606
108160.0 104768.0 63566.9  0.0   7476608.0 978283.3 15379136.0  182417.1  51008.0 51007.6     24    0.623   0      0.000    0.623
108160.0 104768.0 63566.9  0.0   7476608.0 1798703.2 15379136.0  182417.1  51008.0 51007.6     24    0.623   0      0.000    0.623
108160.0 104768.0 63566.9  0.0   7476608.0 3378804.7 15379136.0  182417.1  51200.0 51008.0     24    0.623   0      0.000    0.623
108160.0 104768.0 63566.9  0.0   7476608.0 4836358.2 15379136.0  182417.1  51200.0 51009.5     24    0.623   0      0.000    0.623
108160.0 104768.0 63566.9  0.0   7476608.0 6034121.8 15379136.0  182417.1  51200.0 51009.5     24    0.623   0      0.000    0.623
101568.0 104768.0  0.0   63980.4 7476608.0 717042.4 15379136.0  190777.5  51200.0 51009.5     25    0.644   0      0.000    0.644
101568.0 104768.0  0.0   63980.4 7476608.0 3099897.4 15379136.0  190777.5  51200.0 51009.5     25    0.644   0      0.000    0.644
101568.0 104768.0  0.0   63980.4 7476608.0 5806828.8 15379136.0  190777.5  51200.0 51009.5     25    0.644   0      0.000    0.644
101568.0 101696.0 46148.8  0.0   7486144.0 397674.3 15379136.0  216833.5  51200.0 51009.5     26    0.663   0      0.000    0.663
101568.0 101696.0 46148.8  0.0   7486144.0 988086.5 15379136.0  216833.5  51200.0 51009.8     26    0.663   0      0.000    0.663
101568.0 101696.0 46148.8  0.0   7486144.0 2801904.8 15379136.0  216833.5  51200.0 51009.8     26    0.663   0      0.000    0.663
101568.0 101696.0 46148.8  0.0   7486144.0 5390814.9 15379136.0  216833.5  51200.0 51012.6     26    0.663   0      0.000    0.663
100096.0 101696.0  0.0   52335.6 7486144.0 285255.0 15379136.0  228693.5  51200.0 51014.2     27    0.680   0      0.000    0.680
100096.0 101696.0  0.0   52335.6 7486144.0 1791410.2 15379136.0  228693.5  51200.0 51014.2     27    0.680   0      0.000    0.680
100096.0 101696.0  0.0   52335.6 7486144.0 3135683.1 15379136.0  228693.5  51200.0 51014.4     27    0.680   0      0.000    0.680
100096.0 101696.0  0.0   52335.6 7486144.0 4390272.3 15379136.0  228693.5  51200.0 51014.4     27    0.680   0      0.000    0.680
100096.0 101696.0  0.0   52335.6 7486144.0 6215044.7 15379136.0  228693.5  51200.0 51014.9     27    0.680   0      0.000    0.680
100096.0 98624.0 50939.1  0.0   7490816.0 717616.4 15379136.0  248277.9  51200.0 51014.9     28    0.696   0      0.000    0.696
100096.0 98624.0 50939.1  0.0   7490816.0 2168961.5 15379136.0  248277.9  51200.0 51016.2     28    0.696   0      0.000    0.696
100096.0 98624.0 50939.1  0.0   7490816.0 4547865.5 15379136.0  248277.9  51200.0 51016.2     28    0.696   0      0.000    0.696
100096.0 98624.0 50939.1  0.0   7490816.0 6866831.0 15379136.0  248277.9  51200.0 51016.2     28    0.696   0      0.000    0.696
99200.0 98624.0  0.0   37715.2 7490816.0 2270285.1 15379136.0  267308.0  51200.0 51017.3     29    0.710   0      0.000    0.710
99200.0 98624.0  0.0   37715.2 7490816.0 4482538.5 15379136.0  267308.0  51200.0 51021.4     29    0.710   0      0.000    0.710
99200.0 98624.0  0.0   37715.2 7490816.0 7411564.7 15379136.0  267308.0  51200.0 51021.4     30    0.710   0      0.000    0.710
99200.0 97216.0 48192.0  0.0   7493120.0 2974422.7 15379136.0  284432.2  51200.0 51021.6     30    0.728   0      0.000    0.728
99200.0 97216.0 48192.0  0.0   7493120.0 5768954.4 15379136.0  284432.2  51200.0 51021.6     30    0.728   0      0.000    0.728
96192.0 97216.0  0.0   41984.0 7493120.0 1571315.4 15379136.0  306767.0  51200.0 51021.7     31    0.744   0      0.000    0.744
96192.0 97216.0  0.0   41984.0 7493120.0 4955481.6 15379136.0  306767.0  51200.0 51021.7     31    0.744   0      0.000    0.744
96192.0 96384.0 33134.9  0.0   7496768.0 295221.0 15379136.0  319832.9  51200.0 51021.7     32    0.754   0      0.000    0.754
96192.0 96384.0 33134.9  0.0   7496768.0 2981690.7 15379136.0  319832.9  51200.0 51024.2     32    0.754   0      0.000    0.754
96192.0 96384.0 33134.9  0.0   7496768.0 4240620.1 15379136.0  319832.9  51200.0 51024.2     32    0.754   0      0.000    0.754
96192.0 96384.0 33134.9  0.0   7496768.0 5738226.8 15379136.0  319832.9  51200.0 51024.4     32    0.754   0      0.000    0.754
96192.0 96384.0 33134.9  0.0   7496768.0 7426239.8 15379136.0  319832.9  51200.0 51024.4     32    0.754   0      0.000    0.754
92800.0 96384.0  0.0   51004.3 7496768.0 1829502.6 15379136.0  328373.4  51200.0 51024.4     33    0.770   0      0.000    0.770
92800.0 96384.0  0.0   51004.3 7496768.0 3047128.6 15379136.0  328373.4  51200.0 51024.4     33    0.770   0      0.000    0.770
92800.0 96384.0  0.0   51004.3 7496768.0 3789830.1 15379136.0  328373.4  51200.0 51024.4     33    0.770   0      0.000    0.770
92800.0 96384.0  0.0   51004.3 7496768.0 5449441.4 15379136.0  328373.4  51200.0 51024.4     33    0.770   0      0.000    0.770
92800.0 96384.0  0.0   51004.3 7496768.0 7257152.9 15379136.0  328373.4  51200.0 51024.4     33    0.770   0      0.000    0.770
92800.0 89728.0 49768.2  0.0   7507008.0 1441367.5 15379136.0  347230.4  51200.0 51024.5     34    0.786   0      0.000    0.786
92800.0 89728.0 49768.2  0.0   7507008.0 2872405.4 15379136.0  347230.4  51200.0 51024.9     34    0.786   0      0.000    0.786
92800.0 89728.0 49768.2  0.0   7507008.0 4479378.4 15379136.0  347230.4  51200.0 51025.5     34    0.786   0      0.000    0.786
92800.0 89728.0 49768.2  0.0   7507008.0 6109191.2 15379136.0  347230.4  51200.0 51027.2     34    0.786   0      0.000    0.786
87808.0 89728.0  0.0   44211.3 7507008.0 178442.4 15379136.0  365076.1  51200.0 51027.9     35    0.800   0      0.000    0.800
87808.0 89728.0  0.0   44211.3 7507008.0 1849455.6 15379136.0  365076.1  51200.0 51028.2     35    0.800   0      0.000    0.800
87808.0 89728.0  0.0   44211.3 7507008.0 3338012.8 15379136.0  365076.1  51200.0 51030.9     35    0.800   0      0.000    0.800
87808.0 89728.0  0.0   44211.3 7507008.0 4419496.3 15379136.0  365076.1  51200.0 51031.6     35    0.800   0      0.000    0.800
87808.0 89728.0  0.0   44211.3 7507008.0 4837818.0 15379136.0  365076.1  51200.0 51031.6     35    0.800   0      0.000    0.800
87808.0 89728.0  0.0   44211.3 7507008.0 5201311.9 15379136.0  365076.1  51200.0 51031.6     35    0.800   0      0.000    0.800
87808.0 89728.0  0.0   44211.3 7507008.0 5511873.5 15379136.0  365076.1  51200.0 51032.0     35    0.800   0      0.000    0.800
87808.0 89728.0  0.0   44211.3 7507008.0 5797815.5 15379136.0  365076.1  51200.0 51032.6     35    0.800   0      0.000    0.800
87808.0 89728.0  0.0   44211.3 7507008.0 6116745.2 15379136.0  365076.1  51200.0 51032.6     35    0.800   0      0.000    0.800
87808.0 89728.0  0.0   44211.3 7507008.0 6505927.9 15379136.0  365076.1  51200.0 51033.1     35    0.800   0      0.000    0.800
87808.0 89728.0  0.0   44211.3 7507008.0 6947427.2 15379136.0  365076.1  51200.0 51034.9     35    0.800   0      0.000    0.800
87808.0 89728.0  0.0   44211.3 7507008.0 7305183.2 15379136.0  365076.1  51200.0 51034.9     35    0.800   0      0.000    0.800
87808.0 89152.0 66053.4  0.0   7511232.0 230708.8 15379136.0  365950.3  51200.0 51035.7     36    0.818   0      0.000    0.818
87808.0 89152.0 66053.4  0.0   7511232.0 597251.9 15379136.0  365950.3  51200.0 51036.3     36    0.818   0      0.000    0.818
87808.0 89152.0 66053.4  0.0   7511232.0 952764.1 15379136.0  365950.3  51200.0 51037.7     36    0.818   0      0.000    0.818
87808.0 89152.0 66053.4  0.0   7511232.0 1387898.1 15379136.0  365950.3  51200.0 51042.1     36    0.818   0      0.000    0.818
87808.0 89152.0 66053.4  0.0   7511232.0 1715656.1 15379136.0  365950.3  51200.0 51044.0     36    0.818   0      0.000    0.818
87808.0 89152.0 66053.4  0.0   7511232.0 2160621.1 15379136.0  365950.3  51200.0 51045.3     36    0.818   0      0.000    0.818
87808.0 89152.0 66053.4  0.0   7511232.0 2814011.6 15379136.0  365950.3  51200.0 51046.4     36    0.818   0      0.000    0.818
87808.0 89152.0 66053.4  0.0   7511232.0 3634402.5 15379136.0  365950.3  51200.0 51047.9     36    0.818   0      0.000    0.818
87808.0 89152.0 66053.4  0.0   7511232.0 4395003.3 15379136.0  365950.3  51200.0 51047.9     36    0.818   0      0.000    0.818
87808.0 89152.0 66053.4  0.0   7511232.0 5666859.7 15379136.0  365950.3  51200.0 51047.9     36    0.818   0      0.000    0.818
87744.0 89152.0  0.0   59718.0 7511232.0 297838.5 15379136.0  369551.1  51200.0 51051.9     37    0.834   0      0.000    0.834
87744.0 89152.0  0.0   59718.0 7511232.0 2360180.6 15379136.0  369551.1  51200.0 51051.9     37    0.834   0      0.000    0.834
87744.0 89152.0  0.0   59718.0 7511232.0 3085086.2 15379136.0  369551.1  51200.0 51054.6     37    0.834   0      0.000    0.834
87744.0 89152.0  0.0   59718.0 7511232.0 4714591.0 15379136.0  369551.1  51200.0 51058.3     37    0.834   0      0.000    0.834
87744.0 89152.0  0.0   59718.0 7511232.0 6810918.5 15379136.0  369551.1  51200.0 51058.7     37    0.834   0      0.000    0.834
87744.0 87040.0 39432.8  0.0   7514752.0 1639679.9 15379136.0  394297.5  51200.0 51059.5     38    0.849   0      0.000    0.849
87744.0 87040.0 39432.8  0.0   7514752.0 3677859.1 15379136.0  394297.5  51200.0 51059.9     38    0.849   0      0.000    0.849
87744.0 87040.0 39432.8  0.0   7514752.0 5446388.5 15379136.0  394297.5  51200.0 51060.7     38    0.849   0      0.000    0.849
87744.0 87040.0 39432.8  0.0   7514752.0 7121219.6 15379136.0  394297.5  51200.0 51062.2     38    0.849   0      0.000    0.849
88384.0 25536.0  0.0   25479.0 7514752.0 1570877.1 15379136.0  423770.5  51200.0 51063.9     39    0.863   0      0.000    0.863
88384.0 25536.0  0.0   25479.0 7514752.0 3001695.8 15379136.0  423770.5  51200.0 51066.3     39    0.863   0      0.000    0.863
88384.0 25536.0  0.0   25479.0 7514752.0 4351899.4 15379136.0  423770.5  51200.0 51066.3     39    0.863   0      0.000    0.863
88384.0 25536.0  0.0   25479.0 7514752.0 5680371.6 15379136.0  423770.5  51200.0 51066.4     39    0.863   0      0.000    0.863
88384.0 25536.0  0.0   25479.0 7514752.0 6515854.5 15379136.0  423770.5  51200.0 51067.8     39    0.863   0      0.000    0.863
88384.0 85824.0 43170.8  0.0   7515328.0 527853.3 15379136.0  430957.6  51200.0 51068.1     40    0.877   0      0.000    0.877
88384.0 85824.0 43170.8  0.0   7515328.0 2508681.0 15379136.0  430957.6  51200.0 51068.4     40    0.877   0      0.000    0.877
88384.0 85824.0 43170.8  0.0   7515328.0 4825286.1 15379136.0  430957.6  51200.0 51069.7     40    0.877   0      0.000    0.877
88384.0 85824.0 43170.8  0.0   7515328.0 7328791.4 15379136.0  430957.6  51200.0 51069.7     40    0.877   0      0.000    0.877
84096.0 85824.0  0.0   38592.8 7515328.0 1812773.4 15379136.0  453234.4  51200.0 51071.4     41    0.891   0      0.000    0.891
84096.0 85824.0  0.0   38592.8 7515328.0 3899074.0 15379136.0  453234.4  51200.0 51071.5     41    0.891   0      0.000    0.891
84096.0 85824.0  0.0   38592.8 7515328.0 6322800.3 15379136.0  453234.4  51200.0 51076.0     41    0.891   0      0.000    0.891
84096.0 81408.0 50854.4  0.0   7524032.0 1570397.3 15379136.0  469876.1  51200.0 51076.0     42    0.909   0      0.000    0.909
84096.0 81408.0 50854.4  0.0   7524032.0 5282135.0 15379136.0  469876.1  51200.0 51076.0     42    0.909   0      0.000    0.909
82240.0 81408.0  0.0   24463.6 7524032.0 1297374.0 15379136.0  496622.6  51200.0 51076.2     43    0.923   0      0.000    0.923
82240.0 81408.0  0.0   24463.6 7524032.0 3991198.1 15379136.0  496622.6  51200.0 51076.6     43    0.923   0      0.000    0.923
82240.0 81408.0  0.0   24463.6 7524032.0 6761572.8 15379136.0  496622.6  51200.0 51076.6     43    0.923   0      0.000    0.923
82240.0 81024.0 32633.7  0.0   7526272.0 2176341.9 15379136.0  512337.7  51200.0 51076.6     44    0.935   0      0.000    0.935
82240.0 81024.0 32633.7  0.0   7526272.0 4711953.8 15379136.0  512337.7  51200.0 51076.8     44    0.935   0      0.000    0.935
82240.0 81024.0 32633.7  0.0   7526272.0 6853256.1 15379136.0  512337.7  51200.0 51077.3     44    0.935   0      0.000    0.935
78400.0 81024.0  0.0   39200.5 7526272.0 1824064.0 15379136.0  528111.0  51200.0 51081.1     45    0.949   0      0.000    0.949
78400.0 81024.0  0.0   39200.5 7526272.0 4034288.4 15379136.0  528111.0  51200.0 51084.1     45    0.949   0      0.000    0.949
78400.0 81024.0  0.0   39200.5 7526272.0 5930376.8 15379136.0  528111.0  51200.0 51084.1     45    0.949   0      0.000    0.949
78400.0 81024.0  0.0   39200.5 7526272.0 7456244.5 15379136.0  528111.0  51200.0 51084.5     45    0.949   0      0.000    0.949
78400.0 75200.0 43217.1  0.0   7535936.0 1530997.5 15379136.0  547303.2  51200.0 51084.5     46    0.964   0      0.000    0.964
78400.0 75200.0 43217.1  0.0   7535936.0 3174934.3 15379136.0  547303.2  51200.0 51084.5     46    0.964   0      0.000    0.964
78400.0 75200.0 43217.1  0.0   7535936.0 4835604.0 15379136.0  547303.2  51200.0 51084.5     46    0.964   0      0.000    0.964
78400.0 75200.0 43217.1  0.0   7535936.0 6161661.4 15379136.0  547303.2  51200.0 51084.5     46    0.964   0      0.000    0.964
73088.0 75200.0  0.0   46856.5 7535936.0 595695.0 15379136.0  562163.3  51200.0 51084.5     47    0.980   0      0.000    0.980
73088.0 75200.0  0.0   46856.5 7535936.0 2274752.4 15379136.0  562163.3  51200.0 51084.5     47    0.980   0      0.000    0.980
73088.0 75200.0  0.0   46856.5 7535936.0 4098177.0 15379136.0  562163.3  51200.0 51084.5     47    0.980   0      0.000    0.980
73088.0 75200.0  0.0   46856.5 7535936.0 5788516.2 15379136.0  562163.3  51200.0 51084.7     47    0.980   0      0.000    0.980
73088.0 72832.0 51611.0  0.0   7543616.0 176553.6 15379136.0  572889.1  51200.0 51084.7     48    0.995   0      0.000    0.995
73088.0 72832.0 51611.0  0.0   7543616.0 908915.7 15379136.0  572889.1  51200.0 51084.7     48    0.995   0      0.000    0.995
73088.0 72832.0 51611.0  0.0   7543616.0 2828146.5 15379136.0  572889.1  51200.0 51084.9     48    0.995   0      0.000    0.995
73088.0 72832.0 51611.0  0.0   7543616.0 4373376.1 15379136.0  572889.1  51200.0 51084.9     48    0.995   0      0.000    0.995
73088.0 72832.0 51611.0  0.0   7543616.0 5615000.6 15379136.0  572889.1  51200.0 51163.5     48    0.995   0      0.000    0.995
73088.0 72832.0 51611.0  0.0   7543616.0 6924329.4 15379136.0  572889.1  51200.0 51163.5     48    0.995   0      0.000    0.995
72064.0 72832.0  0.0   50610.9 7543616.0 679169.9 15379136.0  582574.6  51200.0 51163.5     49    1.013   0      0.000    1.013
72064.0 72832.0  0.0   50610.9 7543616.0 2459157.0 15379136.0  582574.6  51200.0 51163.5     49    1.013   0      0.000    1.013
72064.0 72832.0  0.0   50610.9 7543616.0 3437534.0 15379136.0  582574.6  51200.0 51163.5     49    1.013   0      0.000    1.013
72064.0 72832.0  0.0   50610.9 7543616.0 4986851.0 15379136.0  582574.6  51200.0 51163.5     49    1.013   0      0.000    1.013
72064.0 72832.0  0.0   50610.9 7543616.0 7134037.5 15379136.0  582574.6  51200.0 51163.5     49    1.013   0      0.000    1.013
72064.0 71488.0 33748.2  0.0   7545984.0 2071798.2 15379136.0  610674.5  51200.0 51163.8     50    1.027   0      0.000    1.027
72064.0 71488.0 33748.2  0.0   7545984.0 4450914.8 15379136.0  610674.5  51200.0 51165.2     50    1.027   0      0.000    1.027
72064.0 71488.0 33748.2  0.0   7545984.0 6158454.7 15379136.0  610674.5  51200.0 51165.2     50    1.027   0      0.000    1.027
70208.0 71488.0  0.0   36382.5 7545984.0 126714.7 15379136.0  630690.8  51200.0 51165.2     51    1.042   0      0.000    1.042
70208.0 71488.0  0.0   36382.5 7545984.0 1013067.6 15379136.0  630690.8  51200.0 51165.2     51    1.042   0      0.000    1.042
70208.0 71488.0  0.0   36382.5 7545984.0 1848160.9 15379136.0  630690.8  51200.0 51165.2     51    1.042   0      0.000    1.042
70208.0 71488.0  0.0   36382.5 7545984.0 2356495.2 15379136.0  630690.8  51200.0 51165.2     51    1.042   0      0.000    1.042
70208.0 71488.0  0.0   36382.5 7545984.0 3005152.4 15379136.0  630690.8  51200.0 51165.2     51    1.042   0      0.000    1.042
70208.0 71488.0  0.0   36382.5 7545984.0 3895581.2 15379136.0  630690.8  51200.0 51165.2     51    1.042   0      0.000    1.042
70208.0 71488.0  0.0   36382.5 7545984.0 5622609.1 15379136.0  630690.8  51200.0 51165.2     51    1.042   0      0.000    1.042
70208.0 71488.0  0.0   36382.5 7545984.0 6700133.3 15379136.0  630690.8  51200.0 51165.2     51    1.042   0      0.000    1.042
70208.0 71552.0 54618.9  0.0   7546432.0 204148.8 15379136.0  641610.5  51200.0 51165.2     52    1.058   0      0.000    1.058
70208.0 71552.0 54618.9  0.0   7546432.0 1201632.9 15379136.0  641610.5  51200.0 51165.2     52    1.058   0      0.000    1.058
70208.0 71552.0 54618.9  0.0   7546432.0 2833557.8 15379136.0  641610.5  51200.0 51165.2     52    1.058   0      0.000    1.058
70208.0 71552.0 54618.9  0.0   7546432.0 4433681.2 15379136.0  641610.5  51200.0 51165.2     52    1.058   0      0.000    1.058
70208.0 71552.0 54618.9  0.0   7546432.0 6006872.0 15379136.0  641610.5  51200.0 51165.2     52    1.058   0      0.000    1.058
70208.0 71552.0 54618.9  0.0   7546432.0 7158110.6 15379136.0  641610.5  51200.0 51165.3     52    1.058   0      0.000    1.058
72000.0 53248.0  0.0   53215.0 7546432.0 1903735.4 15379136.0  653777.1  51200.0 51165.3     53    1.076   0      0.000    1.076
72000.0 53248.0  0.0   53215.0 7546432.0 3788120.2 15379136.0  653777.1  51200.0 51170.6     53    1.076   0      0.000    1.076
72000.0 53248.0  0.0   53215.0 7546432.0 5248547.5 15379136.0  653777.1  51200.0 51170.6     53    1.076   0      0.000    1.076
72000.0 53248.0  0.0   53215.0 7546432.0 7472134.8 15379136.0  653777.1  51200.0 51170.6     53    1.076   0      0.000    1.076
72000.0 69632.0 44057.7  0.0   7547904.0 2127976.9 15379136.0  675299.7  51200.0 51170.6     54    1.098   0      0.000    1.098
72000.0 69632.0 44057.7  0.0   7547904.0 4711608.7 15379136.0  675299.7  51200.0 51170.6     54    1.098   0      0.000    1.098
72000.0 69632.0 44057.7  0.0   7547904.0 7379630.0 15379136.0  675299.7  51200.0 51170.9     54    1.098   0      0.000    1.098
67456.0 69632.0  0.0   44354.1 7547904.0 1963132.9 15379136.0  688827.6  51200.0 51170.9     55    1.113   0      0.000    1.113
67456.0 69632.0  0.0   44354.1 7547904.0 4777317.7 15379136.0  688827.6  51200.0 51170.9     55    1.113   0      0.000    1.113
67456.0 69632.0  0.0   44354.1 7547904.0 7123045.2 15379136.0  688827.6  51200.0 51170.9     55    1.113   0      0.000    1.113
67456.0 65408.0 45924.2  0.0   7556672.0 1413637.3 15379136.0  701907.4  51200.0 51170.9     56    1.128   0      0.000    1.128
67456.0 65408.0 45924.2  0.0   7556672.0 3859563.5 15379136.0  701907.4  51200.0 51170.9     56    1.128   0      0.000    1.128
67456.0 65408.0 45924.2  0.0   7556672.0 6063717.0 15379136.0  701907.4  51200.0 51173.0     56    1.128   0      0.000    1.128
63488.0 65408.0  0.0   45034.3 7556672.0 426105.9 15379136.0  717534.3  51200.0 51174.4     57    1.145   0      0.000    1.145
63488.0 65408.0  0.0   45034.3 7556672.0 1782902.2 15379136.0  717534.3  51200.0 51174.4     57    1.145   0      0.000    1.145
63488.0 65408.0  0.0   45034.3 7556672.0 2878502.6 15379136.0  717534.3  51200.0 51174.4     57    1.145   0      0.000    1.145
63488.0 65408.0  0.0   45034.3 7556672.0 3955030.5 15379136.0  717534.3  51200.0 51174.4     57    1.145   0      0.000    1.145
63488.0 65408.0  0.0   45034.3 7556672.0 5480583.1 15379136.0  717534.3  51200.0 51176.5     57    1.145   0      0.000    1.145
63488.0 65408.0  0.0   45034.3 7556672.0 6335373.4 15379136.0  717534.3  51200.0 51176.5     57    1.145   0      0.000    1.145
63488.0 65408.0  0.0   45034.3 7556672.0 7099266.8 15379136.0  717534.3  51200.0 51176.5     57    1.145   0      0.000    1.145
63488.0 66432.0 58136.5  0.0   7556672.0 1786408.1 15379136.0  726741.0  51200.0 51176.9     58    1.162   0      0.000    1.162
63488.0 66432.0 58136.5  0.0   7556672.0 3598740.6 15379136.0  726741.0  51200.0 51176.9     58    1.162   0      0.000    1.162
63488.0 66432.0 58136.5  0.0   7556672.0 5470147.4 15379136.0  726741.0  51200.0 51177.1     58    1.162   0      0.000    1.162
63488.0 66432.0 58136.5  0.0   7556672.0 6944597.8 15379136.0  726741.0  51200.0 51177.1     58    1.162   0      0.000    1.162
64576.0 66432.0  0.0   47055.1 7556672.0 687977.8 15379136.0  748374.2  51200.0 51177.1     59    1.183   0      0.000    1.183
64576.0 66432.0  0.0   47055.1 7556672.0 2270281.3 15379136.0  748374.2  51200.0 51177.5     59    1.183   0      0.000    1.183
64576.0 66432.0  0.0   47055.1 7556672.0 3558405.4 15379136.0  748374.2  51200.0 51178.5     59    1.183   0      0.000    1.183
64576.0 66432.0  0.0   47055.1 7556672.0 5567037.7 15379136.0  748374.2  51200.0 51178.8     59    1.183   0      0.000    1.183
64576.0 64384.0 51038.8  0.0   7560576.0 334422.9 15379136.0  760475.7  51200.0 51178.8     60    1.200   0      0.000    1.200
64576.0 64384.0 51038.8  0.0   7560576.0 2423583.2 15379136.0  760475.7  51200.0 51178.8     60    1.200   0      0.000    1.200
64576.0 64384.0 51038.8  0.0   7560576.0 4300075.1 15379136.0  760475.7  51200.0 51178.8     60    1.200   0      0.000    1.200
64576.0 64384.0 51038.8  0.0   7560576.0 5524369.8 15379136.0  760475.7  51200.0 51179.1     60    1.200   0      0.000    1.200
64576.0 64384.0 51038.8  0.0   7560576.0 7215267.6 15379136.0  760475.7  51200.0 51179.1     60    1.200   0      0.000    1.200
67584.0 60544.0  0.0   60528.2 7560576.0 645180.9 15379136.0  771214.4  51200.0 51179.1     61    1.220   0      0.000    1.220
67584.0 60544.0  0.0   60528.2 7560576.0 1361533.5 15379136.0  771214.4  51200.0 51182.1     61    1.220   0      0.000    1.220
67584.0 60544.0  0.0   60528.2 7560576.0 3541832.7 15379136.0  771214.4  51200.0 51182.1     61    1.220   0      0.000    1.220
67584.0 60544.0  0.0   60528.2 7560576.0 5725237.7 15379136.0  771214.4  51200.0 51182.1     61    1.220   0      0.000    1.220
67584.0 68032.0 54756.8  0.0   7553472.0 886271.8 15379136.0  785197.5  51200.0 51182.1     62    1.240   0      0.000    1.240
67584.0 68032.0 54756.8  0.0   7553472.0 3314591.2 15379136.0  785197.5  51200.0 51182.1     62    1.240   0      0.000    1.240
67584.0 68032.0 54756.8  0.0   7553472.0 5562249.6 15379136.0  785197.5  51200.0 51182.8     62    1.240   0      0.000    1.240
67584.0 68032.0 54756.8  0.0   7553472.0 7403089.3 15379136.0  785197.5  51200.0 51182.8     62    1.240   0      0.000    1.240
66624.0 68032.0  0.0   50485.7 7553472.0 1441153.2 15379136.0  799323.6  51200.0 51182.8     63    1.257   0      0.000    1.257
66624.0 68032.0  0.0   50485.7 7553472.0 2850738.3 15379136.0  799323.6  51200.0 51182.8     63    1.257   0      0.000    1.257
66624.0 68032.0  0.0   50485.7 7553472.0 4565938.3 15379136.0  799323.6  51200.0 51183.5     63    1.257   0      0.000    1.257
66624.0 68032.0  0.0   50485.7 7553472.0 5990043.0 15379136.0  799323.6  51200.0 51183.5     63    1.257   0      0.000    1.257
66624.0 65664.0 51313.1  0.0   7557248.0 519442.1 15379136.0  815681.5  51200.0 51183.9     64    1.274   0      0.000    1.274
66624.0 65664.0 51313.1  0.0   7557248.0 1947519.7 15379136.0  815681.5  51200.0 51183.9     64    1.274   0      0.000    1.274
66624.0 65664.0 51313.1  0.0   7557248.0 3683131.2 15379136.0  815681.5  51200.0 51183.9     64    1.274   0      0.000    1.274
66624.0 65664.0 51313.1  0.0   7557248.0 4911669.5 15379136.0  815681.5  51200.0 51183.9     64    1.274   0      0.000    1.274
66624.0 65664.0 51313.1  0.0   7557248.0 6444963.1 15379136.0  815681.5  51200.0 51183.9     64    1.274   0      0.000    1.274
66624.0 65664.0 51313.1  0.0   7557248.0 7138901.5 15379136.0  815681.5  51200.0 51183.9     64    1.274   0      0.000    1.274
67200.0 58112.0  0.0   58048.9 7557248.0 330112.3 15379136.0  827534.3  51200.0 51183.9     65    1.293   0      0.000    1.293
67200.0 58112.0  0.0   58048.9 7557248.0 1013563.8 15379136.0  827534.3  51200.0 51183.9     65    1.293   0      0.000    1.293
67200.0 58112.0  0.0   58048.9 7557248.0 2528881.6 15379136.0  827534.3  51200.0 51183.9     65    1.293   0      0.000    1.293
67200.0 58112.0  0.0   58048.9 7557248.0 3711577.8 15379136.0  827534.3  51200.0 51183.9     65    1.293   0      0.000    1.293
67200.0 58112.0  0.0   58048.9 7557248.0 5155463.1 15379136.0  827534.3  51200.0 51183.9     65    1.293   0      0.000    1.293
67200.0 58112.0  0.0   58048.9 7557248.0 6372266.7 15379136.0  827534.3  51200.0 51183.9     65    1.293   0      0.000    1.293
67200.0 66624.0 43921.1  0.0   7555712.0 244765.6 15379136.0  845507.1  51200.0 51183.9     66    1.310   0      0.000    1.310
67200.0 66624.0 43921.1  0.0   7555712.0 1280024.2 15379136.0  845507.1  51200.0 51184.5     66    1.310   0      0.000    1.310
67200.0 66624.0 43921.1  0.0   7555712.0 1948385.5 15379136.0  845507.1  51200.0 51184.5     66    1.310   0      0.000    1.310
67200.0 66624.0 43921.1  0.0   7555712.0 2956597.2 15379136.0  845507.1  51200.0 51184.5     66    1.310   0      0.000    1.310
67200.0 66624.0 43921.1  0.0   7555712.0 3228965.5 15379136.0  845507.1  51200.0 51184.7     66    1.310   0      0.000    1.310
67200.0 66624.0 43921.1  0.0   7555712.0 4442227.3 15379136.0  845507.1  51200.0 51184.7     66    1.310   0      0.000    1.310
67200.0 66624.0 43921.1  0.0   7555712.0 5879843.4 15379136.0  845507.1  51200.0 51184.9     66    1.310   0      0.000    1.310
67200.0 66624.0 43921.1  0.0   7555712.0 7265895.7 15379136.0  845507.1  51200.0 51184.9     66    1.310   0      0.000    1.310
67200.0 66624.0  0.0   66592.3 7555712.0 675884.2 15379136.0  848368.7  51200.0 51184.9     67    1.329   0      0.000    1.329
67200.0 66624.0  0.0   66592.3 7555712.0 1744634.5 15379136.0  848368.7  51200.0 51184.9     67    1.329   0      0.000    1.329
67200.0 66624.0  0.0   66592.3 7555712.0 2321287.5 15379136.0  848368.7  51200.0 51184.9     67    1.329   0      0.000    1.329
67200.0 66624.0  0.0   66592.3 7555712.0 2803659.4 15379136.0  848368.7  51200.0 51184.9     67    1.329   0      0.000    1.329
67200.0 66624.0  0.0   66592.3 7555712.0 3628888.7 15379136.0  848368.7  51200.0 51184.9     67    1.329   0      0.000    1.329
67200.0 66624.0  0.0   66592.3 7555712.0 4560105.0 15379136.0  848368.7  51200.0 51184.9     67    1.329   0      0.000    1.329
67200.0 66624.0  0.0   66592.3 7555712.0 5357869.9 15379136.0  848368.7  51200.0 51184.9     67    1.329   0      0.000    1.329
67200.0 66624.0  0.0   66592.3 7555712.0 6448620.6 15379136.0  848368.7  51200.0 51185.1     67    1.329   0      0.000    1.329
67200.0 73728.0 61142.1  0.0   7542080.0 536038.1 15379136.0  854020.7  51200.0 51185.2     68    1.348   0      0.000    1.348
67200.0 73728.0 61142.1  0.0   7542080.0 2460656.8 15379136.0  854020.7  51200.0 51185.5     68    1.348   0      0.000    1.348
67200.0 73728.0 61142.1  0.0   7542080.0 4703073.2 15379136.0  854020.7  51200.0 51185.5     68    1.348   0      0.000    1.348
67200.0 73728.0 61142.1  0.0   7542080.0 6657051.9 15379136.0  854020.7  51200.0 51185.9     68    1.348   0      0.000    1.348
73152.0 73728.0  0.0   43541.0 7542080.0 2290864.1 15379136.0  872421.2  51200.0 51185.9     69    1.365   0      0.000    1.365
73152.0 73728.0  0.0   43541.0 7542080.0 4130998.1 15379136.0  872421.2  51200.0 51194.0     69    1.365   0      0.000    1.365
73152.0 73728.0  0.0   43541.0 7542080.0 5537294.9 15379136.0  872421.2  51200.0 51194.0     69    1.365   0      0.000    1.365
73152.0 71040.0 51835.1  0.0   7545344.0 91878.4  15379136.0  887959.2  51200.0 51194.0     70    1.384   0      0.000    1.384
73152.0 71040.0 51835.1  0.0   7545344.0 1837827.7 15379136.0  887959.2  51200.0 51194.0     70    1.384   0      0.000    1.384
73152.0 71040.0 51835.1  0.0   7545344.0 3974338.6 15379136.0  887959.2  51200.0 51194.0     70    1.384   0      0.000    1.384
73152.0 71040.0 51835.1  0.0   7545344.0 6655922.9 15379136.0  887959.2  51200.0 51194.0     70    1.384   0      0.000    1.384
70528.0 71040.0  0.0   43244.7 7545344.0 1842135.2 15379136.0  905474.0  51200.0 51194.0     71    1.402   0      0.000    1.402
70528.0 71040.0  0.0   43244.7 7545344.0 4455540.8 15379136.0  905474.0  51200.0 51194.0     71    1.402   0      0.000    1.402
70528.0 71040.0  0.0   43244.7 7545344.0 6741964.9 15379136.0  905474.0  51200.0 51194.0     71    1.402   0      0.000    1.402
70528.0 70528.0 39329.3  0.0   7548480.0 1852171.4 15379136.0  916265.8  51200.0 51194.0     72    1.416   0      0.000    1.416
70528.0 70528.0 39329.3  0.0   7548480.0 4391156.1 15379136.0  916265.8  51200.0 51194.0     72    1.416   0      0.000    1.416
70528.0 70528.0 39329.3  0.0   7548480.0 6227565.7 15379136.0  916265.8  51200.0 51194.6     72    1.416   0      0.000    1.416
69248.0 70528.0  0.0   45320.2 7548480.0 2317476.9 15379136.0  928895.0  51200.0 51194.6     73    1.434   0      0.000    1.434
69248.0 70528.0  0.0   45320.2 7548480.0 5658418.9 15379136.0  928895.0  51200.0 51194.6     73    1.434   0      0.000    1.434
69248.0 67904.0 45204.4  0.0   7552384.0 743282.1 15379136.0  944811.7  51200.0 51194.6     74    1.454   0      0.000    1.454
69248.0 67904.0 45204.4  0.0   7552384.0 4424420.2 15379136.0  944811.7  51200.0 51194.6     74    1.454   0      0.000    1.454
69248.0 67904.0 45204.4 257.4  7552384.0 7552384.0 15379136.0  944819.7  51200.0 51195.7     75    1.454   0      0.000    1.454
68864.0 67904.0  0.0   32158.9 7552384.0 3390804.1 15379136.0  954415.7  51200.0 51195.9     75    1.476   0      0.000    1.476
68864.0 67904.0  0.0   32158.9 7552384.0 6186303.8 15379136.0  954415.7  51200.0 51196.5     75    1.476   0      0.000    1.476
68864.0 67008.0 45411.9  0.0   7553664.0 1381766.1 15379136.0  973419.4  51200.0 51196.5     76    1.494   0      0.000    1.494
68864.0 67008.0 45411.9  0.0   7553664.0 3481606.3 15379136.0  973419.4  51200.0 51196.5     76    1.494   0      0.000    1.494
68864.0 67008.0 45411.9  0.0   7553664.0 4182078.5 15379136.0  973419.4  51200.0 51196.5     76    1.494   0      0.000    1.494
68864.0 67008.0 45411.9  0.0   7553664.0 5406332.5 15379136.0  973419.4  51200.0 51196.5     76    1.494   0      0.000    1.494
68864.0 67008.0 45411.9  0.0   7553664.0 6823374.5 15379136.0  973419.4  51200.0 51196.5     76    1.494   0      0.000    1.494
69696.0 59712.0  0.0   59666.4 7553664.0 1307104.5 15379136.0  987129.1  51200.0 51196.5     77    1.516   0      0.000    1.516
69696.0 59712.0  0.0   59666.4 7553664.0 3410967.0 15379136.0  987129.1  51200.0 51196.5     77    1.516   0      0.000    1.516
69696.0 59712.0  0.0   59666.4 7553664.0 5375000.6 15379136.0  987129.1  51200.0 51196.5     77    1.516   0      0.000    1.516
69696.0 59712.0  0.0   59666.4 7553664.0 7139159.7 15379136.0  987129.1  51200.0 51196.5     77    1.516   0      0.000    1.516
69696.0 72832.0 62540.0  0.0   7543872.0 878102.7 15379136.0  997482.3  51200.0 51196.5     78    1.537   0      0.000    1.537
69696.0 72832.0 62540.0  0.0   7543872.0 1763905.8 15379136.0  997482.3  51200.0 51196.5     78    1.537   0      0.000    1.537
69696.0 72832.0 62540.0  0.0   7543872.0 3088314.3 15379136.0  997482.3  51200.0 51196.5     78    1.537   0      0.000    1.537
69696.0 72832.0 62540.0  0.0   7543872.0 3793383.1 15379136.0  997482.3  51200.0 51196.5     78    1.537   0      0.000    1.537
69696.0 72832.0 62540.0  0.0   7543872.0 4491307.2 15379136.0  997482.3  51200.0 51196.5     78    1.537   0      0.000    1.537
69696.0 72832.0 62540.0  0.0   7543872.0 5047162.1 15379136.0  997482.3  51200.0 51196.5     78    1.537   0      0.000    1.537
69696.0 72832.0 62540.0  0.0   7543872.0 5733247.0 15379136.0  997482.3  51200.0 51196.5     78    1.537   0      0.000    1.537
69696.0 72832.0 62540.0  0.0   7543872.0 6413067.1 15379136.0  997482.3  51200.0 51196.8     78    1.537   0      0.000    1.537
69696.0 72832.0 62540.0  0.0   7543872.0 7068644.4 15379136.0  997482.3  51200.0 51197.3     78    1.537   0      0.000    1.537
75968.0 64512.0  0.0   64507.7 7543872.0 1353428.5 15379136.0 1002323.0  51200.0 51197.3     79    1.555   0      0.000    1.555
75968.0 64512.0  0.0   64507.7 7543872.0 2587035.8 15379136.0 1002323.0  51200.0 51197.3     79    1.555   0      0.000    1.555
75968.0 64512.0  0.0   64507.7 7543872.0 4219649.8 15379136.0 1002323.0  51200.0 51197.3     79    1.555   0      0.000    1.555
75968.0 64512.0  0.0   64507.7 7543872.0 5895087.8 15379136.0 1002323.0  51200.0 51197.3     79    1.555   0      0.000    1.555
75968.0 64512.0  0.0   64507.7 7543872.0 7116927.6 15379136.0 1002323.0  51200.0 51197.3     79    1.555   0      0.000    1.555
75968.0 73600.0 50601.2  0.0   7539968.0 906921.9 15379136.0 1018527.1  51200.0 51197.3     80    1.573   0      0.000    1.573
75968.0 73600.0 50601.2  0.0   7539968.0 2622036.4 15379136.0 1018527.1  51200.0 51197.3     80    1.573   0      0.000    1.573
75968.0 73600.0 50601.2  0.0   7539968.0 5133466.7 15379136.0 1018527.1  51200.0 51197.3     80    1.573   0      0.000    1.573
75968.0 73600.0 50601.2  0.0   7539968.0 7234313.3 15379136.0 1018527.1  51200.0 51197.3     80    1.573   0      0.000    1.573
72576.0 73600.0  0.0   54469.1 7539968.0 2034218.9 15379136.0 1030208.6  51200.0 51197.5     81    1.591   0      0.000    1.591
72576.0 73600.0  0.0   54469.1 7539968.0 3889526.8 15379136.0 1030208.6  51200.0 51197.5     81    1.591   0      0.000    1.591
72576.0 73600.0  0.0   54469.1 7539968.0 6550734.7 15379136.0 1030208.6  51200.0 51197.5     81    1.591   0      0.000    1.591
72576.0 72832.0 57765.2  0.0   7543872.0 802239.1 15379136.0 1038548.9  51200.0 51197.5     82    1.609   0      0.000    1.609
72576.0 72832.0 57765.2  0.0   7543872.0 3258643.7 15379136.0 1038548.9  51200.0 51197.5     82    1.609   0      0.000    1.609
72576.0 72832.0 57765.2  0.0   7543872.0 7207175.8 15379136.0 1038548.9  51200.0 51199.0     82    1.609   0      0.000    1.609
72320.0 72832.0  0.0   42961.8 7543872.0 3559880.2 15379136.0 1051810.9  51200.0 51199.0     83    1.628   0      0.000    1.628
72320.0 72832.0  0.0   42961.8 7543872.0 7351176.4 15379136.0 1051810.9  51200.0 51199.0     83    1.628   0      0.000    1.628
72320.0 71744.0 41962.3  0.0   7545472.0 3711533.2 15379136.0 1066476.8  51200.0 51199.0     84    1.648   0      0.000    1.648
72576.0 33024.0  0.0   33022.3 7545472.0 488671.3 15379136.0 1074497.6  51200.0 51199.0     85    1.662   0      0.000    1.662
72576.0 33024.0  0.0   33022.3 7545472.0 4890076.2 15379136.0 1074497.6  51200.0 51199.0     85    1.662   0      0.000    1.662
72576.0 73728.0 27567.6  0.0   7542080.0 1902339.9 15379136.0 1088175.1  51200.0 51199.0     86    1.676   0      0.000    1.676
72576.0 73728.0 27567.6  0.0   7542080.0 5781568.9 15379136.0 1088175.1  51200.0 51199.1     86    1.676   0      0.000    1.676
73472.0 73728.0  0.0   31735.7 7542080.0 2475286.8 15379136.0 1100761.0  51392.0 51206.7     87    1.691   0      0.000    1.691
73472.0 73728.0  0.0   31735.7 7542080.0 6639372.1 15379136.0 1100761.0  51392.0 51206.7     87    1.691   0      0.000    1.691
73472.0 72832.0 32211.8  0.0   7543232.0 3085517.4 15379136.0 1114524.0  51392.0 51206.7     88    1.706   0      0.000    1.706
73472.0 72832.0 32211.8  0.0   7543232.0 7483586.8 15379136.0 1114524.0  51392.0 51207.8     88    1.706   0      0.000    1.706
71104.0 72832.0  0.0   36655.9 7543232.0 3767400.0 15379136.0 1131752.8  51392.0 51207.8     89    1.723   0      0.000    1.723
71104.0 68416.0 42339.2  0.0   7550016.0 213469.4 15379136.0 1144246.4  51392.0 51207.8     90    1.743   0      0.000    1.743
71104.0 68416.0 42339.2  0.0   7550016.0 3750588.3 15379136.0 1144246.4  51392.0 51207.8     90    1.743   0      0.000    1.743
71104.0 68416.0 42339.2  0.0   7550016.0 7422846.7 15379136.0 1144246.4  51392.0 51209.2     90    1.743   0      0.000    1.743
68352.0 68416.0  0.0   49722.2 7550016.0 3085656.0 15379136.0 1151834.7  51392.0 51209.2     91    1.763   0      0.000    1.763
68352.0 68416.0  0.0   49722.2 7550016.0 6534859.6 15379136.0 1151834.7  51392.0 51209.6     91    1.763   0      0.000    1.763
68352.0 69120.0 52393.9  0.0   7551296.0 3127807.3 15379136.0 1161261.8  51392.0 51209.6     92    1.783   0      0.000    1.783
68352.0 69120.0 52393.9  0.0   7551296.0 7122442.1 15379136.0 1161261.8  51392.0 51209.9     92    1.783   0      0.000    1.783
67328.0 69120.0  0.0   40624.8 7551296.0 2990998.4 15379136.0 1172650.2  51392.0 51210.2     93    1.800   0      0.000    1.800
67328.0 69120.0  0.0   40624.8 7551296.0 4166245.1 15379136.0 1172650.2  51392.0 51210.2     93    1.800   0      0.000    1.800
67328.0 69120.0  0.0   40624.8 7551296.0 6459172.3 15379136.0 1172650.2  51392.0 51210.2     93    1.800   0      0.000    1.800
67328.0 67264.0 50195.2  0.0   7554944.0 114340.2 15379136.0 1181870.8  51392.0 51210.2     94    1.817   0      0.000    1.817
67328.0 67264.0 50195.2  0.0   7554944.0 2532696.6 15379136.0 1181870.8  51392.0 51210.7     94    1.817   0      0.000    1.817
67328.0 67264.0 50195.2  0.0   7554944.0 5019544.4 15379136.0 1181870.8  51392.0 51210.9     94    1.817   0      0.000    1.817
67328.0 67264.0 50195.2  0.0   7554944.0 7381536.9 15379136.0 1181870.8  51392.0 51210.9     94    1.817   0      0.000    1.817
70720.0 60160.0  0.0   60100.3 7554944.0 2093897.9 15379136.0 1191978.9  51392.0 51210.9     95    1.837   0      0.000    1.837
70720.0 60160.0  0.0   60100.3 7554944.0 3390745.6 15379136.0 1191978.9  51392.0 51210.9     95    1.837   0      0.000    1.837
70720.0 60160.0  0.0   60100.3 7554944.0 5380094.0 15379136.0 1191978.9  51392.0 51212.2     95    1.837   0      0.000    1.837
70720.0 60160.0  0.0   60100.3 7554944.0 6490115.4 15379136.0 1191978.9  51392.0 51212.2     95    1.837   0      0.000    1.837
70720.0 69632.0 49916.9  0.0   7549184.0 1230375.9 15379136.0 1206812.4  51392.0 51212.2     96    1.856   0      0.000    1.856
70720.0 69632.0 49916.9  0.0   7549184.0 3681483.0 15379136.0 1206812.4  51392.0 51212.2     96    1.856   0      0.000    1.856
70720.0 69632.0 49916.9  0.0   7549184.0 5786599.2 15379136.0 1206812.4  51392.0 51212.2     96    1.856   0      0.000    1.856
67456.0 69632.0  0.0   46992.8 7549184.0 495470.4 15379136.0 1222006.6  51392.0 51212.2     97    1.876   0      0.000    1.876
67456.0 69632.0  0.0   46992.8 7549184.0 3065820.9 15379136.0 1222006.6  51392.0 51212.2     97    1.876   0      0.000    1.876
67456.0 69632.0  0.0   46992.8 7549184.0 5015794.5 15379136.0 1222006.6  51392.0 51212.2     97    1.876   0      0.000    1.876
67456.0 69632.0  0.0   46992.8 7549184.0 6316219.1 15379136.0 1222006.6  51392.0 51212.2     97    1.876   0      0.000    1.876
67456.0 65984.0 43051.8  0.0   7556096.0 965589.3 15379136.0 1235527.0  51392.0 51213.0     98    1.894   0      0.000    1.894
67456.0 65984.0 43051.8  0.0   7556096.0 3891638.6 15379136.0 1235527.0  51392.0 51213.0     98    1.894   0      0.000    1.894
67456.0 65984.0 43051.8  0.0   7556096.0 7527113.2 15379136.0 1235527.0  51392.0 51213.0     98    1.894   0      0.000    1.894
65536.0 65984.0  0.0   37396.7 7556096.0 1793406.0 15379136.0 1248937.5  51392.0 51213.0     99    1.911   0      0.000    1.911
65536.0 65984.0  0.0   37396.7 7556096.0 4077920.7 15379136.0 1248937.5  51392.0 51213.0     99    1.911   0      0.000    1.911
65536.0 65984.0  0.0   37396.7 7556096.0 6369919.7 15379136.0 1248937.5  51392.0 51213.0     99    1.911   0      0.000    1.911
65536.0 63552.0 45498.9  0.0   7560448.0 2257828.0 15379136.0 1257666.9  51392.0 51213.0    100    1.933   0      0.000    1.933
65536.0 63552.0 45498.9  0.0   7560448.0 4809545.8 15379136.0 1257666.9  51392.0 51213.0    100    1.933   0      0.000    1.933
65536.0 63552.0 45498.9  0.0   7560448.0 7053964.2 15379136.0 1257666.9  51392.0 51213.0    100    1.933   0      0.000    1.933
62592.0 63552.0  0.0   40368.7 7560448.0 2962929.2 15379136.0 1278347.5  51392.0 51213.0    101    1.955   0      0.000    1.955
62592.0 63552.0  0.0   40368.7 7560448.0 6462302.6 15379136.0 1278347.5  51392.0 51213.0    101    1.955   0      0.000    1.955
62592.0 61952.0 38299.4  0.0   7564992.0 1418249.5 15379136.0 1290959.6  51392.0 51213.0    102    1.973   0      0.000    1.973
62592.0 61952.0 38299.4  0.0   7564992.0 3330589.8 15379136.0 1290959.6  51392.0 51213.0    102    1.973   0      0.000    1.973
62592.0 61952.0 38299.4  0.0   7564992.0 4853425.7 15379136.0 1290959.6  51392.0 51213.0    102    1.973   0      0.000    1.973
62592.0 61952.0 38299.4  0.0   7564992.0 5744921.3 15379136.0 1290959.6  51392.0 51213.0    102    1.973   0      0.000    1.973
62592.0 61952.0 38299.4  0.0   7564992.0 6548617.4 15379136.0 1290959.6  51392.0 51213.0    102    1.973   0      0.000    1.973
61888.0 61952.0  0.0   48751.9 7564992.0 282359.7 15379136.0 1300176.4  51392.0 51213.0    103    1.992   0      0.000    1.992
61888.0 61952.0  0.0   48751.9 7564992.0 1383217.3 15379136.0 1300176.4  51392.0 51213.0    103    1.992   0      0.000    1.992
61888.0 61952.0  0.0   48751.9 7564992.0 2713300.4 15379136.0 1300176.4  51392.0 51213.0    103    1.992   0      0.000    1.992
61888.0 61952.0  0.0   48751.9 7564992.0 3732552.3 15379136.0 1300176.4  51392.0 51213.0    103    1.992   0      0.000    1.992
61888.0 61952.0  0.0   48751.9 7564992.0 4969781.5 15379136.0 1300176.4  51392.0 51213.0    103    1.992   0      0.000    1.992
61888.0 61952.0  0.0   48751.9 7564992.0 5364579.9 15379136.0 1300176.4  51392.0 51213.0    103    1.992   0      0.000    1.992
61888.0 61952.0  0.0   48751.9 7564992.0 6931186.0 15379136.0 1300176.4  51392.0 51213.0    103    1.992   0      0.000    1.992
61888.0 66048.0 60697.3  0.0   7557440.0 1721008.3 15379136.0 1309240.5  51392.0 51213.0    104    2.011   0      0.000    2.011
61888.0 66048.0 60697.3  0.0   7557440.0 5463587.7 15379136.0 1309240.5  51392.0 51213.0    104    2.011   0      0.000    2.011
66688.0 31104.0  0.0   31047.4 7557440.0 477628.7 15379136.0 1345860.3  51392.0 51213.0    105    2.031   0      0.000    2.031
66688.0 31104.0  0.0   31047.4 7557440.0 2795708.2 15379136.0 1345860.3  51392.0 51213.0    105    2.031   0      0.000    2.031
66688.0 31104.0  0.0   31047.4 7557440.0 3948504.5 15379136.0 1345860.3  51392.0 51213.0    105    2.031   0      0.000    2.031
66688.0 31104.0  0.0   31047.4 7557440.0 4633406.7 15379136.0 1345860.3  51392.0 51213.0    105    2.031   0      0.000    2.031
66688.0 31104.0  0.0   31047.4 7557440.0 5217863.1 15379136.0 1345860.3  51392.0 51213.0    105    2.031   0      0.000    2.031
66688.0 31104.0  0.0   31047.4 7557440.0 6497727.7 15379136.0 1345860.3  51392.0 51213.0    105    2.031   0      0.000    2.031
66688.0 31104.0  0.0   31047.4 7557440.0 7126697.8 15379136.0 1345860.3  51392.0 51213.0    105    2.031   0      0.000    2.031
66688.0 68096.0 54413.1  0.0   7553344.0 574838.5 15379136.0 1350790.6  51392.0 51213.0    106    2.047   0      0.000    2.047
66688.0 68096.0 54413.1  0.0   7553344.0 1239393.1 15379136.0 1350790.6  51392.0 51213.0    106    2.047   0      0.000    2.047
66688.0 68096.0 54413.1  0.0   7553344.0 3166492.0 15379136.0 1350790.6  51392.0 51213.0    106    2.047   0      0.000    2.047
66688.0 68096.0 54413.1  0.0   7553344.0 4470063.5 15379136.0 1350790.6  51392.0 51213.0    106    2.047   0      0.000    2.047
66688.0 68096.0 54413.1  0.0   7553344.0 5702093.9 15379136.0 1350790.6  51392.0 51213.0    106    2.047   0      0.000    2.047
66688.0 68096.0 54413.1  0.0   7553344.0 7118874.0 15379136.0 1350790.6  51392.0 51213.0    106    2.047   0      0.000    2.047
71232.0 60352.0  0.0   60311.5 7553344.0 903207.1 15379136.0 1358556.4  51392.0 51213.0    107    2.066   0      0.000    2.066
71232.0 60352.0  0.0   60311.5 7553344.0 3201614.4 15379136.0 1358556.4  51392.0 51213.0    107    2.066   0      0.000    2.066
71232.0 60352.0  0.0   60311.5 7553344.0 6108548.8 15379136.0 1358556.4  51392.0 51213.0    107    2.066   0      0.000    2.066
71232.0 72064.0 55902.6  0.0   7545408.0 570788.7 15379136.0 1373800.5  51392.0 51213.5    108    2.088   0      0.000    2.088
71232.0 72064.0 55902.6  0.0   7545408.0 1881504.7 15379136.0 1373800.5  51392.0 51213.5    108    2.088   0      0.000    2.088
71232.0 72064.0 55902.6  0.0   7545408.0 3872975.2 15379136.0 1373800.5  51392.0 51213.5    108    2.088   0      0.000    2.088
71232.0 72064.0 55902.6  0.0   7545408.0 5043026.8 15379136.0 1373800.5  51392.0 51213.5    108    2.088   0      0.000    2.088
71232.0 72064.0 55902.6  0.0   7545408.0 6803446.8 15379136.0 1373800.5  51392.0 51213.5    108    2.088   0      0.000    2.088
72896.0 56768.0  0.0   56729.5 7545408.0 231199.0 15379136.0 1387460.5  51392.0 51213.5    109    2.109   0      0.000    2.109
72896.0 56768.0  0.0   56729.5 7545408.0 1849955.0 15379136.0 1387460.5  51392.0 51213.5    109    2.109   0      0.000    2.109
72896.0 56768.0  0.0   56729.5 7545408.0 2651009.1 15379136.0 1387460.5  51392.0 51213.5    109    2.109   0      0.000    2.109
72896.0 56768.0  0.0   56729.5 7545408.0 3696796.6 15379136.0 1387460.5  51392.0 51213.5    109    2.109   0      0.000    2.109
72896.0 56768.0  0.0   56729.5 7545408.0 4610181.8 15379136.0 1387460.5  51392.0 51213.5    109    2.109   0      0.000    2.109
72896.0 56768.0  0.0   56729.5 7545408.0 6725395.5 15379136.0 1387460.5  51392.0 51213.5    109    2.109   0      0.000    2.109
72896.0 76736.0 65811.3  0.0   7536064.0 1227168.0 15379136.0 1396082.1  51392.0 51213.5    110    2.133   0      0.000    2.133
72896.0 76736.0 65811.3  0.0   7536064.0 3139761.7 15379136.0 1396082.1  51392.0 51213.5    110    2.133   0      0.000    2.133
72896.0 76736.0 65811.3  0.0   7536064.0 5091502.0 15379136.0 1396082.1  51392.0 51213.5    110    2.133   0      0.000    2.133
75648.0 76736.0  0.0   41541.8 7536064.0 172135.9 15379136.0 1427423.8  51392.0 51213.5    111    2.153   0      0.000    2.153
75648.0 76736.0  0.0   41541.8 7536064.0 2032737.3 15379136.0 1427423.8  51392.0 51213.5    111    2.153   0      0.000    2.153
75648.0 76736.0  0.0   41541.8 7536064.0 3488006.2 15379136.0 1427423.8  51392.0 51213.5    111    2.153   0      0.000    2.153
75648.0 76736.0  0.0   41541.8 7536064.0 5000337.8 15379136.0 1427423.8  51392.0 51213.5    111    2.153   0      0.000    2.153
75648.0 76736.0  0.0   41541.8 7536064.0 6115187.7 15379136.0 1427423.8  51392.0 51213.5    111    2.153   0      0.000    2.153
75648.0 76736.0  0.0   41541.8 7536064.0 7378639.3 15379136.0 1427423.8  51392.0 51213.5    111    2.153   0      0.000    2.153
75648.0 73408.0 50597.7  0.0   7540480.0 1055032.6 15379136.0 1438743.0  51392.0 51213.5    112    2.168   0      0.000    2.168
75648.0 73408.0 50597.7  0.0   7540480.0 2517237.2 15379136.0 1438743.0  51392.0 51213.5    112    2.168   0      0.000    2.168
75648.0 73408.0 50597.7  0.0   7540480.0 3850449.7 15379136.0 1438743.0  51392.0 51213.5    112    2.168   0      0.000    2.168
75648.0 73408.0 50597.7  0.0   7540480.0 6817511.7 15379136.0 1438743.0  51392.0 51213.5    112    2.168   0      0.000    2.168
71360.0 73408.0  0.0   47843.5 7540480.0 2856425.4 15379136.0 1451262.1  51392.0 51213.5    113    2.190   0      0.000    2.190
71360.0 73408.0  0.0   47843.5 7540480.0 5769854.6 15379136.0 1451262.1  51392.0 51213.5    113    2.190   0      0.000    2.190
71360.0 71616.0 35197.6  0.0   7546304.0 1653316.3 15379136.0 1471077.3  51392.0 51213.5    114    2.208   0      0.000    2.208
71360.0 71616.0 35197.6  0.0   7546304.0 3607161.9 15379136.0 1471077.3  51392.0 51213.5    114    2.208   0      0.000    2.208
71360.0 71616.0 35197.6  0.0   7546304.0 6621651.0 15379136.0 1471077.3  51392.0 51213.5    114    2.208   0      0.000    2.208
71040.0 71616.0  0.0   38077.9 7546304.0 1872470.7 15379136.0 1475499.9  51392.0 51214.0    115    2.226   0      0.000    2.226
71040.0 71616.0  0.0   38077.9 7546304.0 4889071.3 15379136.0 1475499.9  51392.0 51214.0    115    2.226   0      0.000    2.226
71040.0 70336.0 37201.2  0.0   7548160.0 1247934.6 15379136.0 1492742.1  51392.0 51214.0    116    2.247   0      0.000    2.247
71040.0 70336.0 37201.2  0.0   7548160.0 5181572.1 15379136.0 1492742.1  51392.0 51214.0    116    2.247   0      0.000    2.247
70144.0 70336.0  0.0   32879.5 7548160.0 845409.4 15379136.0 1508858.3  51392.0 51214.0    117    2.262   0      0.000    2.262
70144.0 70336.0  0.0   32879.5 7548160.0 4201015.8 15379136.0 1508858.3  51392.0 51214.0    117    2.262   0      0.000    2.262
70144.0 70336.0  0.0   32879.5 7548160.0 6247761.0 15379136.0 1508858.3  51392.0 51214.0    117    2.262   0      0.000    2.262
70144.0 69440.0 49731.2  0.0   7549952.0 592904.4 15379136.0 1519557.2  51392.0 51214.0    118    2.282   0      0.000    2.282
70144.0 69440.0 49731.2  0.0   7549952.0 3118855.1 15379136.0 1519557.2  51392.0 51214.0    118    2.282   0      0.000    2.282
70144.0 69440.0 49731.2  0.0   7549952.0 5582977.9 15379136.0 1519557.2  51392.0 51214.0    118    2.282   0      0.000    2.282
67264.0 69440.0  0.0   44054.4 7549952.0 749527.2 15379136.0 1534372.9  51392.0 51214.0    119    2.302   0      0.000    2.302
67264.0 69440.0  0.0   44054.4 7549952.0 2887171.7 15379136.0 1534372.9  51392.0 51214.0    119    2.302   0      0.000    2.302
67264.0 69440.0  0.0   44054.4 7549952.0 5454331.8 15379136.0 1534372.9  51392.0 51214.0    119    2.302   0      0.000    2.302
67264.0 67776.0 52502.7  0.0   7553984.0 756422.6 15379136.0 1546701.5  51392.0 51214.0    120    2.321   0      0.000    2.321
67264.0 67776.0 52502.7  0.0   7553984.0 3015984.7 15379136.0 1546701.5  51392.0 51214.0    120    2.321   0      0.000    2.321
67264.0 67776.0 52502.7  0.0   7553984.0 4798984.9 15379136.0 1546701.5  51392.0 51214.0    120    2.321   0      0.000    2.321
67264.0 67776.0 52502.7  0.0   7553984.0 5859064.4 15379136.0 1546701.5  51392.0 51214.0    120    2.321   0      0.000    2.321
67264.0 67776.0 52502.7  0.0   7553984.0 6787123.1 15379136.0 1546701.5  51392.0 51214.0    120    2.321   0      0.000    2.321
67264.0 67776.0 52502.7  0.0   7553984.0 7301407.7 15379136.0 1546701.5  51392.0 51214.0    120    2.321   0      0.000    2.321
66432.0 67776.0  0.0   40895.7 7553984.0 485779.9 15379136.0 1553757.2  51392.0 51214.0    121    2.336   0      0.000    2.336
66432.0 67776.0  0.0   40895.7 7553984.0 1274440.3 15379136.0 1553757.2  51392.0 51214.0    121    2.336   0      0.000    2.336
66432.0 67776.0  0.0   40895.7 7553984.0 1802784.4 15379136.0 1553757.2  51392.0 51214.0    121    2.336   0      0.000    2.336
66432.0 67776.0  0.0   40895.7 7553984.0 2252296.0 15379136.0 1553757.2  51392.0 51214.0    121    2.336   0      0.000    2.336
66432.0 67776.0  0.0   40895.7 7553984.0 2751947.6 15379136.0 1553757.2  51392.0 51214.0    121    2.336   0      0.000    2.336
66432.0 67776.0  0.0   40895.7 7553984.0 3101980.3 15379136.0 1553757.2  51392.0 51214.0    121    2.336   0      0.000    2.336
66432.0 67776.0  0.0   40895.7 7553984.0 3334588.3 15379136.0 1553757.2  51392.0 51214.0    121    2.336   0      0.000    2.336
66432.0 67776.0  0.0   40895.7 7553984.0 3592135.5 15379136.0 1553757.2  51392.0 51214.0    121    2.336   0      0.000    2.336
66432.0 67776.0  0.0   40895.7 7553984.0 4055092.9 15379136.0 1553757.2  51392.0 51214.0    121    2.336   0      0.000    2.336
66432.0 67776.0  0.0   40895.7 7553984.0 4283268.2 15379136.0 1553757.2  51392.0 51214.0    121    2.336   0      0.000    2.336
66432.0 67776.0  0.0   40895.7 7553984.0 4370843.8 15379136.0 1553757.2  51392.0 51214.0    121    2.336   0      0.000    2.336
66432.0 67776.0  0.0   40895.7 7553984.0 4556210.3 15379136.0 1553757.2  51392.0 51214.0    121    2.336   0      0.000    2.336
66432.0 67776.0  0.0   40895.7 7553984.0 4682039.6 15379136.0 1553757.2  51392.0 51214.0    121    2.336   0      0.000    2.336
66432.0 67776.0  0.0   40895.7 7553984.0 4787480.0 15379136.0 1553757.2  51392.0 51214.0    121    2.336   0      0.000    2.336
66432.0 67776.0  0.0   40895.7 7553984.0 4837457.7 15379136.0 1553757.2  51392.0 51214.0    121    2.336   0      0.000    2.336
66432.0 67776.0  0.0   40895.7 7553984.0 4869105.6 15379136.0 1553757.2  51392.0 51214.0    121    2.336   0      0.000    2.336
66432.0 67776.0  0.0   40895.7 7553984.0 4894767.3 15379136.0 1553757.2  51392.0 51214.0    121    2.336   0      0.000    2.336
66432.0 67776.0  0.0   40895.7 7553984.0 4934554.9 15379136.0 1553757.2  51392.0 51214.0    121    2.336   0      0.000    2.336
66432.0 67776.0  0.0   40895.7 7553984.0 4948298.8 15379136.0 1553757.2  51392.0 51214.0    121    2.336   0      0.000    2.336
66432.0 67776.0  0.0   40895.7 7553984.0 5191988.2 15379136.0 1553757.2  51392.0 51214.0    121    2.336   0      0.000    2.336
66432.0 67776.0  0.0   40895.7 7553984.0 5405359.3 15379136.0 1553757.2  51392.0 51214.0    121    2.336   0      0.000    2.336
66432.0 67776.0  0.0   40895.7 7553984.0 5512888.1 15379136.0 1553757.2  51392.0 51214.5    121    2.336   0      0.000    2.336
66432.0 67776.0  0.0   40895.7 7553984.0 5663244.8 15379136.0 1553757.2  51392.0 51214.5    121    2.336   0      0.000    2.336
66432.0 67776.0  0.0   40895.7 7553984.0 5958287.5 15379136.0 1553757.2  51392.0 51214.5    121    2.336   0      0.000    2.336
66432.0 67776.0  0.0   40895.7 7553984.0 6720862.2 15379136.0 1553757.2  51392.0 51214.5    121    2.336   0      0.000    2.336
66432.0 67776.0  0.0   40895.7 7553984.0 7273956.0 15379136.0 1553757.2  51392.0 51214.5    121    2.336   0      0.000    2.336
66432.0 67456.0 26958.7  0.0   7554624.0 507596.9 15379136.0 1553821.2  51392.0 51214.5    122    2.346   0      0.000    2.346
66432.0 67456.0 26958.7  0.0   7554624.0 1368040.1 15379136.0 1553821.2  51392.0 51214.5    122    2.346   0      0.000    2.346
66432.0 67456.0 26958.7  0.0   7554624.0 2151897.8 15379136.0 1553821.2  51392.0 51214.5    122    2.346   0      0.000    2.346
66432.0 67456.0 26958.7  0.0   7554624.0 2461400.8 15379136.0 1553821.2  51392.0 51214.5    122    2.346   0      0.000    2.346
66432.0 67456.0 26958.7  0.0   7554624.0 2631393.3 15379136.0 1553821.2  51392.0 51214.7    122    2.346   0      0.000    2.346
66432.0 67456.0 26958.7  0.0   7554624.0 2752475.0 15379136.0 1553821.2  51392.0 51214.9    122    2.346   0      0.000    2.346
66432.0 67456.0 26958.7  0.0   7554624.0 2777589.5 15379136.0 1553821.2  51392.0 51214.9    122    2.346   0      0.000    2.346
66432.0 67456.0 26958.7  0.0   7554624.0 2851654.5 15379136.0 1553821.2  51392.0 51214.9    122    2.346   0      0.000    2.346
66432.0 67456.0 26958.7  0.0   7554624.0 2875861.7 15379136.0 1553821.2  51392.0 51215.1    122    2.346   0      0.000    2.346
66432.0 67456.0 26958.7  0.0   7554624.0 3011490.4 15379136.0 1553821.2  51392.0 51215.1    122    2.346   0      0.000    2.346
66432.0 67456.0 26958.7  0.0   7554624.0 3092501.9 15379136.0 1553821.2  51392.0 51215.1    122    2.346   0      0.000    2.346
66432.0 67456.0 26958.7  0.0   7554624.0 3116582.6 15379136.0 1553821.2  51392.0 51215.1    122    2.346   0      0.000    2.346
66432.0 67456.0 26958.7  0.0   7554624.0 3221138.8 15379136.0 1553821.2  51392.0 51215.1    122    2.346   0      0.000    2.346
66432.0 67456.0 26958.7  0.0   7554624.0 3241888.3 15379136.0 1553821.2  51392.0 51215.1    122    2.346   0      0.000    2.346
66432.0 67456.0 26958.7  0.0   7554624.0 3269095.0 15379136.0 1553821.2  51392.0 51215.1    122    2.346   0      0.000    2.346
66432.0 67456.0 26958.7  0.0   7554624.0 3289832.0 15379136.0 1553821.2  51392.0 51215.1    122    2.346   0      0.000    2.346
66432.0 67456.0 26958.7  0.0   7554624.0 3357425.5 15379136.0 1553821.2  51392.0 51215.1    122    2.346   0      0.000    2.346
66432.0 67456.0 26958.7  0.0   7554624.0 3381503.1 15379136.0 1553821.2  51392.0 51215.1    122    2.346   0      0.000    2.346
66432.0 67456.0 26958.7  0.0   7554624.0 3438614.8 15379136.0 1553821.2  51392.0 51215.1    122    2.346   0      0.000    2.346
66432.0 67456.0 26958.7  0.0   7554624.0 3492892.3 15379136.0 1553821.2  51392.0 51215.1    122    2.346   0      0.000    2.346
66432.0 67456.0 26958.7  0.0   7554624.0 3510242.0 15379136.0 1553821.2  51392.0 51215.1    122    2.346   0      0.000    2.346
66432.0 67456.0 26958.7  0.0   7554624.0 3564142.2 15379136.0 1553821.2  51392.0 51215.1    122    2.346   0      0.000    2.346
66432.0 67456.0 26958.7  0.0   7554624.0 3585252.4 15379136.0 1553821.2  51392.0 51215.1    122    2.346   0      0.000    2.346
66432.0 67456.0 26958.7  0.0   7554624.0 3629158.3 15379136.0 1553821.2  51392.0 51215.1    122    2.346   0      0.000    2.346
66432.0 67456.0 26958.7  0.0   7554624.0 3649880.5 15379136.0 1553821.2  51392.0 51215.1    122    2.346   0      0.000    2.346
66432.0 67456.0 26958.7  0.0   7554624.0 3760839.1 15379136.0 1553821.2  51392.0 51215.1    122    2.346   0      0.000    2.346
66432.0 67456.0 26958.7  0.0   7554624.0 3844903.6 15379136.0 1553821.2  51392.0 51215.1    122    2.346   0      0.000    2.346
66432.0 67456.0 26958.7  0.0   7554624.0 3858525.6 15379136.0 1553821.2  51392.0 51216.6    122    2.346   0      0.000    2.346
66432.0 67456.0 26958.7  0.0   7554624.0 3939104.2 15379136.0 1553821.2  51392.0 51216.6    122    2.346   0      0.000    2.346
66432.0 67456.0 26958.7  0.0   7554624.0 3997032.6 15379136.0 1553821.2  51392.0 51216.6    122    2.346   0      0.000    2.346
66432.0 67456.0 26958.7  0.0   7554624.0 4034113.8 15379136.0 1553821.2  51392.0 51216.6    122    2.346   0      0.000    2.346
66432.0 67456.0 26958.7  0.0   7554624.0 4161691.7 15379136.0 1553821.2  51392.0 51216.6    122    2.346   0      0.000    2.346
66432.0 67456.0 26958.7  0.0   7554624.0 4178965.3 15379136.0 1553821.2  51392.0 51216.6    122    2.346   0      0.000    2.346
66432.0 67456.0 26958.7  0.0   7554624.0 4262868.6 15379136.0 1553821.2  51392.0 51216.6    122    2.346   0      0.000    2.346
66432.0 67456.0 26958.7  0.0   7554624.0 4324092.7 15379136.0 1553821.2  51392.0 51216.6    122    2.346   0      0.000    2.346
66432.0 67456.0 26958.7  0.0   7554624.0 4408766.1 15379136.0 1553821.2  51392.0 51217.6    122    2.346   0      0.000    2.346
66432.0 67456.0 26958.7  0.0   7554624.0 4432863.4 15379136.0 1553821.2  51392.0 51217.6    122    2.346   0      0.000    2.346
66432.0 67456.0 26958.7  0.0   7554624.0 4521081.0 15379136.0 1553821.2  51392.0 51217.6    122    2.346   0      0.000    2.346
66432.0 67456.0 26958.7  0.0   7554624.0 4564946.9 15379136.0 1553821.2  51392.0 51217.6    122    2.346   0      0.000    2.346
66432.0 67456.0 26958.7  0.0   7554624.0 4578842.5 15379136.0 1553821.2  51392.0 51217.6    122    2.346   0      0.000    2.346
66432.0 67456.0 26958.7  0.0   7554624.0 4632863.7 15379136.0 1553821.2  51392.0 51217.6    122    2.346   0      0.000    2.346
66432.0 67456.0 26958.7  0.0   7554624.0 4701331.9 15379136.0 1553821.2  51392.0 51217.6    122    2.346   0      0.000    2.346
66432.0 67456.0 26958.7  0.0   7554624.0 4779822.6 15379136.0 1553821.2  51392.0 51217.6    122    2.346   0      0.000    2.346
66432.0 67456.0 26958.7  0.0   7554624.0 4807528.4 15379136.0 1553821.2  51392.0 51218.2    122    2.346   0      0.000    2.346
66432.0 67456.0 26958.7  0.0   7554624.0 4854577.0 15379136.0 1553821.2  51392.0 51218.2    122    2.346   0      0.000    2.346
66432.0 67456.0 26958.7  0.0   7554624.0 5156478.7 15379136.0 1553821.2  51392.0 51218.2    122    2.346   0      0.000    2.346
66432.0 67456.0 26958.7  0.0   7554624.0 5183937.5 15379136.0 1553821.2  51392.0 51218.2    122    2.346   0      0.000    2.346
66432.0 67456.0 26958.7  0.0   7554624.0 5285076.7 15379136.0 1553821.2  51392.0 51218.2    122    2.346   0      0.000    2.346
66432.0 67456.0 26958.7  0.0   7554624.0 5349557.1 15379136.0 1553821.2  51392.0 51218.2    122    2.346   0      0.000    2.346
66432.0 67456.0 26958.7  0.0   7554624.0 5387516.6 15379136.0 1553821.2  51392.0 51218.2    122    2.346   0      0.000    2.346
66432.0 67456.0 26958.7  0.0   7554624.0 5428559.2 15379136.0 1553821.2  51392.0 51218.2    122    2.346   0      0.000    2.346
66432.0 67456.0 26958.7  0.0   7554624.0 5456049.0 15379136.0 1553821.2  51392.0 51218.2    122    2.346   0      0.000    2.346
66432.0 67456.0 26958.7  0.0   7554624.0 5537763.0 15379136.0 1553821.2  51392.0 51218.2    122    2.346   0      0.000    2.346
66432.0 67456.0 26958.7  0.0   7554624.0 5588493.1 15379136.0 1553821.2  51392.0 51218.2    122    2.346   0      0.000    2.346
66432.0 67456.0 26958.7  0.0   7554624.0 5609182.3 15379136.0 1553821.2  51392.0 51218.2    122    2.346   0      0.000    2.346
66432.0 67456.0 26958.7  0.0   7554624.0 5710512.5 15379136.0 1553821.2  51392.0 51218.2    122    2.346   0      0.000    2.346
66432.0 67456.0 26958.7  0.0   7554624.0 5774691.4 15379136.0 1553821.2  51392.0 51218.2    122    2.346   0      0.000    2.346
66432.0 67456.0 26958.7  0.0   7554624.0 5795439.6 15379136.0 1553821.2  51392.0 51218.2    122    2.346   0      0.000    2.346
66432.0 67456.0 26958.7  0.0   7554624.0 5816205.5 15379136.0 1553821.2  51392.0 51220.5    122    2.346   0      0.000    2.346
66432.0 67456.0 26958.7  0.0   7554624.0 5876644.9 15379136.0 1553821.2  51392.0 51220.9    122    2.346   0      0.000    2.346
66432.0 67456.0 26958.7  0.0   7554624.0 5977568.6 15379136.0 1553821.2  51392.0 51220.9    122    2.346   0      0.000    2.346
66432.0 67456.0 26958.7  0.0   7554624.0 5994739.8 15379136.0 1553821.2  51392.0 51220.9    122    2.346   0      0.000    2.346
66432.0 67456.0 26958.7  0.0   7554624.0 6048971.1 15379136.0 1553821.2  51392.0 51220.9    122    2.346   0      0.000    2.346
66432.0 67456.0 26958.7  0.0   7554624.0 6072935.0 15379136.0 1553821.2  51392.0 51220.9    122    2.346   0      0.000    2.346
66432.0 67456.0 26958.7  0.0   7554624.0 6100544.0 15379136.0 1553821.2  51392.0 51220.9    122    2.346   0      0.000    2.346
66432.0 67456.0 26958.7  0.0   7554624.0 6117859.9 15379136.0 1553821.2  51392.0 51221.1    122    2.346   0      0.000    2.346
66432.0 67456.0 26958.7  0.0   7554624.0 6275699.9 15379136.0 1553821.2  51392.0 51221.1    122    2.346   0      0.000    2.346
66432.0 67456.0 26958.7  0.0   7554624.0 6320564.7 15379136.0 1553821.2  51392.0 51221.1    122    2.346   0      0.000    2.346
66432.0 67456.0 26958.7  0.0   7554624.0 6342040.7 15379136.0 1553821.2  51392.0 51221.1    122    2.346   0      0.000    2.346
66432.0 67456.0 26958.7  0.0   7554624.0 6355831.4 15379136.0 1553821.2  51392.0 51221.1    122    2.346   0      0.000    2.346
66432.0 67456.0 26958.7  0.0   7554624.0 6369659.5 15379136.0 1553821.2  51392.0 51221.1    122    2.346   0      0.000    2.346
66432.0 67456.0 26958.7  0.0   7554624.0 6390401.8 15379136.0 1553821.2  51392.0 51221.1    122    2.346   0      0.000    2.346
66432.0 67456.0 26958.7  0.0   7554624.0 6417688.4 15379136.0 1553821.2  51392.0 51221.1    122    2.346   0      0.000    2.346
66432.0 67456.0 26958.7  0.0   7554624.0 6434998.5 15379136.0 1553821.2  51392.0 51221.1    122    2.346   0      0.000    2.346
66432.0 67456.0 26958.7  0.0   7554624.0 6462599.1 15379136.0 1553821.2  51392.0 51221.1    122    2.346   0      0.000    2.346
66432.0 67456.0 26958.7  0.0   7554624.0 6490111.7 15379136.0 1553821.2  51392.0 51221.1    122    2.346   0      0.000    2.346
66432.0 67456.0 26958.7  0.0   7554624.0 6503866.8 15379136.0 1553821.2  51392.0 51221.1    122    2.346   0      0.000    2.346
66432.0 67456.0 26958.7  0.0   7554624.0 6524629.4 15379136.0 1553821.2  51392.0 51221.1    122    2.346   0      0.000    2.346
66432.0 67456.0 26958.7  0.0   7554624.0 6545372.0 15379136.0 1553821.2  51392.0 51221.1    122    2.346   0      0.000    2.346
66432.0 67456.0 26958.7  0.0   7554624.0 6559160.8 15379136.0 1553821.2  51392.0 51221.1    122    2.346   0      0.000    2.346
66432.0 67456.0 26958.7  0.0   7554624.0 6583238.4 15379136.0 1553821.2  51392.0 51221.1    122    2.346   0      0.000    2.346
66432.0 67456.0 26958.7  0.0   7554624.0 6610695.3 15379136.0 1553821.2  51392.0 51221.1    122    2.346   0      0.000    2.346
66432.0 67456.0 26958.7  0.0   7554624.0 6642238.0 15379136.0 1553821.2  51392.0 51221.1    122    2.346   0      0.000    2.346
66432.0 67456.0 26958.7  0.0   7554624.0 6659323.7 15379136.0 1553821.2  51392.0 51221.1    122    2.346   0      0.000    2.346
66432.0 67456.0 26958.7  0.0   7554624.0 6686923.2 15379136.0 1553821.2  51392.0 51221.1    122    2.346   0      0.000    2.346
66432.0 67456.0 26958.7  0.0   7554624.0 6707697.0 15379136.0 1553821.2  51392.0 51221.1    122    2.346   0      0.000    2.346
66432.0 67456.0 26958.7  0.0   7554624.0 6728216.4 15379136.0 1553821.2  51392.0 51221.1    122    2.346   0      0.000    2.346
66432.0 67456.0 26958.7  0.0   7554624.0 6742165.4 15379136.0 1553821.2  51392.0 51221.1    122    2.346   0      0.000    2.346
66432.0 67456.0 26958.7  0.0   7554624.0 6752469.8 15379136.0 1553821.2  51392.0 51221.1    122    2.346   0      0.000    2.346
66432.0 67456.0 26958.7  0.0   7554624.0 6769699.6 15379136.0 1553821.2  51392.0 51221.1    122    2.346   0      0.000    2.346
66432.0 67456.0 26958.7  0.0   7554624.0 6800612.4 15379136.0 1553821.2  51392.0 51221.1    122    2.346   0      0.000    2.346
66432.0 67456.0 26958.7  0.0   7554624.0 6831601.8 15379136.0 1553821.2  51392.0 51221.1    122    2.346   0      0.000    2.346
66432.0 67456.0 26958.7  0.0   7554624.0 6855694.5 15379136.0 1553821.2  51392.0 51221.1    122    2.346   0      0.000    2.346
66432.0 67456.0 26958.7  0.0   7554624.0 6879755.1 15379136.0 1553821.2  51392.0 51221.1    122    2.346   0      0.000    2.346
66432.0 67456.0 26958.7  0.0   7554624.0 6893685.3 15379136.0 1553821.2  51392.0 51221.1    122    2.346   0      0.000    2.346
66432.0 67456.0 26958.7  0.0   7554624.0 6914428.5 15379136.0 1553821.2  51392.0 51221.1    122    2.346   0      0.000    2.346
66432.0 67456.0 26958.7  0.0   7554624.0 6938390.3 15379136.0 1553821.2  51392.0 51221.1    122    2.346   0      0.000    2.346
66432.0 67456.0 26958.7  0.0   7554624.0 6963044.2 15379136.0 1553821.2  51392.0 51221.1    122    2.346   0      0.000    2.346
66432.0 67456.0 26958.7  0.0   7554624.0 6990683.5 15379136.0 1553821.2  51392.0 51221.1    122    2.346   0      0.000    2.346
66432.0 67456.0 26958.7  0.0   7554624.0 7028658.3 15379136.0 1553821.2  51392.0 51221.1    122    2.346   0      0.000    2.346
66432.0 67456.0 26958.7  0.0   7554624.0 7066563.4 15379136.0 1553821.2  51392.0 51221.1    122    2.346   0      0.000    2.346
66432.0 67456.0 26958.7  0.0   7554624.0 7108074.8 15379136.0 1553821.2  51392.0 51221.3    122    2.346   0      0.000    2.346
66432.0 67456.0 26958.7  0.0   7554624.0 7156322.6 15379136.0 1553821.2  51392.0 51221.3    122    2.346   0      0.000    2.346
66432.0 67456.0 26958.7  0.0   7554624.0 7201040.3 15379136.0 1553821.2  51392.0 51221.3    122    2.346   0      0.000    2.346
66432.0 67456.0 26958.7  0.0   7554624.0 7249377.1 15379136.0 1553821.2  51392.0 51221.3    122    2.346   0      0.000    2.346
66432.0 67456.0 26958.7  0.0   7554624.0 7304443.6 15379136.0 1553821.2  51392.0 51221.3    122    2.346   0      0.000    2.346
66432.0 67456.0 26958.7  0.0   7554624.0 7345812.4 15379136.0 1553821.2  51392.0 51221.3    122    2.346   0      0.000    2.346
66432.0 67456.0 26958.7  0.0   7554624.0 7380268.8 15379136.0 1553821.2  51392.0 51221.3    122    2.346   0      0.000    2.346
66432.0 67456.0 26958.7  0.0   7554624.0 7380548.3 15379136.0 1553821.2  51392.0 51221.3    122    2.346   0      0.000    2.346
66432.0 67456.0 26958.7  0.0   7554624.0 7380905.4 15379136.0 1553821.2  51392.0 51221.3    122    2.346   0      0.000    2.346
66432.0 67456.0 26958.7  0.0   7554624.0 7381213.2 15379136.0 1553821.2  51392.0 51221.3    122    2.346   0      0.000    2.346
66432.0 67456.0 26958.7  0.0   7554624.0 7389506.4 15379136.0 1553821.2  51392.0 51221.3    122    2.346   0      0.000    2.346
66432.0 67456.0 26958.7  0.0   7554624.0 7389529.6 15379136.0 1553821.2  51392.0 51221.3    122    2.346   0      0.000    2.346
66432.0 67456.0 26958.7  0.0   7554624.0 7389548.8 15379136.0 1553821.2  51392.0 51221.3    122    2.346   0      0.000    2.346
66432.0 67456.0 26958.7  0.0   7554624.0 7389595.5 15379136.0 1553821.2  51392.0 51221.3    122    2.346   0      0.000    2.346
66432.0 67456.0 26958.7  0.0   7554624.0 7389614.5 15379136.0 1553821.2  51392.0 51221.3    122    2.346   0      0.000    2.346
66432.0 67456.0 26958.7  0.0   7554624.0 7389633.8 15379136.0 1553821.2  51392.0 51221.3    122    2.346   0      0.000    2.346
66432.0 67456.0 26958.7  0.0   7554624.0 7389650.8 15379136.0 1553821.2  51392.0 51221.3    122    2.346   0      0.000    2.346
66432.0 67456.0 26958.7  0.0   7554624.0 7389674.5 15379136.0 1553821.2  51392.0 51221.3    122    2.346   0      0.000    2.346
66432.0 67456.0 26958.7  0.0   7554624.0 7389718.1 15379136.0 1553821.2  51392.0 51221.3    122    2.346   0      0.000    2.346
66432.0 67456.0 26958.7  0.0   7554624.0 7389739.3 15379136.0 1553821.2  51392.0 51221.3    122    2.346   0      0.000    2.346
66432.0 67456.0 26958.7  0.0   7554624.0 7389758.4 15379136.0 1553821.2  51392.0 51221.3    122    2.346   0      0.000    2.346
66432.0 67456.0 26958.7  0.0   7554624.0 7389778.0 15379136.0 1553821.2  51392.0 51221.3    122    2.346   0      0.000    2.346
66432.0 67456.0 26958.7  0.0   7554624.0 7389799.3 15379136.0 1553821.2  51392.0 51221.3    122    2.346   0      0.000    2.346
66432.0 67456.0 26958.7  0.0   7554624.0 7389844.2 15379136.0 1553821.2  51392.0 51221.3    122    2.346   0      0.000    2.346
66432.0 67456.0 26958.7  0.0   7554624.0 7389863.3 15379136.0 1553821.2  51392.0 51221.3    122    2.346   0      0.000    2.346
66432.0 67456.0 26958.7  0.0   7554624.0 7389882.4 15379136.0 1553821.2  51392.0 51221.3    122    2.346   0      0.000    2.346
66432.0 67456.0 26958.7  0.0   7554624.0 7389904.0 15379136.0 1553821.2  51392.0 51221.3    122    2.346   0      0.000    2.346
66432.0 67456.0 26958.7  0.0   7554624.0 7389925.2 15379136.0 1553821.2  51392.0 51221.3    122    2.346   0      0.000    2.346
66432.0 67456.0 26958.7  0.0   7554624.0 7389967.9 15379136.0 1553821.2  51392.0 51221.3    122    2.346   0      0.000    2.346
66432.0 67456.0 26958.7  0.0   7554624.0 7389987.1 15379136.0 1553821.2  51392.0 51221.3    122    2.346   0      0.000    2.346
66432.0 67456.0 26958.7  0.0   7554624.0 7390008.7 15379136.0 1553821.2  51392.0 51221.6    122    2.346   0      0.000    2.346
66432.0 67456.0 26958.7  0.0   7554624.0 7390027.7 15379136.0 1553821.2  51392.0 51221.9    122    2.346   0      0.000    2.346
66432.0 67456.0 26958.7  0.0   7554624.0 7390046.9 15379136.0 1553821.2  51392.0 51221.9    122    2.346   0      0.000    2.346
66432.0 67456.0 26958.7  0.0   7554624.0 7390091.5 15379136.0 1553821.2  51392.0 51222.2    122    2.346   0      0.000    2.346
66432.0 67456.0 26958.7  0.0   7554624.0 7390112.7 15379136.0 1553821.2  51392.0 51222.2    122    2.346   0      0.000    2.346
66432.0 67456.0 26958.7  0.0   7554624.0 7390136.5 15379136.0 1553821.2  51392.0 51222.2    122    2.346   0      0.000    2.346
72384.0 768.0   0.0   756.9  7554624.0 643829.7 15379136.0 1554121.9  51392.0 51320.6    123    2.351   0      0.000    2.351
