 S0C    S1C    S0U    S1U      EC       EU        OC         OU       PC     PU    YGC     YGCT    FGC    FGCT     GCT   
961152.0 961152.0  0.0    0.0   5767232.0 115344.7 15379136.0    0.0     21248.0 2586.6      0    0.000   0      0.000    0.000
961152.0 961152.0  0.0    0.0   5767232.0 115344.7 15379136.0    0.0     21248.0 13246.1      0    0.000   0      0.000    0.000
961152.0 961152.0  0.0    0.0   5767232.0 1384266.2 15379136.0    0.0     23744.0 22835.0      0    0.000   0      0.000    0.000
961152.0 961152.0  0.0    0.0   5767232.0 3922139.9 15379136.0    0.0     33920.0 33890.2      0    0.000   0      0.000    0.000
961152.0 961152.0  0.0    0.0   5767232.0 5306596.2 15379136.0    0.0     35456.0 35228.3      0    0.000   0      0.000    0.000
961152.0 961152.0  0.0   118404.8 5767232.0 1060325.2 15379136.0    0.0     47552.0 47019.9      1    0.059   0      0.000    0.059
961152.0 961152.0  0.0   118404.8 5767232.0 2551848.2 15379136.0    0.0     49088.0 48958.5      1    0.059   0      0.000    0.059
961152.0 961152.0 129418.6  0.0   5767232.0 1480768.8 15379136.0    0.0     50432.0 50305.7      2    0.121   0      0.000    0.121
961152.0 961152.0  0.0   132674.9 5767232.0   0.0    15379136.0    0.0     50432.0 50398.3      3    0.163   0      0.000    0.163
961152.0 961152.0  0.0   132674.9 5767232.0 4213191.7 15379136.0    0.0     50432.0 50410.7      3    0.163   0      0.000    0.163
961152.0 961152.0 136536.2  0.0   5767232.0 2834366.6 15379136.0    0.0     50624.0 50507.1      4    0.199   0      0.000    0.199
142976.0 961152.0  0.0   132963.3 5767232.0 973575.9 15379136.0    0.0     50624.0 50510.1      5    0.235   0      0.000    0.235
142976.0 961152.0  0.0   132963.3 5767232.0 5591237.4 15379136.0    0.0     50816.0 50585.0      5    0.235   0      0.000    0.235
142976.0 141824.0 131565.0  0.0   7404736.0 3746602.3 15379136.0    0.0     50816.0 50784.2      6    0.272   0      0.000    0.272
142976.0 141824.0 131565.0  0.0   7404736.0 7095628.4 15379136.0    0.0     50816.0 50803.0      6    0.272   0      0.000    0.272
155008.0 63296.0  0.0   63275.4 7404736.0 3151018.7 15379136.0  83231.2   50816.0 50804.6      7    0.312   0      0.000    0.312
155008.0 63296.0  0.0   63275.4 7404736.0 6729995.3 15379136.0  83231.2   50816.0 50806.6      7    0.312   0      0.000    0.312
155008.0 162496.0 61923.3  0.0   7364544.0 2731411.5 15379136.0  84947.5   51008.0 50837.3      8    0.329   0      0.000    0.329
155008.0 162496.0 61923.3  0.0   7364544.0 5343513.9 15379136.0  84947.5   51008.0 50840.4      8    0.329   0      0.000    0.329
165824.0 66432.0  0.0   66420.7 7364544.0 539029.7 15379136.0  86656.6   51008.0 50841.3      9    0.346   0      0.000    0.346
165824.0 66432.0  0.0   66420.7 7364544.0 2914228.1 15379136.0  86656.6   51008.0 50855.4      9    0.346   0      0.000    0.346
165824.0 66432.0  0.0   66420.7 7364544.0 4334356.8 15379136.0  86656.6   51008.0 50896.1      9    0.346   0      0.000    0.346
165824.0 66432.0  0.0   66420.7 7364544.0 5492663.7 15379136.0  86656.6   51008.0 50896.7      9    0.346   0      0.000    0.346
165824.0 66432.0  0.0   66420.7 7364544.0 6606152.9 15379136.0  86656.6   51008.0 50900.5      9    0.346   0      0.000    0.346
165824.0 167168.0 67233.7  0.0   7355200.0 516618.6 15379136.0  93079.7   51008.0 50904.3     10    0.368   0      0.000    0.368
165824.0 167168.0 67233.7  0.0   7355200.0 1843322.9 15379136.0  93079.7   51008.0 50905.7     10    0.368   0      0.000    0.368
165824.0 167168.0 67233.7  0.0   7355200.0 2934372.8 15379136.0  93079.7   51008.0 50906.4     10    0.368   0      0.000    0.368
165824.0 167168.0 67233.7  0.0   7355200.0 4068564.1 15379136.0  93079.7   51008.0 50909.8     10    0.368   0      0.000    0.368
165824.0 167168.0 67233.7  0.0   7355200.0 5223002.5 15379136.0  93079.7   51008.0 50910.1     10    0.368   0      0.000    0.368
165824.0 167168.0 67233.7  0.0   7355200.0 6149096.3 15379136.0  93079.7   51008.0 50910.3     10    0.368   0      0.000    0.368
165824.0 167168.0 67233.7  0.0   7355200.0 7224379.7 15379136.0  93079.7   51008.0 50911.4     10    0.368   0      0.000    0.368
169152.0 55872.0  0.0   55858.1 7355200.0 1113725.7 15379136.0  108451.6  51008.0 50912.5     11    0.387   0      0.000    0.387
169152.0 55872.0  0.0   55858.1 7355200.0 2161125.9 15379136.0  108451.6  51008.0 50912.8     11    0.387   0      0.000    0.387
169152.0 55872.0  0.0   55858.1 7355200.0 3277058.4 15379136.0  108451.6  51008.0 50912.8     11    0.387   0      0.000    0.387
169152.0 55872.0  0.0   55858.1 7355200.0 4373231.0 15379136.0  108451.6  51008.0 50913.0     11    0.387   0      0.000    0.387
169152.0 55872.0  0.0   55858.1 7355200.0 5550170.1 15379136.0  108451.6  51008.0 50914.8     11    0.387   0      0.000    0.387
169152.0 55872.0  0.0   55858.1 7355200.0 6579427.4 15379136.0  108451.6  51008.0 50914.9     11    0.387   0      0.000    0.387
169152.0 169088.0 59114.7  0.0   7351296.0 363653.0 15379136.0  115098.6  51008.0 50915.1     12    0.403   0      0.000    0.403
169152.0 169088.0 59114.7  0.0   7351296.0 1951967.3 15379136.0  115098.6  51008.0 50915.1     12    0.403   0      0.000    0.403
169152.0 169088.0 59114.7  0.0   7351296.0 3282078.5 15379136.0  115098.6  51008.0 50915.4     12    0.403   0      0.000    0.403
169152.0 169088.0 59114.7  0.0   7351296.0 4875048.1 15379136.0  115098.6  51008.0 50917.1     12    0.403   0      0.000    0.403
169152.0 169088.0 59114.7  0.0   7351296.0 6159388.6 15379136.0  115098.6  51008.0 50917.1     12    0.403   0      0.000    0.403
167744.0 169088.0  0.0   60276.7 7351296.0 110717.1 15379136.0  120984.1  51008.0 50917.1     13    0.420   0      0.000    0.420
167744.0 169088.0  0.0   60276.7 7351296.0 2399169.5 15379136.0  120984.1  51008.0 50918.2     13    0.420   0      0.000    0.420
167744.0 169088.0  0.0   60276.7 7351296.0 4613401.9 15379136.0  120984.1  51008.0 50918.2     13    0.420   0      0.000    0.420
167744.0 169088.0  0.0   60276.7 7351296.0 7175964.1 15379136.0  120984.1  51008.0 50925.2     13    0.420   0      0.000    0.420
167744.0 166272.0 56082.1  0.0   7355520.0 2251554.4 15379136.0  126993.5  51008.0 50926.5     14    0.437   0      0.000    0.437
167744.0 166272.0 56082.1  0.0   7355520.0 3481044.6 15379136.0  126993.5  51008.0 50930.9     14    0.437   0      0.000    0.437
167744.0 166272.0 56082.1  0.0   7355520.0 4649137.6 15379136.0  126993.5  51008.0 50930.9     14    0.437   0      0.000    0.437
167744.0 166272.0 56082.1  0.0   7355520.0 6140629.7 15379136.0  126993.5  51008.0 50945.8     14    0.437   0      0.000    0.437
163776.0 166272.0  0.0   57395.2 7355520.0 1060168.6 15379136.0  132694.8  51008.0 50947.1     15    0.455   0      0.000    0.455
163776.0 166272.0  0.0   57395.2 7355520.0 3609099.2 15379136.0  132694.8  51008.0 50951.6     15    0.455   0      0.000    0.455
163776.0 166272.0  0.0   57395.2 7355520.0 6148007.0 15379136.0  132694.8  51008.0 50954.9     15    0.455   0      0.000    0.455
163776.0 161088.0 54903.8  0.0   7364672.0 1025060.7 15379136.0  144800.5  51008.0 50958.9     16    0.472   0      0.000    0.472
163776.0 161088.0 54903.8  0.0   7364672.0 2170886.1 15379136.0  144800.5  51008.0 50960.9     16    0.472   0      0.000    0.472
163776.0 161088.0 54903.8  0.0   7364672.0 3104461.8 15379136.0  144800.5  51008.0 50965.5     16    0.472   0      0.000    0.472
163776.0 161088.0 54903.8  0.0   7364672.0 4421765.4 15379136.0  144800.5  51008.0 50966.4     16    0.472   0      0.000    0.472
163776.0 161088.0 54903.8  0.0   7364672.0 5612892.2 15379136.0  144800.5  51008.0 50966.6     16    0.472   0      0.000    0.472
163776.0 161088.0 54903.8  0.0   7364672.0 6943382.5 15379136.0  144800.5  51008.0 50966.6     16    0.472   0      0.000    0.472
156928.0 161088.0  0.0   60301.3 7364672.0 736656.7 15379136.0  154915.1  51008.0 50966.9     17    0.490   0      0.000    0.490
156928.0 161088.0  0.0   60301.3 7364672.0 1693030.5 15379136.0  154915.1  51008.0 50968.2     17    0.490   0      0.000    0.490
156928.0 161088.0  0.0   60301.3 7364672.0 2633121.3 15379136.0  154915.1  51008.0 50970.5     17    0.490   0      0.000    0.490
156928.0 161088.0  0.0   60301.3 7364672.0 3832453.2 15379136.0  154915.1  51008.0 50971.1     17    0.490   0      0.000    0.490
156928.0 161088.0  0.0   60301.3 7364672.0 4643144.3 15379136.0  154915.1  51008.0 50971.3     17    0.490   0      0.000    0.490
156928.0 161088.0  0.0   60301.3 7364672.0 5446076.3 15379136.0  154915.1  51008.0 50978.5     17    0.490   0      0.000    0.490
156928.0 161088.0  0.0   60301.3 7364672.0 6341733.8 15379136.0  154915.1  51008.0 50978.5     17    0.490   0      0.000    0.490
156928.0 152000.0 63889.4  0.0   7380608.0 683899.1 15379136.0  165733.3  51008.0 50979.5     18    0.512   0      0.000    0.512
156928.0 152000.0 63889.4  0.0   7380608.0 2891237.3 15379136.0  165733.3  51008.0 50979.5     18    0.512   0      0.000    0.512
156928.0 152000.0 63889.4  0.0   7380608.0 4446480.7 15379136.0  165733.3  51008.0 50979.7     18    0.512   0      0.000    0.512
151360.0 152000.0  0.0   39055.8 7380608.0 305395.1 15379136.0  196562.6  51008.0 50980.2     19    0.529   0      0.000    0.529
151360.0 152000.0  0.0   39055.8 7380608.0 1138250.2 15379136.0  196562.6  51008.0 50982.1     19    0.529   0      0.000    0.529
151360.0 152000.0  0.0   39055.8 7380608.0 2274955.6 15379136.0  196562.6  51008.0 50982.7     19    0.529   0      0.000    0.529
151360.0 152000.0  0.0   39055.8 7380608.0 3353854.4 15379136.0  196562.6  51008.0 50982.7     19    0.529   0      0.000    0.529
151360.0 152000.0  0.0   39055.8 7380608.0 4243908.6 15379136.0  196562.6  51008.0 50982.7     19    0.529   0      0.000    0.529
151360.0 152000.0  0.0   39055.8 7380608.0 5087124.8 15379136.0  196562.6  51008.0 50983.2     19    0.529   0      0.000    0.529
151360.0 152000.0  0.0   39055.8 7380608.0 5936226.3 15379136.0  196562.6  51008.0 50983.2     19    0.529   0      0.000    0.529
151360.0 152000.0  0.0   39055.8 7380608.0 6878098.4 15379136.0  196562.6  51008.0 50983.2     19    0.529   0      0.000    0.529
151360.0 145280.0 65234.2  0.0   7392896.0 618625.1 15379136.0  200002.6  51008.0 50983.2     20    0.547   0      0.000    0.547
151360.0 145280.0 65234.2  0.0   7392896.0 1663312.6 15379136.0  200002.6  51008.0 50983.2     20    0.547   0      0.000    0.547
151360.0 145280.0 65234.2  0.0   7392896.0 2401465.8 15379136.0  200002.6  51008.0 50983.5     20    0.547   0      0.000    0.547
151360.0 145280.0 65234.2  0.0   7392896.0 3067345.4 15379136.0  200002.6  51008.0 50983.5     20    0.547   0      0.000    0.547
151360.0 145280.0 65234.2  0.0   7392896.0 3944343.9 15379136.0  200002.6  51008.0 50983.5     20    0.547   0      0.000    0.547
151360.0 145280.0 65234.2  0.0   7392896.0 4542079.9 15379136.0  200002.6  51008.0 50983.5     20    0.547   0      0.000    0.547
151360.0 145280.0 65234.2  0.0   7392896.0 5362797.4 15379136.0  200002.6  51008.0 50983.5     20    0.547   0      0.000    0.547
151360.0 145280.0 65234.2  0.0   7392896.0 6468671.6 15379136.0  200002.6  51008.0 50983.7     20    0.547   0      0.000    0.547
140608.0 145280.0  0.0   58887.8 7392896.0 648096.0 15379136.0  207658.5  51008.0 50983.7     21    0.564   0      0.000    0.564
140608.0 145280.0  0.0   58887.8 7392896.0 2773127.8 15379136.0  207658.5  51008.0 50983.7     21    0.564   0      0.000    0.564
140608.0 145280.0  0.0   58887.8 7392896.0 4346444.7 15379136.0  207658.5  51008.0 50983.7     21    0.564   0      0.000    0.564
140608.0 145280.0  0.0   58887.8 7392896.0 6767950.5 15379136.0  207658.5  51008.0 50983.7     21    0.564   0      0.000    0.564
140608.0 137600.0 49273.5  0.0   7411328.0 2107738.9 15379136.0  225032.2  51008.0 50983.7     22    0.582   0      0.000    0.582
140608.0 137600.0 49273.5  0.0   7411328.0 5031002.7 15379136.0  225032.2  51008.0 50985.4     22    0.582   0      0.000    0.582
137088.0 137600.0  0.0   33245.4 7411328.0 958103.4 15379136.0  248306.7  51008.0 50985.4     23    0.597   0      0.000    0.597
137088.0 137600.0  0.0   33245.4 7411328.0 3304373.8 15379136.0  248306.7  51008.0 50986.6     23    0.597   0      0.000    0.597
137088.0 137600.0  0.0   33245.4 7411328.0 6409877.0 15379136.0  248306.7  51008.0 50986.6     23    0.597   0      0.000    0.597
137088.0 134784.0 38065.4  0.0   7417664.0 2031773.8 15379136.0  262708.8  51008.0 50986.6     24    0.612   0      0.000    0.612
137088.0 134784.0 38065.4  0.0   7417664.0 4939508.1 15379136.0  262708.8  51008.0 50987.2     24    0.612   0      0.000    0.612
137088.0 134784.0 38065.4  0.0   7417664.0 6889822.2 15379136.0  262708.8  51008.0 50987.4     24    0.612   0      0.000    0.612
131520.0 134784.0  0.0   40380.8 7417664.0 2059781.6 15379136.0  280260.4  51008.0 50987.9     25    0.629   0      0.000    0.629
131520.0 134784.0  0.0   40380.8 7417664.0 5134305.4 15379136.0  280260.4  51008.0 50987.9     25    0.629   0      0.000    0.629
131520.0 129792.0 29815.8  0.0   7428224.0 748542.7 15379136.0  297622.2  51008.0 50989.2     26    0.641   0      0.000    0.641
131520.0 129792.0 29815.8  0.0   7428224.0 3332799.2 15379136.0  297622.2  51008.0 50989.5     26    0.641   0      0.000    0.641
131520.0 129792.0 29815.8  0.0   7428224.0 6005570.6 15379136.0  297622.2  51008.0 50990.1     26    0.641   0      0.000    0.641
125504.0 129792.0  0.0   41117.1 7428224.0 1503931.5 15379136.0  310608.2  51008.0 50990.2     27    0.656   0      0.000    0.656
125504.0 129792.0  0.0   41117.1 7428224.0 4109877.4 15379136.0  310608.2  51008.0 50991.9     27    0.656   0      0.000    0.656
125504.0 129792.0  0.0   41117.1 7428224.0 5563941.2 15379136.0  310608.2  51008.0 50992.2     27    0.656   0      0.000    0.656
125504.0 129792.0  0.0   41117.1 7428224.0 7427767.3 15379136.0  310608.2  51008.0 50992.2     27    0.656   0      0.000    0.656
125504.0 120192.0 46643.5  0.0   7443840.0 2005902.1 15379136.0  325499.5  51008.0 50992.2     28    0.673   0      0.000    0.673
125504.0 120192.0 46643.5  0.0   7443840.0 3224491.5 15379136.0  325499.5  51008.0 50992.8     28    0.673   0      0.000    0.673
125504.0 120192.0 46643.5  0.0   7443840.0 4058292.7 15379136.0  325499.5  51008.0 50992.9     28    0.673   0      0.000    0.673
125504.0 120192.0 46643.5  0.0   7443840.0 5018785.0 15379136.0  325499.5  51008.0 50992.9     28    0.673   0      0.000    0.673
125504.0 120192.0 46643.5  0.0   7443840.0 5867251.0 15379136.0  325499.5  51008.0 50994.9     28    0.673   0      0.000    0.673
125504.0 120192.0 46643.5  0.0   7443840.0 6243734.6 15379136.0  325499.5  51008.0 50994.9     28    0.673   0      0.000    0.673
125504.0 120192.0 46643.5  0.0   7443840.0 6802162.7 15379136.0  325499.5  51008.0 50995.1     28    0.673   0      0.000    0.673
125504.0 120192.0 46643.5  0.0   7443840.0 7432009.9 15379136.0  325499.5  51008.0 50995.1     28    0.673   0      0.000    0.673
117312.0 120192.0  0.0   65013.0 7443840.0 464136.2 15379136.0  332226.1  51008.0 50995.3     29    0.692   0      0.000    0.692
117312.0 120192.0  0.0   65013.0 7443840.0 925833.9 15379136.0  332226.1  51008.0 50995.3     29    0.692   0      0.000    0.692
117312.0 120192.0  0.0   65013.0 7443840.0 1369596.1 15379136.0  332226.1  51008.0 50995.3     29    0.692   0      0.000    0.692
117312.0 120192.0  0.0   65013.0 7443840.0 1854108.4 15379136.0  332226.1  51008.0 50995.7     29    0.692   0      0.000    0.692
117312.0 120192.0  0.0   65013.0 7443840.0 2252585.4 15379136.0  332226.1  51008.0 50995.7     29    0.692   0      0.000    0.692
117312.0 120192.0  0.0   65013.0 7443840.0 2626187.1 15379136.0  332226.1  51008.0 50997.0     29    0.692   0      0.000    0.692
117312.0 120192.0  0.0   65013.0 7443840.0 2953668.8 15379136.0  332226.1  51008.0 50997.0     29    0.692   0      0.000    0.692
117312.0 120192.0  0.0   65013.0 7443840.0 3303229.6 15379136.0  332226.1  51008.0 50997.7     29    0.692   0      0.000    0.692
117312.0 120192.0  0.0   65013.0 7443840.0 3771379.5 15379136.0  332226.1  51008.0 50998.1     29    0.692   0      0.000    0.692
117312.0 120192.0  0.0   65013.0 7443840.0 4207117.9 15379136.0  332226.1  51008.0 50998.5     29    0.692   0      0.000    0.692
117312.0 120192.0  0.0   65013.0 7443840.0 4650750.1 15379136.0  332226.1  51008.0 50998.5     29    0.692   0      0.000    0.692
117312.0 120192.0  0.0   65013.0 7443840.0 5096275.8 15379136.0  332226.1  51008.0 51000.9     29    0.692   0      0.000    0.692
117312.0 120192.0  0.0   65013.0 7443840.0 5292784.9 15379136.0  332226.1  51008.0 51000.9     29    0.692   0      0.000    0.692
117312.0 120192.0  0.0   65013.0 7443840.0 5502721.8 15379136.0  332226.1  51008.0 51001.1     29    0.692   0      0.000    0.692
117312.0 120192.0  0.0   65013.0 7443840.0 5883051.0 15379136.0  332226.1  51008.0 51001.3     29    0.692   0      0.000    0.692
117312.0 120192.0  0.0   65013.0 7443840.0 6287551.0 15379136.0  332226.1  51008.0 51001.8     29    0.692   0      0.000    0.692
117312.0 120192.0  0.0   65013.0 7443840.0 6561746.2 15379136.0  332226.1  51008.0 51001.8     29    0.692   0      0.000    0.692
117312.0 120192.0  0.0   65013.0 7443840.0 7030069.7 15379136.0  332226.1  51008.0 51002.9     29    0.692   0      0.000    0.692
117312.0 113024.0 61141.7  0.0   7459200.0  9446.7  15379136.0  337075.4  51008.0 51004.9     30    0.709   0      0.000    0.709
117312.0 113024.0 61141.7  0.0   7459200.0 213732.9 15379136.0  337075.4  51008.0 51005.1     30    0.709   0      0.000    0.709
117312.0 113024.0 61141.7  0.0   7459200.0 581509.2 15379136.0  337075.4  51008.0 51005.3     30    0.709   0      0.000    0.709
117312.0 113024.0 61141.7  0.0   7459200.0 776883.9 15379136.0  337075.4  51008.0 51005.5     30    0.709   0      0.000    0.709
117312.0 113024.0 61141.7  0.0   7459200.0 1086295.0 15379136.0  337075.4  51008.0 51005.5     30    0.709   0      0.000    0.709
117312.0 113024.0 61141.7  0.0   7459200.0 1503450.5 15379136.0  337075.4  51008.0 51007.3     30    0.709   0      0.000    0.709
117312.0 113024.0 61141.7  0.0   7459200.0 1778322.5 15379136.0  337075.4  51200.0 51010.0     30    0.709   0      0.000    0.709
117312.0 113024.0 61141.7  0.0   7459200.0 2194881.5 15379136.0  337075.4  51200.0 51010.2     30    0.709   0      0.000    0.709
117312.0 113024.0 61141.7  0.0   7459200.0 2564489.0 15379136.0  337075.4  51200.0 51016.5     30    0.709   0      0.000    0.709
117312.0 113024.0 61141.7  0.0   7459200.0 2938391.5 15379136.0  337075.4  51200.0 51017.8     30    0.709   0      0.000    0.709
117312.0 113024.0 61141.7  0.0   7459200.0 3164527.6 15379136.0  337075.4  51200.0 51017.8     30    0.709   0      0.000    0.709
117312.0 113024.0 61141.7  0.0   7459200.0 3564956.7 15379136.0  337075.4  51200.0 51019.1     30    0.709   0      0.000    0.709
117312.0 113024.0 61141.7  0.0   7459200.0 3813707.9 15379136.0  337075.4  51200.0 51019.4     30    0.709   0      0.000    0.709
117312.0 113024.0 61141.7  0.0   7459200.0 4144778.4 15379136.0  337075.4  51200.0 51019.7     30    0.709   0      0.000    0.709
117312.0 113024.0 61141.7  0.0   7459200.0 4465045.9 15379136.0  337075.4  51200.0 51021.0     30    0.709   0      0.000    0.709
117312.0 113024.0 61141.7  0.0   7459200.0 4822613.0 15379136.0  337075.4  51200.0 51023.5     30    0.709   0      0.000    0.709
117312.0 113024.0 61141.7  0.0   7459200.0 4996484.5 15379136.0  337075.4  51200.0 51024.9     30    0.709   0      0.000    0.709
117312.0 113024.0 61141.7  0.0   7459200.0 5374959.7 15379136.0  337075.4  51200.0 51025.4     30    0.709   0      0.000    0.709
117312.0 113024.0 61141.7  0.0   7459200.0 5723271.5 15379136.0  337075.4  51200.0 51027.9     30    0.709   0      0.000    0.709
117312.0 113024.0 61141.7  0.0   7459200.0 6075433.2 15379136.0  337075.4  51200.0 51028.4     30    0.709   0      0.000    0.709
117312.0 113024.0 61141.7  0.0   7459200.0 6459089.5 15379136.0  337075.4  51200.0 51030.9     30    0.709   0      0.000    0.709
117312.0 113024.0 61141.7  0.0   7459200.0 6807307.5 15379136.0  337075.4  51200.0 51031.7     30    0.709   0      0.000    0.709
117312.0 113024.0 61141.7  0.0   7459200.0 7212749.9 15379136.0  337075.4  51200.0 51032.0     30    0.709   0      0.000    0.709
111936.0 113024.0  0.0   69047.9 7459200.0 178278.2 15379136.0  337176.2  51200.0 51035.7     31    0.728   0      0.000    0.728
111936.0 113024.0  0.0   69047.9 7459200.0 525186.8 15379136.0  337176.2  51200.0 51036.1     31    0.728   0      0.000    0.728
111936.0 113024.0  0.0   69047.9 7459200.0 770012.7 15379136.0  337176.2  51200.0 51036.7     31    0.728   0      0.000    0.728
111936.0 113024.0  0.0   69047.9 7459200.0 1067950.0 15379136.0  337176.2  51200.0 51037.3     31    0.728   0      0.000    0.728
111936.0 113024.0  0.0   69047.9 7459200.0 1341485.6 15379136.0  337176.2  51200.0 51037.6     31    0.728   0      0.000    0.728
111936.0 113024.0  0.0   69047.9 7459200.0 1680221.9 15379136.0  337176.2  51200.0 51038.4     31    0.728   0      0.000    0.728
111936.0 113024.0  0.0   69047.9 7459200.0 2094227.3 15379136.0  337176.2  51200.0 51038.8     31    0.728   0      0.000    0.728
111936.0 113024.0  0.0   69047.9 7459200.0 2364604.1 15379136.0  337176.2  51200.0 51039.3     31    0.728   0      0.000    0.728
111936.0 113024.0  0.0   69047.9 7459200.0 2762008.3 15379136.0  337176.2  51200.0 51039.3     31    0.728   0      0.000    0.728
111936.0 113024.0  0.0   69047.9 7459200.0 3050993.5 15379136.0  337176.2  51200.0 51039.5     31    0.728   0      0.000    0.728
111936.0 113024.0  0.0   69047.9 7459200.0 3509109.5 15379136.0  337176.2  51200.0 51039.9     31    0.728   0      0.000    0.728
111936.0 113024.0  0.0   69047.9 7459200.0 3830418.1 15379136.0  337176.2  51200.0 51040.9     31    0.728   0      0.000    0.728
111936.0 113024.0  0.0   69047.9 7459200.0 4123852.4 15379136.0  337176.2  51200.0 51041.3     31    0.728   0      0.000    0.728
111936.0 113024.0  0.0   69047.9 7459200.0 4367683.7 15379136.0  337176.2  51200.0 51041.6     31    0.728   0      0.000    0.728
111936.0 113024.0  0.0   69047.9 7459200.0 4714120.0 15379136.0  337176.2  51200.0 51041.9     31    0.728   0      0.000    0.728
111936.0 113024.0  0.0   69047.9 7459200.0 4942845.3 15379136.0  337176.2  51200.0 51041.9     31    0.728   0      0.000    0.728
111936.0 113024.0  0.0   69047.9 7459200.0 5301756.4 15379136.0  337176.2  51200.0 51041.9     31    0.728   0      0.000    0.728
111936.0 113024.0  0.0   69047.9 7459200.0 5598255.2 15379136.0  337176.2  51200.0 51041.9     31    0.728   0      0.000    0.728
111936.0 113024.0  0.0   69047.9 7459200.0 5892195.1 15379136.0  337176.2  51200.0 51041.9     31    0.728   0      0.000    0.728
111936.0 113024.0  0.0   69047.9 7459200.0 6315472.8 15379136.0  337176.2  51200.0 51041.9     31    0.728   0      0.000    0.728
111936.0 113024.0  0.0   69047.9 7459200.0 6792755.4 15379136.0  337176.2  51200.0 51041.9     31    0.728   0      0.000    0.728
111936.0 113024.0  0.0   69047.9 7459200.0 7356190.6 15379136.0  337176.2  51200.0 51041.9     31    0.728   0      0.000    0.728
111936.0 108608.0 63552.0  0.0   7468992.0 419362.1 15379136.0  342026.9  51200.0 51043.4     32    0.745   0      0.000    0.745
111936.0 108608.0 63552.0  0.0   7468992.0 735227.8 15379136.0  342026.9  51200.0 51045.0     32    0.745   0      0.000    0.745
111936.0 108608.0 63552.0  0.0   7468992.0 1127873.1 15379136.0  342026.9  51200.0 51045.0     32    0.745   0      0.000    0.745
111936.0 108608.0 63552.0  0.0   7468992.0 1497165.4 15379136.0  342026.9  51200.0 51045.0     32    0.745   0      0.000    0.745
111936.0 108608.0 63552.0  0.0   7468992.0 1674560.0 15379136.0  342026.9  51200.0 51045.0     32    0.745   0      0.000    0.745
111936.0 108608.0 63552.0  0.0   7468992.0 1985977.6 15379136.0  342026.9  51200.0 51045.0     32    0.745   0      0.000    0.745
111936.0 108608.0 63552.0  0.0   7468992.0 2340955.1 15379136.0  342026.9  51200.0 51045.0     32    0.745   0      0.000    0.745
111936.0 108608.0 63552.0  0.0   7468992.0 3462990.8 15379136.0  342026.9  51200.0 51046.8     32    0.745   0      0.000    0.745
111936.0 108608.0 63552.0  0.0   7468992.0 5614844.3 15379136.0  342026.9  51200.0 51047.0     32    0.745   0      0.000    0.745
111936.0 108608.0 63552.0  0.0   7468992.0 7435673.8 15379136.0  342026.9  51200.0 51047.0     32    0.745   0      0.000    0.745
104128.0 108608.0  0.0   55344.1 7468992.0 2058559.5 15379136.0  350343.9  51200.0 51126.1     33    0.761   0      0.000    0.761
104128.0 108608.0  0.0   55344.1 7468992.0 3466727.6 15379136.0  350343.9  51200.0 51126.1     33    0.761   0      0.000    0.761
104128.0 108608.0  0.0   55344.1 7468992.0 5189715.6 15379136.0  350343.9  51200.0 51126.1     33    0.761   0      0.000    0.761
104128.0 108608.0  0.0   55344.1 7468992.0 7417327.2 15379136.0  350343.9  51200.0 51126.1     33    0.761   0      0.000    0.761
104128.0 102336.0 42012.5  0.0   7483072.0 1591395.9 15379136.0  372699.5  51200.0 51126.1     34    0.778   0      0.000    0.778
104128.0 102336.0 42012.5  0.0   7483072.0 2586637.0 15379136.0  372699.5  51200.0 51126.6     34    0.778   0      0.000    0.778
104128.0 102336.0 42012.5  0.0   7483072.0 4208326.9 15379136.0  372699.5  51200.0 51126.6     34    0.778   0      0.000    0.778
104128.0 102336.0 42012.5  0.0   7483072.0 5444102.9 15379136.0  372699.5  51200.0 51126.6     34    0.778   0      0.000    0.778
104128.0 102336.0 42012.5  0.0   7483072.0 6852552.9 15379136.0  372699.5  51200.0 51126.6     34    0.778   0      0.000    0.778
97856.0 102336.0  0.0   55882.9 7483072.0 142134.2 15379136.0  383263.3  51200.0 51126.6     35    0.797   0      0.000    0.797
97856.0 102336.0  0.0   55882.9 7483072.0 465154.7 15379136.0  383263.3  51200.0 51126.6     35    0.797   0      0.000    0.797
97856.0 102336.0  0.0   55882.9 7483072.0 663696.4 15379136.0  383263.3  51200.0 51126.6     35    0.797   0      0.000    0.797
97856.0 102336.0  0.0   55882.9 7483072.0 912222.7 15379136.0  383263.3  51200.0 51126.6     35    0.797   0      0.000    0.797
97856.0 102336.0  0.0   55882.9 7483072.0 1196637.9 15379136.0  383263.3  51200.0 51126.6     35    0.797   0      0.000    0.797
97856.0 102336.0  0.0   55882.9 7483072.0 2969322.3 15379136.0  383263.3  51200.0 51131.0     35    0.797   0      0.000    0.797
97856.0 102336.0  0.0   55882.9 7483072.0 4720704.9 15379136.0  383263.3  51200.0 51131.0     35    0.797   0      0.000    0.797
97856.0 102336.0  0.0   55882.9 7483072.0 6774085.6 15379136.0  383263.3  51200.0 51131.0     35    0.797   0      0.000    0.797
97856.0 96384.0 41059.5  0.0   7495296.0 1666678.2 15379136.0  404615.6  51200.0 51131.0     36    0.813   0      0.000    0.813
97856.0 96384.0 41059.5  0.0   7495296.0 3031494.4 15379136.0  404615.6  51200.0 51131.3     36    0.813   0      0.000    0.813
97856.0 96384.0 41059.5  0.0   7495296.0 4590773.9 15379136.0  404615.6  51200.0 51131.3     36    0.813   0      0.000    0.813
97856.0 96384.0 41059.5  0.0   7495296.0 5873330.6 15379136.0  404615.6  51200.0 51131.3     36    0.813   0      0.000    0.813
97856.0 96384.0 41059.5  0.0   7495296.0 7079582.1 15379136.0  404615.6  51200.0 51131.3     36    0.813   0      0.000    0.813
95104.0 96384.0  0.0   37894.6 7495296.0 848130.3 15379136.0  432307.3  51200.0 51131.3     37    0.831   0      0.000    0.831
95104.0 96384.0  0.0   37894.6 7495296.0 1869886.5 15379136.0  432307.3  51200.0 51131.3     37    0.831   0      0.000    0.831
95104.0 96384.0  0.0   37894.6 7495296.0 3263618.5 15379136.0  432307.3  51200.0 51131.3     37    0.831   0      0.000    0.831
95104.0 96384.0  0.0   37894.6 7495296.0 4628054.3 15379136.0  432307.3  51200.0 51131.3     37    0.831   0      0.000    0.831
95104.0 96384.0  0.0   37894.6 7495296.0 6281659.4 15379136.0  432307.3  51200.0 51131.3     37    0.831   0      0.000    0.831
95104.0 91392.0 50506.5  0.0   7503040.0 720297.5 15379136.0  446198.1  51200.0 51131.3     38    0.850   0      0.000    0.850
95104.0 91392.0 50506.5  0.0   7503040.0 2551214.9 15379136.0  446198.1  51200.0 51132.8     38    0.850   0      0.000    0.850
95104.0 91392.0 50506.5  0.0   7503040.0 3390840.2 15379136.0  446198.1  51200.0 51132.8     38    0.850   0      0.000    0.850
95104.0 91392.0 50506.5  0.0   7503040.0 4649982.3 15379136.0  446198.1  51200.0 51132.8     38    0.850   0      0.000    0.850
95104.0 91392.0 50506.5  0.0   7503040.0 6847992.8 15379136.0  446198.1  51200.0 51133.8     38    0.850   0      0.000    0.850
88192.0 91392.0  0.0   49490.1 7503040.0 2002909.2 15379136.0  461021.0  51200.0 51133.8     39    0.868   0      0.000    0.868
88192.0 91392.0  0.0   49490.1 7503040.0 4163708.1 15379136.0  461021.0  51200.0 51133.8     39    0.868   0      0.000    0.868
88192.0 91392.0  0.0   49490.1 7503040.0 5802458.0 15379136.0  461021.0  51200.0 51133.8     39    0.868   0      0.000    0.868
88192.0 91392.0  0.0   49490.1 7503040.0 6983462.6 15379136.0  461021.0  51200.0 51135.5     39    0.868   0      0.000    0.868
88192.0 85696.0 46550.1  0.0   7515648.0 476354.4 15379136.0  477772.3  51200.0 51135.5     40    0.885   0      0.000    0.885
88192.0 85696.0 46550.1  0.0   7515648.0 1523228.7 15379136.0  477772.3  51200.0 51135.5     40    0.885   0      0.000    0.885
88192.0 85696.0 46550.1  0.0   7515648.0 2835686.9 15379136.0  477772.3  51200.0 51135.5     40    0.885   0      0.000    0.885
88192.0 85696.0 46550.1  0.0   7515648.0 4702441.8 15379136.0  477772.3  51200.0 51135.5     40    0.885   0      0.000    0.885
88192.0 85696.0 46550.1  0.0   7515648.0 6470880.2 15379136.0  477772.3  51200.0 51135.5     40    0.885   0      0.000    0.885
83840.0 85696.0  0.0   43148.9 7515648.0 756193.8 15379136.0  490286.6  51200.0 51135.5     41    0.901   0      0.000    0.901
83840.0 85696.0  0.0   43148.9 7515648.0 2597514.2 15379136.0  490286.6  51200.0 51136.7     41    0.901   0      0.000    0.901
83840.0 85696.0  0.0   43148.9 7515648.0 5027619.2 15379136.0  490286.6  51200.0 51136.7     41    0.901   0      0.000    0.901
83840.0 85696.0  0.0   43148.9 7515648.0 5858245.2 15379136.0  490286.6  51200.0 51136.7     41    0.901   0      0.000    0.901
83840.0 85696.0  0.0   43148.9 7515648.0 6897550.2 15379136.0  490286.6  51200.0 51136.9     41    0.901   0      0.000    0.901
83840.0 81728.0 44219.2  0.0   7523968.0 1406491.7 15379136.0  503600.0  51200.0 51136.9     42    0.918   0      0.000    0.918
83840.0 81728.0 44219.2  0.0   7523968.0 3588463.5 15379136.0  503600.0  51200.0 51136.9     42    0.918   0      0.000    0.918
83840.0 81728.0 44219.2  0.0   7523968.0 5274817.5 15379136.0  503600.0  51200.0 51136.9     42    0.918   0      0.000    0.918
83840.0 81728.0 44219.2  0.0   7523968.0 7467283.1 15379136.0  503600.0  51200.0 51136.9     42    0.918   0      0.000    0.918
80128.0 81728.0  0.0   41640.9 7523968.0 2086962.8 15379136.0  517286.2  51200.0 51136.9     43    0.934   0      0.000    0.934
80128.0 81728.0  0.0   41640.9 7523968.0 4798100.0 15379136.0  517286.2  51200.0 51138.6     43    0.934   0      0.000    0.934
80128.0 77696.0 45738.4  0.0   7531712.0 396102.3 15379136.0  528819.0  51200.0 51139.4     44    0.952   0      0.000    0.952
80128.0 77696.0 45738.4  0.0   7531712.0 2773634.3 15379136.0  528819.0  51200.0 51139.4     44    0.952   0      0.000    0.952
80128.0 77696.0 45738.4  0.0   7531712.0 5019846.9 15379136.0  528819.0  51200.0 51139.4     44    0.952   0      0.000    0.952
80128.0 77696.0 45738.4  0.0   7531712.0 6057298.4 15379136.0  528819.0  51200.0 51139.4     44    0.952   0      0.000    0.952
80128.0 77696.0 45738.4  0.0   7531712.0 6903580.3 15379136.0  528819.0  51200.0 51139.4     44    0.952   0      0.000    0.952
77056.0 77696.0  0.0   55141.1 7531712.0 330499.5 15379136.0  540122.4  51200.0 51139.4     45    0.969   0      0.000    0.969
77056.0 77696.0  0.0   55141.1 7531712.0 874468.8 15379136.0  540122.4  51200.0 51142.5     45    0.969   0      0.000    0.969
77056.0 77696.0  0.0   55141.1 7531712.0 1612455.3 15379136.0  540122.4  51200.0 51142.5     45    0.969   0      0.000    0.969
77056.0 77696.0  0.0   55141.1 7531712.0 2174809.4 15379136.0  540122.4  51200.0 51142.5     45    0.969   0      0.000    0.969
77056.0 77696.0  0.0   55141.1 7531712.0 2768375.9 15379136.0  540122.4  51200.0 51142.5     45    0.969   0      0.000    0.969
77056.0 77696.0  0.0   55141.1 7531712.0 3542148.1 15379136.0  540122.4  51200.0 51142.5     45    0.969   0      0.000    0.969
77056.0 77696.0  0.0   55141.1 7531712.0 4412110.2 15379136.0  540122.4  51200.0 51142.5     45    0.969   0      0.000    0.969
77056.0 77696.0  0.0   55141.1 7531712.0 4987347.0 15379136.0  540122.4  51200.0 51142.5     45    0.969   0      0.000    0.969
77056.0 77696.0  0.0   55141.1 7531712.0 5540250.8 15379136.0  540122.4  51200.0 51142.5     45    0.969   0      0.000    0.969
77056.0 77696.0  0.0   55141.1 7531712.0 5860353.9 15379136.0  540122.4  51200.0 51142.5     45    0.969   0      0.000    0.969
77056.0 77696.0  0.0   55141.1 7531712.0 6889054.3 15379136.0  540122.4  51200.0 51142.5     45    0.969   0      0.000    0.969
77056.0 81216.0 68389.8  0.0   7527104.0 1005079.4 15379136.0  544542.3  51200.0 51142.5     46    0.989   0      0.000    0.989
77056.0 81216.0 68389.8  0.0   7527104.0 2393990.3 15379136.0  544542.3  51200.0 51142.5     46    0.989   0      0.000    0.989
77056.0 81216.0 68389.8  0.0   7527104.0 3619017.9 15379136.0  544542.3  51200.0 51142.5     46    0.989   0      0.000    0.989
77056.0 81216.0 68389.8  0.0   7527104.0 4641220.7 15379136.0  544542.3  51200.0 51142.6     46    0.989   0      0.000    0.989
77056.0 81216.0 68389.8  0.0   7527104.0 6083347.0 15379136.0  544542.3  51200.0 51142.6     46    0.989   0      0.000    0.989
77056.0 81216.0 68389.8  0.0   7527104.0 6960471.9 15379136.0  544542.3  51200.0 51142.6     46    0.989   0      0.000    0.989
78912.0 81216.0  0.0   47786.9 7527104.0 1350087.5 15379136.0  561810.8  51200.0 51142.6     47    1.007   0      0.000    1.007
78912.0 81216.0  0.0   47786.9 7527104.0 3154629.5 15379136.0  561810.8  51200.0 51142.6     47    1.007   0      0.000    1.007
78912.0 81216.0  0.0   47786.9 7527104.0 4628362.2 15379136.0  561810.8  51200.0 51142.6     47    1.007   0      0.000    1.007
78912.0 81216.0  0.0   47786.9 7527104.0 6270780.8 15379136.0  561810.8  51200.0 51145.8     47    1.007   0      0.000    1.007
78912.0 81216.0  0.0   47786.9 7527104.0 7298748.4 15379136.0  561810.8  51200.0 51145.8     47    1.007   0      0.000    1.007
78912.0 76672.0 48319.2  0.0   7533952.0 817727.1 15379136.0  575851.7  51200.0 51145.8     48    1.024   0      0.000    1.024
78912.0 76672.0 48319.2  0.0   7533952.0 2880439.8 15379136.0  575851.7  51200.0 51145.8     48    1.024   0      0.000    1.024
78912.0 76672.0 48319.2  0.0   7533952.0 4789741.8 15379136.0  575851.7  51200.0 51146.1     48    1.024   0      0.000    1.024
78912.0 76672.0 48319.2  0.0   7533952.0 6726052.8 15379136.0  575851.7  51200.0 51150.7     48    1.024   0      0.000    1.024
76096.0 76672.0  0.0   39344.0 7533952.0 1837814.3 15379136.0  596099.1  51200.0 51150.7     49    1.042   0      0.000    1.042
76096.0 76672.0  0.0   39344.0 7533952.0 3339285.3 15379136.0  596099.1  51200.0 51150.7     49    1.042   0      0.000    1.042
76096.0 76672.0  0.0   39344.0 7533952.0 5175080.9 15379136.0  596099.1  51200.0 51150.7     49    1.042   0      0.000    1.042
76096.0 76672.0  0.0   39344.0 7533952.0 6278288.3 15379136.0  596099.1  51200.0 51150.7     49    1.042   0      0.000    1.042
76096.0 74752.0 42016.7  0.0   7538688.0 545368.5 15379136.0  613812.2  51200.0 51150.7     50    1.058   0      0.000    1.058
76096.0 74752.0 42016.7  0.0   7538688.0 1962680.3 15379136.0  613812.2  51200.0 51150.9     50    1.058   0      0.000    1.058
76096.0 74752.0 42016.7  0.0   7538688.0 3944406.3 15379136.0  613812.2  51200.0 51150.9     50    1.058   0      0.000    1.058
76096.0 74752.0 42016.7  0.0   7538688.0 5772871.4 15379136.0  613812.2  51200.0 51150.9     50    1.058   0      0.000    1.058
76096.0 74752.0 42016.7  0.0   7538688.0 7404100.0 15379136.0  613812.2  51200.0 51150.9     50    1.058   0      0.000    1.058
73600.0 74752.0  0.0   40829.0 7538688.0 1883820.8 15379136.0  627918.8  51200.0 51152.2     51    1.073   0      0.000    1.073
73600.0 74752.0  0.0   40829.0 7538688.0 3896706.0 15379136.0  627918.8  51200.0 51152.2     51    1.073   0      0.000    1.073
73600.0 74752.0  0.0   40829.0 7538688.0 5819651.8 15379136.0  627918.8  51200.0 51152.9     51    1.073   0      0.000    1.073
73600.0 72640.0 38847.5  0.0   7543296.0 1138965.0 15379136.0  646588.5  51200.0 51152.9     52    1.089   0      0.000    1.089
73600.0 72640.0 38847.5  0.0   7543296.0 3398224.2 15379136.0  646588.5  51200.0 51156.8     52    1.089   0      0.000    1.089
73600.0 72640.0 38847.5  0.0   7543296.0 4676136.2 15379136.0  646588.5  51200.0 51157.1     52    1.089   0      0.000    1.089
73600.0 72640.0 38847.5  0.0   7543296.0 6868182.1 15379136.0  646588.5  51200.0 51157.9     52    1.089   0      0.000    1.089
71424.0 72640.0  0.0   39392.3 7543296.0 2445193.5 15379136.0  660994.1  51200.0 51157.9     53    1.105   0      0.000    1.105
71424.0 72640.0  0.0   39392.3 7543296.0 4864155.2 15379136.0  660994.1  51200.0 51157.9     53    1.105   0      0.000    1.105
71424.0 72640.0  0.0   39392.3 7543296.0 7006954.4 15379136.0  660994.1  51200.0 51157.9     53    1.105   0      0.000    1.105
71424.0 71296.0 32891.1  0.0   7546816.0 990467.0 15379136.0  678615.7  51200.0 51158.2     54    1.123   0      0.000    1.123
71424.0 71296.0 32891.1  0.0   7546816.0 2734074.8 15379136.0  678615.7  51200.0 51158.2     54    1.123   0      0.000    1.123
71424.0 71296.0 32891.1  0.0   7546816.0 4204544.0 15379136.0  678615.7  51200.0 51158.2     54    1.123   0      0.000    1.123
71424.0 71296.0 32891.1  0.0   7546816.0 4980514.6 15379136.0  678615.7  51200.0 51158.2     54    1.123   0      0.000    1.123
71424.0 71296.0 32891.1  0.0   7546816.0 5338371.4 15379136.0  678615.7  51200.0 51158.2     54    1.123   0      0.000    1.123
71424.0 71296.0 32891.1  0.0   7546816.0 5915716.8 15379136.0  678615.7  51200.0 51158.2     54    1.123   0      0.000    1.123
71424.0 71296.0 32891.1  0.0   7546816.0 7043893.2 15379136.0  678615.7  51200.0 51158.2     54    1.123   0      0.000    1.123
72320.0 55040.0  0.0   55038.4 7546816.0 501067.0 15379136.0  688493.5  51200.0 51158.5     55    1.142   0      0.000    1.142
72320.0 55040.0  0.0   55038.4 7546816.0 1934621.2 15379136.0  688493.5  51200.0 51158.5     55    1.142   0      0.000    1.142
72320.0 55040.0  0.0   55038.4 7546816.0 3619115.5 15379136.0  688493.5  51200.0 51158.5     55    1.142   0      0.000    1.142
72320.0 55040.0  0.0   55038.4 7546816.0 5355818.7 15379136.0  688493.5  51200.0 51158.5     55    1.142   0      0.000    1.142
72320.0 55040.0  0.0   55038.4 7546816.0 6516289.0 15379136.0  688493.5  51200.0 51158.5     55    1.142   0      0.000    1.142
72320.0 55040.0  0.0   55038.4 7546816.0 6998543.9 15379136.0  688493.5  51200.0 51158.5     55    1.142   0      0.000    1.142
72320.0 55040.0  0.0   55038.4 7546816.0 7287477.8 15379136.0  688493.5  51200.0 51158.5     55    1.142   0      0.000    1.142
72320.0 69888.0 46590.5  0.0   7547328.0 568699.5 15379136.0  706466.6  51200.0 51158.5     56    1.160   0      0.000    1.160
72320.0 69888.0 46590.5  0.0   7547328.0 2648875.9 15379136.0  706466.6  51200.0 51158.5     56    1.160   0      0.000    1.160
72320.0 69888.0 46590.5  0.0   7547328.0 4888894.1 15379136.0  706466.6  51200.0 51158.5     56    1.160   0      0.000    1.160
72320.0 69888.0 46590.5  0.0   7547328.0 6913175.3 15379136.0  706466.6  51200.0 51158.5     56    1.160   0      0.000    1.160
71616.0 69888.0  0.0   22125.4 7547328.0 1237346.7 15379136.0  732297.7  51200.0 51159.0     57    1.172   0      0.000    1.172
71616.0 69888.0  0.0   22125.4 7547328.0 4110430.9 15379136.0  732297.7  51200.0 51159.4     57    1.172   0      0.000    1.172
71616.0 69888.0  0.0   22125.4 7547328.0 6774843.5 15379136.0  732297.7  51200.0 51160.4     57    1.172   0      0.000    1.172
71616.0 70784.0 32293.7  0.0   7547136.0 2497877.3 15379136.0  742330.6  51200.0 51160.4     58    1.187   0      0.000    1.187
71616.0 70784.0 32293.7  0.0   7547136.0 5111347.1 15379136.0  742330.6  51200.0 51160.4     58    1.187   0      0.000    1.187
71616.0 70784.0 32293.7  0.0   7547136.0 6716261.8 15379136.0  742330.6  51200.0 51160.4     58    1.187   0      0.000    1.187
68160.0 70784.0  0.0   43134.1 7547136.0 1214908.4 15379136.0  754606.4  51200.0 51160.4     59    1.204   0      0.000    1.204
68160.0 70784.0  0.0   43134.1 7547136.0 2221829.9 15379136.0  754606.4  51200.0 51160.4     59    1.204   0      0.000    1.204
68160.0 70784.0  0.0   43134.1 7547136.0 3742766.4 15379136.0  754606.4  51200.0 51160.4     59    1.204   0      0.000    1.204
68160.0 70784.0  0.0   43134.1 7547136.0 4471627.1 15379136.0  754606.4  51200.0 51160.4     59    1.204   0      0.000    1.204
68160.0 70784.0  0.0   43134.1 7547136.0 5430960.1 15379136.0  754606.4  51200.0 51160.4     59    1.204   0      0.000    1.204
68160.0 70784.0  0.0   43134.1 7547136.0 6971653.8 15379136.0  754606.4  51200.0 51160.4     59    1.204   0      0.000    1.204
68160.0 69056.0 51990.3  0.0   7551424.0 464587.3 15379136.0  766959.4  51200.0 51160.4     60    1.220   0      0.000    1.220
68160.0 69056.0 51990.3  0.0   7551424.0 1556140.2 15379136.0  766959.4  51200.0 51160.4     60    1.220   0      0.000    1.220
68160.0 69056.0 51990.3  0.0   7551424.0 3070232.7 15379136.0  766959.4  51200.0 51160.4     60    1.220   0      0.000    1.220
68160.0 69056.0 51990.3  0.0   7551424.0 4719420.2 15379136.0  766959.4  51200.0 51160.9     60    1.220   0      0.000    1.220
68160.0 69056.0 51990.3  0.0   7551424.0 6492383.6 15379136.0  766959.4  51200.0 51163.5     60    1.220   0      0.000    1.220
66752.0 69056.0  0.0   42154.2 7551424.0 1203697.2 15379136.0  783899.9  51200.0 51163.5     61    1.237   0      0.000    1.237
66752.0 69056.0  0.0   42154.2 7551424.0 4651697.7 15379136.0  783899.9  51200.0 51163.7     61    1.237   0      0.000    1.237
66752.0 69056.0  0.0   42154.2 7551424.0 7418175.2 15379136.0  783899.9  51200.0 51167.1     61    1.237   0      0.000    1.237
66752.0 65216.0 38714.1  0.0   7557568.0 4297985.3 15379136.0  804992.2  51200.0 51167.1     62    1.259   0      0.000    1.259
65920.0 65216.0  0.0   25835.1 7557568.0 994083.0 15379136.0  826578.3  51200.0 51167.1     63    1.276   0      0.000    1.276
65920.0 65216.0  0.0   25835.1 7557568.0 4038820.0 15379136.0  826578.3  51200.0 51167.1     63    1.276   0      0.000    1.276
65920.0 65216.0  0.0   25835.1 7557568.0 5840871.5 15379136.0  826578.3  51200.0 51167.1     63    1.276   0      0.000    1.276
65920.0 65216.0  0.0   25835.1 7557568.0 7004715.7 15379136.0  826578.3  51200.0 51167.1     63    1.276   0      0.000    1.276
65920.0 63808.0 39266.9  0.0   7559808.0 1555216.8 15379136.0  838045.2  51200.0 51167.1     64    1.291   0      0.000    1.291
65920.0 63808.0 39266.9  0.0   7559808.0 3302504.0 15379136.0  838045.2  51200.0 51168.0     64    1.291   0      0.000    1.291
65920.0 63808.0 39266.9  0.0   7559808.0 6798134.5 15379136.0  838045.2  51200.0 51168.0     64    1.291   0      0.000    1.291
62592.0 63808.0  0.0   34834.0 7559808.0 2749702.8 15379136.0  852681.1  51200.0 51168.0     65    1.309   0      0.000    1.309
62592.0 63808.0  0.0   34834.0 7559808.0 6187999.2 15379136.0  852681.1  51200.0 51168.0     65    1.309   0      0.000    1.309
62592.0 62656.0 26876.1  0.0   7564224.0 2979444.0 15379136.0  864367.4  51200.0 51168.0     66    1.322   0      0.000    1.322
62592.0 62656.0 26876.1  0.0   7564224.0 6473741.4 15379136.0  864367.4  51200.0 51168.0     66    1.322   0      0.000    1.322
61440.0 62656.0  0.0   32452.2 7564224.0 2209618.5 15379136.0  871485.3  51200.0 51168.0     67    1.337   0      0.000    1.337
61440.0 62656.0  0.0   32452.2 7564224.0 4369117.5 15379136.0  871485.3  51200.0 51168.2     67    1.337   0      0.000    1.337
61440.0 60288.0 31579.8  0.0   7567808.0 264186.5 15379136.0  884311.3  51200.0 51168.2     68    1.351   0      0.000    1.351
61440.0 60288.0 31579.8  0.0   7567808.0 3312596.1 15379136.0  884311.3  51200.0 51168.2     68    1.351   0      0.000    1.351
61440.0 60288.0 31579.8  0.0   7567808.0 6341485.0 15379136.0  884311.3  51200.0 51168.2     68    1.351   0      0.000    1.351
58368.0 60288.0  0.0   35982.4 7567808.0 1078946.8 15379136.0  897004.6  51200.0 51168.5     69    1.368   0      0.000    1.368
58368.0 60288.0  0.0   35982.4 7567808.0 3994468.2 15379136.0  897004.6  51200.0 51168.5     69    1.368   0      0.000    1.368
58368.0 60288.0  0.0   35982.4 7567808.0 6458458.6 15379136.0  897004.6  51200.0 51168.5     69    1.368   0      0.000    1.368
58368.0 56640.0 38484.0  0.0   7574528.0 810509.3 15379136.0  909238.0  51200.0 51168.5     70    1.384   0      0.000    1.384
58368.0 56640.0 38484.0  0.0   7574528.0 3482073.4 15379136.0  909238.0  51200.0 51168.5     70    1.384   0      0.000    1.384
58368.0 56640.0 38484.0  0.0   7574528.0 4565100.7 15379136.0  909238.0  51200.0 51168.5     70    1.384   0      0.000    1.384
58368.0 56640.0 38484.0  0.0   7574528.0 6207884.8 15379136.0  909238.0  51200.0 51168.5     70    1.384   0      0.000    1.384
55552.0 56640.0  0.0   32729.7 7574528.0 396466.4 15379136.0  924567.7  51200.0 51168.5     71    1.398   0      0.000    1.398
55552.0 56640.0  0.0   32729.7 7574528.0 1394737.2 15379136.0  924567.7  51200.0 51172.6     71    1.398   0      0.000    1.398
55552.0 56640.0  0.0   32729.7 7574528.0 2377437.6 15379136.0  924567.7  51200.0 51173.1     71    1.398   0      0.000    1.398
55552.0 56640.0  0.0   32729.7 7574528.0 4474694.5 15379136.0  924567.7  51200.0 51181.1     71    1.398   0      0.000    1.398
55552.0 60224.0 54748.4  0.0   7569088.0 253784.6 15379136.0  930023.7  51200.0 51181.1     72    1.418   0      0.000    1.418
55552.0 60224.0 54748.4  0.0   7569088.0 2888024.3 15379136.0  930023.7  51200.0 51181.1     72    1.418   0      0.000    1.418
55552.0 60224.0 54748.4  0.0   7569088.0 5848724.5 15379136.0  930023.7  51200.0 51181.1     72    1.418   0      0.000    1.418
58432.0 60224.0  0.0   39828.6 7569088.0 1259817.2 15379136.0  953832.6  51200.0 51181.1     73    1.438   0      0.000    1.438
58432.0 60224.0  0.0   39828.6 7569088.0 3836706.9 15379136.0  953832.6  51200.0 51181.1     73    1.438   0      0.000    1.438
58432.0 60224.0  0.0   39828.6 7569088.0 5723538.0 15379136.0  953832.6  51200.0 51181.1     73    1.438   0      0.000    1.438
58432.0 60224.0  0.0   39828.6 7569088.0 7440486.7 15379136.0  953832.6  51200.0 51181.1     73    1.438   0      0.000    1.438
58432.0 59456.0 46981.6  0.0   7570624.0 1827512.1 15379136.0  965416.3  51200.0 51181.5     74    1.455   0      0.000    1.455
58432.0 59456.0 46981.6  0.0   7570624.0 4663336.6 15379136.0  965416.3  51200.0 51181.9     74    1.455   0      0.000    1.455
58432.0 59456.0 46981.6  0.0   7570624.0 7065058.0 15379136.0  965416.3  51200.0 51181.9     74    1.455   0      0.000    1.455
60544.0 48000.0  0.0   47984.1 7570624.0 1595538.4 15379136.0  976966.3  51200.0 51181.9     75    1.476   0      0.000    1.476
60544.0 48000.0  0.0   47984.1 7570624.0 4250298.9 15379136.0  976966.3  51200.0 51181.9     75    1.476   0      0.000    1.476
60544.0 48000.0  0.0   47984.1 7570624.0 6046505.2 15379136.0  976966.3  51200.0 51181.9     75    1.476   0      0.000    1.476
60544.0 58560.0 40439.1  0.0   7570432.0 702816.8 15379136.0  996555.0  51200.0 51182.2     76    1.492   0      0.000    1.492
60544.0 58560.0 40439.1  0.0   7570432.0 2174864.0 15379136.0  996555.0  51200.0 51182.2     76    1.492   0      0.000    1.492
60544.0 58560.0 40439.1  0.0   7570432.0 3812808.9 15379136.0  996555.0  51200.0 51182.9     76    1.492   0      0.000    1.492
60544.0 58560.0 40439.1  0.0   7570432.0 5235016.3 15379136.0  996555.0  51200.0 51182.9     76    1.492   0      0.000    1.492
60544.0 58560.0 40439.1  0.0   7570432.0 6337612.4 15379136.0  996555.0  51200.0 51182.9     76    1.492   0      0.000    1.492
60800.0 51584.0  0.0   51532.9 7570432.0 1623388.8 15379136.0 1006894.1  51200.0 51182.9     77    1.514   0      0.000    1.514
60800.0 51584.0  0.0   51532.9 7570432.0 3508242.4 15379136.0 1006894.1  51200.0 51182.9     77    1.514   0      0.000    1.514
60800.0 51584.0  0.0   51532.9 7570432.0 6424569.4 15379136.0 1006894.1  51200.0 51183.4     77    1.514   0      0.000    1.514
60800.0 59968.0 35599.7  0.0   7568768.0 1106279.7 15379136.0 1034401.8  51200.0 51183.4     78    1.531   0      0.000    1.531
60800.0 59968.0 35599.7  0.0   7568768.0 3044629.3 15379136.0 1034401.8  51200.0 51184.6     78    1.531   0      0.000    1.531
60800.0 59968.0 35599.7  0.0   7568768.0 3645158.5 15379136.0 1034401.8  51200.0 51184.6     78    1.531   0      0.000    1.531
60800.0 59968.0 35599.7  0.0   7568768.0 4911259.4 15379136.0 1034401.8  51200.0 51184.6     78    1.531   0      0.000    1.531
60800.0 59968.0 35599.7  0.0   7568768.0 6216121.6 15379136.0 1034401.8  51200.0 51184.6     78    1.531   0      0.000    1.531
60800.0 59968.0 35599.7  0.0   7568768.0 7077765.9 15379136.0 1034401.8  51200.0 51184.6     78    1.531   0      0.000    1.531
63168.0 54976.0  0.0   54974.8 7568768.0 1222076.2 15379136.0 1040440.1  51200.0 51184.6     79    1.550   0      0.000    1.550
63168.0 54976.0  0.0   54974.8 7568768.0 2610169.9 15379136.0 1040440.1  51200.0 51184.6     79    1.550   0      0.000    1.550
63168.0 54976.0  0.0   54974.8 7568768.0 3806061.6 15379136.0 1040440.1  51200.0 51184.6     79    1.550   0      0.000    1.550
63168.0 54976.0  0.0   54974.8 7568768.0 5643786.8 15379136.0 1040440.1  51200.0 51184.6     79    1.550   0      0.000    1.550
63168.0 54976.0  0.0   54974.8 7568768.0 6799308.5 15379136.0 1040440.1  51200.0 51184.8     79    1.550   0      0.000    1.550
63168.0 63296.0 48349.3  0.0   7562944.0 298589.8 15379136.0 1063924.0  51200.0 51184.8     80    1.570   0      0.000    1.570
63168.0 63296.0 48349.3  0.0   7562944.0 693049.8 15379136.0 1063924.0  51200.0 51184.8     80    1.570   0      0.000    1.570
63168.0 63296.0 48349.3  0.0   7562944.0 1489567.4 15379136.0 1063924.0  51200.0 51184.8     80    1.570   0      0.000    1.570
63168.0 63296.0 48349.3  0.0   7562944.0 2420469.7 15379136.0 1063924.0  51200.0 51184.8     80    1.570   0      0.000    1.570
63168.0 63296.0 48349.3  0.0   7562944.0 3717865.9 15379136.0 1063924.0  51200.0 51184.8     80    1.570   0      0.000    1.570
63168.0 63296.0 48349.3  0.0   7562944.0 4267772.8 15379136.0 1063924.0  51200.0 51184.8     80    1.570   0      0.000    1.570
63168.0 63296.0 48349.3  0.0   7562944.0 5075074.7 15379136.0 1063924.0  51200.0 51184.8     80    1.570   0      0.000    1.570
63168.0 63296.0 48349.3  0.0   7562944.0 5930824.1 15379136.0 1063924.0  51200.0 51184.8     80    1.570   0      0.000    1.570
63168.0 63296.0 48349.3  0.0   7562944.0 6484162.0 15379136.0 1063924.0  51200.0 51184.8     80    1.570   0      0.000    1.570
63168.0 63296.0 48349.3  0.0   7562944.0 7461174.6 15379136.0 1063924.0  51200.0 51184.8     80    1.570   0      0.000    1.570
63296.0 63296.0  0.0   63274.1 7562944.0 255374.1 15379136.0 1069189.8  51200.0 51184.8     81    1.588   0      0.000    1.588
63296.0 63296.0  0.0   63274.1 7562944.0 1368435.4 15379136.0 1069189.8  51200.0 51185.2     81    1.588   0      0.000    1.588
63296.0 63296.0  0.0   63274.1 7562944.0 1751497.7 15379136.0 1069189.8  51200.0 51185.2     81    1.588   0      0.000    1.588
63296.0 63296.0  0.0   63274.1 7562944.0 2415670.4 15379136.0 1069189.8  51200.0 51185.2     81    1.588   0      0.000    1.588
63296.0 63296.0  0.0   63274.1 7562944.0 2930480.1 15379136.0 1069189.8  51200.0 51185.2     81    1.588   0      0.000    1.588
63296.0 63296.0  0.0   63274.1 7562944.0 4067674.9 15379136.0 1069189.8  51200.0 51185.2     81    1.588   0      0.000    1.588
63296.0 63296.0  0.0   63274.1 7562944.0 4811446.6 15379136.0 1069189.8  51200.0 51185.2     81    1.588   0      0.000    1.588
63296.0 63296.0  0.0   63274.1 7562944.0 5936227.3 15379136.0 1069189.8  51200.0 51185.2     81    1.588   0      0.000    1.588
63296.0 63296.0  0.0   63274.1 7562944.0 7010542.1 15379136.0 1069189.8  51200.0 51185.2     81    1.588   0      0.000    1.588
63296.0 72896.0 58384.4  0.0   7543744.0 492395.6 15379136.0 1073484.0  51200.0 51185.2     82    1.608   0      0.000    1.608
63296.0 72896.0 58384.4  0.0   7543744.0 1955101.8 15379136.0 1073484.0  51200.0 51185.2     82    1.608   0      0.000    1.608
63296.0 72896.0 58384.4  0.0   7543744.0 3180761.6 15379136.0 1073484.0  51200.0 51185.2     82    1.608   0      0.000    1.608
63296.0 72896.0 58384.4  0.0   7543744.0 4222012.1 15379136.0 1073484.0  51200.0 51185.2     82    1.608   0      0.000    1.608
63296.0 72896.0 58384.4  0.0   7543744.0 4564763.3 15379136.0 1073484.0  51200.0 51185.2     82    1.608   0      0.000    1.608
63296.0 72896.0 58384.4  0.0   7543744.0 5279175.1 15379136.0 1073484.0  51200.0 51186.5     82    1.608   0      0.000    1.608
63296.0 72896.0 58384.4  0.0   7543744.0 5802609.2 15379136.0 1073484.0  51200.0 51186.5     82    1.608   0      0.000    1.608
63296.0 72896.0 58384.4  0.0   7543744.0 6625835.9 15379136.0 1073484.0  51200.0 51186.5     82    1.608   0      0.000    1.608
75840.0 61824.0  0.0   61802.5 7543744.0 175371.5 15379136.0 1078892.0  51200.0 51186.5     83    1.627   0      0.000    1.627
75840.0 61824.0  0.0   61802.5 7543744.0 795504.6 15379136.0 1078892.0  51200.0 51186.5     83    1.627   0      0.000    1.627
75840.0 61824.0  0.0   61802.5 7543744.0 1634399.0 15379136.0 1078892.0  51200.0 51186.5     83    1.627   0      0.000    1.627
75840.0 61824.0  0.0   61802.5 7543744.0 2890448.3 15379136.0 1078892.0  51200.0 51186.5     83    1.627   0      0.000    1.627
75840.0 61824.0  0.0   61802.5 7543744.0 5310910.1 15379136.0 1078892.0  51200.0 51186.5     83    1.627   0      0.000    1.627
75840.0 61824.0  0.0   61802.5 7543744.0 7423143.3 15379136.0 1078892.0  51200.0 51186.5     83    1.627   0      0.000    1.627
75840.0 73536.0 45736.4  0.0   7540160.0 2453460.6 15379136.0 1094428.2  51200.0 51187.3     84    1.649   0      0.000    1.649
75840.0 73536.0 45736.4  0.0   7540160.0 5310076.1 15379136.0 1094428.2  51200.0 51187.3     84    1.649   0      0.000    1.649
75840.0 73536.0 45736.4  0.0   7540160.0 7411608.9 15379136.0 1094428.2  51200.0 51187.3     84    1.649   0      0.000    1.649
71744.0 73536.0  0.0   43845.2 7540160.0 1513278.2 15379136.0 1111664.5  51200.0 51187.3     85    1.669   0      0.000    1.669
71744.0 73536.0  0.0   43845.2 7540160.0 2738464.3 15379136.0 1111664.5  51200.0 51187.3     85    1.669   0      0.000    1.669
71744.0 73536.0  0.0   43845.2 7540160.0 5603171.9 15379136.0 1111664.5  51200.0 51187.3     85    1.669   0      0.000    1.669
71744.0 70784.0 39085.4  0.0   7547008.0 240933.5 15379136.0 1125261.1  51200.0 51187.3     86    1.685   0      0.000    1.685
71744.0 70784.0 39085.4  0.0   7547008.0 2270595.3 15379136.0 1125261.1  51200.0 51187.3     86    1.685   0      0.000    1.685
71744.0 70784.0 39085.4  0.0   7547008.0 4455062.7 15379136.0 1125261.1  51200.0 51187.3     86    1.685   0      0.000    1.685
71744.0 70784.0 39085.4  0.0   7547008.0 6908702.3 15379136.0 1125261.1  51200.0 51187.3     86    1.685   0      0.000    1.685
69504.0 70784.0  0.0   49858.8 7547008.0 832576.0 15379136.0 1134052.0  51200.0 51187.3     87    1.703   0      0.000    1.703
69504.0 70784.0  0.0   49858.8 7547008.0 2240321.4 15379136.0 1134052.0  51200.0 51187.3     87    1.703   0      0.000    1.703
69504.0 70784.0  0.0   49858.8 7547008.0 4044142.9 15379136.0 1134052.0  51200.0 51187.3     87    1.703   0      0.000    1.703
69504.0 70784.0  0.0   49858.8 7547008.0 5693539.2 15379136.0 1134052.0  51200.0 51187.3     87    1.703   0      0.000    1.703
69504.0 70784.0  0.0   49858.8 7547008.0 6601517.8 15379136.0 1134052.0  51200.0 51187.3     87    1.703   0      0.000    1.703
69504.0 67968.0 49034.0  0.0   7552064.0 234717.8 15379136.0 1148234.8  51200.0 51187.3     88    1.722   0      0.000    1.722
69504.0 67968.0 49034.0  0.0   7552064.0 462772.7 15379136.0 1148234.8  51200.0 51187.3     88    1.722   0      0.000    1.722
69504.0 67968.0 49034.0  0.0   7552064.0 700676.5 15379136.0 1148234.8  51200.0 51187.3     88    1.722   0      0.000    1.722
69504.0 67968.0 49034.0  0.0   7552064.0 1792433.9 15379136.0 1148234.8  51200.0 51187.3     88    1.722   0      0.000    1.722
69504.0 67968.0 49034.0  0.0   7552064.0 4428980.2 15379136.0 1148234.8  51200.0 51187.3     88    1.722   0      0.000    1.722
69504.0 67968.0 49034.0  0.0   7552064.0 7237873.7 15379136.0 1148234.8  51200.0 51187.3     88    1.722   0      0.000    1.722
70016.0 58432.0  0.0   58413.3 7552064.0 2252120.1 15379136.0 1162247.7  51200.0 51187.3     89    1.743   0      0.000    1.743
70016.0 58432.0  0.0   58413.3 7552064.0 4443964.9 15379136.0 1162247.7  51200.0 51187.3     89    1.743   0      0.000    1.743
70016.0 58432.0  0.0   58413.3 7552064.0 6650413.4 15379136.0 1162247.7  51200.0 51187.3     89    1.743   0      0.000    1.743
70016.0 68416.0 45101.1  0.0   7551104.0 834577.5 15379136.0 1178509.4  51200.0 51187.3     90    1.762   0      0.000    1.762
70016.0 68416.0 45101.1  0.0   7551104.0 2539498.3 15379136.0 1178509.4  51200.0 51190.8     90    1.762   0      0.000    1.762
70016.0 68416.0 45101.1  0.0   7551104.0 4211971.1 15379136.0 1178509.4  51200.0 51190.8     90    1.762   0      0.000    1.762
70016.0 68416.0 45101.1  0.0   7551104.0 5650341.1 15379136.0 1178509.4  51200.0 51190.8     90    1.762   0      0.000    1.762
70016.0 68416.0 45101.1  0.0   7551104.0 6570267.5 15379136.0 1178509.4  51200.0 51190.8     90    1.762   0      0.000    1.762
67328.0 68416.0  0.0   50521.5 7551104.0 217923.1 15379136.0 1184957.6  51200.0 51191.3     91    1.780   0      0.000    1.780
67328.0 68416.0  0.0   50521.5 7551104.0 2134752.2 15379136.0 1184957.6  51200.0 51191.3     91    1.780   0      0.000    1.780
67328.0 68416.0  0.0   50521.5 7551104.0 3549348.8 15379136.0 1184957.6  51200.0 51191.3     91    1.780   0      0.000    1.780
67328.0 68416.0  0.0   50521.5 7551104.0 4648640.3 15379136.0 1184957.6  51200.0 51191.3     91    1.780   0      0.000    1.780
67328.0 68416.0  0.0   50521.5 7551104.0 5122699.8 15379136.0 1184957.6  51200.0 51191.3     91    1.780   0      0.000    1.780
67328.0 68416.0  0.0   50521.5 7551104.0 6630123.0 15379136.0 1184957.6  51200.0 51191.3     91    1.780   0      0.000    1.780
67328.0 67712.0 54633.7  0.0   7554112.0 947647.8 15379136.0 1201424.3  51200.0 51191.3     92    1.800   0      0.000    1.800
67328.0 67712.0 54633.7  0.0   7554112.0 2855610.4 15379136.0 1201424.3  51200.0 51191.3     92    1.800   0      0.000    1.800
67328.0 67712.0 54633.7  0.0   7554112.0 4396146.1 15379136.0 1201424.3  51200.0 51191.3     92    1.800   0      0.000    1.800
67328.0 67712.0 54633.7  0.0   7554112.0 6920250.7 15379136.0 1201424.3  51200.0 51191.3     92    1.800   0      0.000    1.800
66880.0 67712.0  0.0   51684.4 7554112.0 1455348.2 15379136.0 1214845.7  51200.0 51191.3     93    1.819   0      0.000    1.819
66880.0 67712.0  0.0   51684.4 7554112.0 2954085.1 15379136.0 1214845.7  51200.0 51191.3     93    1.819   0      0.000    1.819
66880.0 67712.0  0.0   51684.4 7554112.0 5681464.5 15379136.0 1214845.7  51200.0 51191.3     93    1.819   0      0.000    1.819
66880.0 67712.0  0.0   51684.4 7554112.0 7198499.0 15379136.0 1214845.7  51200.0 51191.3     93    1.819   0      0.000    1.819
66880.0 67712.0 56181.6  0.0   7554112.0 1531450.5 15379136.0 1222860.6  51200.0 51191.3     94    1.839   0      0.000    1.839
66880.0 67712.0 56181.6  0.0   7554112.0 2596822.4 15379136.0 1222860.6  51200.0 51191.3     94    1.839   0      0.000    1.839
66880.0 67712.0 56181.6  0.0   7554112.0 3704043.2 15379136.0 1222860.6  51200.0 51191.3     94    1.839   0      0.000    1.839
66880.0 67712.0 56181.6  0.0   7554112.0 5167108.9 15379136.0 1222860.6  51200.0 51191.3     94    1.839   0      0.000    1.839
66880.0 67712.0 56181.6  0.0   7554112.0 6316814.4 15379136.0 1222860.6  51200.0 51191.3     94    1.839   0      0.000    1.839
66880.0 67712.0 56181.6  0.0   7554112.0 7087062.8 15379136.0 1222860.6  51200.0 51191.3     94    1.839   0      0.000    1.839
68480.0 56960.0  0.0   56901.1 7554112.0 610919.5 15379136.0 1234354.9  51200.0 51191.3     95    1.859   0      0.000    1.859
68480.0 56960.0  0.0   56901.1 7554112.0 2033971.9 15379136.0 1234354.9  51200.0 51191.3     95    1.859   0      0.000    1.859
68480.0 56960.0  0.0   56901.1 7554112.0 3004798.1 15379136.0 1234354.9  51200.0 51191.3     95    1.859   0      0.000    1.859
68480.0 56960.0  0.0   56901.1 7554112.0 4287847.5 15379136.0 1234354.9  51200.0 51191.3     95    1.859   0      0.000    1.859
68480.0 56960.0  0.0   56901.1 7554112.0 5667241.5 15379136.0 1234354.9  51200.0 51191.3     95    1.859   0      0.000    1.859
68480.0 56960.0  0.0   56901.1 7554112.0 7035954.3 15379136.0 1234354.9  51200.0 51191.3     95    1.859   0      0.000    1.859
68480.0 67200.0 51956.7  0.0   7553856.0 2184522.5 15379136.0 1244227.7  51200.0 51191.3     96    1.880   0      0.000    1.880
68480.0 67200.0 51956.7  0.0   7553856.0 3584090.6 15379136.0 1244227.7  51200.0 51191.3     96    1.880   0      0.000    1.880
68480.0 67200.0 51956.7  0.0   7553856.0 5171609.3 15379136.0 1244227.7  51200.0 51191.3     96    1.880   0      0.000    1.880
68480.0 67200.0 51956.7  0.0   7553856.0 6769513.7 15379136.0 1244227.7  51200.0 51191.3     96    1.880   0      0.000    1.880
65728.0 67200.0  0.0   51315.9 7553856.0 635324.2 15379136.0 1255431.3  51200.0 51191.3     97    1.900   0      0.000    1.900
65728.0 67200.0  0.0   51315.9 7553856.0 1893013.8 15379136.0 1255431.3  51200.0 51191.3     97    1.900   0      0.000    1.900
65728.0 67200.0  0.0   51315.9 7553856.0 2602984.2 15379136.0 1255431.3  51200.0 51191.3     97    1.900   0      0.000    1.900
65728.0 67200.0  0.0   51315.9 7553856.0 3099637.0 15379136.0 1255431.3  51200.0 51191.3     97    1.900   0      0.000    1.900
65728.0 67200.0  0.0   51315.9 7553856.0 4137326.6 15379136.0 1255431.3  51200.0 51191.3     97    1.900   0      0.000    1.900
65728.0 67200.0  0.0   51315.9 7553856.0 4641739.0 15379136.0 1255431.3  51200.0 51191.3     97    1.900   0      0.000    1.900
65728.0 67200.0  0.0   51315.9 7553856.0 6149338.8 15379136.0 1255431.3  51200.0 51191.3     97    1.900   0      0.000    1.900
65728.0 65856.0 41605.9  0.0   7557824.0 894991.2 15379136.0 1277290.7  51200.0 51191.3     98    1.920   0      0.000    1.920
65728.0 65856.0 41605.9  0.0   7557824.0 3444503.6 15379136.0 1277290.7  51200.0 51191.3     98    1.920   0      0.000    1.920
65728.0 65856.0 41605.9  0.0   7557824.0 5342978.7 15379136.0 1277290.7  51200.0 51191.3     98    1.920   0      0.000    1.920
65728.0 65856.0 41605.9  0.0   7557824.0 6855543.0 15379136.0 1277290.7  51200.0 51191.3     98    1.920   0      0.000    1.920
66176.0 55168.0  0.0   55119.0 7557824.0 572492.1 15379136.0 1290368.9  51200.0 51191.3     99    1.940   0      0.000    1.940
66176.0 55168.0  0.0   55119.0 7557824.0 3185432.3 15379136.0 1290368.9  51200.0 51192.2     99    1.940   0      0.000    1.940
66176.0 55168.0  0.0   55119.0 7557824.0 5763211.8 15379136.0 1290368.9  51200.0 51192.2     99    1.940   0      0.000    1.940
66176.0 67008.0 56883.0  0.0   7555520.0 543487.9 15379136.0 1300360.3  51200.0 51192.4    100    1.962   0      0.000    1.962
66176.0 67008.0 56883.0  0.0   7555520.0 3206817.6 15379136.0 1300360.3  51200.0 51192.4    100    1.962   0      0.000    1.962
66176.0 67008.0 56883.0  0.0   7555520.0 5434851.5 15379136.0 1300360.3  51200.0 51192.4    100    1.962   0      0.000    1.962
66176.0 67008.0 56883.0  0.0   7555520.0 6906233.2 15379136.0 1300360.3  51200.0 51192.4    100    1.962   0      0.000    1.962
66688.0 67008.0  0.0   43563.3 7555520.0 923894.0 15379136.0 1320663.2  51200.0 51192.4    101    1.980   0      0.000    1.980
66688.0 67008.0  0.0   43563.3 7555520.0 2845713.8 15379136.0 1320663.2  51200.0 51192.4    101    1.980   0      0.000    1.980
66688.0 67008.0  0.0   43563.3 7555520.0 4595205.1 15379136.0 1320663.2  51200.0 51192.4    101    1.980   0      0.000    1.980
66688.0 67008.0  0.0   43563.3 7555520.0 6392384.0 15379136.0 1320663.2  51200.0 51192.4    101    1.980   0      0.000    1.980
66688.0 66880.0 39665.5  0.0   7555776.0 719334.9 15379136.0 1332038.6  51200.0 51192.4    102    2.007   0      0.000    2.007
66688.0 66880.0 39665.5  0.0   7555776.0 2007548.4 15379136.0 1332038.6  51200.0 51192.4    102    2.007   0      0.000    2.007
66688.0 66880.0 39665.5  0.0   7555776.0 2727125.2 15379136.0 1332038.6  51200.0 51192.4    102    2.007   0      0.000    2.007
66688.0 66880.0 39665.5  0.0   7555776.0 3864009.8 15379136.0 1332038.6  51200.0 51192.4    102    2.007   0      0.000    2.007
66688.0 66880.0 39665.5  0.0   7555776.0 6846525.2 15379136.0 1332038.6  51200.0 51192.4    102    2.007   0      0.000    2.007
65728.0 66880.0  0.0   45714.5 7555776.0 1231722.6 15379136.0 1342711.1  51200.0 51192.4    103    2.025   0      0.000    2.025
65728.0 66880.0  0.0   45714.5 7555776.0 3229556.0 15379136.0 1342711.1  51200.0 51192.4    103    2.025   0      0.000    2.025
65728.0 66880.0  0.0   45714.5 7555776.0 4825164.7 15379136.0 1342711.1  51200.0 51192.4    103    2.025   0      0.000    2.025
65728.0 66880.0  0.0   45714.5 7555776.0 5749057.1 15379136.0 1342711.1  51200.0 51192.4    103    2.025   0      0.000    2.025
65728.0 66880.0  0.0   45714.5 7555776.0 6508722.7 15379136.0 1342711.1  51200.0 51192.4    103    2.025   0      0.000    2.025
65728.0 64384.0 46681.2  0.0   7559424.0 265387.1 15379136.0 1356021.8  51200.0 51192.4    104    2.043   0      0.000    2.043
65728.0 64384.0 46681.2  0.0   7559424.0 1179305.2 15379136.0 1356021.8  51200.0 51192.4    104    2.043   0      0.000    2.043
65728.0 64384.0 46681.2  0.0   7559424.0 2376045.7 15379136.0 1356021.8  51200.0 51192.4    104    2.043   0      0.000    2.043
65728.0 64384.0 46681.2  0.0   7559424.0 3223920.6 15379136.0 1356021.8  51200.0 51192.4    104    2.043   0      0.000    2.043
65728.0 64384.0 46681.2  0.0   7559424.0 4434458.3 15379136.0 1356021.8  51200.0 51192.4    104    2.043   0      0.000    2.043
65728.0 64384.0 46681.2  0.0   7559424.0 4808229.4 15379136.0 1356021.8  51200.0 51192.4    104    2.043   0      0.000    2.043
65728.0 64384.0 46681.2  0.0   7559424.0 5211449.6 15379136.0 1356021.8  51200.0 51192.4    104    2.043   0      0.000    2.043
65728.0 64384.0 46681.2  0.0   7559424.0 5844622.3 15379136.0 1356021.8  51392.0 51211.9    104    2.043   0      0.000    2.043
65728.0 64384.0 46681.2  0.0   7559424.0 7419098.4 15379136.0 1356021.8  51392.0 51211.9    104    2.043   0      0.000    2.043
65472.0 64384.0  0.0   55737.1 7559424.0 1383120.4 15379136.0 1364008.2  51392.0 51211.9    105    2.064   0      0.000    2.064
65472.0 64384.0  0.0   55737.1 7559424.0 2933629.3 15379136.0 1364008.2  51392.0 51211.9    105    2.064   0      0.000    2.064
65472.0 64384.0  0.0   55737.1 7559424.0 4332656.0 15379136.0 1364008.2  51392.0 51211.9    105    2.064   0      0.000    2.064
65472.0 64384.0  0.0   55737.1 7559424.0 4811239.6 15379136.0 1364008.2  51392.0 51211.9    105    2.064   0      0.000    2.064
65472.0 64384.0  0.0   55737.1 7559424.0 5224028.0 15379136.0 1364008.2  51392.0 51211.9    105    2.064   0      0.000    2.064
65472.0 64384.0  0.0   55737.1 7559424.0 5689765.1 15379136.0 1364008.2  51392.0 51211.9    105    2.064   0      0.000    2.064
65472.0 64384.0  0.0   55737.1 7559424.0 6129880.0 15379136.0 1364008.2  51392.0 51211.9    105    2.064   0      0.000    2.064
65472.0 64384.0  0.0   55737.1 7559424.0 6492923.8 15379136.0 1364008.2  51392.0 51211.9    105    2.064   0      0.000    2.064
65472.0 64384.0  0.0   55737.1 7559424.0 7175218.4 15379136.0 1364008.2  51392.0 51211.9    105    2.064   0      0.000    2.064
65472.0 65600.0 39036.5  0.0   7558336.0 469919.3 15379136.0 1378538.9  51392.0 51211.9    106    2.081   0      0.000    2.081
65472.0 65600.0 39036.5  0.0   7558336.0 1523301.9 15379136.0 1378538.9  51392.0 51211.9    106    2.081   0      0.000    2.081
65472.0 65600.0 39036.5  0.0   7558336.0 1921170.4 15379136.0 1378538.9  51392.0 51211.9    106    2.081   0      0.000    2.081
65472.0 65600.0 39036.5  0.0   7558336.0 2080994.5 15379136.0 1378538.9  51392.0 51211.9    106    2.081   0      0.000    2.081
65472.0 65600.0 39036.5  0.0   7558336.0 2280938.9 15379136.0 1378538.9  51392.0 51211.9    106    2.081   0      0.000    2.081
65472.0 65600.0 39036.5  0.0   7558336.0 2528085.3 15379136.0 1378538.9  51392.0 51211.9    106    2.081   0      0.000    2.081
65472.0 65600.0 39036.5  0.0   7558336.0 2613062.3 15379136.0 1378538.9  51392.0 51211.9    106    2.081   0      0.000    2.081
65472.0 65600.0 39036.5  0.0   7558336.0 3024937.8 15379136.0 1378538.9  51392.0 51211.9    106    2.081   0      0.000    2.081
65472.0 65600.0 39036.5  0.0   7558336.0 3193583.9 15379136.0 1378538.9  51392.0 51211.9    106    2.081   0      0.000    2.081
65472.0 65600.0 39036.5  0.0   7558336.0 3339649.3 15379136.0 1378538.9  51392.0 51211.9    106    2.081   0      0.000    2.081
65472.0 65600.0 39036.5  0.0   7558336.0 3517327.6 15379136.0 1378538.9  51392.0 51211.9    106    2.081   0      0.000    2.081
65472.0 65600.0 39036.5  0.0   7558336.0 3789333.3 15379136.0 1378538.9  51392.0 51211.9    106    2.081   0      0.000    2.081
65472.0 65600.0 39036.5  0.0   7558336.0 3983211.7 15379136.0 1378538.9  51392.0 51211.9    106    2.081   0      0.000    2.081
65472.0 65600.0 39036.5  0.0   7558336.0 4254679.2 15379136.0 1378538.9  51392.0 51211.9    106    2.081   0      0.000    2.081
65472.0 65600.0 39036.5  0.0   7558336.0 4446143.2 15379136.0 1378538.9  51392.0 51211.9    106    2.081   0      0.000    2.081
65472.0 65600.0 39036.5  0.0   7558336.0 4724717.2 15379136.0 1378538.9  51392.0 51211.9    106    2.081   0      0.000    2.081
65472.0 65600.0 39036.5  0.0   7558336.0 4958327.7 15379136.0 1378538.9  51392.0 51211.9    106    2.081   0      0.000    2.081
65472.0 65600.0 39036.5  0.0   7558336.0 5400524.9 15379136.0 1378538.9  51392.0 51211.9    106    2.081   0      0.000    2.081
65472.0 65600.0 39036.5  0.0   7558336.0 5893108.8 15379136.0 1378538.9  51392.0 51211.9    106    2.081   0      0.000    2.081
65472.0 65600.0 39036.5  0.0   7558336.0 6283641.6 15379136.0 1378538.9  51392.0 51211.9    106    2.081   0      0.000    2.081
65472.0 65600.0 39036.5  0.0   7558336.0 7030251.1 15379136.0 1378538.9  51392.0 51211.9    106    2.081   0      0.000    2.081
66624.0 32192.0  0.0   32171.5 7558336.0 362282.7 15379136.0 1378657.4  51392.0 51211.9    107    2.092   0      0.000    2.092
66624.0 32192.0  0.0   32171.5 7558336.0 576142.4 15379136.0 1378657.4  51392.0 51211.9    107    2.092   0      0.000    2.092
66624.0 32192.0  0.0   32171.5 7558336.0 684824.1 15379136.0 1378657.4  51392.0 51211.9    107    2.092   0      0.000    2.092
66624.0 32192.0  0.0   32171.5 7558336.0 768671.7 15379136.0 1378657.4  51392.0 51211.9    107    2.092   0      0.000    2.092
66624.0 32192.0  0.0   32171.5 7558336.0 992845.6 15379136.0 1378657.4  51392.0 51211.9    107    2.092   0      0.000    2.092
66624.0 32192.0  0.0   32171.5 7558336.0 1067703.9 15379136.0 1378657.4  51392.0 51211.9    107    2.092   0      0.000    2.092
66624.0 32192.0  0.0   32171.5 7558336.0 1510953.0 15379136.0 1378657.4  51392.0 51211.9    107    2.092   0      0.000    2.092
66624.0 32192.0  0.0   32171.5 7558336.0 1679280.0 15379136.0 1378657.4  51392.0 51211.9    107    2.092   0      0.000    2.092
66624.0 32192.0  0.0   32171.5 7558336.0 1766407.0 15379136.0 1378657.4  51392.0 51211.9    107    2.092   0      0.000    2.092
66624.0 32192.0  0.0   32171.5 7558336.0 2103296.7 15379136.0 1378657.4  51392.0 51211.9    107    2.092   0      0.000    2.092
66624.0 32192.0  0.0   32171.5 7558336.0 2232233.1 15379136.0 1378657.4  51392.0 51211.9    107    2.092   0      0.000    2.092
66624.0 32192.0  0.0   32171.5 7558336.0 2556349.0 15379136.0 1378657.4  51392.0 51211.9    107    2.092   0      0.000    2.092
66624.0 32192.0  0.0   32171.5 7558336.0 2707930.3 15379136.0 1378657.4  51392.0 51211.9    107    2.092   0      0.000    2.092
66624.0 32192.0  0.0   32171.5 7558336.0 2795665.2 15379136.0 1378657.4  51392.0 51211.9    107    2.092   0      0.000    2.092
66624.0 32192.0  0.0   32171.5 7558336.0 2928368.6 15379136.0 1378657.4  51392.0 51211.9    107    2.092   0      0.000    2.092
66624.0 32192.0  0.0   32171.5 7558336.0 3029991.6 15379136.0 1378657.4  51392.0 51211.9    107    2.092   0      0.000    2.092
66624.0 32192.0  0.0   32171.5 7558336.0 3158595.6 15379136.0 1378657.4  51392.0 51211.9    107    2.092   0      0.000    2.092
66624.0 32192.0  0.0   32171.5 7558336.0 3332750.2 15379136.0 1378657.4  51392.0 51211.9    107    2.092   0      0.000    2.092
66624.0 32192.0  0.0   32171.5 7558336.0 3586495.0 15379136.0 1378657.4  51392.0 51211.9    107    2.092   0      0.000    2.092
66624.0 32192.0  0.0   32171.5 7558336.0 3763551.4 15379136.0 1378657.4  51392.0 51211.9    107    2.092   0      0.000    2.092
66624.0 32192.0  0.0   32171.5 7558336.0 4004102.8 15379136.0 1378657.4  51392.0 51211.9    107    2.092   0      0.000    2.092
66624.0 32192.0  0.0   32171.5 7558336.0 4139376.5 15379136.0 1378657.4  51392.0 51211.9    107    2.092   0      0.000    2.092
66624.0 32192.0  0.0   32171.5 7558336.0 4319410.5 15379136.0 1378657.4  51392.0 51211.9    107    2.092   0      0.000    2.092
66624.0 32192.0  0.0   32171.5 7558336.0 4549951.1 15379136.0 1378657.4  51392.0 51211.9    107    2.092   0      0.000    2.092
66624.0 32192.0  0.0   32171.5 7558336.0 4952168.6 15379136.0 1378657.4  51392.0 51211.9    107    2.092   0      0.000    2.092
66624.0 32192.0  0.0   32171.5 7558336.0 5145417.6 15379136.0 1378657.4  51392.0 51211.9    107    2.092   0      0.000    2.092
66624.0 32192.0  0.0   32171.5 7558336.0 5366520.3 15379136.0 1378657.4  51392.0 51211.9    107    2.092   0      0.000    2.092
66624.0 32192.0  0.0   32171.5 7558336.0 5615591.3 15379136.0 1378657.4  51392.0 51211.9    107    2.092   0      0.000    2.092
66624.0 32192.0  0.0   32171.5 7558336.0 5849389.8 15379136.0 1378657.4  51392.0 51211.9    107    2.092   0      0.000    2.092
66624.0 32192.0  0.0   32171.5 7558336.0 6158082.1 15379136.0 1378657.4  51392.0 51211.9    107    2.092   0      0.000    2.092
66624.0 32192.0  0.0   32171.5 7558336.0 6722903.6 15379136.0 1378657.4  51392.0 51211.9    107    2.092   0      0.000    2.092
66624.0 32192.0  0.0   32171.5 7558336.0 6994643.4 15379136.0 1378657.4  51392.0 51211.9    107    2.092   0      0.000    2.092
66624.0 32192.0  0.0   32171.5 7558336.0 7184445.5 15379136.0 1378657.4  51392.0 51211.9    107    2.092   0      0.000    2.092
66624.0 32192.0  0.0   32171.5 7558336.0 7320780.4 15379136.0 1378657.4  51392.0 51211.9    107    2.092   0      0.000    2.092
66624.0 32192.0  0.0   32171.5 7558336.0 7442355.6 15379136.0 1378657.4  51392.0 51212.1    107    2.092   0      0.000    2.092
66624.0 32192.0  0.0   32171.5 7558336.0 7536827.6 15379136.0 1378657.4  51392.0 51212.1    107    2.092   0      0.000    2.092
66624.0 68928.0 21625.7  0.0   7551680.0 108338.4 15379136.0 1378828.1  51392.0 51212.1    108    2.102   0      0.000    2.102
66624.0 68928.0 21625.7  0.0   7551680.0 224367.1 15379136.0 1378828.1  51392.0 51212.1    108    2.102   0      0.000    2.102
66624.0 68928.0 21625.7  0.0   7551680.0 325131.6 15379136.0 1378828.1  51392.0 51212.1    108    2.102   0      0.000    2.102
66624.0 68928.0 21625.7  0.0   7551680.0 439867.7 15379136.0 1378828.1  51392.0 51212.1    108    2.102   0      0.000    2.102
66624.0 68928.0 21625.7  0.0   7551680.0 540197.6 15379136.0 1378828.1  51392.0 51212.1    108    2.102   0      0.000    2.102
66624.0 68928.0 21625.7  0.0   7551680.0 617795.5 15379136.0 1378828.1  51392.0 51212.1    108    2.102   0      0.000    2.102
66624.0 68928.0 21625.7  0.0   7551680.0 711352.5 15379136.0 1378828.1  51392.0 51212.1    108    2.102   0      0.000    2.102
66624.0 68928.0 21625.7  0.0   7551680.0 826731.8 15379136.0 1378828.1  51392.0 51212.1    108    2.102   0      0.000    2.102
66624.0 68928.0 21625.7  0.0   7551680.0 944688.9 15379136.0 1378828.1  51392.0 51212.1    108    2.102   0      0.000    2.102
66624.0 68928.0 21625.7  0.0   7551680.0 1037955.4 15379136.0 1378828.1  51392.0 51212.1    108    2.102   0      0.000    2.102
66624.0 68928.0 21625.7  0.0   7551680.0 1146714.8 15379136.0 1378828.1  51392.0 51212.1    108    2.102   0      0.000    2.102
66624.0 68928.0 21625.7  0.0   7551680.0 1256808.0 15379136.0 1378828.1  51392.0 51212.1    108    2.102   0      0.000    2.102
66624.0 68928.0 21625.7  0.0   7551680.0 1389864.1 15379136.0 1378828.1  51392.0 51212.1    108    2.102   0      0.000    2.102
66624.0 68928.0 21625.7  0.0   7551680.0 1562752.2 15379136.0 1378828.1  51392.0 51212.1    108    2.102   0      0.000    2.102
66624.0 68928.0 21625.7  0.0   7551680.0 1735023.4 15379136.0 1378828.1  51392.0 51212.1    108    2.102   0      0.000    2.102
66624.0 68928.0 21625.7  0.0   7551680.0 1929516.3 15379136.0 1378828.1  51392.0 51212.1    108    2.102   0      0.000    2.102
66624.0 68928.0 21625.7  0.0   7551680.0 2079400.9 15379136.0 1378828.1  51392.0 51212.1    108    2.102   0      0.000    2.102
66624.0 68928.0 21625.7  0.0   7551680.0 2206958.7 15379136.0 1378828.1  51392.0 51212.1    108    2.102   0      0.000    2.102
66624.0 68928.0 21625.7  0.0   7551680.0 2324007.9 15379136.0 1378828.1  51392.0 51212.1    108    2.102   0      0.000    2.102
66624.0 68928.0 21625.7  0.0   7551680.0 2411790.0 15379136.0 1378828.1  51392.0 51213.6    108    2.102   0      0.000    2.102
66624.0 68928.0 21625.7  0.0   7551680.0 2486510.0 15379136.0 1378828.1  51392.0 51213.6    108    2.102   0      0.000    2.102
66624.0 68928.0 21625.7  0.0   7551680.0 2573805.0 15379136.0 1378828.1  51392.0 51213.6    108    2.102   0      0.000    2.102
66624.0 68928.0 21625.7  0.0   7551680.0 2681286.5 15379136.0 1378828.1  51392.0 51213.6    108    2.102   0      0.000    2.102
66624.0 68928.0 21625.7  0.0   7551680.0 2813331.0 15379136.0 1378828.1  51392.0 51213.6    108    2.102   0      0.000    2.102
66624.0 68928.0 21625.7  0.0   7551680.0 2953393.7 15379136.0 1378828.1  51392.0 51213.6    108    2.102   0      0.000    2.102
66624.0 68928.0 21625.7  0.0   7551680.0 3036105.2 15379136.0 1378828.1  51392.0 51213.6    108    2.102   0      0.000    2.102
66624.0 68928.0 21625.7  0.0   7551680.0 3126879.0 15379136.0 1378828.1  51392.0 51213.6    108    2.102   0      0.000    2.102
66624.0 68928.0 21625.7  0.0   7551680.0 3209544.4 15379136.0 1378828.1  51392.0 51213.6    108    2.102   0      0.000    2.102
66624.0 68928.0 21625.7  0.0   7551680.0 3341512.2 15379136.0 1378828.1  51392.0 51213.6    108    2.102   0      0.000    2.102
66624.0 68928.0 21625.7  0.0   7551680.0 3448772.6 15379136.0 1378828.1  51392.0 51213.6    108    2.102   0      0.000    2.102
66624.0 68928.0 21625.7  0.0   7551680.0 3564286.8 15379136.0 1378828.1  51392.0 51213.6    108    2.102   0      0.000    2.102
66624.0 68928.0 21625.7  0.0   7551680.0 3671621.4 15379136.0 1378828.1  51392.0 51213.6    108    2.102   0      0.000    2.102
66624.0 68928.0 21625.7  0.0   7551680.0 3804046.2 15379136.0 1378828.1  51392.0 51213.6    108    2.102   0      0.000    2.102
66624.0 68928.0 21625.7  0.0   7551680.0 3813957.8 15379136.0 1378828.1  51392.0 51213.6    108    2.102   0      0.000    2.102
66624.0 68928.0 21625.7  0.0   7551680.0 3813980.1 15379136.0 1378828.1  51392.0 51213.6    108    2.102   0      0.000    2.102
66624.0 68928.0 21625.7  0.0   7551680.0 3813997.9 15379136.0 1378828.1  51392.0 51213.6    108    2.102   0      0.000    2.102
66624.0 68928.0 21625.7  0.0   7551680.0 3814017.7 15379136.0 1378828.1  51392.0 51213.6    108    2.102   0      0.000    2.102
66624.0 68928.0 21625.7  0.0   7551680.0 3814063.6 15379136.0 1378828.1  51392.0 51213.6    108    2.102   0      0.000    2.102
66624.0 68928.0 21625.7  0.0   7551680.0 3814083.4 15379136.0 1378828.1  51392.0 51213.6    108    2.102   0      0.000    2.102
66624.0 68928.0 21625.7  0.0   7551680.0 3814103.8 15379136.0 1378828.1  51392.0 51213.6    108    2.102   0      0.000    2.102
66624.0 68928.0 21625.7  0.0   7551680.0 3814125.5 15379136.0 1378828.1  51392.0 51213.6    108    2.102   0      0.000    2.102
66624.0 68928.0 21625.7  0.0   7551680.0 3814143.7 15379136.0 1378828.1  51392.0 51213.6    108    2.102   0      0.000    2.102
66624.0 68928.0 21625.7  0.0   7551680.0 3814185.2 15379136.0 1378828.1  51392.0 51213.6    108    2.102   0      0.000    2.102
66624.0 68928.0 21625.7  0.0   7551680.0 4566516.5 15379136.0 1378828.1  51392.0 51312.0    108    2.102   0      0.000    2.102
