 S0C    S1C    S0U    S1U      EC       EU        OC         OU       PC     PU    YGC     YGCT    FGC    FGCT     GCT   
961152.0 961152.0  0.0    0.0   5767232.0 115344.7 15379136.0    0.0     21248.0 8474.5      0    0.000   0      0.000    0.000
961152.0 961152.0  0.0    0.0   5767232.0 230689.4 15379136.0    0.0     21248.0 15346.6      0    0.000   0      0.000    0.000
961152.0 961152.0  0.0    0.0   5767232.0 3576138.2 15379136.0    0.0     28352.0 28159.0      0    0.000   0      0.000    0.000
961152.0 961152.0  0.0    0.0   5767232.0 3922172.9 15379136.0    0.0     33920.0 33867.7      0    0.000   0      0.000    0.000
961152.0 961152.0  0.0    0.0   5767232.0 5422005.9 15379136.0    0.0     37568.0 37509.5      0    0.000   0      0.000    0.000
961152.0 961152.0  0.0    0.0   5767232.0 5767232.0 15379136.0    0.0     47936.0 47769.3      0    0.000   0      0.000    0.000
961152.0 961152.0  0.0   104710.4 5767232.0 3575092.5 15379136.0    0.0     48896.0 48778.9      1    0.084   0      0.000    0.084
961152.0 961152.0 97605.3  0.0   5767232.0 2203805.2 15379136.0    0.0     50240.0 50155.8      2    0.150   0      0.000    0.150
961152.0 961152.0 97605.3  0.0   5767232.0 5575529.4 15379136.0    0.0     50432.0 50268.1      2    0.150   0      0.000    0.150
961152.0 961152.0  0.0   92740.8 5767232.0 4269935.0 15379136.0    0.0     50432.0 50362.8      3    0.184   0      0.000    0.184
961152.0 961152.0 97835.7  0.0   5767232.0 1551315.1 15379136.0    0.0     50432.0 50378.5      4    0.224   0      0.000    0.224
961152.0 961152.0 97835.7  0.0   5767232.0 4228370.9 15379136.0    0.0     50624.0 50536.4      4    0.224   0      0.000    0.224
104384.0 961152.0  0.0   98825.2 5767232.0 2152887.9 15379136.0    0.0     50624.0 50540.7      5    0.261   0      0.000    0.261
104384.0 961152.0 256.0  98825.2 5767232.0 5767232.0 15379136.0    0.0     50624.0 50541.1      6    0.261   0      0.000    0.261
104384.0 107264.0 104364.4  0.0   7475008.0 2681498.4 15379136.0   736.0    50624.0 50541.7      6    0.317   0      0.000    0.317
104384.0 107264.0 104364.4  0.0   7475008.0 6915799.0 15379136.0   736.0    50624.0 50542.8      6    0.317   0      0.000    0.317
121152.0 31552.0  0.0   31537.7 7475008.0 3537862.6 15379136.0  73525.8   50624.0 50542.8      7    0.378   0      0.000    0.378
121152.0 31552.0  0.0   31537.7 7475008.0 6706306.0 15379136.0  73525.8   50624.0 50542.8      7    0.378   0      0.000    0.378
121152.0 129408.0 28946.1  0.0   7430720.0 7263166.6 15379136.0  73645.8   50624.0 50544.1      9    0.394   0      0.000    0.394
134848.0 25280.0  0.0   25256.8 7430720.0 3350785.3 15379136.0  90976.3   51008.0 50909.9      9    0.413   0      0.000    0.413
134848.0 25280.0  0.0   25256.8 7430720.0 5734418.2 15379136.0  90976.3   51008.0 50938.0      9    0.413   0      0.000    0.413
134848.0 129984.0 70291.0  0.0   7424704.0 1777589.9 15379136.0  91032.3   51008.0 50939.6     10    0.448   0      0.000    0.448
134848.0 129984.0 70291.0  0.0   7424704.0 5256450.5 15379136.0  91032.3   51008.0 50941.1     10    0.448   0      0.000    0.448
130368.0 129984.0  0.0   41745.0 7424704.0 644296.2 15379136.0  110645.0  51008.0 50941.1     11    0.486   0      0.000    0.486
130368.0 129984.0  0.0   41745.0 7424704.0 4043749.6 15379136.0  110645.0  51008.0 50946.9     11    0.486   0      0.000    0.486
130368.0 131008.0 34372.4  0.0   7427520.0 105480.0 15379136.0  114991.3  51008.0 50950.8     12    0.503   0      0.000    0.503
130368.0 131008.0 34372.4  0.0   7427520.0 2846130.7 15379136.0  114991.3  51008.0 50951.1     12    0.503   0      0.000    0.503
130368.0 131008.0 34372.4  0.0   7427520.0 6296488.3 15379136.0  114991.3  51008.0 50953.4     12    0.503   0      0.000    0.503
131200.0 30400.0  0.0   30392.8 7427520.0 2311042.3 15379136.0  125388.9  51008.0 50958.1     13    0.524   0      0.000    0.524
131200.0 30400.0  0.0   30392.8 7427520.0 4837967.5 15379136.0  125388.9  51008.0 50961.4     13    0.524   0      0.000    0.524
131200.0 128320.0 42768.7  0.0   7430016.0 763797.5 15379136.0  127534.0  51008.0 50961.4     14    0.542   0      0.000    0.542
131200.0 128320.0 42768.7  0.0   7430016.0 3623241.3 15379136.0  127534.0  51008.0 50961.4     14    0.542   0      0.000    0.542
131200.0 128320.0 42768.7  0.0   7430016.0 7261570.2 15379136.0  127534.0  51008.0 50976.1     14    0.542   0      0.000    0.542
125824.0 128320.0  0.0   38421.9 7430016.0 2774959.6 15379136.0  136719.1  51008.0 50976.1     15    0.566   0      0.000    0.566
125824.0 128320.0  0.0   38421.9 7430016.0 5856185.6 15379136.0  136719.1  51008.0 50977.2     15    0.566   0      0.000    0.566
125824.0 121728.0 45431.4  0.0   7441984.0 1543089.9 15379136.0  141339.2  51008.0 50977.2     16    0.585   0      0.000    0.585
125824.0 121728.0 45431.4  0.0   7441984.0 4471987.2 15379136.0  141339.2  51008.0 50981.0     16    0.585   0      0.000    0.585
125824.0 121728.0 45431.4  0.0   7441984.0 6998397.6 15379136.0  141339.2  51008.0 50984.3     16    0.585   0      0.000    0.585
117504.0 121728.0  0.0   46584.9 7441984.0 2290435.7 15379136.0  146286.1  51008.0 50984.3     17    0.606   0      0.000    0.606
117504.0 121728.0  0.0   46584.9 7441984.0 3278831.0 15379136.0  146286.1  51008.0 50984.8     17    0.606   0      0.000    0.606
117504.0 121728.0  0.0   46584.9 7441984.0 3651021.1 15379136.0  146286.1  51008.0 50984.8     17    0.606   0      0.000    0.606
117504.0 121728.0  0.0   46584.9 7441984.0 4277722.6 15379136.0  146286.1  51008.0 50985.9     17    0.606   0      0.000    0.606
117504.0 121728.0  0.0   46584.9 7441984.0 5297837.3 15379136.0  146286.1  51008.0 50988.8     17    0.606   0      0.000    0.606
117504.0 121728.0  0.0   46584.9 7441984.0 6288938.7 15379136.0  146286.1  51008.0 50989.0     17    0.606   0      0.000    0.606
117504.0 121728.0  0.0   46584.9 7441984.0 7294272.4 15379136.0  146286.1  51008.0 50990.0     17    0.606   0      0.000    0.606
117504.0 116352.0 70570.6  0.0   7455680.0 1036735.0 15379136.0  148774.5  51008.0 50990.1     18    0.633   0      0.000    0.633
117504.0 116352.0 70570.6  0.0   7455680.0 2218064.7 15379136.0  148774.5  51008.0 50994.5     18    0.633   0      0.000    0.633
117504.0 116352.0 70570.6  0.0   7455680.0 3383419.4 15379136.0  148774.5  51008.0 50997.2     18    0.633   0      0.000    0.633
117504.0 116352.0 70570.6  0.0   7455680.0 4456934.8 15379136.0  148774.5  51008.0 50998.5     18    0.633   0      0.000    0.633
117504.0 116352.0 70570.6  0.0   7455680.0 5734302.9 15379136.0  148774.5  51008.0 50999.3     18    0.633   0      0.000    0.633
117504.0 116352.0 70570.6  0.0   7455680.0 6786407.5 15379136.0  148774.5  51008.0 50999.9     18    0.633   0      0.000    0.633
112960.0 116352.0  0.0   65216.8 7455680.0 601990.8 15379136.0  153754.3  51008.0 51002.3     19    0.660   0      0.000    0.660
112960.0 116352.0  0.0   65216.8 7455680.0 1732254.1 15379136.0  153754.3  51008.0 51003.4     19    0.660   0      0.000    0.660
112960.0 116352.0  0.0   65216.8 7455680.0 2793179.4 15379136.0  153754.3  51008.0 51003.7     19    0.660   0      0.000    0.660
112960.0 116352.0  0.0   65216.8 7455680.0 3854075.3 15379136.0  153754.3  51008.0 51004.2     19    0.660   0      0.000    0.660
112960.0 116352.0  0.0   65216.8 7455680.0 5014417.6 15379136.0  153754.3  51008.0 51005.3     19    0.660   0      0.000    0.660
112960.0 116352.0  0.0   65216.8 7455680.0 6180889.5 15379136.0  153754.3  51008.0 51006.2     19    0.660   0      0.000    0.660
112960.0 116352.0  0.0   65216.8 7455680.0 7271400.1 15379136.0  153754.3  51008.0 51006.6     19    0.660   0      0.000    0.660
112960.0 112320.0 71992.2  0.0   7464256.0 1009521.8 15379136.0  158693.8  51008.0 51006.6     20    0.691   0      0.000    0.691
112960.0 112320.0 71992.2  0.0   7464256.0 2098296.4 15379136.0  158693.8  51008.0 51006.6     20    0.691   0      0.000    0.691
112960.0 112320.0 71992.2  0.0   7464256.0 3380186.4 15379136.0  158693.8  51200.0 51009.0     20    0.691   0      0.000    0.691
112960.0 112320.0 71992.2  0.0   7464256.0 4461649.7 15379136.0  158693.8  51200.0 51009.4     20    0.691   0      0.000    0.691
112960.0 112320.0 71992.2  0.0   7464256.0 5668708.9 15379136.0  158693.8  51200.0 51015.7     20    0.691   0      0.000    0.691
112960.0 112320.0 71992.2  0.0   7464256.0 6742757.8 15379136.0  158693.8  51200.0 51016.7     20    0.691   0      0.000    0.691
109184.0 112320.0  0.0   66228.4 7464256.0 514417.2 15379136.0  165914.2  51200.0 51016.7     21    0.723   0      0.000    0.723
109184.0 112320.0  0.0   66228.4 7464256.0 1702624.5 15379136.0  165914.2  51200.0 51016.9     21    0.723   0      0.000    0.723
109184.0 112320.0  0.0   66228.4 7464256.0 2812721.9 15379136.0  165914.2  51200.0 51016.9     21    0.723   0      0.000    0.723
109184.0 112320.0  0.0   66228.4 7464256.0 3874615.2 15379136.0  165914.2  51200.0 51016.9     21    0.723   0      0.000    0.723
109184.0 112320.0  0.0   66228.4 7464256.0 5231475.4 15379136.0  165914.2  51200.0 51017.8     21    0.723   0      0.000    0.723
109184.0 112320.0  0.0   66228.4 7464256.0 6304619.8 15379136.0  165914.2  51200.0 51018.4     21    0.723   0      0.000    0.723
109184.0 112320.0  0.0   66228.4 7464256.0 7381540.7 15379136.0  165914.2  51200.0 51018.7     21    0.723   0      0.000    0.723
109184.0 106496.0 66937.6  0.0   7473856.0 1138492.9 15379136.0  168422.5  51200.0 51018.7     22    0.747   0      0.000    0.747
109184.0 106496.0 66937.6  0.0   7473856.0 2169886.7 15379136.0  168422.5  51200.0 51018.7     22    0.747   0      0.000    0.747
109184.0 106496.0 66937.6  0.0   7473856.0 3332651.4 15379136.0  168422.5  51200.0 51018.9     22    0.747   0      0.000    0.747
109184.0 106496.0 66937.6  0.0   7473856.0 4288658.4 15379136.0  168422.5  51200.0 51018.9     22    0.747   0      0.000    0.747
109184.0 106496.0 66937.6  0.0   7473856.0 5331102.3 15379136.0  168422.5  51200.0 51018.9     22    0.747   0      0.000    0.747
109184.0 106496.0 66937.6  0.0   7473856.0 6409581.5 15379136.0  168422.5  51200.0 51018.9     22    0.747   0      0.000    0.747
109184.0 106496.0 66937.6  0.0   7473856.0 7419854.2 15379136.0  168422.5  51200.0 51018.9     22    0.747   0      0.000    0.747
102464.0 106496.0  0.0   59164.2 7473856.0 1237222.8 15379136.0  170886.5  51200.0 51021.6     23    0.769   0      0.000    0.769
102464.0 106496.0  0.0   59164.2 7473856.0 2219949.1 15379136.0  170886.5  51200.0 51021.6     23    0.769   0      0.000    0.769
102464.0 106496.0  0.0   59164.2 7473856.0 3192511.6 15379136.0  170886.5  51200.0 51021.6     23    0.769   0      0.000    0.769
102464.0 106496.0  0.0   59164.2 7473856.0 5190017.6 15379136.0  170886.5  51200.0 51023.2     23    0.769   0      0.000    0.769
102464.0 106496.0  0.0   59164.2 7473856.0 6242434.3 15379136.0  170886.5  51200.0 51023.6     23    0.769   0      0.000    0.769
102464.0 106496.0  0.0   59164.2 7473856.0 7174292.7 15379136.0  170886.5  51200.0 51023.7     23    0.769   0      0.000    0.769
102464.0 99840.0 65355.0  0.0   7487232.0 1086156.8 15379136.0  171044.9  51200.0 51024.0     24    0.795   0      0.000    0.795
102464.0 99840.0 65355.0  0.0   7487232.0 1989938.8 15379136.0  171044.9  51200.0 51024.7     24    0.795   0      0.000    0.795
102464.0 99840.0 65355.0  0.0   7487232.0 2975218.1 15379136.0  171044.9  51200.0 51024.7     24    0.795   0      0.000    0.795
102464.0 99840.0 65355.0  0.0   7487232.0 4207653.3 15379136.0  171044.9  51200.0 51024.7     24    0.795   0      0.000    0.795
102464.0 99840.0 65355.0  0.0   7487232.0 5292266.0 15379136.0  171044.9  51200.0 51024.7     24    0.795   0      0.000    0.795
102464.0 99840.0 65355.0  0.0   7487232.0 6250157.3 15379136.0  171044.9  51200.0 51024.9     24    0.795   0      0.000    0.795
99840.0 99840.0  0.0   72121.8 7487232.0 232507.0 15379136.0  178387.3  51200.0 51024.9     25    0.834   0      0.000    0.834
99840.0 99840.0  0.0   72121.8 7487232.0 1279218.5 15379136.0  178387.3  51200.0 51024.9     25    0.834   0      0.000    0.834
99840.0 99840.0  0.0   72121.8 7487232.0 2335864.3 15379136.0  178387.3  51200.0 51025.0     25    0.834   0      0.000    0.834
99840.0 99840.0  0.0   72121.8 7487232.0 3597320.1 15379136.0  178387.3  51200.0 51026.0     25    0.834   0      0.000    0.834
99840.0 99840.0  0.0   72121.8 7487232.0 4646902.4 15379136.0  178387.3  51200.0 51026.6     25    0.834   0      0.000    0.834
99840.0 99840.0  0.0   72121.8 7487232.0 5804852.9 15379136.0  178387.3  51200.0 51027.1     25    0.834   0      0.000    0.834
99840.0 99840.0  0.0   72121.8 7487232.0 6938759.8 15379136.0  178387.3  51200.0 51027.1     25    0.834   0      0.000    0.834
99840.0 99008.0 70655.5  0.0   7490688.0 751071.8 15379136.0  186118.9  51200.0 51027.3     26    0.867   0      0.000    0.867
99840.0 99008.0 70655.5  0.0   7490688.0 1890207.8 15379136.0  186118.9  51200.0 51027.3     26    0.867   0      0.000    0.867
99840.0 99008.0 70655.5  0.0   7490688.0 2913287.5 15379136.0  186118.9  51200.0 51027.5     26    0.867   0      0.000    0.867
99840.0 99008.0 70655.5  0.0   7490688.0 3957255.0 15379136.0  186118.9  51200.0 51029.6     26    0.867   0      0.000    0.867
99840.0 99008.0 70655.5  0.0   7490688.0 5279121.6 15379136.0  186118.9  51200.0 51029.8     26    0.867   0      0.000    0.867
99840.0 99008.0 70655.5  0.0   7490688.0 6311420.6 15379136.0  186118.9  51200.0 51030.0     26    0.867   0      0.000    0.867
96384.0 99008.0  0.0   66216.1 7490688.0 136939.1 15379136.0  194344.1  51200.0 51030.2     27    0.895   0      0.000    0.895
96384.0 99008.0  0.0   66216.1 7490688.0 1208624.4 15379136.0  194344.1  51200.0 51030.7     27    0.895   0      0.000    0.895
96384.0 99008.0  0.0   66216.1 7490688.0 2322485.6 15379136.0  194344.1  51200.0 51032.1     27    0.895   0      0.000    0.895
96384.0 99008.0  0.0   66216.1 7490688.0 3378212.2 15379136.0  194344.1  51200.0 51032.8     27    0.895   0      0.000    0.895
96384.0 99008.0  0.0   66216.1 7490688.0 4437905.6 15379136.0  194344.1  51200.0 51035.6     27    0.895   0      0.000    0.895
96384.0 99008.0  0.0   66216.1 7490688.0 5476397.3 15379136.0  194344.1  51200.0 51035.6     27    0.895   0      0.000    0.895
96384.0 99008.0  0.0   66216.1 7490688.0 6518333.4 15379136.0  194344.1  51200.0 51035.6     27    0.895   0      0.000    0.895
96384.0 99008.0  0.0   66216.1 7490688.0 7409201.6 15379136.0  194344.1  51200.0 51035.9     27    0.895   0      0.000    0.895
96384.0 93504.0 64885.0  0.0   7499648.0 986535.4 15379136.0  198392.6  51200.0 51036.3     28    0.919   0      0.000    0.919
96384.0 93504.0 64885.0  0.0   7499648.0 2067709.4 15379136.0  198392.6  51200.0 51037.6     28    0.919   0      0.000    0.919
96384.0 93504.0 64885.0  0.0   7499648.0 3053664.0 15379136.0  198392.6  51200.0 51037.6     28    0.919   0      0.000    0.919
96384.0 93504.0 64885.0  0.0   7499648.0 4149262.5 15379136.0  198392.6  51200.0 51037.8     28    0.919   0      0.000    0.919
96384.0 93504.0 64885.0  0.0   7499648.0 5175455.3 15379136.0  198392.6  51200.0 51038.3     28    0.919   0      0.000    0.919
96384.0 93504.0 64885.0  0.0   7499648.0 6155239.3 15379136.0  198392.6  51200.0 51038.7     28    0.919   0      0.000    0.919
96384.0 93504.0 64885.0  0.0   7499648.0 7118944.2 15379136.0  198392.6  51200.0 51042.0     28    0.919   0      0.000    0.919
90944.0 93504.0  0.0   61938.1 7499648.0 894811.8 15379136.0  201713.4  51200.0 51043.7     29    0.944   0      0.000    0.944
90944.0 93504.0  0.0   61938.1 7499648.0 1936877.8 15379136.0  201713.4  51200.0 51044.7     29    0.944   0      0.000    0.944
90944.0 93504.0  0.0   61938.1 7499648.0 3054862.3 15379136.0  201713.4  51200.0 51046.3     29    0.944   0      0.000    0.944
90944.0 93504.0  0.0   61938.1 7499648.0 4114434.0 15379136.0  201713.4  51200.0 51046.7     29    0.944   0      0.000    0.944
90944.0 93504.0  0.0   61938.1 7499648.0 5119557.7 15379136.0  201713.4  51200.0 51046.9     29    0.944   0      0.000    0.944
90944.0 93504.0  0.0   61938.1 7499648.0 6333214.4 15379136.0  201713.4  51200.0 51047.5     29    0.944   0      0.000    0.944
90944.0 93504.0  0.0   61938.1 7499648.0 7372852.3 15379136.0  201713.4  51200.0 51047.5     29    0.944   0      0.000    0.944
90944.0 88576.0 64869.6  0.0   7510016.0 933291.3 15379136.0  206347.0  51200.0 51049.8     30    0.969   0      0.000    0.969
90944.0 88576.0 64869.6  0.0   7510016.0 2152993.3 15379136.0  206347.0  51200.0 51050.4     30    0.969   0      0.000    0.969
90944.0 88576.0 64869.6  0.0   7510016.0 3097754.8 15379136.0  206347.0  51200.0 51050.6     30    0.969   0      0.000    0.969
90944.0 88576.0 64869.6  0.0   7510016.0 4255354.1 15379136.0  206347.0  51200.0 51051.9     30    0.969   0      0.000    0.969
90944.0 88576.0 64869.6  0.0   7510016.0 5264668.9 15379136.0  206347.0  51200.0 51054.1     30    0.969   0      0.000    0.969
90944.0 88576.0 64869.6  0.0   7510016.0 6256437.7 15379136.0  206347.0  51200.0 51054.7     30    0.969   0      0.000    0.969
90944.0 88576.0 64869.6  0.0   7510016.0 7234608.8 15379136.0  206347.0  51200.0 51056.6     30    0.969   0      0.000    0.969
88128.0 88576.0  0.0   69410.6 7510016.0 855063.2 15379136.0  213428.0  51200.0 51057.0     31    0.999   0      0.000    0.999
88128.0 88576.0  0.0   69410.6 7510016.0 1947519.6 15379136.0  213428.0  51200.0 51063.7     31    0.999   0      0.000    0.999
88128.0 88576.0  0.0   69410.6 7510016.0 3171232.9 15379136.0  213428.0  51200.0 51065.0     31    0.999   0      0.000    0.999
88128.0 88576.0  0.0   69410.6 7510016.0 3956591.2 15379136.0  213428.0  51200.0 51065.9     31    0.999   0      0.000    0.999
88128.0 88576.0  0.0   69410.6 7510016.0 4892989.9 15379136.0  213428.0  51200.0 51066.2     31    0.999   0      0.000    0.999
88128.0 88576.0  0.0   69410.6 7510016.0 5998071.8 15379136.0  213428.0  51200.0 51066.2     31    0.999   0      0.000    0.999
88128.0 88576.0  0.0   69410.6 7510016.0 7283898.4 15379136.0  213428.0  51200.0 51066.2     31    0.999   0      0.000    0.999
88128.0 87168.0 68145.3  0.0   7514240.0 1242238.1 15379136.0  221674.7  51200.0 51066.4     32    1.031   0      0.000    1.031
88128.0 87168.0 68145.3  0.0   7514240.0 2356557.5 15379136.0  221674.7  51200.0 51066.7     32    1.031   0      0.000    1.031
88128.0 87168.0 68145.3  0.0   7514240.0 3352236.6 15379136.0  221674.7  51200.0 51066.7     32    1.031   0      0.000    1.031
88128.0 87168.0 68145.3  0.0   7514240.0 4679286.0 15379136.0  221674.7  51200.0 51066.9     32    1.031   0      0.000    1.031
88128.0 87168.0 68145.3  0.0   7514240.0 5718293.9 15379136.0  221674.7  51200.0 51067.2     32    1.031   0      0.000    1.031
88128.0 87168.0 68145.3  0.0   7514240.0 6967825.0 15379136.0  221674.7  51200.0 51069.7     32    1.031   0      0.000    1.031
84928.0 87168.0  0.0   64869.7 7514240.0 772198.4 15379136.0  228195.2  51200.0 51069.9     33    1.057   0      0.000    1.057
84928.0 87168.0  0.0   64869.7 7514240.0 1974887.0 15379136.0  228195.2  51200.0 51069.9     33    1.057   0      0.000    1.057
84928.0 87168.0  0.0   64869.7 7514240.0 3191210.2 15379136.0  228195.2  51200.0 51069.9     33    1.057   0      0.000    1.057
84928.0 87168.0  0.0   64869.7 7514240.0 4472572.4 15379136.0  228195.2  51200.0 51070.0     33    1.057   0      0.000    1.057
84928.0 87168.0  0.0   64869.7 7514240.0 5842003.3 15379136.0  228195.2  51200.0 51070.0     33    1.057   0      0.000    1.057
84928.0 87168.0  0.0   64869.7 7514240.0 7195446.9 15379136.0  228195.2  51200.0 51070.9     33    1.057   0      0.000    1.057
84928.0 84352.0 56293.2  0.0   7520256.0 967874.1 15379136.0  232296.4  51200.0 51071.7     34    1.079   0      0.000    1.079
84928.0 84352.0 56293.2  0.0   7520256.0 2468171.9 15379136.0  232296.4  51200.0 51071.8     34    1.079   0      0.000    1.079
84928.0 84352.0 56293.2  0.0   7520256.0 3535707.4 15379136.0  232296.4  51200.0 51074.7     34    1.079   0      0.000    1.079
84928.0 84352.0 56293.2  0.0   7520256.0 4690424.1 15379136.0  232296.4  51200.0 51076.7     34    1.079   0      0.000    1.079
84928.0 84352.0 56293.2  0.0   7520256.0 5822135.6 15379136.0  232296.4  51200.0 51076.7     34    1.079   0      0.000    1.079
84928.0 84352.0 56293.2  0.0   7520256.0 6879005.0 15379136.0  232296.4  51200.0 51076.7     34    1.079   0      0.000    1.079
84480.0 84352.0  0.0   69687.4 7520256.0 384956.7 15379136.0  234582.4  51200.0 51076.7     35    1.107   0      0.000    1.107
84480.0 84352.0  0.0   69687.4 7520256.0 1729977.2 15379136.0  234582.4  51200.0 51076.7     35    1.107   0      0.000    1.107
84480.0 84352.0  0.0   69687.4 7520256.0 2610104.4 15379136.0  234582.4  51200.0 51076.7     35    1.107   0      0.000    1.107
84480.0 84352.0  0.0   69687.4 7520256.0 3747610.5 15379136.0  234582.4  51200.0 51077.2     35    1.107   0      0.000    1.107
84480.0 84352.0  0.0   69687.4 7520256.0 4862258.1 15379136.0  234582.4  51200.0 51077.2     35    1.107   0      0.000    1.107
84480.0 84352.0  0.0   69687.4 7520256.0 6034280.9 15379136.0  234582.4  51200.0 51077.2     35    1.107   0      0.000    1.107
84480.0 84352.0  0.0   69687.4 7520256.0 7048937.3 15379136.0  234582.4  51200.0 51077.2     35    1.107   0      0.000    1.107
84480.0 83584.0 67659.4  0.0   7521472.0 598375.9 15379136.0  245638.8  51200.0 51077.7     36    1.143   0      0.000    1.143
84480.0 83584.0 67659.4  0.0   7521472.0 1614012.8 15379136.0  245638.8  51200.0 51077.7     36    1.143   0      0.000    1.143
84480.0 83584.0 67659.4  0.0   7521472.0 2625331.4 15379136.0  245638.8  51200.0 51077.7     36    1.143   0      0.000    1.143
84480.0 83584.0 67659.4  0.0   7521472.0 3834799.4 15379136.0  245638.8  51200.0 51077.7     36    1.143   0      0.000    1.143
84480.0 83584.0 67659.4  0.0   7521472.0 4831997.5 15379136.0  245638.8  51200.0 51077.7     36    1.143   0      0.000    1.143
84480.0 83584.0 67659.4  0.0   7521472.0 5816232.4 15379136.0  245638.8  51200.0 51077.7     36    1.143   0      0.000    1.143
84480.0 83584.0 67659.4  0.0   7521472.0 7464802.3 15379136.0  245638.8  51200.0 51079.1     36    1.143   0      0.000    1.143
82432.0 83584.0  0.0   60633.0 7521472.0 1294044.2 15379136.0  254077.5  51200.0 51079.1     37    1.170   0      0.000    1.170
82432.0 83584.0  0.0   60633.0 7521472.0 2531850.8 15379136.0  254077.5  51200.0 51079.1     37    1.170   0      0.000    1.170
82432.0 83584.0  0.0   60633.0 7521472.0 3864516.9 15379136.0  254077.5  51200.0 51079.1     37    1.170   0      0.000    1.170
82432.0 83584.0  0.0   60633.0 7521472.0 5128340.1 15379136.0  254077.5  51200.0 51079.1     37    1.170   0      0.000    1.170
82432.0 83584.0  0.0   60633.0 7521472.0 6365770.3 15379136.0  254077.5  51200.0 51079.1     37    1.170   0      0.000    1.170
82432.0 83584.0  0.0   60633.0 7521472.0 7498841.6 15379136.0  254077.5  51200.0 51079.1     37    1.170   0      0.000    1.170
82432.0 81024.0 62362.1  0.0   7526080.0 1116549.1 15379136.0  255476.0  51200.0 51079.1     38    1.192   0      0.000    1.192
82432.0 81024.0 62362.1  0.0   7526080.0 1964610.5 15379136.0  255476.0  51200.0 51079.1     38    1.192   0      0.000    1.192
82432.0 81024.0 62362.1  0.0   7526080.0 3420057.3 15379136.0  255476.0  51200.0 51079.4     38    1.192   0      0.000    1.192
82432.0 81024.0 62362.1  0.0   7526080.0 4186967.7 15379136.0  255476.0  51200.0 51079.6     38    1.192   0      0.000    1.192
82432.0 81024.0 62362.1  0.0   7526080.0 5120090.8 15379136.0  255476.0  51200.0 51079.9     38    1.192   0      0.000    1.192
82432.0 81024.0 62362.1  0.0   7526080.0 6268394.4 15379136.0  255476.0  51200.0 51081.5     38    1.192   0      0.000    1.192
82432.0 81024.0 62362.1  0.0   7526080.0 7373127.7 15379136.0  255476.0  51200.0 51082.5     38    1.192   0      0.000    1.192
81856.0 81024.0  0.0   71071.2 7526080.0 877204.3 15379136.0  256705.5  51200.0 51161.3     39    1.221   0      0.000    1.221
81856.0 81024.0  0.0   71071.2 7526080.0 2394689.8 15379136.0  256705.5  51200.0 51163.4     39    1.221   0      0.000    1.221
81856.0 81024.0  0.0   71071.2 7526080.0 3702258.1 15379136.0  256705.5  51200.0 51163.6     39    1.221   0      0.000    1.221
81856.0 81024.0  0.0   71071.2 7526080.0 4923953.2 15379136.0  256705.5  51200.0 51163.6     39    1.221   0      0.000    1.221
81856.0 81024.0  0.0   71071.2 7526080.0 6153021.5 15379136.0  256705.5  51200.0 51164.4     39    1.221   0      0.000    1.221
81856.0 81024.0  0.0   71071.2 7526080.0 7490278.6 15379136.0  256705.5  51200.0 51164.4     39    1.221   0      0.000    1.221
81856.0 81408.0 68271.0  0.0   7526272.0 1301795.8 15379136.0  272082.6  51200.0 51164.4     40    1.265   0      0.000    1.265
81856.0 81408.0 68271.0  0.0   7526272.0 2464464.3 15379136.0  272082.6  51200.0 51164.4     40    1.265   0      0.000    1.265
81856.0 81408.0 68271.0  0.0   7526272.0 3663864.5 15379136.0  272082.6  51200.0 51164.4     40    1.265   0      0.000    1.265
81856.0 81408.0 68271.0  0.0   7526272.0 4833367.5 15379136.0  272082.6  51200.0 51164.4     40    1.265   0      0.000    1.265
81856.0 81408.0 68271.0  0.0   7526272.0 5997561.5 15379136.0  272082.6  51200.0 51164.4     40    1.265   0      0.000    1.265
81856.0 81408.0 68271.0  0.0   7526272.0 7139367.7 15379136.0  272082.6  51200.0 51164.4     40    1.265   0      0.000    1.265
80000.0 81408.0  0.0   64003.2 7526272.0 746191.4 15379136.0  279748.2  51200.0 51164.4     41    1.296   0      0.000    1.296
80000.0 81408.0  0.0   64003.2 7526272.0 1840866.8 15379136.0  279748.2  51200.0 51164.4     41    1.296   0      0.000    1.296
80000.0 81408.0  0.0   64003.2 7526272.0 2984345.2 15379136.0  279748.2  51200.0 51164.4     41    1.296   0      0.000    1.296
80000.0 81408.0  0.0   64003.2 7526272.0 4266942.6 15379136.0  279748.2  51200.0 51164.8     41    1.296   0      0.000    1.296
80000.0 81408.0  0.0   64003.2 7526272.0 5591788.2 15379136.0  279748.2  51200.0 51164.8     41    1.296   0      0.000    1.296
80000.0 81408.0  0.0   64003.2 7526272.0 6701496.7 15379136.0  279748.2  51200.0 51164.8     41    1.296   0      0.000    1.296
80000.0 81536.0 47442.9  0.0   7526464.0 662669.1 15379136.0  298751.4  51200.0 51166.2     42    1.332   0      0.000    1.332
80000.0 81536.0 47442.9  0.0   7526464.0 2368283.3 15379136.0  298751.4  51200.0 51167.6     42    1.332   0      0.000    1.332
80000.0 81536.0 47442.9  0.0   7526464.0 3622592.3 15379136.0  298751.4  51200.0 51167.6     42    1.332   0      0.000    1.332
80000.0 81536.0 47442.9  0.0   7526464.0 5031674.3 15379136.0  298751.4  51200.0 51167.6     42    1.332   0      0.000    1.332
80000.0 81536.0 47442.9  0.0   7526464.0 6659459.5 15379136.0  298751.4  51200.0 51167.7     42    1.332   0      0.000    1.332
80064.0 81536.0  0.0   64227.9 7526464.0 690621.4 15379136.0  308013.8  51200.0 51167.9     43    1.364   0      0.000    1.364
80064.0 81536.0  0.0   64227.9 7526464.0 2135766.2 15379136.0  308013.8  51200.0 51167.9     43    1.364   0      0.000    1.364
80064.0 81536.0  0.0   64227.9 7526464.0 3473887.9 15379136.0  308013.8  51200.0 51167.9     43    1.364   0      0.000    1.364
80064.0 81536.0  0.0   64227.9 7526464.0 5155285.9 15379136.0  308013.8  51200.0 51168.2     43    1.364   0      0.000    1.364
80064.0 81536.0  0.0   64227.9 7526464.0 6387852.6 15379136.0  308013.8  51200.0 51168.2     43    1.364   0      0.000    1.364
80064.0 79040.0 59631.1  0.0   7530432.0 310823.5 15379136.0  322030.6  51200.0 51168.2     44    1.401   0      0.000    1.401
80064.0 79040.0 59631.1  0.0   7530432.0 1487456.8 15379136.0  322030.6  51200.0 51169.0     44    1.401   0      0.000    1.401
80064.0 79040.0 59631.1  0.0   7530432.0 2933380.6 15379136.0  322030.6  51200.0 51169.0     44    1.401   0      0.000    1.401
80064.0 79040.0 59631.1  0.0   7530432.0 4362764.1 15379136.0  322030.6  51200.0 51169.0     44    1.401   0      0.000    1.401
80064.0 79040.0 59631.1  0.0   7530432.0 5566028.2 15379136.0  322030.6  51200.0 51169.0     44    1.401   0      0.000    1.401
80064.0 79040.0 59631.1  0.0   7530432.0 6595989.3 15379136.0  322030.6  51200.0 51169.0     44    1.401   0      0.000    1.401
78144.0 79040.0  0.0   64928.9 7530432.0 445198.9 15379136.0  323923.9  51200.0 51169.0     45    1.423   0      0.000    1.423
78144.0 79040.0  0.0   64928.9 7530432.0 1416245.8 15379136.0  323923.9  51200.0 51169.0     45    1.423   0      0.000    1.423
78144.0 79040.0  0.0   64928.9 7530432.0 2536473.0 15379136.0  323923.9  51200.0 51169.2     45    1.423   0      0.000    1.423
78144.0 79040.0  0.0   64928.9 7530432.0 3439886.2 15379136.0  323923.9  51200.0 51169.2     45    1.423   0      0.000    1.423
78144.0 79040.0  0.0   64928.9 7530432.0 4810762.5 15379136.0  323923.9  51200.0 51169.2     45    1.423   0      0.000    1.423
78144.0 79040.0  0.0   64928.9 7530432.0 6181994.9 15379136.0  323923.9  51200.0 51169.4     45    1.423   0      0.000    1.423
78144.0 79040.0  0.0   64928.9 7530432.0 7510647.3 15379136.0  323923.9  51200.0 51169.4     45    1.423   0      0.000    1.423
78144.0 76736.0 63476.3  0.0   7534656.0 1340415.0 15379136.0  329408.0  51200.0 51169.4     46    1.450   0      0.000    1.450
78144.0 76736.0 63476.3  0.0   7534656.0 2688113.7 15379136.0  329408.0  51200.0 51169.4     46    1.450   0      0.000    1.450
78144.0 76736.0 63476.3  0.0   7534656.0 3995805.9 15379136.0  329408.0  51200.0 51169.4     46    1.450   0      0.000    1.450
78144.0 76736.0 63476.3  0.0   7534656.0 5118147.7 15379136.0  329408.0  51200.0 51169.4     46    1.450   0      0.000    1.450
78144.0 76736.0 63476.3  0.0   7534656.0 6460983.9 15379136.0  329408.0  51200.0 51169.4     46    1.450   0      0.000    1.450
78144.0 76736.0 63476.3  0.0   7534656.0 7528659.5 15379136.0  329408.0  51200.0 51169.4     46    1.450   0      0.000    1.450
76992.0 76736.0  0.0   67687.5 7534656.0 918378.0 15379136.0  335681.9  51200.0 51169.4     47    1.479   0      0.000    1.479
76992.0 76736.0  0.0   67687.5 7534656.0 2189100.8 15379136.0  335681.9  51200.0 51172.5     47    1.479   0      0.000    1.479
76992.0 76736.0  0.0   67687.5 7534656.0 3546813.3 15379136.0  335681.9  51200.0 51173.1     47    1.479   0      0.000    1.479
76992.0 76736.0  0.0   67687.5 7534656.0 4785417.3 15379136.0  335681.9  51200.0 51173.1     47    1.479   0      0.000    1.479
76992.0 76736.0  0.0   67687.5 7534656.0 6140775.0 15379136.0  335681.9  51200.0 51173.1     47    1.479   0      0.000    1.479
76992.0 77504.0 68666.9  0.0   7534528.0 240290.9 15379136.0  347503.5  51200.0 51176.5     48    1.520   0      0.000    1.520
76992.0 77504.0 68666.9  0.0   7534528.0 1288735.3 15379136.0  347503.5  51200.0 51176.5     48    1.520   0      0.000    1.520
76992.0 77504.0 68666.9  0.0   7534528.0 2167659.5 15379136.0  347503.5  51200.0 51176.5     48    1.520   0      0.000    1.520
76992.0 77504.0 68666.9  0.0   7534528.0 3081050.9 15379136.0  347503.5  51200.0 51176.5     48    1.520   0      0.000    1.520
76992.0 77504.0 68666.9  0.0   7534528.0 4031528.1 15379136.0  347503.5  51200.0 51176.5     48    1.520   0      0.000    1.520
76992.0 77504.0 68666.9  0.0   7534528.0 5067546.2 15379136.0  347503.5  51200.0 51176.5     48    1.520   0      0.000    1.520
76992.0 77504.0 68666.9  0.0   7534528.0 6227471.3 15379136.0  347503.5  51200.0 51179.8     48    1.520   0      0.000    1.520
76992.0 77504.0 68666.9  0.0   7534528.0 7292716.6 15379136.0  347503.5  51200.0 51179.8     48    1.520   0      0.000    1.520
76864.0 77504.0  0.0   60326.9 7534528.0 1152114.9 15379136.0  360901.3  51200.0 51179.8     49    1.557   0      0.000    1.557
76864.0 77504.0  0.0   60326.9 7534528.0 2363380.1 15379136.0  360901.3  51200.0 51179.8     49    1.557   0      0.000    1.557
76864.0 77504.0  0.0   60326.9 7534528.0 3620535.8 15379136.0  360901.3  51200.0 51179.8     49    1.557   0      0.000    1.557
76864.0 77504.0  0.0   60326.9 7534528.0 4861194.0 15379136.0  360901.3  51200.0 51180.4     49    1.557   0      0.000    1.557
76864.0 77504.0  0.0   60326.9 7534528.0 6084558.8 15379136.0  360901.3  51200.0 51180.4     49    1.557   0      0.000    1.557
76864.0 77504.0  0.0   60326.9 7534528.0 7325062.8 15379136.0  360901.3  51200.0 51180.4     49    1.557   0      0.000    1.557
76864.0 76032.0 61208.2  0.0   7536640.0 990172.1 15379136.0  363769.4  51200.0 51180.4     50    1.580   0      0.000    1.580
76864.0 76032.0 61208.2  0.0   7536640.0 2067256.5 15379136.0  363769.4  51200.0 51180.4     50    1.580   0      0.000    1.580
76864.0 76032.0 61208.2  0.0   7536640.0 3114842.7 15379136.0  363769.4  51200.0 51180.8     50    1.580   0      0.000    1.580
76864.0 76032.0 61208.2  0.0   7536640.0 4226193.8 15379136.0  363769.4  51200.0 51180.8     50    1.580   0      0.000    1.580
76864.0 76032.0 61208.2  0.0   7536640.0 5245534.5 15379136.0  363769.4  51200.0 51180.8     50    1.580   0      0.000    1.580
76864.0 76032.0 61208.2  0.0   7536640.0 6464482.1 15379136.0  363769.4  51200.0 51180.8     50    1.580   0      0.000    1.580
74880.0 76032.0  0.0   62879.1 7536640.0 682258.2 15379136.0  369726.1  51200.0 51182.3     51    1.607   0      0.000    1.607
74880.0 76032.0  0.0   62879.1 7536640.0 1947237.2 15379136.0  369726.1  51200.0 51182.3     51    1.607   0      0.000    1.607
74880.0 76032.0  0.0   62879.1 7536640.0 3040065.6 15379136.0  369726.1  51200.0 51182.3     51    1.607   0      0.000    1.607
74880.0 76032.0  0.0   62879.1 7536640.0 4085064.1 15379136.0  369726.1  51200.0 51182.3     51    1.607   0      0.000    1.607
74880.0 76032.0  0.0   62879.1 7536640.0 5206327.8 15379136.0  369726.1  51200.0 51182.3     51    1.607   0      0.000    1.607
74880.0 76032.0  0.0   62879.1 7536640.0 6391483.7 15379136.0  369726.1  51200.0 51182.3     51    1.607   0      0.000    1.607
74880.0 76032.0  0.0   62879.1 7536640.0 7333216.7 15379136.0  369726.1  51200.0 51182.3     51    1.607   0      0.000    1.607
74880.0 74240.0 60402.5  0.0   7540416.0 1113887.7 15379136.0  378591.8  51200.0 51186.6     52    1.638   0      0.000    1.638
74880.0 74240.0 60402.5  0.0   7540416.0 1890034.5 15379136.0  378591.8  51200.0 51186.6     52    1.638   0      0.000    1.638
74880.0 74240.0 60402.5  0.0   7540416.0 3131614.4 15379136.0  378591.8  51200.0 51186.6     52    1.638   0      0.000    1.638
74880.0 74240.0 60402.5  0.0   7540416.0 4089480.6 15379136.0  378591.8  51200.0 51186.6     52    1.638   0      0.000    1.638
74880.0 74240.0 60402.5  0.0   7540416.0 5457070.6 15379136.0  378591.8  51200.0 51187.2     52    1.638   0      0.000    1.638
74880.0 74240.0 60402.5  0.0   7540416.0 6583477.5 15379136.0  378591.8  51200.0 51187.2     52    1.638   0      0.000    1.638
74880.0 74240.0 60402.5  0.0   7540416.0 7452821.2 15379136.0  378591.8  51200.0 51187.2     52    1.638   0      0.000    1.638
73728.0 74240.0  0.0   59749.8 7540416.0 1407592.6 15379136.0  386603.7  51200.0 51187.2     53    1.665   0      0.000    1.665
73728.0 74240.0  0.0   59749.8 7540416.0 2458137.6 15379136.0  386603.7  51200.0 51187.2     53    1.665   0      0.000    1.665
73728.0 74240.0  0.0   59749.8 7540416.0 3526958.6 15379136.0  386603.7  51200.0 51187.2     53    1.665   0      0.000    1.665
73728.0 74240.0  0.0   59749.8 7540416.0 4677072.4 15379136.0  386603.7  51200.0 51187.2     53    1.665   0      0.000    1.665
73728.0 74240.0  0.0   59749.8 7540416.0 5649267.4 15379136.0  386603.7  51200.0 51187.2     53    1.665   0      0.000    1.665
73728.0 74240.0  0.0   59749.8 7540416.0 6661434.8 15379136.0  386603.7  51200.0 51187.4     53    1.665   0      0.000    1.665
73728.0 72768.0 62360.3  0.0   7543040.0 469386.9 15379136.0  401137.9  51200.0 51187.8     54    1.701   0      0.000    1.701
73728.0 72768.0 62360.3  0.0   7543040.0 1608856.7 15379136.0  401137.9  51200.0 51187.8     54    1.701   0      0.000    1.701
73728.0 72768.0 62360.3  0.0   7543040.0 2793522.3 15379136.0  401137.9  51200.0 51187.8     54    1.701   0      0.000    1.701
73728.0 72768.0 62360.3  0.0   7543040.0 3897844.5 15379136.0  401137.9  51200.0 51187.8     54    1.701   0      0.000    1.701
73728.0 72768.0 62360.3  0.0   7543040.0 5073550.3 15379136.0  401137.9  51200.0 51187.8     54    1.701   0      0.000    1.701
73728.0 72768.0 62360.3  0.0   7543040.0 6229295.7 15379136.0  401137.9  51200.0 51187.8     54    1.701   0      0.000    1.701
73728.0 72768.0 62360.3  0.0   7543040.0 7291302.3 15379136.0  401137.9  51200.0 51187.8     54    1.701   0      0.000    1.701
72768.0 72768.0  0.0   56948.7 7543040.0 789720.0 15379136.0  412303.4  51200.0 51187.8     55    1.727   0      0.000    1.727
72768.0 72768.0  0.0   56948.7 7543040.0 2061821.0 15379136.0  412303.4  51200.0 51187.8     55    1.727   0      0.000    1.727
72768.0 72768.0  0.0   56948.7 7543040.0 3108087.9 15379136.0  412303.4  51200.0 51188.0     55    1.727   0      0.000    1.727
72768.0 72768.0  0.0   56948.7 7543040.0 4227733.1 15379136.0  412303.4  51200.0 51188.0     55    1.727   0      0.000    1.727
72768.0 72768.0  0.0   56948.7 7543040.0 5237087.1 15379136.0  412303.4  51200.0 51188.0     55    1.727   0      0.000    1.727
72768.0 72768.0  0.0   56948.7 7543040.0 6206765.5 15379136.0  412303.4  51200.0 51188.0     55    1.727   0      0.000    1.727
72768.0 72768.0  0.0   56948.7 7543040.0 6999528.9 15379136.0  412303.4  51200.0 51188.0     55    1.727   0      0.000    1.727
72768.0 72192.0 59154.2  0.0   7544576.0 967286.4 15379136.0  416823.7  51200.0 51188.0     56    1.751   0      0.000    1.751
72768.0 72192.0 59154.2  0.0   7544576.0 1910511.2 15379136.0  416823.7  51200.0 51188.0     56    1.751   0      0.000    1.751
72768.0 72192.0 59154.2  0.0   7544576.0 2885839.0 15379136.0  416823.7  51200.0 51188.0     56    1.751   0      0.000    1.751
72768.0 72192.0 59154.2  0.0   7544576.0 3899358.3 15379136.0  416823.7  51200.0 51188.0     56    1.751   0      0.000    1.751
72768.0 72192.0 59154.2  0.0   7544576.0 4799176.8 15379136.0  416823.7  51200.0 51188.0     56    1.751   0      0.000    1.751
72768.0 72192.0 59154.2  0.0   7544576.0 5727715.7 15379136.0  416823.7  51200.0 51188.0     56    1.751   0      0.000    1.751
72768.0 72192.0 59154.2  0.0   7544576.0 6639643.0 15379136.0  416823.7  51200.0 51188.0     56    1.751   0      0.000    1.751
71680.0 72192.0  0.0   63250.9 7544576.0 84133.4  15379136.0  422260.1  51200.0 51188.0     57    1.779   0      0.000    1.779
71680.0 72192.0  0.0   63250.9 7544576.0 1151075.5 15379136.0  422260.1  51200.0 51188.0     57    1.779   0      0.000    1.779
71680.0 72192.0  0.0   63250.9 7544576.0 2180933.6 15379136.0  422260.1  51200.0 51188.0     57    1.779   0      0.000    1.779
71680.0 72192.0  0.0   63250.9 7544576.0 3307460.5 15379136.0  422260.1  51200.0 51188.0     57    1.779   0      0.000    1.779
71680.0 72192.0  0.0   63250.9 7544576.0 4256895.9 15379136.0  422260.1  51200.0 51188.0     57    1.779   0      0.000    1.779
71680.0 72192.0  0.0   63250.9 7544576.0 5206323.7 15379136.0  422260.1  51200.0 51188.0     57    1.779   0      0.000    1.779
71680.0 72192.0  0.0   63250.9 7544576.0 6273049.4 15379136.0  422260.1  51200.0 51188.0     57    1.779   0      0.000    1.779
71680.0 72192.0  0.0   63250.9 7544576.0 7147989.7 15379136.0  422260.1  51200.0 51188.0     57    1.779   0      0.000    1.779
71680.0 71040.0 60039.1  0.0   7546816.0 852033.2 15379136.0  428696.2  51200.0 51188.4     58    1.805   0      0.000    1.805
71680.0 71040.0 60039.1  0.0   7546816.0 1788361.1 15379136.0  428696.2  51200.0 51188.4     58    1.805   0      0.000    1.805
71680.0 71040.0 60039.1  0.0   7546816.0 2574857.1 15379136.0  428696.2  51200.0 51188.4     58    1.805   0      0.000    1.805
71680.0 71040.0 60039.1  0.0   7546816.0 3680934.6 15379136.0  428696.2  51200.0 51188.4     58    1.805   0      0.000    1.805
71680.0 71040.0 60039.1  0.0   7546816.0 4539244.6 15379136.0  428696.2  51200.0 51188.4     58    1.805   0      0.000    1.805
71680.0 71040.0 60039.1  0.0   7546816.0 5762361.0 15379136.0  428696.2  51200.0 51188.4     58    1.805   0      0.000    1.805
71680.0 71040.0 60039.1  0.0   7546816.0 6760155.9 15379136.0  428696.2  51200.0 51188.4     58    1.805   0      0.000    1.805
70528.0 71040.0  0.0   62898.2 7546816.0 533372.1 15379136.0  442251.2  51200.0 51188.4     59    1.836   0      0.000    1.836
70528.0 71040.0  0.0   62898.2 7546816.0 1676211.9 15379136.0  442251.2  51200.0 51188.4     59    1.836   0      0.000    1.836
70528.0 71040.0  0.0   62898.2 7546816.0 2677689.9 15379136.0  442251.2  51200.0 51189.9     59    1.836   0      0.000    1.836
70528.0 71040.0  0.0   62898.2 7546816.0 3692817.5 15379136.0  442251.2  51200.0 51189.9     59    1.836   0      0.000    1.836
70528.0 71040.0  0.0   62898.2 7546816.0 4767956.4 15379136.0  442251.2  51200.0 51189.9     59    1.836   0      0.000    1.836
70528.0 71040.0  0.0   62898.2 7546816.0 5641064.9 15379136.0  442251.2  51200.0 51189.9     59    1.836   0      0.000    1.836
70528.0 71040.0  0.0   62898.2 7546816.0 6828236.9 15379136.0  442251.2  51200.0 51189.9     59    1.836   0      0.000    1.836
70528.0 70592.0 56730.8  0.0   7548352.0 133270.6 15379136.0  455963.0  51200.0 51189.9     60    1.870   0      0.000    1.870
70528.0 70592.0 56730.8  0.0   7548352.0 1209417.6 15379136.0  455963.0  51200.0 51189.9     60    1.870   0      0.000    1.870
70528.0 70592.0 56730.8  0.0   7548352.0 2187166.6 15379136.0  455963.0  51200.0 51190.2     60    1.870   0      0.000    1.870
70528.0 70592.0 56730.8  0.0   7548352.0 3484525.0 15379136.0  455963.0  51200.0 51190.2     60    1.870   0      0.000    1.870
70528.0 70592.0 56730.8  0.0   7548352.0 4568931.8 15379136.0  455963.0  51200.0 51192.0     60    1.870   0      0.000    1.870
70528.0 70592.0 56730.8  0.0   7548352.0 5908079.0 15379136.0  455963.0  51200.0 51194.5     60    1.870   0      0.000    1.870
70528.0 70592.0 56730.8  0.0   7548352.0 6993403.9 15379136.0  455963.0  51200.0 51194.5     60    1.870   0      0.000    1.870
71104.0 65408.0  0.0   65401.6 7548352.0 718490.8 15379136.0  462569.7  51200.0 51194.5     61    1.898   0      0.000    1.898
71104.0 65408.0  0.0   65401.6 7548352.0 1811108.5 15379136.0  462569.7  51200.0 51194.5     61    1.898   0      0.000    1.898
71104.0 65408.0  0.0   65401.6 7548352.0 2882700.5 15379136.0  462569.7  51200.0 51194.5     61    1.898   0      0.000    1.898
71104.0 65408.0  0.0   65401.6 7548352.0 3926149.2 15379136.0  462569.7  51200.0 51194.5     61    1.898   0      0.000    1.898
71104.0 65408.0  0.0   65401.6 7548352.0 4869255.8 15379136.0  462569.7  51200.0 51194.5     61    1.898   0      0.000    1.898
71104.0 65408.0  0.0   65401.6 7548352.0 5849142.6 15379136.0  462569.7  51200.0 51194.5     61    1.898   0      0.000    1.898
71104.0 65408.0  0.0   65401.6 7548352.0 6966156.8 15379136.0  462569.7  51200.0 51194.5     61    1.898   0      0.000    1.898
71104.0 70592.0 59611.3  0.0   7547840.0 506097.4 15379136.0  471357.7  51200.0 51194.5     62    1.928   0      0.000    1.928
71104.0 70592.0 59611.3  0.0   7547840.0 1695634.2 15379136.0  471357.7  51200.0 51194.5     62    1.928   0      0.000    1.928
71104.0 70592.0 59611.3  0.0   7547840.0 2673668.7 15379136.0  471357.7  51200.0 51194.5     62    1.928   0      0.000    1.928
71104.0 70592.0 59611.3  0.0   7547840.0 3646695.7 15379136.0  471357.7  51200.0 51197.0     62    1.928   0      0.000    1.928
71104.0 70592.0 59611.3  0.0   7547840.0 5087322.9 15379136.0  471357.7  51200.0 51198.0     62    1.928   0      0.000    1.928
71104.0 70592.0 59611.3  0.0   7547840.0 6315599.0 15379136.0  471357.7  51200.0 51198.0     62    1.928   0      0.000    1.928
71104.0 70592.0 59611.3  0.0   7547840.0 7423185.4 15379136.0  471357.7  51200.0 51198.0     62    1.928   0      0.000    1.928
71488.0 66560.0  0.0   66532.0 7547840.0 1087993.1 15379136.0  479197.1  51200.0 51198.0     63    1.957   0      0.000    1.957
71488.0 66560.0  0.0   66532.0 7547840.0 2313255.2 15379136.0  479197.1  51200.0 51198.0     63    1.957   0      0.000    1.957
71488.0 66560.0  0.0   66532.0 7547840.0 3397841.5 15379136.0  479197.1  51200.0 51198.0     63    1.957   0      0.000    1.957
71488.0 66560.0  0.0   66532.0 7547840.0 4443177.5 15379136.0  479197.1  51200.0 51198.0     63    1.957   0      0.000    1.957
71488.0 66560.0  0.0   66532.0 7547840.0 5859446.9 15379136.0  479197.1  51200.0 51198.0     63    1.957   0      0.000    1.957
71488.0 66560.0  0.0   66532.0 7547840.0 6765963.1 15379136.0  479197.1  51200.0 51198.0     63    1.957   0      0.000    1.957
71488.0 70848.0 60495.6  0.0   7547200.0 425420.4 15379136.0  493269.7  51200.0 51198.0     64    1.985   0      0.000    1.985
71488.0 70848.0 60495.6  0.0   7547200.0 1753897.1 15379136.0  493269.7  51200.0 51198.0     64    1.985   0      0.000    1.985
71488.0 70848.0 60495.6  0.0   7547200.0 3026586.4 15379136.0  493269.7  51200.0 51198.0     64    1.985   0      0.000    1.985
71488.0 70848.0 60495.6  0.0   7547200.0 4083984.6 15379136.0  493269.7  51200.0 51198.0     64    1.985   0      0.000    1.985
71488.0 70848.0 60495.6  0.0   7547200.0 5280876.5 15379136.0  493269.7  51200.0 51198.0     64    1.985   0      0.000    1.985
71488.0 70848.0 60495.6  0.0   7547200.0 6513125.7 15379136.0  493269.7  51200.0 51198.0     64    1.985   0      0.000    1.985
71104.0 70848.0  0.0   55318.8 7547200.0 140710.7 15379136.0  503032.3  51200.0 51198.6     65    2.008   0      0.000    2.008
71104.0 70848.0  0.0   55318.8 7547200.0 1104273.4 15379136.0  503032.3  51200.0 51198.9     65    2.008   0      0.000    2.008
71104.0 70848.0  0.0   55318.8 7547200.0 2592574.7 15379136.0  503032.3  51200.0 51199.1     65    2.008   0      0.000    2.008
71104.0 70848.0  0.0   55318.8 7547200.0 3751750.6 15379136.0  503032.3  51200.0 51199.1     65    2.008   0      0.000    2.008
71104.0 70848.0  0.0   55318.8 7547200.0 4965207.7 15379136.0  503032.3  51200.0 51199.1     65    2.008   0      0.000    2.008
71104.0 70848.0  0.0   55318.8 7547200.0 6614150.6 15379136.0  503032.3  51200.0 51199.1     65    2.008   0      0.000    2.008
71104.0 71168.0 64234.7  0.0   7547200.0 762392.5 15379136.0  508442.3  51200.0 51199.1     66    2.034   0      0.000    2.034
71104.0 71168.0 64234.7  0.0   7547200.0 2055057.6 15379136.0  508442.3  51200.0 51199.1     66    2.034   0      0.000    2.034
71104.0 71168.0 64234.7  0.0   7547200.0 3270624.7 15379136.0  508442.3  51200.0 51199.3     66    2.034   0      0.000    2.034
71104.0 71168.0 64234.7  0.0   7547200.0 4480739.3 15379136.0  508442.3  51200.0 51199.3     66    2.034   0      0.000    2.034
71104.0 71168.0 64234.7  0.0   7547200.0 5616127.2 15379136.0  508442.3  51200.0 51199.3     66    2.034   0      0.000    2.034
71104.0 71168.0 64234.7  0.0   7547200.0 6789370.2 15379136.0  508442.3  51200.0 51199.3     66    2.034   0      0.000    2.034
70848.0 71168.0  0.0   57825.2 7547200.0 840504.8 15379136.0  522761.6  51200.0 51199.3     67    2.060   0      0.000    2.060
70848.0 71168.0  0.0   57825.2 7547200.0 2004068.0 15379136.0  522761.6  51200.0 51199.3     67    2.060   0      0.000    2.060
70848.0 71168.0  0.0   57825.2 7547200.0 2979080.6 15379136.0  522761.6  51200.0 51199.3     67    2.060   0      0.000    2.060
70848.0 71168.0  0.0   57825.2 7547200.0 4229700.3 15379136.0  522761.6  51200.0 51199.3     67    2.060   0      0.000    2.060
70848.0 71168.0  0.0   57825.2 7547200.0 5480034.5 15379136.0  522761.6  51200.0 51199.3     67    2.060   0      0.000    2.060
70848.0 71168.0  0.0   57825.2 7547200.0 6474737.5 15379136.0  522761.6  51200.0 51199.3     67    2.060   0      0.000    2.060
70848.0 71104.0 64497.1  0.0   7547328.0 428408.9 15379136.0  528789.6  51200.0 51199.3     68    2.088   0      0.000    2.088
70848.0 71104.0 64497.1  0.0   7547328.0 1448677.9 15379136.0  528789.6  51200.0 51199.7     68    2.088   0      0.000    2.088
70848.0 71104.0 64497.1  0.0   7547328.0 2597737.2 15379136.0  528789.6  51200.0 51199.7     68    2.088   0      0.000    2.088
70848.0 71104.0 64497.1  0.0   7547328.0 3858740.2 15379136.0  528789.6  51200.0 51199.7     68    2.088   0      0.000    2.088
70848.0 71104.0 64497.1  0.0   7547328.0 4959561.8 15379136.0  528789.6  51200.0 51199.7     68    2.088   0      0.000    2.088
70848.0 71104.0 64497.1  0.0   7547328.0 6009713.0 15379136.0  528789.6  51200.0 51199.7     68    2.088   0      0.000    2.088
70848.0 71104.0 64497.1  0.0   7547328.0 7219707.0 15379136.0  528789.6  51200.0 51199.7     68    2.088   0      0.000    2.088
71424.0 54016.0  0.0   53999.9 7547328.0 714561.9 15379136.0  539077.3  51392.0 51200.8     69    2.112   0      0.000    2.112
71424.0 54016.0  0.0   53999.9 7547328.0 1792838.1 15379136.0  539077.3  51392.0 51200.8     69    2.112   0      0.000    2.112
71424.0 54016.0  0.0   53999.9 7547328.0 3157332.6 15379136.0  539077.3  51392.0 51200.8     69    2.112   0      0.000    2.112
71424.0 54016.0  0.0   53999.9 7547328.0 4262394.0 15379136.0  539077.3  51392.0 51200.8     69    2.112   0      0.000    2.112
71424.0 54016.0  0.0   53999.9 7547328.0 5573368.5 15379136.0  539077.3  51392.0 51200.8     69    2.112   0      0.000    2.112
71424.0 54016.0  0.0   53999.9 7547328.0 6623354.3 15379136.0  539077.3  51392.0 51200.8     69    2.112   0      0.000    2.112
71424.0 70976.0 57280.4  0.0   7547136.0 253776.3 15379136.0  545692.4  51392.0 51200.8     70    2.135   0      0.000    2.135
71424.0 70976.0 57280.4  0.0   7547136.0 1257656.3 15379136.0  545692.4  51392.0 51201.8     70    2.135   0      0.000    2.135
71424.0 70976.0 57280.4  0.0   7547136.0 2185249.7 15379136.0  545692.4  51392.0 51202.4     70    2.135   0      0.000    2.135
71424.0 70976.0 57280.4  0.0   7547136.0 3629007.8 15379136.0  545692.4  51392.0 51202.4     70    2.135   0      0.000    2.135
71424.0 70976.0 57280.4  0.0   7547136.0 4926073.0 15379136.0  545692.4  51392.0 51202.4     70    2.135   0      0.000    2.135
71424.0 70976.0 57280.4  0.0   7547136.0 6167836.8 15379136.0  545692.4  51392.0 51202.4     70    2.135   0      0.000    2.135
71424.0 70976.0 57280.4  0.0   7547136.0 7379004.6 15379136.0  545692.4  51392.0 51202.4     70    2.135   0      0.000    2.135
69952.0 70976.0  0.0   60566.3 7547136.0 1076034.1 15379136.0  550938.5  51392.0 51202.4     71    2.158   0      0.000    2.158
69952.0 70976.0  0.0   60566.3 7547136.0 1920992.0 15379136.0  550938.5  51392.0 51202.4     71    2.158   0      0.000    2.158
69952.0 70976.0  0.0   60566.3 7547136.0 3443265.8 15379136.0  550938.5  51392.0 51202.4     71    2.158   0      0.000    2.158
69952.0 70976.0  0.0   60566.3 7547136.0 4840682.2 15379136.0  550938.5  51392.0 51202.4     71    2.158   0      0.000    2.158
69952.0 70976.0  0.0   60566.3 7547136.0 6484162.3 15379136.0  550938.5  51392.0 51210.1     71    2.158   0      0.000    2.158
69952.0 70400.0 64101.3  0.0   7548736.0 57199.1  15379136.0  560800.8  51392.0 51210.1     72    2.191   0      0.000    2.191
69952.0 70400.0 64101.3  0.0   7548736.0 1151459.8 15379136.0  560800.8  51392.0 51210.1     72    2.191   0      0.000    2.191
69952.0 70400.0 64101.3  0.0   7548736.0 2423604.7 15379136.0  560800.8  51392.0 51210.1     72    2.191   0      0.000    2.191
69952.0 70400.0 64101.3  0.0   7548736.0 3446865.2 15379136.0  560800.8  51392.0 51210.1     72    2.191   0      0.000    2.191
69952.0 70400.0 64101.3  0.0   7548736.0 4866920.9 15379136.0  560800.8  51392.0 51210.1     72    2.191   0      0.000    2.191
69952.0 70400.0 64101.3  0.0   7548736.0 6051838.0 15379136.0  560800.8  51392.0 51210.1     72    2.191   0      0.000    2.191
69952.0 70400.0 64101.3  0.0   7548736.0 7143382.4 15379136.0  560800.8  51392.0 51210.1     72    2.191   0      0.000    2.191
70912.0 52160.0  0.0   52142.9 7548736.0 409091.7 15379136.0  576061.7  51392.0 51210.1     73    2.216   0      0.000    2.216
70912.0 52160.0  0.0   52142.9 7548736.0 1851563.0 15379136.0  576061.7  51392.0 51210.1     73    2.216   0      0.000    2.216
70912.0 52160.0  0.0   52142.9 7548736.0 2973372.8 15379136.0  576061.7  51392.0 51210.1     73    2.216   0      0.000    2.216
70912.0 52160.0  0.0   52142.9 7548736.0 3891297.4 15379136.0  576061.7  51392.0 51210.1     73    2.216   0      0.000    2.216
70912.0 52160.0  0.0   52142.9 7548736.0 4295670.0 15379136.0  576061.7  51392.0 51210.1     73    2.216   0      0.000    2.216
70912.0 52160.0  0.0   52142.9 7548736.0 6159802.1 15379136.0  576061.7  51392.0 51210.1     73    2.216   0      0.000    2.216
70912.0 70912.0 53598.7  0.0   7547712.0 462080.7 15379136.0  587267.9  51392.0 51210.1     74    2.240   0      0.000    2.240
70912.0 70912.0 53598.7  0.0   7547712.0 2215728.5 15379136.0  587267.9  51392.0 51210.1     74    2.240   0      0.000    2.240
70912.0 70912.0 53598.7  0.0   7547712.0 4873274.4 15379136.0  587267.9  51392.0 51210.1     74    2.240   0      0.000    2.240
73344.0 38208.0  0.0   38179.4 7547712.0   0.0    15379136.0  606837.0  51392.0 51210.1     75    2.263   0      0.000    2.263
73344.0 38208.0  0.0   38179.4 7547712.0 2926070.0 15379136.0  606837.0  51392.0 51210.1     75    2.263   0      0.000    2.263
73344.0 38208.0  0.0   38179.4 7547712.0 3928362.6 15379136.0  606837.0  51392.0 51210.1     75    2.263   0      0.000    2.263
73344.0 38208.0  0.0   38179.4 7547712.0 4884921.4 15379136.0  606837.0  51392.0 51210.1     75    2.263   0      0.000    2.263
73344.0 38208.0  0.0   38179.4 7547712.0 6434955.5 15379136.0  606837.0  51392.0 51210.8     75    2.263   0      0.000    2.263
73344.0 73024.0 60779.9  0.0   7543168.0 458578.7 15379136.0  620145.1  51392.0 51210.8     76    2.288   0      0.000    2.288
73344.0 73024.0 60779.9  0.0   7543168.0 1821193.6 15379136.0  620145.1  51392.0 51211.9     76    2.288   0      0.000    2.288
73344.0 73024.0 60779.9  0.0   7543168.0 3329650.8 15379136.0  620145.1  51392.0 51211.9     76    2.288   0      0.000    2.288
73344.0 73024.0 60779.9  0.0   7543168.0 4572415.0 15379136.0  620145.1  51392.0 51211.9     76    2.288   0      0.000    2.288
73344.0 73024.0 60779.9  0.0   7543168.0 5875231.9 15379136.0  620145.1  51392.0 51211.9     76    2.288   0      0.000    2.288
73344.0 73024.0 60779.9  0.0   7543168.0 7192424.3 15379136.0  620145.1  51392.0 51211.9     76    2.288   0      0.000    2.288
72000.0 73024.0  0.0   54542.4 7543168.0 906799.3 15379136.0  636373.7  51392.0 51211.9     77    2.390   0      0.000    2.390
72000.0 73024.0  0.0   54542.4 7543168.0 2019326.2 15379136.0  636373.7  51392.0 51211.9     77    2.390   0      0.000    2.390
72000.0 73024.0  0.0   54542.4 7543168.0 3200045.9 15379136.0  636373.7  51392.0 51211.9     77    2.390   0      0.000    2.390
72000.0 73024.0  0.0   54542.4 7543168.0 4486949.0 15379136.0  636373.7  51392.0 51211.9     77    2.390   0      0.000    2.390
72000.0 73024.0  0.0   54542.4 7543168.0 5635208.6 15379136.0  636373.7  51392.0 51211.9     77    2.390   0      0.000    2.390
72000.0 73024.0  0.0   54542.4 7543168.0 6689816.5 15379136.0  636373.7  51392.0 51211.9     77    2.390   0      0.000    2.390
72000.0 72512.0 45643.5  0.0   7544512.0 338805.3 15379136.0  649390.5  51392.0 51211.9     78    2.422   0      0.000    2.422
72000.0 72512.0 45643.5  0.0   7544512.0 1350832.6 15379136.0  649390.5  51392.0 51212.8     78    2.422   0      0.000    2.422
72000.0 72512.0 45643.5  0.0   7544512.0 2270793.6 15379136.0  649390.5  51392.0 51212.8     78    2.422   0      0.000    2.422
72000.0 72512.0 45643.5  0.0   7544512.0 3642296.9 15379136.0  649390.5  51392.0 51213.2     78    2.422   0      0.000    2.422
72000.0 72512.0 45643.5  0.0   7544512.0 4673176.9 15379136.0  649390.5  51392.0 51213.6     78    2.422   0      0.000    2.422
72000.0 72512.0 45643.5  0.0   7544512.0 5971343.5 15379136.0  649390.5  51392.0 51213.6     78    2.422   0      0.000    2.422
72000.0 72512.0 45643.5  0.0   7544512.0 6948450.9 15379136.0  649390.5  51392.0 51213.6     78    2.422   0      0.000    2.422
71488.0 72512.0  0.0   52377.6 7544512.0 921493.2 15379136.0  657198.4  51392.0 51213.6     79    2.447   0      0.000    2.447
71488.0 72512.0  0.0   52377.6 7544512.0 2547517.1 15379136.0  657198.4  51392.0 51213.6     79    2.447   0      0.000    2.447
71488.0 72512.0  0.0   52377.6 7544512.0 4113864.2 15379136.0  657198.4  51392.0 51213.6     79    2.447   0      0.000    2.447
71488.0 72512.0  0.0   52377.6 7544512.0 5567611.5 15379136.0  657198.4  51392.0 51213.6     79    2.447   0      0.000    2.447
71488.0 72512.0  0.0   52377.6 7544512.0 6893451.0 15379136.0  657198.4  51392.0 51213.6     79    2.447   0      0.000    2.447
71488.0 70144.0 54299.3  0.0   7547904.0 1100114.8 15379136.0  671342.6  51392.0 51213.8     80    2.519   0      0.000    2.519
71488.0 70144.0 54299.3  0.0   7547904.0 2782747.7 15379136.0  671342.6  51392.0 51213.8     80    2.519   0      0.000    2.519
71488.0 70144.0 54299.3  0.0   7547904.0 3849950.9 15379136.0  671342.6  51392.0 51213.8     80    2.519   0      0.000    2.519
71488.0 70144.0 54299.3  0.0   7547904.0 5055376.3 15379136.0  671342.6  51392.0 51213.8     80    2.519   0      0.000    2.519
71488.0 70144.0 54299.3  0.0   7547904.0 6405011.2 15379136.0  671342.6  51392.0 51213.8     80    2.519   0      0.000    2.519
71488.0 70144.0 54299.3  0.0   7547904.0 7527990.8 15379136.0  671342.6  51392.0 51213.8     80    2.519   0      0.000    2.519
70080.0 70144.0  0.0   59237.1 7547904.0 1476518.5 15379136.0  685103.9  51392.0 51213.8     81    2.548   0      0.000    2.548
70080.0 70144.0  0.0   59237.1 7547904.0 3206522.9 15379136.0  685103.9  51392.0 51213.8     81    2.548   0      0.000    2.548
70080.0 70144.0  0.0   59237.1 7547904.0 4247612.3 15379136.0  685103.9  51392.0 51214.3     81    2.548   0      0.000    2.548
70080.0 70144.0  0.0   59237.1 7547904.0 5271349.3 15379136.0  685103.9  51392.0 51214.3     81    2.548   0      0.000    2.548
70080.0 70144.0  0.0   59237.1 7547904.0 6388272.1 15379136.0  685103.9  51392.0 51214.3     81    2.548   0      0.000    2.548
70080.0 69056.0 57091.9  0.0   7550400.0 275737.1 15379136.0  697253.9  51392.0 51214.3     82    2.622   0      0.000    2.622
70080.0 69056.0 57091.9  0.0   7550400.0 1604255.1 15379136.0  697253.9  51392.0 51214.3     82    2.622   0      0.000    2.622
70080.0 69056.0 57091.9  0.0   7550400.0 3002624.3 15379136.0  697253.9  51392.0 51214.3     82    2.622   0      0.000    2.622
70080.0 69056.0 57091.9  0.0   7550400.0 3735784.1 15379136.0  697253.9  51392.0 51214.3     82    2.622   0      0.000    2.622
70080.0 69056.0 57091.9  0.0   7550400.0 5350118.1 15379136.0  697253.9  51392.0 51214.3     82    2.622   0      0.000    2.622
70080.0 69056.0 57091.9  0.0   7550400.0 6975776.5 15379136.0  697253.9  51392.0 51214.3     82    2.622   0      0.000    2.622
68096.0 69056.0  0.0   54067.4 7550400.0 881669.7 15379136.0  708353.8  51392.0 51215.9     83    2.654   0      0.000    2.654
68096.0 69056.0  0.0   54067.4 7550400.0 2111136.5 15379136.0  708353.8  51392.0 51215.9     83    2.654   0      0.000    2.654
68096.0 69056.0  0.0   54067.4 7550400.0 3211447.1 15379136.0  708353.8  51392.0 51215.9     83    2.654   0      0.000    2.654
68096.0 69056.0  0.0   54067.4 7550400.0 4267915.9 15379136.0  708353.8  51392.0 51216.1     83    2.654   0      0.000    2.654
68096.0 69056.0  0.0   54067.4 7550400.0 5660637.8 15379136.0  708353.8  51392.0 51216.1     83    2.654   0      0.000    2.654
68096.0 69056.0  0.0   54067.4 7550400.0 6682205.0 15379136.0  708353.8  51392.0 51216.1     83    2.654   0      0.000    2.654
68096.0 69888.0 63988.8  0.0   7549760.0 285102.3 15379136.0  715917.8  51392.0 51216.1     84    2.683   0      0.000    2.683
68096.0 69888.0 63988.8  0.0   7549760.0 1485241.9 15379136.0  715917.8  51392.0 51216.1     84    2.683   0      0.000    2.683
68096.0 69888.0 63988.8  0.0   7549760.0 2812627.5 15379136.0  715917.8  51392.0 51216.6     84    2.683   0      0.000    2.683
68096.0 69888.0 63988.8  0.0   7549760.0 4252899.2 15379136.0  715917.8  51392.0 51216.6     84    2.683   0      0.000    2.683
68096.0 69888.0 63988.8  0.0   7549760.0 5533060.0 15379136.0  715917.8  51392.0 51216.6     84    2.683   0      0.000    2.683
68096.0 69888.0 63988.8  0.0   7549760.0 7136593.2 15379136.0  715917.8  51392.0 51216.6     84    2.683   0      0.000    2.683
70272.0 61184.0  0.0   61178.5 7549760.0 942877.0 15379136.0  734065.6  51392.0 51216.6     85    2.723   0      0.000    2.723
70272.0 61184.0  0.0   61178.5 7549760.0 2556564.1 15379136.0  734065.6  51392.0 51216.6     85    2.723   0      0.000    2.723
70272.0 61184.0  0.0   61178.5 7549760.0 4069875.8 15379136.0  734065.6  51392.0 51216.6     85    2.723   0      0.000    2.723
70272.0 61184.0  0.0   61178.5 7549760.0 5456998.4 15379136.0  734065.6  51392.0 51216.6     85    2.723   0      0.000    2.723
70272.0 61184.0  0.0   61178.5 7549760.0 7103636.7 15379136.0  734065.6  51392.0 51216.6     85    2.723   0      0.000    2.723
70272.0 69184.0 55615.6  0.0   7550080.0 984377.8 15379136.0  744958.8  51392.0 51216.6     86    2.795   0      0.000    2.795
70272.0 69184.0 55615.6  0.0   7550080.0 2362867.1 15379136.0  744958.8  51392.0 51216.6     86    2.795   0      0.000    2.795
70272.0 69184.0 55615.6  0.0   7550080.0 3876517.4 15379136.0  744958.8  51392.0 51216.6     86    2.795   0      0.000    2.795
70272.0 69184.0 55615.6  0.0   7550080.0 5497709.6 15379136.0  744958.8  51392.0 51216.6     86    2.795   0      0.000    2.795
70272.0 69184.0 55615.6  0.0   7550080.0 7041482.3 15379136.0  744958.8  51392.0 51216.6     86    2.795   0      0.000    2.795
68672.0 69184.0  0.0   52961.3 7550080.0 503857.7 15379136.0  751131.3  51392.0 51217.2     87    2.820   0      0.000    2.820
68672.0 69184.0  0.0   52961.3 7550080.0 1841676.8 15379136.0  751131.3  51392.0 51217.6     87    2.820   0      0.000    2.820
68672.0 69184.0  0.0   52961.3 7550080.0 3013634.5 15379136.0  751131.3  51392.0 51217.6     87    2.820   0      0.000    2.820
68672.0 69184.0  0.0   52961.3 7550080.0 4335562.1 15379136.0  751131.3  51392.0 51218.0     87    2.820   0      0.000    2.820
68672.0 69184.0  0.0   52961.3 7550080.0 5912916.5 15379136.0  751131.3  51392.0 51218.0     87    2.820   0      0.000    2.820
68672.0 67840.0 57664.3  0.0   7553024.0 177465.0 15379136.0  763986.1  51392.0 51218.0     88    2.847   0      0.000    2.847
68672.0 67840.0 57664.3  0.0   7553024.0 1355484.0 15379136.0  763986.1  51392.0 51218.0     88    2.847   0      0.000    2.847
68672.0 67840.0 57664.3  0.0   7553024.0 2918821.8 15379136.0  763986.1  51392.0 51218.0     88    2.847   0      0.000    2.847
68672.0 67840.0 57664.3  0.0   7553024.0 4720054.5 15379136.0  763986.1  51392.0 51218.4     88    2.847   0      0.000    2.847
68672.0 67840.0 57664.3  0.0   7553024.0 6077736.5 15379136.0  763986.1  51392.0 51218.4     88    2.847   0      0.000    2.847
68672.0 67840.0 57664.3  0.0   7553024.0 7372790.2 15379136.0  763986.1  51392.0 51218.4     88    2.847   0      0.000    2.847
68416.0 67840.0  0.0   61217.8 7553024.0 1176022.0 15379136.0  778789.8  51392.0 51218.4     89    2.876   0      0.000    2.876
68416.0 67840.0  0.0   61217.8 7553024.0 2391287.9 15379136.0  778789.8  51392.0 51218.4     89    2.876   0      0.000    2.876
68416.0 67840.0  0.0   61217.8 7553024.0 3784636.0 15379136.0  778789.8  51392.0 51218.4     89    2.876   0      0.000    2.876
68416.0 67840.0  0.0   61217.8 7553024.0 4856320.6 15379136.0  778789.8  51392.0 51218.4     89    2.876   0      0.000    2.876
68416.0 67840.0  0.0   61217.8 7553024.0 6052580.6 15379136.0  778789.8  51392.0 51218.4     89    2.876   0      0.000    2.876
68416.0 67840.0  0.0   61217.8 7553024.0 6945490.1 15379136.0  778789.8  51392.0 51218.4     89    2.876   0      0.000    2.876
68416.0 68224.0 51691.1  0.0   7552896.0 668428.6 15379136.0  794381.1  51392.0 51218.4     90    2.954   0      0.000    2.954
68416.0 68224.0 51691.1  0.0   7552896.0 1747098.1 15379136.0  794381.1  51392.0 51218.4     90    2.954   0      0.000    2.954
68416.0 68224.0 51691.1  0.0   7552896.0 2672401.3 15379136.0  794381.1  51392.0 51218.5     90    2.954   0      0.000    2.954
68416.0 68224.0 51691.1  0.0   7552896.0 4081431.4 15379136.0  794381.1  51392.0 51218.9     90    2.954   0      0.000    2.954
68416.0 68224.0 51691.1  0.0   7552896.0 5144703.9 15379136.0  794381.1  51392.0 51218.9     90    2.954   0      0.000    2.954
68416.0 68224.0 51691.1  0.0   7552896.0 6537893.0 15379136.0  794381.1  51392.0 51218.9     90    2.954   0      0.000    2.954
68352.0 68224.0  0.0   60001.5 7552896.0 319463.5 15379136.0  799544.9  51392.0 51218.9     91    3.025   0      0.000    3.025
68352.0 68224.0  0.0   60001.5 7552896.0 1655848.4 15379136.0  799544.9  51392.0 51218.9     91    3.025   0      0.000    3.025
68352.0 68224.0  0.0   60001.5 7552896.0 3248171.1 15379136.0  799544.9  51392.0 51220.1     91    3.025   0      0.000    3.025
68352.0 68224.0  0.0   60001.5 7552896.0 4526533.3 15379136.0  799544.9  51392.0 51221.3     91    3.025   0      0.000    3.025
68352.0 68224.0  0.0   60001.5 7552896.0 5789115.0 15379136.0  799544.9  51392.0 51221.3     91    3.025   0      0.000    3.025
68352.0 68224.0  0.0   60001.5 7552896.0 6887790.8 15379136.0  799544.9  51392.0 51221.3     91    3.025   0      0.000    3.025
68352.0 67328.0 56230.0  0.0   7553856.0 987994.6 15379136.0  818199.3  51392.0 51221.3     92    3.065   0      0.000    3.065
68352.0 67328.0 56230.0  0.0   7553856.0 2285864.7 15379136.0  818199.3  51392.0 51221.3     92    3.065   0      0.000    3.065
68352.0 67328.0 56230.0  0.0   7553856.0 3871782.2 15379136.0  818199.3  51392.0 51221.3     92    3.065   0      0.000    3.065
68352.0 67328.0 56230.0  0.0   7553856.0 5070136.9 15379136.0  818199.3  51392.0 51221.3     92    3.065   0      0.000    3.065
68352.0 67328.0 56230.0  0.0   7553856.0 6983671.2 15379136.0  818199.3  51392.0 51221.3     92    3.065   0      0.000    3.065
66752.0 67328.0  0.0   54131.0 7553856.0 789603.4 15379136.0  832548.1  51392.0 51221.3     93    3.091   0      0.000    3.091
66752.0 67328.0  0.0   54131.0 7553856.0 1995622.4 15379136.0  832548.1  51392.0 51221.3     93    3.091   0      0.000    3.091
66752.0 67328.0  0.0   54131.0 7553856.0 3058093.1 15379136.0  832548.1  51392.0 51221.3     93    3.091   0      0.000    3.091
66752.0 67328.0  0.0   54131.0 7553856.0 4197826.2 15379136.0  832548.1  51392.0 51221.3     93    3.091   0      0.000    3.091
66752.0 67328.0  0.0   54131.0 7553856.0 5218401.2 15379136.0  832548.1  51392.0 51221.3     93    3.091   0      0.000    3.091
66752.0 67328.0  0.0   54131.0 7553856.0 6134222.7 15379136.0  832548.1  51392.0 51221.3     93    3.091   0      0.000    3.091
66752.0 67328.0  0.0   54131.0 7553856.0 6912137.2 15379136.0  832548.1  51392.0 51221.3     93    3.091   0      0.000    3.091
66752.0 66816.0 59586.5  0.0   7555904.0   0.0    15379136.0  836477.2  51392.0 51221.3     94    3.115   0      0.000    3.115
66752.0 66816.0 59586.5  0.0   7555904.0 1023308.8 15379136.0  836477.2  51392.0 51221.3     94    3.115   0      0.000    3.115
66752.0 66816.0 59586.5  0.0   7555904.0 1938446.6 15379136.0  836477.2  51392.0 51221.3     94    3.115   0      0.000    3.115
66752.0 66816.0 59586.5  0.0   7555904.0 2997177.2 15379136.0  836477.2  51392.0 51221.3     94    3.115   0      0.000    3.115
66752.0 66816.0 59586.5  0.0   7555904.0 4108478.8 15379136.0  836477.2  51392.0 51221.3     94    3.115   0      0.000    3.115
66752.0 66816.0 59586.5  0.0   7555904.0 5428775.4 15379136.0  836477.2  51392.0 51221.3     94    3.115   0      0.000    3.115
66752.0 66816.0 59586.5  0.0   7555904.0 6807714.9 15379136.0  836477.2  51392.0 51221.3     94    3.115   0      0.000    3.115
69696.0 34176.0  0.0   34131.2 7555904.0 340214.9 15379136.0  842765.9  51392.0 51221.3     95    3.131   0      0.000    3.131
69696.0 34176.0  0.0   34131.2 7555904.0 554055.6 15379136.0  842765.9  51392.0 51221.3     95    3.131   0      0.000    3.131
69696.0 34176.0  0.0   34131.2 7555904.0 874475.0 15379136.0  842765.9  51392.0 51221.3     95    3.131   0      0.000    3.131
69696.0 34176.0  0.0   34131.2 7555904.0 984546.8 15379136.0  842765.9  51392.0 51221.3     95    3.131   0      0.000    3.131
69696.0 34176.0  0.0   34131.2 7555904.0 1133588.0 15379136.0  842765.9  51392.0 51221.3     95    3.131   0      0.000    3.131
69696.0 34176.0  0.0   34131.2 7555904.0 1339817.7 15379136.0  842765.9  51392.0 51221.3     95    3.131   0      0.000    3.131
69696.0 34176.0  0.0   34131.2 7555904.0 1457307.4 15379136.0  842765.9  51392.0 51221.3     95    3.131   0      0.000    3.131
69696.0 34176.0  0.0   34131.2 7555904.0 1567968.5 15379136.0  842765.9  51392.0 51221.3     95    3.131   0      0.000    3.131
69696.0 34176.0  0.0   34131.2 7555904.0 1679980.9 15379136.0  842765.9  51392.0 51221.3     95    3.131   0      0.000    3.131
69696.0 34176.0  0.0   34131.2 7555904.0 1773694.2 15379136.0  842765.9  51392.0 51221.3     95    3.131   0      0.000    3.131
69696.0 34176.0  0.0   34131.2 7555904.0 2021094.6 15379136.0  842765.9  51392.0 51221.3     95    3.131   0      0.000    3.131
69696.0 34176.0  0.0   34131.2 7555904.0 2283569.8 15379136.0  842765.9  51392.0 51221.3     95    3.131   0      0.000    3.131
69696.0 34176.0  0.0   34131.2 7555904.0 2537123.1 15379136.0  842765.9  51392.0 51221.3     95    3.131   0      0.000    3.131
69696.0 34176.0  0.0   34131.2 7555904.0 2782895.4 15379136.0  842765.9  51392.0 51221.3     95    3.131   0      0.000    3.131
69696.0 34176.0  0.0   34131.2 7555904.0 3046895.9 15379136.0  842765.9  51392.0 51221.3     95    3.131   0      0.000    3.131
69696.0 34176.0  0.0   34131.2 7555904.0 3342539.8 15379136.0  842765.9  51392.0 51221.3     95    3.131   0      0.000    3.131
69696.0 34176.0  0.0   34131.2 7555904.0 3626200.1 15379136.0  842765.9  51392.0 51221.3     95    3.131   0      0.000    3.131
69696.0 34176.0  0.0   34131.2 7555904.0 3885309.5 15379136.0  842765.9  51392.0 51221.3     95    3.131   0      0.000    3.131
69696.0 34176.0  0.0   34131.2 7555904.0 4250250.4 15379136.0  842765.9  51392.0 51221.4     95    3.131   0      0.000    3.131
69696.0 34176.0  0.0   34131.2 7555904.0 5041874.1 15379136.0  842765.9  51392.0 51221.4     95    3.131   0      0.000    3.131
69696.0 34176.0  0.0   34131.2 7555904.0 5238655.1 15379136.0  842765.9  51392.0 51221.4     95    3.131   0      0.000    3.131
69696.0 34176.0  0.0   34131.2 7555904.0 5317425.9 15379136.0  842765.9  51392.0 51221.4     95    3.131   0      0.000    3.131
69696.0 34176.0  0.0   34131.2 7555904.0 5607016.3 15379136.0  842765.9  51392.0 51221.4     95    3.131   0      0.000    3.131
69696.0 34176.0  0.0   34131.2 7555904.0 5661822.1 15379136.0  842765.9  51392.0 51221.4     95    3.131   0      0.000    3.131
69696.0 34176.0  0.0   34131.2 7555904.0 5706305.3 15379136.0  842765.9  51392.0 51221.4     95    3.131   0      0.000    3.131
69696.0 34176.0  0.0   34131.2 7555904.0 5840741.2 15379136.0  842765.9  51392.0 51221.4     95    3.131   0      0.000    3.131
69696.0 34176.0  0.0   34131.2 7555904.0 5879321.4 15379136.0  842765.9  51392.0 51221.4     95    3.131   0      0.000    3.131
69696.0 34176.0  0.0   34131.2 7555904.0 6005338.5 15379136.0  842765.9  51392.0 51221.4     95    3.131   0      0.000    3.131
69696.0 34176.0  0.0   34131.2 7555904.0 6078729.2 15379136.0  842765.9  51392.0 51221.4     95    3.131   0      0.000    3.131
69696.0 34176.0  0.0   34131.2 7555904.0 6190679.9 15379136.0  842765.9  51392.0 51221.4     95    3.131   0      0.000    3.131
69696.0 34176.0  0.0   34131.2 7555904.0 6401526.6 15379136.0  842765.9  51392.0 51221.4     95    3.131   0      0.000    3.131
69696.0 34176.0  0.0   34131.2 7555904.0 6616616.7 15379136.0  842765.9  51392.0 51221.6     95    3.131   0      0.000    3.131
69696.0 34176.0  0.0   34131.2 7555904.0 6773489.2 15379136.0  842765.9  51392.0 51221.6     95    3.131   0      0.000    3.131
69696.0 34176.0  0.0   34131.2 7555904.0 6897337.7 15379136.0  842765.9  51392.0 51221.8     95    3.131   0      0.000    3.131
69696.0 34176.0  0.0   34131.2 7555904.0 7134768.2 15379136.0  842765.9  51392.0 51221.8     95    3.131   0      0.000    3.131
69696.0 34176.0  0.0   34131.2 7555904.0 7236185.8 15379136.0  842765.9  51392.0 51221.8     95    3.131   0      0.000    3.131
69696.0 34176.0  0.0   34131.2 7555904.0 7395381.5 15379136.0  842765.9  51392.0 51221.8     95    3.131   0      0.000    3.131
69696.0 34176.0  0.0   34131.2 7555904.0 7435314.4 15379136.0  842765.9  51392.0 51221.8     95    3.131   0      0.000    3.131
69696.0 74752.0 16136.3  0.0   7540032.0 126077.5 15379136.0  843086.2  51392.0 51221.8     96    3.140   0      0.000    3.140
69696.0 74752.0 16136.3  0.0   7540032.0 268145.8 15379136.0  843086.2  51392.0 51222.2     96    3.140   0      0.000    3.140
69696.0 74752.0 16136.3  0.0   7540032.0 403581.3 15379136.0  843086.2  51392.0 51222.6     96    3.140   0      0.000    3.140
69696.0 74752.0 16136.3  0.0   7540032.0 587107.3 15379136.0  843086.2  51392.0 51222.6     96    3.140   0      0.000    3.140
69696.0 74752.0 16136.3  0.0   7540032.0 791775.1 15379136.0  843086.2  51392.0 51222.6     96    3.140   0      0.000    3.140
69696.0 74752.0 16136.3  0.0   7540032.0 1215100.0 15379136.0  843086.2  51392.0 51222.6     96    3.140   0      0.000    3.140
69696.0 74752.0 16136.3  0.0   7540032.0 1359325.9 15379136.0  843086.2  51392.0 51222.6     96    3.140   0      0.000    3.140
69696.0 74752.0 16136.3  0.0   7540032.0 1499258.7 15379136.0  843086.2  51392.0 51222.6     96    3.140   0      0.000    3.140
69696.0 74752.0 16136.3  0.0   7540032.0 1660154.8 15379136.0  843086.2  51392.0 51222.6     96    3.140   0      0.000    3.140
69696.0 74752.0 16136.3  0.0   7540032.0 1836679.0 15379136.0  843086.2  51392.0 51222.6     96    3.140   0      0.000    3.140
69696.0 74752.0 16136.3  0.0   7540032.0 2001646.7 15379136.0  843086.2  51392.0 51222.6     96    3.140   0      0.000    3.140
69696.0 74752.0 16136.3  0.0   7540032.0 2166489.3 15379136.0  843086.2  51392.0 51222.6     96    3.140   0      0.000    3.140
69696.0 74752.0 16136.3  0.0   7540032.0 2210456.5 15379136.0  843086.2  51392.0 51222.6     96    3.140   0      0.000    3.140
69696.0 74752.0 16136.3  0.0   7540032.0 2284967.9 15379136.0  843086.2  51392.0 51222.6     96    3.140   0      0.000    3.140
69696.0 74752.0 16136.3  0.0   7540032.0 2453100.6 15379136.0  843086.2  51392.0 51222.6     96    3.140   0      0.000    3.140
69696.0 74752.0 16136.3  0.0   7540032.0 2551896.6 15379136.0  843086.2  51392.0 51222.6     96    3.140   0      0.000    3.140
69696.0 74752.0 16136.3  0.0   7540032.0 2780683.6 15379136.0  843086.2  51392.0 51222.6     96    3.140   0      0.000    3.140
69696.0 74752.0 16136.3  0.0   7540032.0 2996904.2 15379136.0  843086.2  51392.0 51222.6     96    3.140   0      0.000    3.140
69696.0 74752.0 16136.3  0.0   7540032.0 3028832.9 15379136.0  843086.2  51392.0 51222.6     96    3.140   0      0.000    3.140
69696.0 74752.0 16136.3  0.0   7540032.0 3064037.7 15379136.0  843086.2  51392.0 51222.6     96    3.140   0      0.000    3.140
69696.0 74752.0 16136.3  0.0   7540032.0 3064397.7 15379136.0  843086.2  51392.0 51222.6     96    3.140   0      0.000    3.140
69696.0 74752.0 16136.3  0.0   7540032.0 3064680.8 15379136.0  843086.2  51392.0 51222.6     96    3.140   0      0.000    3.140
69696.0 74752.0 16136.3  0.0   7540032.0 3065003.2 15379136.0  843086.2  51392.0 51222.6     96    3.140   0      0.000    3.140
69696.0 74752.0 16136.3  0.0   7540032.0 3069881.0 15379136.0  843086.2  51392.0 51222.6     96    3.140   0      0.000    3.140
69696.0 74752.0 16136.3  0.0   7540032.0 3069901.3 15379136.0  843086.2  51392.0 51223.1     96    3.140   0      0.000    3.140
69696.0 74752.0 16136.3  0.0   7540032.0 3069944.8 15379136.0  843086.2  51392.0 51223.1     96    3.140   0      0.000    3.140
69696.0 74752.0 16136.3  0.0   7540032.0 3069966.8 15379136.0  843086.2  51392.0 51223.7     96    3.140   0      0.000    3.140
69696.0 74752.0 16136.3  0.0   7540032.0 3069983.9 15379136.0  843086.2  51392.0 51223.7     96    3.140   0      0.000    3.140
69696.0 74752.0 16136.3  0.0   7540032.0 3070006.1 15379136.0  843086.2  51392.0 51223.7     96    3.140   0      0.000    3.140
69696.0 74752.0 16136.3  0.0   7540032.0 3070025.5 15379136.0  843086.2  51392.0 51223.7     96    3.140   0      0.000    3.140
69696.0 74752.0 16136.3  0.0   7540032.0 3070085.9 15379136.0  843086.2  51392.0 51228.7     96    3.140   0      0.000    3.140
69696.0 74752.0 16136.3  0.0   7540032.0 3070107.9 15379136.0  843086.2  51392.0 51228.7     96    3.140   0      0.000    3.140
69696.0 74752.0 16136.3  0.0   7540032.0 3070125.6 15379136.0  843086.2  51392.0 51228.7     96    3.140   0      0.000    3.140
69696.0 74752.0 16136.3  0.0   7540032.0 3070145.2 15379136.0  843086.2  51392.0 51228.7     96    3.140   0      0.000    3.140
69696.0 74752.0 16136.3  0.0   7540032.0 3070164.7 15379136.0  843086.2  51392.0 51228.7     96    3.140   0      0.000    3.140
69696.0 74752.0 16136.3  0.0   7540032.0 3070211.1 15379136.0  843086.2  51392.0 51228.7     96    3.140   0      0.000    3.140
69696.0 74752.0 16136.3  0.0   7540032.0 3070228.1 15379136.0  843086.2  51392.0 51228.7     96    3.140   0      0.000    3.140
69696.0 74752.0 16136.3  0.0   7540032.0 3070250.5 15379136.0  843086.2  51392.0 51228.9     96    3.140   0      0.000    3.140
69696.0 74752.0 16136.3  0.0   7540032.0 3070272.0 15379136.0  843086.2  51392.0 51228.9     96    3.140   0      0.000    3.140
69696.0 74752.0 16136.3  0.0   7540032.0 3070291.6 15379136.0  843086.2  51392.0 51228.9     96    3.140   0      0.000    3.140
69696.0 74752.0 16136.3  0.0   7540032.0 3070341.8 15379136.0  843086.2  51392.0 51228.9     96    3.140   0      0.000    3.140
69696.0 74752.0 16136.3  0.0   7540032.0 3070355.0 15379136.0  843086.2  51392.0 51228.9     96    3.140   0      0.000    3.140
69696.0 74752.0 16136.3  0.0   7540032.0 3070374.5 15379136.0  843086.2  51392.0 51228.9     96    3.140   0      0.000    3.140
69696.0 74752.0 16136.3  0.0   7540032.0 3070396.5 15379136.0  843086.2  51392.0 51228.9     96    3.140   0      0.000    3.140
69696.0 74752.0 16136.3  0.0   7540032.0 3070416.0 15379136.0  843086.2  51392.0 51228.9     96    3.140   0      0.000    3.140
69696.0 74752.0 16136.3  0.0   7540032.0 3070459.4 15379136.0  843086.2  51392.0 51228.9     96    3.140   0      0.000    3.140
69696.0 74752.0 16136.3  0.0   7540032.0 3070478.9 15379136.0  843086.2  51392.0 51228.9     96    3.140   0      0.000    3.140
69696.0 74752.0 16136.3  0.0   7540032.0 3070500.9 15379136.0  843086.2  51392.0 51229.1     96    3.140   0      0.000    3.140
69696.0 74752.0 16136.3  0.0   7540032.0 3070522.6 15379136.0  843086.2  51392.0 51229.1     96    3.140   0      0.000    3.140
69696.0 74752.0 16136.3  0.0   7540032.0 3070538.2 15379136.0  843086.2  51392.0 51229.1     96    3.140   0      0.000    3.140
69696.0 74752.0 16136.3  0.0   7540032.0 3070585.7 15379136.0  843086.2  51392.0 51229.5     96    3.140   0      0.000    3.140
69696.0 74752.0 16136.3  0.0   7540032.0 3070602.7 15379136.0  843086.2  51392.0 51229.5     96    3.140   0      0.000    3.140
69696.0 74752.0 16136.3  0.0   7540032.0 3070627.0 15379136.0  843086.2  51392.0 51229.5     96    3.140   0      0.000    3.140
69696.0 74752.0 16136.3  0.0   7540032.0 3070646.6 15379136.0  843086.2  51392.0 51229.5     96    3.140   0      0.000    3.140
69696.0 74752.0 16136.3  0.0   7540032.0 3070668.2 15379136.0  843086.2  51392.0 51229.5     96    3.140   0      0.000    3.140
69696.0 74752.0 16136.3  0.0   7540032.0 3070714.6 15379136.0  843086.2  51392.0 51229.5     96    3.140   0      0.000    3.140
69696.0 74752.0 16136.3  0.0   7540032.0 3070733.6 15379136.0  843086.2  51392.0 51229.5     96    3.140   0      0.000    3.140
69696.0 74752.0 16136.3  0.0   7540032.0 3070752.0 15379136.0  843086.2  51392.0 51229.5     96    3.140   0      0.000    3.140
69696.0 74752.0 16136.3  0.0   7540032.0 3070771.5 15379136.0  843086.2  51392.0 51229.5     96    3.140   0      0.000    3.140
69696.0 74752.0 16136.3  0.0   7540032.0 3070791.0 15379136.0  843086.2  51392.0 51229.5     96    3.140   0      0.000    3.140
69696.0 74752.0 16136.3  0.0   7540032.0 3070839.1 15379136.0  843086.2  51392.0 51229.5     96    3.140   0      0.000    3.140
69696.0 74752.0 16136.3  0.0   7540032.0 3894306.6 15379136.0  843086.2  51392.0 51325.3     96    3.140   0      0.000    3.140
