 S0C    S1C    S0U    S1U      EC       EU        OC         OU       PC     PU    YGC     YGCT    FGC    FGCT     GCT   
961152.0 961152.0  0.0    0.0   5767232.0 115344.7 15379136.0    0.0     21248.0 2530.2      0    0.000   0      0.000    0.000
961152.0 961152.0  0.0    0.0   5767232.0 115344.7 15379136.0    0.0     21248.0 11990.8      0    0.000   0      0.000    0.000
961152.0 961152.0  0.0    0.0   5767232.0 230689.4 15379136.0    0.0     21248.0 18422.5      0    0.000   0      0.000    0.000
961152.0 961152.0  0.0    0.0   5767232.0 4152926.4 15379136.0    0.0     33920.0 33848.2      0    0.000   0      0.000    0.000
961152.0 961152.0  0.0    0.0   5767232.0 4152926.4 15379136.0    0.0     33920.0 33862.6      0    0.000   0      0.000    0.000
961152.0 961152.0  0.0    0.0   5767232.0 5767232.0 15379136.0    0.0     39872.0 39559.5      0    0.000   0      0.000    0.000
961152.0 961152.0  0.0   103153.8 5767232.0 1102884.0 15379136.0    0.0     48704.0 48690.9      1    0.075   0      0.000    0.075
961152.0 961152.0  0.0   103153.8 5767232.0 4231353.7 15379136.0    0.0     50240.0 50229.2      1    0.075   0      0.000    0.075
961152.0 961152.0 102205.7  0.0   5767232.0 2772417.6 15379136.0    0.0     50432.0 50369.8      2    0.143   0      0.000    0.143
961152.0 961152.0  0.0   105668.1 5767232.0 1430326.1 15379136.0    0.0     50432.0 50393.5      3    0.179   0      0.000    0.179
961152.0 961152.0  0.0   105668.1 5767232.0 5312980.7 15379136.0    0.0     50624.0 50493.0      3    0.179   0      0.000    0.179
961152.0 961152.0 104725.3  0.0   5767232.0 4167867.4 15379136.0    0.0     50624.0 50499.1      4    0.213   0      0.000    0.213
107904.0 961152.0  0.0   96758.0 5767232.0 2767879.7 15379136.0    0.0     50624.0 50500.2      5    0.246   0      0.000    0.246
107904.0 108416.0 104927.4  0.0   7472704.0 888487.7 15379136.0    0.0     50624.0 50500.2      6    0.316   0      0.000    0.316
107904.0 108416.0 104927.4  0.0   7472704.0 6348954.9 15379136.0    0.0     50624.0 50500.6      6    0.316   0      0.000    0.316
127552.0 13120.0  0.0   13079.9 7472704.0 3065982.5 15379136.0  90664.7   50624.0 50502.0      7    0.395   0      0.000    0.395
127552.0 13120.0  0.0   13079.9 7472704.0 7220896.6 15379136.0  90664.7   50624.0 50502.5      7    0.395   0      0.000    0.395
127552.0 137664.0 16203.4  0.0   7414208.0 3728488.6 15379136.0  90792.7   50624.0 50502.7      8    0.408   0      0.000    0.408
140736.0 30976.0  0.0   30939.9 7414208.0 100976.3 15379136.0  90848.7   50816.0 50771.5      9    0.426   0      0.000    0.426
140736.0 30976.0  0.0   30939.9 7414208.0 3608441.9 15379136.0  90848.7   51008.0 50819.4      9    0.426   0      0.000    0.426
140736.0 30976.0  0.0   30939.9 7414208.0 6459362.1 15379136.0  90848.7   51008.0 50822.4      9    0.426   0      0.000    0.426
140736.0 135808.0 66859.0  0.0   7412992.0 2370142.0 15379136.0  90888.7   51008.0 50862.6     10    0.460   0      0.000    0.460
140736.0 135808.0 66859.0  0.0   7412992.0 5330990.3 15379136.0  90888.7   51008.0 50886.3     10    0.460   0      0.000    0.460
136448.0 135808.0  0.0   35447.8 7412992.0 1436157.0 15379136.0  116044.5  51008.0 50890.7     11    0.500   0      0.000    0.500
136448.0 135808.0  0.0   35447.8 7412992.0 4999436.5 15379136.0  116044.5  51008.0 50890.7     11    0.500   0      0.000    0.500
136448.0 136960.0 29226.4  0.0   7415616.0 1286400.9 15379136.0  118351.2  51008.0 50892.0     12    0.511   0      0.000    0.511
136448.0 136960.0 29226.4  0.0   7415616.0 4865169.8 15379136.0  118351.2  51008.0 50898.8     12    0.511   0      0.000    0.511
135360.0 136960.0  0.0   35163.8 7415616.0 1142036.8 15379136.0  124618.4  51008.0 50898.8     13    0.528   0      0.000    0.528
135360.0 136960.0  0.0   35163.8 7415616.0 4600091.8 15379136.0  124618.4  51008.0 50919.5     13    0.528   0      0.000    0.528
135360.0 131840.0 42160.5  0.0   7422336.0 487190.6 15379136.0  131327.1  51008.0 50919.5     14    0.547   0      0.000    0.547
135360.0 131840.0 42160.5  0.0   7422336.0 3964446.9 15379136.0  131327.1  51008.0 50919.7     14    0.547   0      0.000    0.547
135360.0 131840.0 42160.5  0.0   7422336.0 7251680.4 15379136.0  131327.1  51008.0 50919.7     14    0.547   0      0.000    0.547
129216.0 131840.0  0.0   35821.7 7422336.0 3188392.0 15379136.0  140379.7  51008.0 50921.8     15    0.566   0      0.000    0.566
129216.0 131840.0  0.0   35821.7 7422336.0 6855932.7 15379136.0  140379.7  51008.0 50921.8     15    0.566   0      0.000    0.566
129216.0 125248.0 40954.6  0.0   7435072.0 3064962.5 15379136.0  142389.7  51008.0 50922.5     16    0.580   0      0.000    0.580
129216.0 125248.0 40954.6  0.0   7435072.0 6137704.6 15379136.0  142389.7  51008.0 50928.9     16    0.580   0      0.000    0.580
119488.0 125248.0  0.0   50993.9 7435072.0 1927819.0 15379136.0  149326.2  51008.0 50929.7     17    0.602   0      0.000    0.602
119488.0 125248.0  0.0   50993.9 7435072.0 5088299.2 15379136.0  149326.2  51008.0 50929.7     17    0.602   0      0.000    0.602
119488.0 125248.0  0.0   50993.9 7435072.0 6728952.5 15379136.0  149326.2  51008.0 50929.9     17    0.602   0      0.000    0.602
119488.0 114048.0 58822.5  0.0   7456000.0 479669.7 15379136.0  156752.0  51008.0 50929.9     18    0.622   0      0.000    0.622
119488.0 114048.0 58822.5  0.0   7456000.0 1637131.4 15379136.0  156752.0  51008.0 50930.4     18    0.622   0      0.000    0.622
119488.0 114048.0 58822.5  0.0   7456000.0 2675444.8 15379136.0  156752.0  51008.0 50930.5     18    0.622   0      0.000    0.622
119488.0 114048.0 58822.5  0.0   7456000.0 3854353.9 15379136.0  156752.0  51008.0 50930.8     18    0.622   0      0.000    0.622
119488.0 114048.0 58822.5  0.0   7456000.0 4990026.2 15379136.0  156752.0  51008.0 50930.8     18    0.622   0      0.000    0.622
119488.0 114048.0 58822.5  0.0   7456000.0 5949288.2 15379136.0  156752.0  51008.0 50930.8     18    0.622   0      0.000    0.622
119488.0 114048.0 58822.5  0.0   7456000.0 6688664.0 15379136.0  156752.0  51008.0 50931.5     18    0.622   0      0.000    0.622
119488.0 114048.0 58822.5  0.0   7456000.0 7389355.6 15379136.0  156752.0  51008.0 50932.1     18    0.622   0      0.000    0.622
111296.0 114048.0  0.0   64843.5 7456000.0 815804.3 15379136.0  159254.5  51008.0 50933.6     19    0.659   0      0.000    0.659
111296.0 114048.0  0.0   64843.5 7456000.0 1494375.7 15379136.0  159254.5  51008.0 50933.6     19    0.659   0      0.000    0.659
111296.0 114048.0  0.0   64843.5 7456000.0 2394890.2 15379136.0  159254.5  51008.0 50934.9     19    0.659   0      0.000    0.659
111296.0 114048.0  0.0   64843.5 7456000.0 3781622.2 15379136.0  159254.5  51008.0 50935.5     19    0.659   0      0.000    0.659
111296.0 114048.0  0.0   64843.5 7456000.0 5015563.2 15379136.0  159254.5  51008.0 50938.4     19    0.659   0      0.000    0.659
111296.0 114048.0  0.0   64843.5 7456000.0 5959042.0 15379136.0  159254.5  51008.0 50940.1     19    0.659   0      0.000    0.659
111296.0 114048.0  0.0   64843.5 7456000.0 7008485.9 15379136.0  159254.5  51008.0 50941.5     19    0.659   0      0.000    0.659
111296.0 109376.0 66894.9  0.0   7468864.0 335870.8 15379136.0  159278.5  51008.0 50942.4     20    0.678   0      0.000    0.678
111296.0 109376.0 66894.9  0.0   7468864.0 1337477.2 15379136.0  159278.5  51008.0 50944.5     20    0.678   0      0.000    0.678
111296.0 109376.0 66894.9  0.0   7468864.0 3092531.0 15379136.0  159278.5  51008.0 50945.3     20    0.678   0      0.000    0.678
111296.0 109376.0 66894.9  0.0   7468864.0 4209340.5 15379136.0  159278.5  51008.0 50945.3     20    0.678   0      0.000    0.678
111296.0 109376.0 66894.9  0.0   7468864.0 5506516.5 15379136.0  159278.5  51008.0 50945.3     20    0.678   0      0.000    0.678
111296.0 109376.0 66894.9  0.0   7468864.0 6563186.4 15379136.0  159278.5  51008.0 50949.7     20    0.678   0      0.000    0.678
111296.0 109376.0 66894.9  0.0   7468864.0 7374733.7 15379136.0  159278.5  51008.0 50950.3     20    0.678   0      0.000    0.678
107648.0 109376.0  0.0   67663.3 7468864.0 1288038.2 15379136.0  162827.5  51008.0 50951.4     21    0.709   0      0.000    0.709
107648.0 109376.0  0.0   67663.3 7468864.0 2390388.5 15379136.0  162827.5  51008.0 50951.4     21    0.709   0      0.000    0.709
107648.0 109376.0  0.0   67663.3 7468864.0 3442664.3 15379136.0  162827.5  51008.0 50958.3     21    0.709   0      0.000    0.709
107648.0 109376.0  0.0   67663.3 7468864.0 4429109.7 15379136.0  162827.5  51008.0 50958.8     21    0.709   0      0.000    0.709
107648.0 109376.0  0.0   67663.3 7468864.0 5388974.3 15379136.0  162827.5  51008.0 50959.2     21    0.709   0      0.000    0.709
107648.0 109376.0  0.0   67663.3 7468864.0 6063183.8 15379136.0  162827.5  51008.0 50959.2     21    0.709   0      0.000    0.709
107648.0 109376.0  0.0   67663.3 7468864.0 7020479.5 15379136.0  162827.5  51008.0 50959.2     21    0.709   0      0.000    0.709
107648.0 104768.0 48005.5  0.0   7477120.0 276956.4 15379136.0  178581.7  51008.0 50959.2     22    0.734   0      0.000    0.734
107648.0 104768.0 48005.5  0.0   7477120.0 1300455.0 15379136.0  178581.7  51008.0 50960.9     22    0.734   0      0.000    0.734
107648.0 104768.0 48005.5  0.0   7477120.0 2349049.0 15379136.0  178581.7  51008.0 50961.4     22    0.734   0      0.000    0.734
107648.0 104768.0 48005.5  0.0   7477120.0 3267236.5 15379136.0  178581.7  51008.0 50961.7     22    0.734   0      0.000    0.734
107648.0 104768.0 48005.5  0.0   7477120.0 4351137.0 15379136.0  178581.7  51008.0 50961.7     22    0.734   0      0.000    0.734
107648.0 104768.0 48005.5  0.0   7477120.0 5477246.9 15379136.0  178581.7  51008.0 50962.4     22    0.734   0      0.000    0.734
107648.0 104768.0 48005.5  0.0   7477120.0 6557772.8 15379136.0  178581.7  51008.0 50965.2     22    0.734   0      0.000    0.734
107648.0 104768.0 48005.5  0.0   7477120.0 7388554.9 15379136.0  178581.7  51008.0 50965.2     22    0.734   0      0.000    0.734
101312.0 104768.0  0.0   61378.2 7477120.0 1248859.8 15379136.0  181746.2  51008.0 50965.3     23    0.756   0      0.000    0.756
101312.0 104768.0  0.0   61378.2 7477120.0 2439617.7 15379136.0  181746.2  51008.0 50965.3     23    0.756   0      0.000    0.756
101312.0 104768.0  0.0   61378.2 7477120.0 3535237.5 15379136.0  181746.2  51008.0 50965.9     23    0.756   0      0.000    0.756
101312.0 104768.0  0.0   61378.2 7477120.0 4687994.1 15379136.0  181746.2  51008.0 50967.7     23    0.756   0      0.000    0.756
101312.0 104768.0  0.0   61378.2 7477120.0 6574930.8 15379136.0  181746.2  51008.0 50967.9     23    0.756   0      0.000    0.756
101312.0 104768.0  0.0   61378.2 7477120.0 7267249.9 15379136.0  181746.2  51008.0 50967.9     23    0.756   0      0.000    0.756
101312.0 100544.0 68046.5  0.0   7487680.0 1225828.0 15379136.0  188948.8  51008.0 50967.9     24    0.783   0      0.000    0.783
101312.0 100544.0 68046.5  0.0   7487680.0 2396538.9 15379136.0  188948.8  51008.0 50968.5     24    0.783   0      0.000    0.783
101312.0 100544.0 68046.5  0.0   7487680.0 3821743.3 15379136.0  188948.8  51008.0 50968.7     24    0.783   0      0.000    0.783
101312.0 100544.0 68046.5  0.0   7487680.0 4911594.3 15379136.0  188948.8  51008.0 50968.9     24    0.783   0      0.000    0.783
101312.0 100544.0 68046.5  0.0   7487680.0 6165273.5 15379136.0  188948.8  51008.0 50969.1     24    0.783   0      0.000    0.783
101312.0 100544.0 68046.5  0.0   7487680.0 7291854.1 15379136.0  188948.8  51008.0 50969.2     24    0.783   0      0.000    0.783
99328.0 100544.0  0.0   67331.4 7487680.0 1107360.4 15379136.0  196855.6  51008.0 50969.6     25    0.811   0      0.000    0.811
99328.0 100544.0  0.0   67331.4 7487680.0 3348584.1 15379136.0  196855.6  51008.0 50969.6     25    0.811   0      0.000    0.811
99328.0 100544.0  0.0   67331.4 7487680.0 4449135.8 15379136.0  196855.6  51008.0 50969.6     25    0.811   0      0.000    0.811
99328.0 100544.0  0.0   67331.4 7487680.0 5579498.8 15379136.0  196855.6  51008.0 50969.8     25    0.811   0      0.000    0.811
99328.0 100544.0  0.0   67331.4 7487680.0 6410480.2 15379136.0  196855.6  51008.0 50969.8     25    0.811   0      0.000    0.811
99328.0 100544.0  0.0   67331.4 7487680.0 7316124.9 15379136.0  196855.6  51008.0 50969.8     25    0.811   0      0.000    0.811
99328.0 98112.0 67638.0  0.0   7492096.0 793371.4 15379136.0  202884.7  51008.0 50969.8     26    0.835   0      0.000    0.835
99328.0 98112.0 67638.0  0.0   7492096.0 1340849.8 15379136.0  202884.7  51008.0 50969.9     26    0.835   0      0.000    0.835
99328.0 98112.0 67638.0  0.0   7492096.0 2549996.9 15379136.0  202884.7  51008.0 50971.9     26    0.835   0      0.000    0.835
99328.0 98112.0 67638.0  0.0   7492096.0 3952106.2 15379136.0  202884.7  51008.0 50972.5     26    0.835   0      0.000    0.835
99328.0 98112.0 67638.0  0.0   7492096.0 4931666.0 15379136.0  202884.7  51008.0 50972.5     26    0.835   0      0.000    0.835
99328.0 98112.0 67638.0  0.0   7492096.0 6827238.5 15379136.0  202884.7  51008.0 50972.5     26    0.835   0      0.000    0.835
97472.0 98112.0  0.0   69258.6 7492096.0 723168.5 15379136.0  208110.4  51008.0 50972.9     27    0.857   0      0.000    0.857
97472.0 98112.0  0.0   69258.6 7492096.0 1960790.4 15379136.0  208110.4  51008.0 50973.2     27    0.857   0      0.000    0.857
97472.0 98112.0  0.0   69258.6 7492096.0 2904105.0 15379136.0  208110.4  51008.0 50975.0     27    0.857   0      0.000    0.857
97472.0 98112.0  0.0   69258.6 7492096.0 3880028.6 15379136.0  208110.4  51008.0 50975.0     27    0.857   0      0.000    0.857
97472.0 98112.0  0.0   69258.6 7492096.0 4608036.7 15379136.0  208110.4  51008.0 50975.3     27    0.857   0      0.000    0.857
97472.0 98112.0  0.0   69258.6 7492096.0 5178326.8 15379136.0  208110.4  51008.0 50975.3     27    0.857   0      0.000    0.857
97472.0 98112.0  0.0   69258.6 7492096.0 5626230.0 15379136.0  208110.4  51008.0 50975.6     27    0.857   0      0.000    0.857
97472.0 98112.0  0.0   69258.6 7492096.0 6299262.0 15379136.0  208110.4  51008.0 50976.0     27    0.857   0      0.000    0.857
97472.0 98112.0  0.0   69258.6 7492096.0 6859049.9 15379136.0  208110.4  51008.0 50976.2     27    0.857   0      0.000    0.857
97472.0 94272.0 62840.0  0.0   7497792.0 194171.3 15379136.0  213879.8  51008.0 50976.4     28    0.878   0      0.000    0.878
97472.0 94272.0 62840.0  0.0   7497792.0 1039825.3 15379136.0  213879.8  51008.0 50977.2     28    0.878   0      0.000    0.878
97472.0 94272.0 62840.0  0.0   7497792.0 1925044.6 15379136.0  213879.8  51008.0 50977.2     28    0.878   0      0.000    0.878
97472.0 94272.0 62840.0  0.0   7497792.0 3958850.3 15379136.0  213879.8  51008.0 50980.7     28    0.878   0      0.000    0.878
97472.0 94272.0 62840.0  0.0   7497792.0 4484909.0 15379136.0  213879.8  51008.0 50980.7     28    0.878   0      0.000    0.878
97472.0 94272.0 62840.0  0.0   7497792.0 5495250.6 15379136.0  213879.8  51008.0 50980.8     28    0.878   0      0.000    0.878
97472.0 94272.0 62840.0  0.0   7497792.0 6218986.6 15379136.0  213879.8  51008.0 50981.0     28    0.878   0      0.000    0.878
97472.0 94272.0 62840.0  0.0   7497792.0 6760837.4 15379136.0  213879.8  51008.0 50981.0     28    0.878   0      0.000    0.878
97472.0 94272.0 62840.0  0.0   7497792.0 7208237.5 15379136.0  213879.8  51008.0 50981.0     28    0.878   0      0.000    0.878
91072.0 94272.0  0.0   62130.5 7497792.0 477461.3 15379136.0  213977.9  51008.0 50981.4     29    0.895   0      0.000    0.895
91072.0 94272.0  0.0   62130.5 7497792.0 2103470.0 15379136.0  213977.9  51008.0 50983.6     29    0.895   0      0.000    0.895
91072.0 94272.0  0.0   62130.5 7497792.0 3649621.9 15379136.0  213977.9  51008.0 50985.6     29    0.895   0      0.000    0.895
91072.0 94272.0  0.0   62130.5 7497792.0 5224485.1 15379136.0  213977.9  51008.0 50985.8     29    0.895   0      0.000    0.895
91072.0 94272.0  0.0   62130.5 7497792.0 6749230.3 15379136.0  213977.9  51008.0 50985.9     29    0.895   0      0.000    0.895
91072.0 89280.0 55705.6  0.0   7509184.0 703934.4 15379136.0  224405.4  51008.0 50985.9     30    0.915   0      0.000    0.915
91072.0 89280.0 55705.6  0.0   7509184.0 2014475.9 15379136.0  224405.4  51008.0 50987.5     30    0.915   0      0.000    0.915
91072.0 89280.0 55705.6  0.0   7509184.0 3230772.0 15379136.0  224405.4  51008.0 50991.7     30    0.915   0      0.000    0.915
91072.0 89280.0 55705.6  0.0   7509184.0 4745041.3 15379136.0  224405.4  51008.0 50992.6     30    0.915   0      0.000    0.915
91072.0 89280.0 55705.6  0.0   7509184.0 6216735.5 15379136.0  224405.4  51008.0 50992.6     30    0.915   0      0.000    0.915
87616.0 89280.0  0.0   54527.1 7509184.0 341471.4 15379136.0  235230.6  51008.0 50993.2     31    0.940   0      0.000    0.940
87616.0 89280.0  0.0   54527.1 7509184.0 1852534.8 15379136.0  235230.6  51008.0 50994.4     31    0.940   0      0.000    0.940
87616.0 89280.0  0.0   54527.1 7509184.0 3226848.4 15379136.0  235230.6  51008.0 50994.4     31    0.940   0      0.000    0.940
87616.0 89280.0  0.0   54527.1 7509184.0 4605574.0 15379136.0  235230.6  51008.0 50995.8     31    0.940   0      0.000    0.940
87616.0 89280.0  0.0   54527.1 7509184.0 5629960.4 15379136.0  235230.6  51008.0 50996.9     31    0.940   0      0.000    0.940
87616.0 89280.0  0.0   54527.1 7509184.0 6424058.8 15379136.0  235230.6  51008.0 50998.8     31    0.940   0      0.000    0.940
87616.0 85568.0 56905.0  0.0   7516352.0 468475.7 15379136.0  242508.8  51008.0 51000.9     32    0.962   0      0.000    0.962
87616.0 85568.0 56905.0  0.0   7516352.0 1842308.6 15379136.0  242508.8  51008.0 51001.1     32    0.962   0      0.000    0.962
87616.0 85568.0 56905.0  0.0   7516352.0 2862177.4 15379136.0  242508.8  51008.0 51001.1     32    0.962   0      0.000    0.962
87616.0 85568.0 56905.0  0.0   7516352.0 3723151.0 15379136.0  242508.8  51008.0 51001.5     32    0.962   0      0.000    0.962
87616.0 85568.0 56905.0  0.0   7516352.0 4553273.3 15379136.0  242508.8  51008.0 51002.1     32    0.962   0      0.000    0.962
87616.0 85568.0 56905.0  0.0   7516352.0 4553281.5 15379136.0  242508.8  51008.0 51002.5     32    0.962   0      0.000    0.962
87616.0 85568.0 56905.0  0.0   7516352.0 4553290.0 15379136.0  242508.8  51008.0 51004.4     32    0.962   0      0.000    0.962
87616.0 85568.0 56905.0  0.0   7516352.0 4553302.8 15379136.0  242508.8  51200.0 51008.5     32    0.962   0      0.000    0.962
87616.0 85568.0 56905.0  0.0   7516352.0 4553310.1 15379136.0  242508.8  51200.0 51011.2     32    0.962   0      0.000    0.962
87616.0 85568.0 56905.0  0.0   7516352.0 4553385.5 15379136.0  242508.8  51200.0 51011.5     32    0.962   0      0.000    0.962
87616.0 85568.0 56905.0  0.0   7516352.0 4553393.8 15379136.0  242508.8  51200.0 51011.5     32    0.962   0      0.000    0.962
87616.0 85568.0 56905.0  0.0   7516352.0 4553402.1 15379136.0  242508.8  51200.0 51011.5     32    0.962   0      0.000    0.962
87616.0 85568.0 56905.0  0.0   7516352.0 4553411.6 15379136.0  242508.8  51200.0 51011.5     32    0.962   0      0.000    0.962
87616.0 85568.0 56905.0  0.0   7516352.0 4553560.1 15379136.0  242508.8  51200.0 51011.5     32    0.962   0      0.000    0.962
87616.0 85568.0 56905.0  0.0   7516352.0 4553659.4 15379136.0  242508.8  51200.0 51013.0     32    0.962   0      0.000    0.962
87616.0 85568.0 56905.0  0.0   7516352.0 6141272.3 15379136.0  242508.8  51200.0 51016.4     32    0.962   0      0.000    0.962
85824.0 85568.0  0.0   44140.8 7516352.0 1708167.0 15379136.0  261633.9  51200.0 51016.4     33    0.991   0      0.000    0.991
85824.0 85568.0  0.0   44140.8 7516352.0 4230881.0 15379136.0  261633.9  51200.0 51016.6     33    0.991   0      0.000    0.991
85824.0 85568.0  0.0   44140.8 7516352.0 7122264.0 15379136.0  261633.9  51200.0 51016.6     33    0.991   0      0.000    0.991
85824.0 87488.0 32949.9  0.0   7514560.0 3208227.1 15379136.0  282722.0  51200.0 51016.6     34    1.017   0      0.000    1.017
85824.0 87488.0 32949.9  0.0   7514560.0 6783855.8 15379136.0  282722.0  51200.0 51016.6     34    1.017   0      0.000    1.017
87488.0 87488.0  0.0   37464.9 7514560.0 2930878.6 15379136.0  298967.0  51200.0 51016.6     35    1.041   0      0.000    1.041
87488.0 87488.0  0.0   37464.9 7514560.0 6192147.3 15379136.0  298967.0  51200.0 51016.8     35    1.041   0      0.000    1.041
87488.0 89600.0 22538.4  0.0   7510336.0 2109370.5 15379136.0  318641.4  51200.0 51017.0     36    1.217   0      0.000    1.217
87488.0 89600.0 22538.4  0.0   7510336.0 3851531.3 15379136.0  318641.4  51200.0 51017.3     36    1.217   0      0.000    1.217
87488.0 89600.0 22538.4  0.0   7510336.0 5214169.7 15379136.0  318641.4  51200.0 51017.3     36    1.217   0      0.000    1.217
87488.0 89600.0 22538.4  0.0   7510336.0 6561329.7 15379136.0  318641.4  51200.0 51017.3     36    1.217   0      0.000    1.217
86912.0 89600.0  0.0   54319.3 7510336.0 527795.9 15379136.0  321819.2  51200.0 51018.0     37    1.233   0      0.000    1.233
86912.0 89600.0  0.0   54319.3 7510336.0 1961364.8 15379136.0  321819.2  51200.0 51018.0     37    1.233   0      0.000    1.233
86912.0 89600.0  0.0   54319.3 7510336.0 3355289.6 15379136.0  321819.2  51200.0 51020.8     37    1.233   0      0.000    1.233
86912.0 89600.0  0.0   54319.3 7510336.0 4988463.4 15379136.0  321819.2  51200.0 51021.8     37    1.233   0      0.000    1.233
86912.0 89600.0  0.0   54319.3 7510336.0 6527493.8 15379136.0  321819.2  51200.0 51021.8     37    1.233   0      0.000    1.233
86912.0 89536.0 68063.1  0.0   7510464.0 669524.0 15379136.0  326139.0  51200.0 51021.8     38    1.290   0      0.000    1.290
86912.0 89536.0 68063.1  0.0   7510464.0 2092527.8 15379136.0  326139.0  51200.0 51022.2     38    1.290   0      0.000    1.290
86912.0 89536.0 68063.1  0.0   7510464.0 3115374.1 15379136.0  326139.0  51200.0 51023.6     38    1.290   0      0.000    1.290
86912.0 89536.0 68063.1  0.0   7510464.0 3519966.0 15379136.0  326139.0  51200.0 51023.6     38    1.290   0      0.000    1.290
86912.0 89536.0 68063.1  0.0   7510464.0 4308045.4 15379136.0  326139.0  51200.0 51023.6     38    1.290   0      0.000    1.290
86912.0 89536.0 68063.1  0.0   7510464.0 4918501.1 15379136.0  326139.0  51200.0 51023.6     38    1.290   0      0.000    1.290
86912.0 89536.0 68063.1  0.0   7510464.0 5803815.8 15379136.0  326139.0  51200.0 51023.6     38    1.290   0      0.000    1.290
86912.0 89536.0 68063.1  0.0   7510464.0 6629766.2 15379136.0  326139.0  51200.0 51023.8     38    1.290   0      0.000    1.290
86592.0 89536.0  0.0   54903.9 7510464.0 327590.9 15379136.0  340378.1  51200.0 51023.8     39    1.402   0      0.000    1.402
86592.0 89536.0  0.0   54903.9 7510464.0 1564841.3 15379136.0  340378.1  51200.0 51023.8     39    1.402   0      0.000    1.402
86592.0 89536.0  0.0   54903.9 7510464.0 2882962.8 15379136.0  340378.1  51200.0 51023.8     39    1.402   0      0.000    1.402
86592.0 89536.0  0.0   54903.9 7510464.0 3815889.6 15379136.0  340378.1  51200.0 51024.2     39    1.402   0      0.000    1.402
86592.0 89536.0  0.0   54903.9 7510464.0 5019590.5 15379136.0  340378.1  51200.0 51029.2     39    1.402   0      0.000    1.402
86592.0 89536.0  0.0   54903.9 7510464.0 6140657.1 15379136.0  340378.1  51200.0 51029.2     39    1.402   0      0.000    1.402
86592.0 89536.0  0.0   54903.9 7510464.0 7116895.8 15379136.0  340378.1  51200.0 51029.8     39    1.402   0      0.000    1.402
86592.0 87360.0 64408.9  0.0   7514816.0 888390.1 15379136.0  345871.9  51200.0 51041.7     40    1.427   0      0.000    1.427
86592.0 87360.0 64408.9  0.0   7514816.0 2218546.5 15379136.0  345871.9  51200.0 51110.1     40    1.427   0      0.000    1.427
86592.0 87360.0 64408.9  0.0   7514816.0 3387027.2 15379136.0  345871.9  51200.0 51110.1     40    1.427   0      0.000    1.427
86592.0 87360.0 64408.9  0.0   7514816.0 4245592.6 15379136.0  345871.9  51200.0 51110.1     40    1.427   0      0.000    1.427
86592.0 87360.0 64408.9  0.0   7514816.0 5519277.2 15379136.0  345871.9  51200.0 51111.1     40    1.427   0      0.000    1.427
86592.0 87360.0 64408.9  0.0   7514816.0 6565283.8 15379136.0  345871.9  51200.0 51112.3     40    1.427   0      0.000    1.427
86592.0 87360.0 64408.9 49109.6 7514816.0 7514816.0 15379136.0  364550.4  51200.0 51112.3     41    1.427   0      0.000    1.427
84800.0 87360.0  0.0   50065.5 7514816.0 430344.2 15379136.0  366374.0  51200.0 51112.3     41    1.587   0      0.000    1.587
84800.0 87360.0  0.0   50065.5 7514816.0 1431070.0 15379136.0  366374.0  51200.0 51112.3     41    1.587   0      0.000    1.587
84800.0 87360.0  0.0   50065.5 7514816.0 2119009.5 15379136.0  366374.0  51200.0 51112.3     41    1.587   0      0.000    1.587
84800.0 87360.0  0.0   50065.5 7514816.0 2760526.6 15379136.0  366374.0  51200.0 51112.3     41    1.587   0      0.000    1.587
84800.0 87360.0  0.0   50065.5 7514816.0 3856553.4 15379136.0  366374.0  51200.0 51114.4     41    1.587   0      0.000    1.587
84800.0 87360.0  0.0   50065.5 7514816.0 6369137.5 15379136.0  366374.0  51200.0 51114.6     41    1.587   0      0.000    1.587
84800.0 84096.0 60362.9  0.0   7520640.0 461182.1 15379136.0  369514.2  51200.0 51114.6     42    1.607   0      0.000    1.607
84800.0 84096.0 60362.9  0.0   7520640.0 1772445.5 15379136.0  369514.2  51200.0 51114.6     42    1.607   0      0.000    1.607
84800.0 84096.0 60362.9  0.0   7520640.0 3084209.8 15379136.0  369514.2  51200.0 51114.6     42    1.607   0      0.000    1.607
84800.0 84096.0 60362.9  0.0   7520640.0 4380363.4 15379136.0  369514.2  51200.0 51114.6     42    1.607   0      0.000    1.607
84800.0 84096.0 60362.9  0.0   7520640.0 5491224.1 15379136.0  369514.2  51200.0 51114.6     42    1.607   0      0.000    1.607
84800.0 84096.0 60362.9  0.0   7520640.0 6107972.8 15379136.0  369514.2  51200.0 51114.6     42    1.607   0      0.000    1.607
84800.0 84096.0 60362.9  0.0   7520640.0 6108004.7 15379136.0  369514.2  51200.0 51114.6     42    1.607   0      0.000    1.607
84800.0 84096.0 60362.9  0.0   7520640.0 6108024.0 15379136.0  369514.2  51200.0 51114.6     42    1.607   0      0.000    1.607
84800.0 84096.0 60362.9  0.0   7520640.0 6108132.4 15379136.0  369514.2  51200.0 51114.6     42    1.607   0      0.000    1.607
84800.0 84096.0 60362.9  0.0   7520640.0 6108149.5 15379136.0  369514.2  51200.0 51114.6     42    1.607   0      0.000    1.607
84800.0 84096.0 60362.9  0.0   7520640.0 7109024.8 15379136.0  369514.2  51200.0 51114.6     42    1.607   0      0.000    1.607
82368.0 84096.0  0.0   47279.9 7520640.0 2957507.4 15379136.0  380640.0  51200.0 51114.6     43    1.628   0      0.000    1.628
82368.0 84096.0  0.0   47279.9 7520640.0 6374468.1 15379136.0  380640.0  51200.0 51115.4     43    1.628   0      0.000    1.628
82368.0 82624.0 35621.1  0.0   7524288.0 2255933.6 15379136.0  401942.4  51200.0 51115.4     44    1.751   0      0.000    1.751
82368.0 82624.0 35621.1  0.0   7524288.0 6035655.2 15379136.0  401942.4  51200.0 51115.4     44    1.751   0      0.000    1.751
83200.0 30848.0  0.0   30788.6 7524288.0 2071988.6 15379136.0  412656.1  51200.0 51115.4     45    1.839   0      0.000    1.839
83200.0 30848.0  0.0   30788.6 7524288.0 5629192.2 15379136.0  412656.1  51200.0 51115.5     45    1.839   0      0.000    1.839
83200.0 84224.0 24090.3  0.0   7521088.0 998762.7 15379136.0  425746.1  51200.0 51125.2     46    1.982   0      0.000    1.982
83200.0 84224.0 24090.3  0.0   7521088.0 2521085.6 15379136.0  425746.1  51200.0 51125.2     46    1.982   0      0.000    1.982
83200.0 84224.0 24090.3  0.0   7521088.0 3988472.5 15379136.0  425746.1  51200.0 51125.2     46    1.982   0      0.000    1.982
83200.0 84224.0 24090.3  0.0   7521088.0 5397328.0 15379136.0  425746.1  51200.0 51125.2     46    1.982   0      0.000    1.982
83200.0 84224.0 24090.3  0.0   7521088.0 7025892.4 15379136.0  425746.1  51200.0 51125.2     46    1.982   0      0.000    1.982
83584.0 84224.0  0.0   55449.4 7521088.0 803915.4 15379136.0  439417.1  51200.0 51125.2     47    2.134   0      0.000    2.134
83584.0 84224.0  0.0   55449.4 7521088.0 1743212.2 15379136.0  439417.1  51200.0 51125.2     47    2.134   0      0.000    2.134
83584.0 84224.0  0.0   55449.4 7521088.0 2665188.8 15379136.0  439417.1  51200.0 51125.2     47    2.134   0      0.000    2.134
83584.0 84224.0  0.0   55449.4 7521088.0 3787373.9 15379136.0  439417.1  51200.0 51125.2     47    2.134   0      0.000    2.134
83584.0 84224.0  0.0   55449.4 7521088.0 4781391.9 15379136.0  439417.1  51200.0 51125.2     47    2.134   0      0.000    2.134
83584.0 84224.0  0.0   55449.4 7521088.0 5959210.5 15379136.0  439417.1  51200.0 51125.2     47    2.134   0      0.000    2.134
83584.0 84224.0  0.0   55449.4 7521088.0 7212128.8 15379136.0  439417.1  51200.0 51125.2     47    2.134   0      0.000    2.134
83584.0 84480.0 60104.2  0.0   7520576.0 1046953.4 15379136.0  441141.3  51200.0 51125.2     48    2.151   0      0.000    2.151
83584.0 84480.0 60104.2  0.0   7520576.0 2360907.2 15379136.0  441141.3  51200.0 51125.2     48    2.151   0      0.000    2.151
83584.0 84480.0 60104.2  0.0   7520576.0 3712092.0 15379136.0  441141.3  51200.0 51126.1     48    2.151   0      0.000    2.151
83584.0 84480.0 60104.2  0.0   7520576.0 5826106.9 15379136.0  441141.3  51200.0 51126.5     48    2.151   0      0.000    2.151
83584.0 84480.0 60104.2  0.0   7520576.0 7224553.1 15379136.0  441141.3  51200.0 51126.5     48    2.151   0      0.000    2.151
85248.0 61056.0  0.0   61022.0 7520576.0 990367.6 15379136.0  446428.3  51200.0 51126.5     49    2.171   0      0.000    2.171
85248.0 61056.0  0.0   61022.0 7520576.0 2029396.0 15379136.0  446428.3  51200.0 51126.5     49    2.171   0      0.000    2.171
85248.0 61056.0  0.0   61022.0 7520576.0 3251615.1 15379136.0  446428.3  51200.0 51126.5     49    2.171   0      0.000    2.171
85248.0 61056.0  0.0   61022.0 7520576.0 3998570.4 15379136.0  446428.3  51200.0 51126.7     49    2.171   0      0.000    2.171
85248.0 61056.0  0.0   61022.0 7520576.0 4910243.1 15379136.0  446428.3  51200.0 51126.8     49    2.171   0      0.000    2.171
85248.0 61056.0  0.0   61022.0 7520576.0 5946733.3 15379136.0  446428.3  51200.0 51126.8     49    2.171   0      0.000    2.171
85248.0 61056.0  0.0   61022.0 7520576.0 6913785.2 15379136.0  446428.3  51200.0 51127.3     49    2.171   0      0.000    2.171
85248.0 84288.0 57173.5  0.0   7520000.0 259252.4 15379136.0  453976.6  51200.0 51127.3     50    2.347   0      0.000    2.347
85248.0 84288.0 57173.5  0.0   7520000.0 1461248.8 15379136.0  453976.6  51200.0 51127.3     50    2.347   0      0.000    2.347
85248.0 84288.0 57173.5  0.0   7520000.0 2599728.6 15379136.0  453976.6  51200.0 51130.3     50    2.347   0      0.000    2.347
85248.0 84288.0 57173.5  0.0   7520000.0 3877248.1 15379136.0  453976.6  51200.0 51131.0     50    2.347   0      0.000    2.347
85248.0 84288.0 57173.5  0.0   7520000.0 5110682.4 15379136.0  453976.6  51200.0 51131.4     50    2.347   0      0.000    2.347
85248.0 84288.0 57173.5  0.0   7520000.0 6470927.2 15379136.0  453976.6  51200.0 51131.4     50    2.347   0      0.000    2.347
83840.0 84288.0  0.0   58911.3 7520000.0 199599.5 15379136.0  461004.2  51200.0 51131.4     51    2.504   0      0.000    2.504
83840.0 84288.0  0.0   58911.3 7520000.0 1561757.9 15379136.0  461004.2  51200.0 51131.4     51    2.504   0      0.000    2.504
83840.0 84288.0  0.0   58911.3 7520000.0 2634037.2 15379136.0  461004.2  51200.0 51132.0     51    2.504   0      0.000    2.504
83840.0 84288.0  0.0   58911.3 7520000.0 3857425.8 15379136.0  461004.2  51200.0 51132.0     51    2.504   0      0.000    2.504
83840.0 84288.0  0.0   58911.3 7520000.0 4926734.2 15379136.0  461004.2  51200.0 51132.4     51    2.504   0      0.000    2.504
83840.0 84288.0  0.0   58911.3 7520000.0 5861547.1 15379136.0  461004.2  51200.0 51132.4     51    2.504   0      0.000    2.504
83840.0 84288.0  0.0   58911.3 7520000.0 6800647.4 15379136.0  461004.2  51200.0 51133.3     51    2.504   0      0.000    2.504
83840.0 82048.0 43824.6  0.0   7523648.0 1054603.3 15379136.0  473650.4  51200.0 51134.3     52    2.612   0      0.000    2.612
83840.0 82048.0 43824.6  0.0   7523648.0 2548558.9 15379136.0  473650.4  51200.0 51134.3     52    2.612   0      0.000    2.612
83840.0 82048.0 43824.6  0.0   7523648.0 3963054.3 15379136.0  473650.4  51200.0 51134.3     52    2.612   0      0.000    2.612
83840.0 82048.0 43824.6  0.0   7523648.0 5263386.4 15379136.0  473650.4  51200.0 51134.3     52    2.612   0      0.000    2.612
83840.0 82048.0 43824.6  0.0   7523648.0 6596025.5 15379136.0  473650.4  51200.0 51134.3     52    2.612   0      0.000    2.612
83840.0 82048.0 43824.6  0.0   7523648.0 7502563.4 15379136.0  473650.4  51200.0 51134.3     53    2.612   0      0.000    2.612
82560.0 82048.0  0.0   60977.4 7523648.0 1236315.3 15379136.0  484007.8  51200.0 51134.3     53    2.760   0      0.000    2.760
82560.0 82048.0  0.0   60977.4 7523648.0 2207871.2 15379136.0  484007.8  51200.0 51134.3     53    2.760   0      0.000    2.760
82560.0 82048.0  0.0   60977.4 7523648.0 3109593.5 15379136.0  484007.8  51200.0 51134.3     53    2.760   0      0.000    2.760
82560.0 82048.0  0.0   60977.4 7523648.0 4071520.4 15379136.0  484007.8  51200.0 51134.3     53    2.760   0      0.000    2.760
82560.0 82048.0  0.0   60977.4 7523648.0 5133673.3 15379136.0  484007.8  51200.0 51134.5     53    2.760   0      0.000    2.760
82560.0 82048.0  0.0   60977.4 7523648.0 6262982.8 15379136.0  484007.8  51200.0 51134.9     53    2.760   0      0.000    2.760
82560.0 82048.0  0.0   60977.4 7523648.0 6942018.6 15379136.0  484007.8  51200.0 51135.4     53    2.760   0      0.000    2.760
82560.0 81984.0 58788.1  0.0   7524992.0 265327.5 15379136.0  495043.8  51200.0 51135.4     54    2.913   0      0.000    2.913
82560.0 81984.0 58788.1  0.0   7524992.0 1631246.5 15379136.0  495043.8  51200.0 51135.4     54    2.913   0      0.000    2.913
82560.0 81984.0 58788.1  0.0   7524992.0 2621933.6 15379136.0  495043.8  51200.0 51135.4     54    2.913   0      0.000    2.913
82560.0 81984.0 58788.1  0.0   7524992.0 3787505.3 15379136.0  495043.8  51200.0 51135.4     54    2.913   0      0.000    2.913
82560.0 81984.0 58788.1  0.0   7524992.0 4407601.9 15379136.0  495043.8  51200.0 51135.8     54    2.913   0      0.000    2.913
82560.0 81984.0 58788.1  0.0   7524992.0 5487785.5 15379136.0  495043.8  51200.0 51135.8     54    2.913   0      0.000    2.913
82560.0 81984.0 58788.1  0.0   7524992.0 6629000.2 15379136.0  495043.8  51200.0 51135.8     54    2.913   0      0.000    2.913
80704.0 81984.0  0.0   57185.3 7524992.0 137259.3 15379136.0  503571.4  51200.0 51135.8     55    2.934   0      0.000    2.934
80704.0 81984.0  0.0   57185.3 7524992.0 1359427.9 15379136.0  503571.4  51200.0 51135.8     55    2.934   0      0.000    2.934
80704.0 81984.0  0.0   57185.3 7524992.0 2578353.8 15379136.0  503571.4  51200.0 51135.8     55    2.934   0      0.000    2.934
80704.0 81984.0  0.0   57185.3 7524992.0 3618575.0 15379136.0  503571.4  51200.0 51135.8     55    2.934   0      0.000    2.934
80704.0 81984.0  0.0   57185.3 7524992.0 4654200.1 15379136.0  503571.4  51200.0 51135.8     55    2.934   0      0.000    2.934
80704.0 81984.0  0.0   57185.3 7524992.0 5458493.6 15379136.0  503571.4  51200.0 51135.8     55    2.934   0      0.000    2.934
80704.0 81984.0  0.0   57185.3 7524992.0 5458527.0 15379136.0  503571.4  51200.0 51135.8     55    2.934   0      0.000    2.934
80704.0 81984.0  0.0   57185.3 7524992.0 5458628.0 15379136.0  503571.4  51200.0 51135.8     55    2.934   0      0.000    2.934
80704.0 81984.0  0.0   57185.3 7524992.0 5458650.8 15379136.0  503571.4  51200.0 51135.8     55    2.934   0      0.000    2.934
80704.0 81984.0  0.0   57185.3 7524992.0 5458669.5 15379136.0  503571.4  51200.0 51135.8     55    2.934   0      0.000    2.934
80704.0 81984.0  0.0   57185.3 7524992.0 5458692.2 15379136.0  503571.4  51200.0 51135.8     55    2.934   0      0.000    2.934
80704.0 81984.0  0.0   57185.3 7524992.0 6471911.9 15379136.0  503571.4  51200.0 51135.8     55    2.934   0      0.000    2.934
80704.0 78720.0 48722.2  0.0   7530112.0 2192156.5 15379136.0  509387.1  51200.0 51135.8     56    2.955   0      0.000    2.955
80704.0 78720.0 48722.2  0.0   7530112.0 5610536.1 15379136.0  509387.1  51200.0 51135.8     56    2.955   0      0.000    2.955
79808.0 78720.0  0.0   31255.5 7530112.0 1161220.2 15379136.0  537215.7  51200.0 51136.1     57    3.110   0      0.000    3.110
79808.0 78720.0  0.0   31255.5 7530112.0 4610148.7 15379136.0  537215.7  51200.0 51136.1     57    3.110   0      0.000    3.110
79808.0 79808.0 33418.5  0.0   7529920.0 292896.6 15379136.0  551677.6  51200.0 51136.1     58    3.369   0      0.000    3.369
79808.0 79808.0 33418.5  0.0   7529920.0 3756510.3 15379136.0  551677.6  51200.0 51136.1     58    3.369   0      0.000    3.369
79808.0 79808.0 33418.5  0.0   7529920.0 6789199.7 15379136.0  551677.6  51200.0 51136.1     58    3.369   0      0.000    3.369
77696.0 79808.0  0.0   43312.1 7529920.0 809282.9 15379136.0  564425.7  51200.0 51136.1     59    3.557   0      0.000    3.557
77696.0 79808.0  0.0   43312.1 7529920.0 2247517.0 15379136.0  564425.7  51200.0 51136.1     59    3.557   0      0.000    3.557
77696.0 79808.0  0.0   43312.1 7529920.0 3464871.1 15379136.0  564425.7  51200.0 51136.1     59    3.557   0      0.000    3.557
77696.0 79808.0  0.0   43312.1 7529920.0 5142096.2 15379136.0  564425.7  51200.0 51137.6     59    3.557   0      0.000    3.557
77696.0 79808.0  0.0   43312.1 7529920.0 6406120.0 15379136.0  564425.7  51200.0 51137.6     59    3.557   0      0.000    3.557
77696.0 78976.0 59720.3  0.0   7531584.0 310334.7 15379136.0  572102.8  51200.0 51139.7     60    3.667   0      0.000    3.667
77696.0 78976.0 59720.3  0.0   7531584.0 1811105.4 15379136.0  572102.8  51200.0 51139.8     60    3.667   0      0.000    3.667
77696.0 78976.0 59720.3  0.0   7531584.0 3147268.5 15379136.0  572102.8  51200.0 51139.8     60    3.667   0      0.000    3.667
77696.0 78976.0 59720.3  0.0   7531584.0 4767964.6 15379136.0  572102.8  51200.0 51140.3     60    3.667   0      0.000    3.667
77696.0 78976.0 59720.3  0.0   7531584.0 6358658.9 15379136.0  572102.8  51200.0 51140.3     60    3.667   0      0.000    3.667
77184.0 78976.0  0.0   52588.5 7531584.0 464470.2 15379136.0  580881.7  51200.0 51140.3     61    3.799   0      0.000    3.799
77184.0 78976.0  0.0   52588.5 7531584.0 3765494.8 15379136.0  580881.7  51200.0 51143.8     61    3.799   0      0.000    3.799
77184.0 78976.0  0.0   52588.5 7531584.0 5089607.5 15379136.0  580881.7  51200.0 51143.8     61    3.799   0      0.000    3.799
77184.0 78976.0  0.0   52588.5 7531584.0 6024203.0 15379136.0  580881.7  51200.0 51143.8     61    3.799   0      0.000    3.799
77184.0 78976.0  0.0   52588.5 7531584.0 7407767.1 15379136.0  580881.7  51200.0 51143.8     61    3.799   0      0.000    3.799
77184.0 74688.0 48230.3  0.0   7537664.0 1139568.2 15379136.0  587324.3  51200.0 51143.8     62    3.819   0      0.000    3.819
77184.0 74688.0 48230.3  0.0   7537664.0 2423509.5 15379136.0  587324.3  51200.0 51143.8     62    3.819   0      0.000    3.819
77184.0 74688.0 48230.3  0.0   7537664.0 3677995.3 15379136.0  587324.3  51200.0 51143.8     62    3.819   0      0.000    3.819
77184.0 74688.0 48230.3  0.0   7537664.0 6655503.6 15379136.0  587324.3  51200.0 51143.8     62    3.819   0      0.000    3.819
77184.0 74688.0 48230.3  0.0   7537664.0 7460531.3 15379136.0  587324.3  51200.0 51143.8     62    3.819   0      0.000    3.819
72704.0 74688.0  0.0   51053.3 7537664.0 1004498.5 15379136.0  611765.0  51200.0 51143.8     63    3.979   0      0.000    3.979
72704.0 74688.0  0.0   51053.3 7537664.0 1905394.2 15379136.0  611765.0  51200.0 51143.8     63    3.979   0      0.000    3.979
72704.0 74688.0  0.0   51053.3 7537664.0 2758068.4 15379136.0  611765.0  51200.0 51143.8     63    3.979   0      0.000    3.979
72704.0 74688.0  0.0   51053.3 7537664.0 3607929.7 15379136.0  611765.0  51200.0 51143.8     63    3.979   0      0.000    3.979
72704.0 74688.0  0.0   51053.3 7537664.0 4568943.8 15379136.0  611765.0  51200.0 51143.8     63    3.979   0      0.000    3.979
72704.0 74688.0  0.0   51053.3 7537664.0 5471922.5 15379136.0  611765.0  51200.0 51143.8     63    3.979   0      0.000    3.979
72704.0 74688.0  0.0   51053.3 7537664.0 5977529.3 15379136.0  611765.0  51200.0 51143.8     63    3.979   0      0.000    3.979
72704.0 74688.0  0.0   51053.3 7537664.0 5977567.0 15379136.0  611765.0  51200.0 51143.8     63    3.979   0      0.000    3.979
72704.0 74688.0  0.0   51053.3 7537664.0 5977587.8 15379136.0  611765.0  51200.0 51143.8     63    3.979   0      0.000    3.979
72704.0 74688.0  0.0   51053.3 7537664.0 5977608.5 15379136.0  611765.0  51200.0 51143.8     63    3.979   0      0.000    3.979
72704.0 74688.0  0.0   51053.3 7537664.0 5977705.2 15379136.0  611765.0  51200.0 51143.8     63    3.979   0      0.000    3.979
72704.0 70848.0 47132.0  0.0   7545984.0 1068632.5 15379136.0  612106.8  51200.0 51146.2     64    3.994   0      0.000    3.994
72704.0 70848.0 47132.0  0.0   7545984.0 4145350.0 15379136.0  612106.8  51200.0 51146.2     64    3.994   0      0.000    3.994
72704.0 70848.0 47132.0  0.0   7545984.0 7144694.2 15379136.0  612106.8  51200.0 51146.2     64    3.994   0      0.000    3.994
70848.0 70848.0  0.0   37075.3 7545984.0 1970727.9 15379136.0  641952.5  51200.0 51146.2     65    4.335   0      0.000    4.335
70848.0 70848.0  0.0   37075.3 7545984.0 3260192.9 15379136.0  641952.5  51200.0 51146.2     65    4.335   0      0.000    4.335
70848.0 70848.0  0.0   37075.3 7545984.0 4819274.4 15379136.0  641952.5  51200.0 51146.2     65    4.335   0      0.000    4.335
70848.0 70848.0  0.0   37075.3 7545984.0 6210090.6 15379136.0  641952.5  51200.0 51146.2     65    4.335   0      0.000    4.335
70848.0 70848.0  0.0   37075.3 7545984.0 7326044.1 15379136.0  641952.5  51200.0 51146.2     65    4.335   0      0.000    4.335
70848.0 69696.0 51174.8  0.0   7548992.0 1178714.6 15379136.0  657619.8  51200.0 51146.2     66    4.492   0      0.000    4.492
70848.0 69696.0 51174.8  0.0   7548992.0 2565905.2 15379136.0  657619.8  51200.0 51146.2     66    4.492   0      0.000    4.492
70848.0 69696.0 51174.8  0.0   7548992.0 3974277.8 15379136.0  657619.8  51200.0 51146.5     66    4.492   0      0.000    4.492
70848.0 69696.0 51174.8  0.0   7548992.0 5476662.7 15379136.0  657619.8  51200.0 51146.5     66    4.492   0      0.000    4.492
70080.0 69696.0  0.0   55405.4 7548992.0 1588424.0 15379136.0  667033.2  51200.0 51146.5     67    4.515   0      0.000    4.515
70080.0 69696.0  0.0   55405.4 7548992.0 2874429.1 15379136.0  667033.2  51200.0 51146.5     67    4.515   0      0.000    4.515
70080.0 69696.0  0.0   55405.4 7548992.0 3952558.5 15379136.0  667033.2  51200.0 51146.5     67    4.515   0      0.000    4.515
70080.0 69696.0  0.0   55405.4 7548992.0 5035270.9 15379136.0  667033.2  51200.0 51146.5     67    4.515   0      0.000    4.515
70080.0 69696.0  0.0   55405.4 7548992.0 6180064.7 15379136.0  667033.2  51200.0 51148.1     67    4.515   0      0.000    4.515
70080.0 69696.0  0.0   55405.4 7548992.0 6975479.6 15379136.0  667033.2  51200.0 51148.1     67    4.515   0      0.000    4.515
70080.0 68800.0 44520.3  0.0   7550656.0 279678.0 15379136.0  681144.3  51200.0 51148.1     68    4.683   0      0.000    4.683
70080.0 68800.0 44520.3  0.0   7550656.0 1854062.4 15379136.0  681144.3  51200.0 51148.1     68    4.683   0      0.000    4.683
70080.0 68800.0 44520.3  0.0   7550656.0 3513784.8 15379136.0  681144.3  51200.0 51148.1     68    4.683   0      0.000    4.683
70080.0 68800.0 44520.3  0.0   7550656.0 4795201.7 15379136.0  681144.3  51200.0 51148.7     68    4.683   0      0.000    4.683
70080.0 68800.0 44520.3  0.0   7550656.0 6205600.5 15379136.0  681144.3  51200.0 51148.7     68    4.683   0      0.000    4.683
70080.0 68800.0 44520.3  0.0   7550656.0 7267976.4 15379136.0  681144.3  51200.0 51148.7     68    4.683   0      0.000    4.683
70272.0 58176.0  0.0   58129.9 7550656.0 1012757.1 15379136.0  691325.2  51200.0 51148.7     69    4.834   0      0.000    4.834
70272.0 58176.0  0.0   58129.9 7550656.0 2046240.7 15379136.0  691325.2  51200.0 51148.7     69    4.834   0      0.000    4.834
70272.0 58176.0  0.0   58129.9 7550656.0 3328299.4 15379136.0  691325.2  51200.0 51148.7     69    4.834   0      0.000    4.834
70272.0 58176.0  0.0   58129.9 7550656.0 4449238.7 15379136.0  691325.2  51200.0 51148.7     69    4.834   0      0.000    4.834
70272.0 58176.0  0.0   58129.9 7550656.0 5195989.5 15379136.0  691325.2  51200.0 51148.7     69    4.834   0      0.000    4.834
70272.0 58176.0  0.0   58129.9 7550656.0 6064129.2 15379136.0  691325.2  51200.0 51148.7     69    4.834   0      0.000    4.834
70272.0 58176.0  0.0   58129.9 7550656.0 7152014.7 15379136.0  691325.2  51200.0 51148.7     69    4.834   0      0.000    4.834
70272.0 73920.0 65063.9  0.0   7541696.0 692145.6 15379136.0  702891.5  51200.0 51148.7     70    4.917   0      0.000    4.917
70272.0 73920.0 65063.9  0.0   7541696.0 1860091.4 15379136.0  702891.5  51200.0 51148.7     70    4.917   0      0.000    4.917
70272.0 73920.0 65063.9  0.0   7541696.0 2888032.1 15379136.0  702891.5  51200.0 51148.7     70    4.917   0      0.000    4.917
70272.0 73920.0 65063.9  0.0   7541696.0 3773568.7 15379136.0  702891.5  51200.0 51148.7     70    4.917   0      0.000    4.917
70272.0 73920.0 65063.9  0.0   7541696.0 4783080.9 15379136.0  702891.5  51200.0 51148.7     70    4.917   0      0.000    4.917
70272.0 73920.0 65063.9  0.0   7541696.0 5742352.2 15379136.0  702891.5  51200.0 51148.7     70    4.917   0      0.000    4.917
70272.0 73920.0 65063.9  0.0   7541696.0 6564343.2 15379136.0  702891.5  51200.0 51148.7     70    4.917   0      0.000    4.917
76736.0 65088.0  0.0   65055.1 7541696.0 1224933.5 15379136.0  706380.6  51200.0 51148.7     71    4.936   0      0.000    4.936
76736.0 65088.0  0.0   65055.1 7541696.0 2293400.1 15379136.0  706380.6  51200.0 51148.8     71    4.936   0      0.000    4.936
76736.0 65088.0  0.0   65055.1 7541696.0 3525189.0 15379136.0  706380.6  51200.0 51148.8     71    4.936   0      0.000    4.936
76736.0 65088.0  0.0   65055.1 7541696.0 4713440.9 15379136.0  706380.6  51200.0 51148.8     71    4.936   0      0.000    4.936
76736.0 65088.0  0.0   65055.1 7541696.0 6044746.6 15379136.0  706380.6  51200.0 51156.6     71    4.936   0      0.000    4.936
76736.0 65088.0  0.0   65055.1 7541696.0 7428686.0 15379136.0  706380.6  51200.0 51156.8     71    4.936   0      0.000    4.936
76736.0 76544.0 58601.1  0.0   7536256.0 1552204.4 15379136.0  715889.5  51200.0 51156.8     72    5.064   0      0.000    5.064
76736.0 76544.0 58601.1  0.0   7536256.0 2949568.4 15379136.0  715889.5  51200.0 51156.8     72    5.064   0      0.000    5.064
76736.0 76544.0 58601.1  0.0   7536256.0 4335309.9 15379136.0  715889.5  51200.0 51156.8     72    5.064   0      0.000    5.064
76736.0 76544.0 58601.1  0.0   7536256.0 5990299.9 15379136.0  715889.5  51200.0 51156.8     72    5.064   0      0.000    5.064
75776.0 76544.0  0.0   43946.6 7536256.0 3824978.3 15379136.0  738533.3  51200.0 51156.8     73    5.273   0      0.000    5.273
75776.0 76544.0  0.0   43946.6 7536256.0 5193734.1 15379136.0  738533.3  51200.0 51157.1     73    5.273   0      0.000    5.273
75776.0 76544.0  0.0   43946.6 7536256.0 6804865.8 15379136.0  738533.3  51200.0 51157.1     73    5.273   0      0.000    5.273
75776.0 76352.0 60190.6  0.0   7536832.0 873890.3 15379136.0  745916.0  51200.0 51161.2     74    5.297   0      0.000    5.297
75776.0 76352.0 60190.6  0.0   7536832.0 2191035.7 15379136.0  745916.0  51200.0 51161.2     74    5.297   0      0.000    5.297
75776.0 76352.0 60190.6  0.0   7536832.0 3382142.0 15379136.0  745916.0  51200.0 51161.2     74    5.297   0      0.000    5.297
75776.0 76352.0 60190.6  0.0   7536832.0 5985144.3 15379136.0  745916.0  51200.0 51161.2     74    5.297   0      0.000    5.297
75776.0 76352.0 60190.6  0.0   7536832.0 6997199.6 15379136.0  745916.0  51200.0 51161.2     74    5.297   0      0.000    5.297
76480.0 59584.0  0.0   59576.6 7536832.0 687989.2 15379136.0  755318.7  51200.0 51161.2     75    5.444   0      0.000    5.444
76480.0 59584.0  0.0   59576.6 7536832.0 1775270.4 15379136.0  755318.7  51200.0 51162.2     75    5.444   0      0.000    5.444
76480.0 59584.0  0.0   59576.6 7536832.0 3008202.4 15379136.0  755318.7  51200.0 51162.2     75    5.444   0      0.000    5.444
76480.0 59584.0  0.0   59576.6 7536832.0 4261893.5 15379136.0  755318.7  51200.0 51162.2     75    5.444   0      0.000    5.444
76480.0 59584.0  0.0   59576.6 7536832.0 5400883.6 15379136.0  755318.7  51200.0 51162.2     75    5.444   0      0.000    5.444
76480.0 59584.0  0.0   59576.6 7536832.0 6589307.9 15379136.0  755318.7  51200.0 51162.2     75    5.444   0      0.000    5.444
76480.0 75968.0 58468.7  0.0   7537088.0 211860.0 15379136.0  762706.6  51200.0 51162.2     76    5.570   0      0.000    5.570
76480.0 75968.0 58468.7  0.0   7537088.0 1614850.9 15379136.0  762706.6  51200.0 51162.2     76    5.570   0      0.000    5.570
76480.0 75968.0 58468.7  0.0   7537088.0 3105003.1 15379136.0  762706.6  51200.0 51162.2     76    5.570   0      0.000    5.570
76480.0 75968.0 58468.7  0.0   7537088.0 4377580.2 15379136.0  762706.6  51200.0 51162.2     76    5.570   0      0.000    5.570
76480.0 75968.0 58468.7  0.0   7537088.0 5297332.7 15379136.0  762706.6  51200.0 51162.2     76    5.570   0      0.000    5.570
76480.0 75968.0 58468.7  0.0   7537088.0 6450504.4 15379136.0  762706.6  51200.0 51162.2     76    5.570   0      0.000    5.570
76480.0 75968.0 58468.7 54347.1 7537088.0 7537088.0 15379136.0  774377.1  51200.0 51162.2     77    5.570   0      0.000    5.570
73856.0 75968.0  0.0   54443.1 7537088.0 1049084.6 15379136.0  774377.1  51200.0 51163.3     77    5.674   0      0.000    5.674
73856.0 75968.0  0.0   54443.1 7537088.0 2436451.5 15379136.0  774377.1  51200.0 51163.3     77    5.674   0      0.000    5.674
73856.0 75968.0  0.0   54443.1 7537088.0 3614607.0 15379136.0  774377.1  51200.0 51163.3     77    5.674   0      0.000    5.674
73856.0 75968.0  0.0   54443.1 7537088.0 4980028.1 15379136.0  774377.1  51200.0 51163.3     77    5.674   0      0.000    5.674
73856.0 75968.0  0.0   54443.1 7537088.0 6836353.1 15379136.0  774377.1  51200.0 51163.3     77    5.674   0      0.000    5.674
73856.0 72512.0 55903.1  0.0   7543168.0 578517.7 15379136.0  779340.2  51200.0 51163.3     78    5.780   0      0.000    5.780
73856.0 72512.0 55903.1  0.0   7543168.0 3028344.8 15379136.0  779340.2  51200.0 51163.3     78    5.780   0      0.000    5.780
73856.0 72512.0 55903.1  0.0   7543168.0 4510369.3 15379136.0  779340.2  51200.0 51164.4     78    5.780   0      0.000    5.780
73856.0 72512.0 55903.1  0.0   7543168.0 5828515.7 15379136.0  779340.2  51200.0 51164.4     78    5.780   0      0.000    5.780
73856.0 72512.0 55903.1  0.0   7543168.0 7335427.3 15379136.0  779340.2  51200.0 51164.6     78    5.780   0      0.000    5.780
73664.0 72512.0  0.0   62383.9 7543168.0 3151068.8 15379136.0  793334.8  51200.0 51164.6     79    5.936   0      0.000    5.936
73664.0 72512.0  0.0   62383.9 7543168.0 4865937.9 15379136.0  793334.8  51200.0 51164.6     79    5.936   0      0.000    5.936
73664.0 72512.0  0.0   62383.9 7543168.0 6363912.3 15379136.0  793334.8  51200.0 51164.6     79    5.936   0      0.000    5.936
73664.0 72000.0 55763.3  0.0   7543872.0 326661.1 15379136.0  808566.4  51200.0 51164.6     80    6.062   0      0.000    6.062
73664.0 72000.0 55763.3  0.0   7543872.0 1126710.7 15379136.0  808566.4  51200.0 51164.6     80    6.062   0      0.000    6.062
73664.0 72000.0 55763.3  0.0   7543872.0 2243545.9 15379136.0  808566.4  51200.0 51164.6     80    6.062   0      0.000    6.062
73664.0 72000.0 55763.3  0.0   7543872.0 3880574.6 15379136.0  808566.4  51200.0 51164.6     80    6.062   0      0.000    6.062
73664.0 72000.0 55763.3  0.0   7543872.0 5982839.7 15379136.0  808566.4  51200.0 51164.6     80    6.062   0      0.000    6.062
71808.0 72000.0  0.0   59263.3 7543872.0 587315.0 15379136.0  818106.9  51200.0 51164.6     81    6.086   0      0.000    6.086
71808.0 72000.0  0.0   59263.3 7543872.0 1897474.7 15379136.0  818106.9  51200.0 51164.6     81    6.086   0      0.000    6.086
71808.0 72000.0  0.0   59263.3 7543872.0 3194127.5 15379136.0  818106.9  51200.0 51164.6     81    6.086   0      0.000    6.086
71808.0 72000.0  0.0   59263.3 7543872.0 4537750.5 15379136.0  818106.9  51200.0 51164.6     81    6.086   0      0.000    6.086
71808.0 72000.0  0.0   59263.3 7543872.0 6413150.0 15379136.0  818106.9  51200.0 51164.6     81    6.086   0      0.000    6.086
71808.0 72000.0  0.0   59263.3 7543872.0 7474645.7 15379136.0  818106.9  51200.0 51164.6     81    6.086   0      0.000    6.086
71808.0 71296.0 58610.8  0.0   7546432.0 2443541.3 15379136.0  836180.8  51200.0 51164.6     82    6.249   0      0.000    6.249
71808.0 71296.0 58610.8  0.0   7546432.0 3873182.6 15379136.0  836180.8  51200.0 51164.6     82    6.249   0      0.000    6.249
71808.0 71296.0 58610.8  0.0   7546432.0 4572774.3 15379136.0  836180.8  51200.0 51164.6     82    6.249   0      0.000    6.249
71808.0 71296.0 58610.8  0.0   7546432.0 5442511.2 15379136.0  836180.8  51200.0 51164.6     82    6.249   0      0.000    6.249
71808.0 71296.0 58610.8  0.0   7546432.0 6121013.1 15379136.0  836180.8  51200.0 51164.6     82    6.249   0      0.000    6.249
71808.0 71296.0 58610.8  0.0   7546432.0 6694227.7 15379136.0  836180.8  51200.0 51164.6     82    6.249   0      0.000    6.249
71808.0 71296.0 58610.8  0.0   7546432.0 6886002.5 15379136.0  836180.8  51200.0 51164.6     82    6.249   0      0.000    6.249
69952.0 71296.0  0.0   55034.9 7546432.0 1097679.1 15379136.0  845121.1  51200.0 51164.6     83    6.342   0      0.000    6.342
69952.0 71296.0  0.0   55034.9 7546432.0 3603181.8 15379136.0  845121.1  51200.0 51165.4     83    6.342   0      0.000    6.342
69952.0 70464.0 44336.3  0.0   7548608.0 964300.6 15379136.0  872749.8  51200.0 51165.4     84    6.522   0      0.000    6.522
69952.0 70464.0 44336.3  0.0   7548608.0 3344707.4 15379136.0  872749.8  51200.0 51165.4     84    6.522   0      0.000    6.522
69952.0 70464.0 44336.3  0.0   7548608.0 4929932.5 15379136.0  872749.8  51200.0 51165.4     84    6.522   0      0.000    6.522
69952.0 70464.0 44336.3  0.0   7548608.0 5980024.0 15379136.0  872749.8  51200.0 51165.4     84    6.522   0      0.000    6.522
69952.0 70464.0 44336.3  0.0   7548608.0 6868357.3 15379136.0  872749.8  51200.0 51165.4     84    6.522   0      0.000    6.522
70528.0 59136.0  0.0   59109.2 7548608.0 324542.1 15379136.0  883391.1  51200.0 51165.4     85    6.606   0      0.000    6.606
70528.0 59136.0  0.0   59109.2 7548608.0 758415.6 15379136.0  883391.1  51200.0 51165.4     85    6.606   0      0.000    6.606
70528.0 59136.0  0.0   59109.2 7548608.0 1049926.7 15379136.0  883391.1  51200.0 51165.4     85    6.606   0      0.000    6.606
70528.0 59136.0  0.0   59109.2 7548608.0 1555181.0 15379136.0  883391.1  51200.0 51165.4     85    6.606   0      0.000    6.606
70528.0 59136.0  0.0   59109.2 7548608.0 2036789.8 15379136.0  883391.1  51200.0 51165.4     85    6.606   0      0.000    6.606
70528.0 59136.0  0.0   59109.2 7548608.0 2565415.8 15379136.0  883391.1  51200.0 51165.8     85    6.606   0      0.000    6.606
70528.0 59136.0  0.0   59109.2 7548608.0 3151323.6 15379136.0  883391.1  51200.0 51165.8     85    6.606   0      0.000    6.606
70528.0 59136.0  0.0   59109.2 7548608.0 3502662.4 15379136.0  883391.1  51200.0 51165.8     85    6.606   0      0.000    6.606
70528.0 59136.0  0.0   59109.2 7548608.0 4159812.9 15379136.0  883391.1  51200.0 51165.8     85    6.606   0      0.000    6.606
70528.0 59136.0  0.0   59109.2 7548608.0 4558474.5 15379136.0  883391.1  51200.0 51165.8     85    6.606   0      0.000    6.606
70528.0 59136.0  0.0   59109.2 7548608.0 5339002.7 15379136.0  883391.1  51200.0 51165.8     85    6.606   0      0.000    6.606
70528.0 59136.0  0.0   59109.2 7548608.0 6444076.0 15379136.0  883391.1  51200.0 51165.8     85    6.606   0      0.000    6.606
70528.0 73344.0 66845.0  0.0   7542848.0 1086315.9 15379136.0  888241.9  51200.0 51165.8     86    6.629   0      0.000    6.629
70528.0 73344.0 66845.0  0.0   7542848.0 2913587.9 15379136.0  888241.9  51200.0 51165.8     86    6.629   0      0.000    6.629
70528.0 73344.0 66845.0  0.0   7542848.0 4287481.9 15379136.0  888241.9  51200.0 51165.8     86    6.629   0      0.000    6.629
70528.0 73344.0 66845.0  0.0   7542848.0 5995833.6 15379136.0  888241.9  51200.0 51165.8     86    6.629   0      0.000    6.629
70528.0 73344.0 66845.0  0.0   7542848.0 6845385.5 15379136.0  888241.9  51200.0 51165.8     86    6.629   0      0.000    6.629
70528.0 73344.0 66845.0  0.0   7542848.0 7257268.9 15379136.0  888241.9  51200.0 51165.8     86    6.629   0      0.000    6.629
71872.0 73344.0  0.0   56880.7 7542848.0 261895.9 15379136.0  901536.2  51200.0 51166.2     87    6.780   0      0.000    6.780
71872.0 73344.0  0.0   56880.7 7542848.0 612965.0 15379136.0  901536.2  51200.0 51166.2     87    6.780   0      0.000    6.780
71872.0 73344.0  0.0   56880.7 7542848.0 1113392.7 15379136.0  901536.2  51200.0 51166.2     87    6.780   0      0.000    6.780
71872.0 73344.0  0.0   56880.7 7542848.0 1770179.7 15379136.0  901536.2  51200.0 51166.2     87    6.780   0      0.000    6.780
71872.0 73344.0  0.0   56880.7 7542848.0 2373256.1 15379136.0  901536.2  51200.0 51166.2     87    6.780   0      0.000    6.780
71872.0 73344.0  0.0   56880.7 7542848.0 2944362.5 15379136.0  901536.2  51200.0 51166.2     87    6.780   0      0.000    6.780
71872.0 73344.0  0.0   56880.7 7542848.0 3552188.1 15379136.0  901536.2  51200.0 51166.2     87    6.780   0      0.000    6.780
71872.0 73344.0  0.0   56880.7 7542848.0 3828244.4 15379136.0  901536.2  51200.0 51166.2     87    6.780   0      0.000    6.780
71872.0 73344.0  0.0   56880.7 7542848.0 4316714.4 15379136.0  901536.2  51200.0 51166.2     87    6.780   0      0.000    6.780
71872.0 73344.0  0.0   56880.7 7542848.0 5037795.6 15379136.0  901536.2  51200.0 51166.2     87    6.780   0      0.000    6.780
71872.0 73344.0  0.0   56880.7 7542848.0 5262808.4 15379136.0  901536.2  51200.0 51166.2     87    6.780   0      0.000    6.780
71872.0 73344.0  0.0   56880.7 7542848.0 5863462.8 15379136.0  901536.2  51200.0 51166.2     87    6.780   0      0.000    6.780
71872.0 73344.0  0.0   56880.7 7542848.0 6222512.3 15379136.0  901536.2  51200.0 51166.2     87    6.780   0      0.000    6.780
71872.0 73344.0  0.0   56880.7 7542848.0 6784008.9 15379136.0  901536.2  51200.0 51166.2     87    6.780   0      0.000    6.780
71872.0 73344.0  0.0   56880.7 7542848.0 7160805.8 15379136.0  901536.2  51200.0 51166.2     87    6.780   0      0.000    6.780
71872.0 74176.0 66770.9  0.0   7541184.0 345664.1 15379136.0  904638.2  51200.0 51166.2     88    6.801   0      0.000    6.801
71872.0 74176.0 66770.9  0.0   7541184.0 707210.9 15379136.0  904638.2  51200.0 51166.2     88    6.801   0      0.000    6.801
71872.0 74176.0 66770.9  0.0   7541184.0 1138157.9 15379136.0  904638.2  51200.0 51166.2     88    6.801   0      0.000    6.801
71872.0 74176.0 66770.9  0.0   7541184.0 1800036.8 15379136.0  904638.2  51200.0 51166.2     88    6.801   0      0.000    6.801
71872.0 74176.0 66770.9  0.0   7541184.0 2289337.2 15379136.0  904638.2  51200.0 51166.2     88    6.801   0      0.000    6.801
71872.0 74176.0 66770.9  0.0   7541184.0 3390093.1 15379136.0  904638.2  51200.0 51166.6     88    6.801   0      0.000    6.801
71872.0 74176.0 66770.9  0.0   7541184.0 4286259.6 15379136.0  904638.2  51200.0 51166.6     88    6.801   0      0.000    6.801
71872.0 74176.0 66770.9  0.0   7541184.0 6526016.8 15379136.0  904638.2  51200.0 51168.4     88    6.801   0      0.000    6.801
73792.0 74176.0  0.0   60953.1 7541184.0 1274943.3 15379136.0  912011.6  51200.0 51168.4     89    6.895   0      0.000    6.895
73792.0 74176.0  0.0   60953.1 7541184.0 6788082.4 15379136.0  912011.6  51200.0 51168.4     89    6.895   0      0.000    6.895
73792.0 75648.0 37618.3  0.0   7538240.0 1173044.4 15379136.0  941203.1  51200.0 51168.8     90    7.051   0      0.000    7.051
73792.0 75648.0 37618.3  0.0   7538240.0 3873660.4 15379136.0  941203.1  51200.0 51168.8     90    7.051   0      0.000    7.051
73792.0 75648.0 37618.3  0.0   7538240.0 5880768.2 15379136.0  941203.1  51200.0 51168.8     90    7.051   0      0.000    7.051
73792.0 75648.0 37618.3  0.0   7538240.0 7072859.0 15379136.0  941203.1  51200.0 51168.8     90    7.051   0      0.000    7.051
76032.0 41664.0  0.0   41651.2 7538240.0 1743157.9 15379136.0  952235.8  51200.0 51168.9     91    7.189   0      0.000    7.189
76032.0 41664.0  0.0   41651.2 7538240.0 3938067.2 15379136.0  952235.8  51200.0 51168.9     91    7.189   0      0.000    7.189
76032.0 41664.0  0.0   41651.2 7538240.0 5801349.8 15379136.0  952235.8  51200.0 51168.9     91    7.189   0      0.000    7.189
76032.0 41664.0 40363.8 41651.2 7538240.0 7538240.0 15379136.0  967369.3  51200.0 51168.9     92    7.189   0      0.000    7.189
76032.0 76160.0 40904.6  0.0   7537216.0 2339072.1 15379136.0  971372.8  51200.0 51168.9     92    7.463   0      0.000    7.463
76032.0 76160.0 40904.6  0.0   7537216.0 3457394.4 15379136.0  971372.8  51200.0 51168.9     92    7.463   0      0.000    7.463
76032.0 76160.0 40904.6  0.0   7537216.0 5654525.1 15379136.0  971372.8  51200.0 51168.9     92    7.463   0      0.000    7.463
76032.0 76160.0 40904.6 42295.1 7537216.0 7537216.0 15379136.0  989218.5  51200.0 51168.9     93    7.463   0      0.000    7.463
75648.0 76160.0  0.0   42391.1 7537216.0 2163331.4 15379136.0  989726.9  51200.0 51170.1     93    7.674   0      0.000    7.674
75648.0 76160.0  0.0   42391.1 7537216.0 4264880.8 15379136.0  989726.9  51200.0 51170.1     93    7.674   0      0.000    7.674
75648.0 76160.0  0.0   42391.1 7537216.0 6429848.0 15379136.0  989726.9  51200.0 51170.1     93    7.674   0      0.000    7.674
75648.0 77504.0 63293.4  0.0   7534528.0 303129.5 15379136.0  997582.8  51200.0 51170.1     94    7.698   0      0.000    7.698
75648.0 77504.0 63293.4  0.0   7534528.0 1409046.5 15379136.0  997582.8  51200.0 51170.1     94    7.698   0      0.000    7.698
75648.0 77504.0 63293.4  0.0   7534528.0 2880545.2 15379136.0  997582.8  51200.0 51170.1     94    7.698   0      0.000    7.698
75648.0 77504.0 63293.4  0.0   7534528.0 4678803.2 15379136.0  997582.8  51200.0 51170.1     94    7.698   0      0.000    7.698
75648.0 77504.0 63293.4  0.0   7534528.0 5526614.0 15379136.0  997582.8  51200.0 51170.1     94    7.698   0      0.000    7.698
75648.0 77504.0 63293.4  0.0   7534528.0 6830625.3 15379136.0  997582.8  51200.0 51170.1     94    7.698   0      0.000    7.698
78272.0 61824.0  0.0   61809.5 7534528.0 773748.0 15379136.0 1006808.7  51200.0 51170.1     95    7.898   0      0.000    7.898
78272.0 61824.0  0.0   61809.5 7534528.0 1983888.0 15379136.0 1006808.7  51200.0 51170.1     95    7.898   0      0.000    7.898
78272.0 61824.0  0.0   61809.5 7534528.0 2986733.7 15379136.0 1006808.7  51200.0 51170.1     95    7.898   0      0.000    7.898
78272.0 61824.0  0.0   61809.5 7534528.0 3535560.3 15379136.0 1006808.7  51200.0 51170.1     95    7.898   0      0.000    7.898
78272.0 61824.0  0.0   61809.5 7534528.0 3851571.4 15379136.0 1006808.7  51200.0 51170.1     95    7.898   0      0.000    7.898
78272.0 61824.0  0.0   61809.5 7534528.0 4368452.5 15379136.0 1006808.7  51200.0 51170.1     95    7.898   0      0.000    7.898
78272.0 61824.0  0.0   61809.5 7534528.0 4630574.2 15379136.0 1006808.7  51200.0 51170.1     95    7.898   0      0.000    7.898
78272.0 61824.0  0.0   61809.5 7534528.0 5006187.9 15379136.0 1006808.7  51200.0 51170.1     95    7.898   0      0.000    7.898
78272.0 61824.0  0.0   61809.5 7534528.0 5744605.0 15379136.0 1006808.7  51200.0 51170.1     95    7.898   0      0.000    7.898
78272.0 61824.0  0.0   61809.5 7534528.0 6166772.4 15379136.0 1006808.7  51200.0 51170.1     95    7.898   0      0.000    7.898
78272.0 61824.0  0.0   61809.5 7534528.0 6578539.4 15379136.0 1006808.7  51200.0 51170.1     95    7.898   0      0.000    7.898
78272.0 61824.0  0.0   61809.5 7534528.0 7296246.2 15379136.0 1006808.7  51200.0 51170.1     95    7.898   0      0.000    7.898
78272.0 78208.0 60339.6  0.0   7533056.0 262095.6 15379136.0 1007452.7  51200.0 51170.1     96    7.916   0      0.000    7.916
78272.0 78208.0 60339.6  0.0   7533056.0 497409.0 15379136.0 1007452.7  51200.0 51170.1     96    7.916   0      0.000    7.916
78272.0 78208.0 60339.6  0.0   7533056.0 892813.5 15379136.0 1007452.7  51200.0 51170.1     96    7.916   0      0.000    7.916
78272.0 78208.0 60339.6  0.0   7533056.0 1160774.9 15379136.0 1007452.7  51200.0 51170.1     96    7.916   0      0.000    7.916
78272.0 78208.0 60339.6  0.0   7533056.0 1495676.5 15379136.0 1007452.7  51200.0 51170.1     96    7.916   0      0.000    7.916
78272.0 78208.0 60339.6  0.0   7533056.0 1587151.2 15379136.0 1007452.7  51200.0 51170.1     96    7.916   0      0.000    7.916
78272.0 78208.0 60339.6  0.0   7533056.0 1903093.7 15379136.0 1007452.7  51200.0 51170.1     96    7.916   0      0.000    7.916
78272.0 78208.0 60339.6  0.0   7533056.0 2279253.4 15379136.0 1007452.7  51200.0 51170.1     96    7.916   0      0.000    7.916
78272.0 78208.0 60339.6  0.0   7533056.0 2497756.9 15379136.0 1007452.7  51200.0 51170.1     96    7.916   0      0.000    7.916
78272.0 78208.0 60339.6  0.0   7533056.0 2950703.7 15379136.0 1007452.7  51200.0 51170.1     96    7.916   0      0.000    7.916
78272.0 78208.0 60339.6  0.0   7533056.0 3475906.6 15379136.0 1007452.7  51200.0 51170.1     96    7.916   0      0.000    7.916
78272.0 78208.0 60339.6  0.0   7533056.0 3803397.7 15379136.0 1007452.7  51200.0 51170.1     96    7.916   0      0.000    7.916
78272.0 78208.0 60339.6  0.0   7533056.0 4417512.6 15379136.0 1007452.7  51200.0 51170.1     96    7.916   0      0.000    7.916
78272.0 78208.0 60339.6  0.0   7533056.0 4813836.1 15379136.0 1007452.7  51200.0 51170.1     96    7.916   0      0.000    7.916
78272.0 78208.0 60339.6  0.0   7533056.0 5348952.8 15379136.0 1007452.7  51200.0 51170.1     96    7.916   0      0.000    7.916
78272.0 78208.0 60339.6  0.0   7533056.0 6070906.8 15379136.0 1007452.7  51200.0 51170.1     96    7.916   0      0.000    7.916
78272.0 78208.0 60339.6  0.0   7533056.0 6398700.7 15379136.0 1007452.7  51200.0 51170.1     96    7.916   0      0.000    7.916
78272.0 78208.0 60339.6  0.0   7533056.0 6862697.4 15379136.0 1007452.7  51200.0 51170.1     96    7.916   0      0.000    7.916
78272.0 78208.0 60339.6  0.0   7533056.0 7167032.0 15379136.0 1007452.7  51200.0 51170.1     96    7.916   0      0.000    7.916
78272.0 78208.0 60339.6  0.0   7533056.0 7482735.8 15379136.0 1007452.7  51200.0 51170.1     96    7.916   0      0.000    7.916
79616.0 32640.0  0.0   32591.2 7533056.0 324987.4 15379136.0 1009960.9  51200.0 51170.1     97    7.991   0      0.000    7.991
79616.0 32640.0  0.0   32591.2 7533056.0 514779.8 15379136.0 1009960.9  51200.0 51170.1     97    7.991   0      0.000    7.991
79616.0 32640.0  0.0   32591.2 7533056.0 757364.8 15379136.0 1009960.9  51200.0 51170.1     97    7.991   0      0.000    7.991
79616.0 32640.0  0.0   32591.2 7533056.0 1199361.0 15379136.0 1009960.9  51200.0 51170.1     97    7.991   0      0.000    7.991
79616.0 32640.0  0.0   32591.2 7533056.0 1357062.4 15379136.0 1009960.9  51200.0 51170.1     97    7.991   0      0.000    7.991
79616.0 32640.0  0.0   32591.2 7533056.0 1739265.9 15379136.0 1009960.9  51200.0 51170.1     97    7.991   0      0.000    7.991
79616.0 32640.0  0.0   32591.2 7533056.0 2041621.3 15379136.0 1009960.9  51200.0 51170.1     97    7.991   0      0.000    7.991
79616.0 32640.0  0.0   32591.2 7533056.0 2369268.2 15379136.0 1009960.9  51200.0 51170.1     97    7.991   0      0.000    7.991
79616.0 32640.0  0.0   32591.2 7533056.0 2649353.4 15379136.0 1009960.9  51200.0 51170.1     97    7.991   0      0.000    7.991
79616.0 32640.0  0.0   32591.2 7533056.0 3181416.1 15379136.0 1009960.9  51200.0 51170.1     97    7.991   0      0.000    7.991
79616.0 32640.0  0.0   32591.2 7533056.0 3385785.7 15379136.0 1009960.9  51200.0 51170.1     97    7.991   0      0.000    7.991
79616.0 32640.0  0.0   32591.2 7533056.0 3591841.0 15379136.0 1009960.9  51200.0 51170.1     97    7.991   0      0.000    7.991
79616.0 32640.0  0.0   32591.2 7533056.0 3902559.6 15379136.0 1009960.9  51200.0 51170.1     97    7.991   0      0.000    7.991
79616.0 32640.0  0.0   32591.2 7533056.0 4045308.9 15379136.0 1009960.9  51200.0 51170.1     97    7.991   0      0.000    7.991
79616.0 32640.0  0.0   32591.2 7533056.0 4194355.0 15379136.0 1009960.9  51200.0 51170.1     97    7.991   0      0.000    7.991
79616.0 32640.0  0.0   32591.2 7533056.0 4398224.7 15379136.0 1009960.9  51200.0 51170.1     97    7.991   0      0.000    7.991
79616.0 32640.0  0.0   32591.2 7533056.0 4786359.5 15379136.0 1009960.9  51200.0 51170.1     97    7.991   0      0.000    7.991
79616.0 32640.0  0.0   32591.2 7533056.0 5036948.0 15379136.0 1009960.9  51200.0 51170.1     97    7.991   0      0.000    7.991
79616.0 32640.0  0.0   32591.2 7533056.0 5406867.9 15379136.0 1009960.9  51200.0 51170.1     97    7.991   0      0.000    7.991
79616.0 32640.0  0.0   32591.2 7533056.0 5534664.4 15379136.0 1009960.9  51200.0 51170.1     97    7.991   0      0.000    7.991
79616.0 32640.0  0.0   32591.2 7533056.0 5669311.2 15379136.0 1009960.9  51200.0 51170.1     97    7.991   0      0.000    7.991
79616.0 32640.0  0.0   32591.2 7533056.0 5964941.1 15379136.0 1009960.9  51200.0 51170.1     97    7.991   0      0.000    7.991
79616.0 32640.0  0.0   32591.2 7533056.0 6191509.3 15379136.0 1009960.9  51200.0 51170.1     97    7.991   0      0.000    7.991
79616.0 32640.0  0.0   32591.2 7533056.0 6338584.5 15379136.0 1009960.9  51200.0 51170.1     97    7.991   0      0.000    7.991
79616.0 32640.0  0.0   32591.2 7533056.0 6518861.4 15379136.0 1009960.9  51200.0 51170.1     97    7.991   0      0.000    7.991
79616.0 32640.0  0.0   32591.2 7533056.0 6809984.1 15379136.0 1009960.9  51200.0 51170.1     97    7.991   0      0.000    7.991
79616.0 32640.0  0.0   32591.2 7533056.0 7028036.6 15379136.0 1009960.9  51200.0 51170.3     97    7.991   0      0.000    7.991
79616.0 32640.0  0.0   32591.2 7533056.0 7245099.1 15379136.0 1009960.9  51200.0 51170.3     97    7.991   0      0.000    7.991
79616.0 32640.0  0.0   32591.2 7533056.0 7524777.0 15379136.0 1009960.9  51200.0 51170.3     97    7.991   0      0.000    7.991
79616.0 81216.0 26870.9  0.0   7527104.0 212323.3 15379136.0 1010264.7  51200.0 51170.3     98    8.000   0      0.000    8.000
79616.0 81216.0 26870.9  0.0   7527104.0 500922.6 15379136.0 1010264.7  51200.0 51170.3     98    8.000   0      0.000    8.000
79616.0 81216.0 26870.9  0.0   7527104.0 709034.1 15379136.0 1010264.7  51200.0 51170.3     98    8.000   0      0.000    8.000
79616.0 81216.0 26870.9  0.0   7527104.0 924983.6 15379136.0 1010264.7  51200.0 51170.3     98    8.000   0      0.000    8.000
79616.0 81216.0 26870.9  0.0   7527104.0 1134627.1 15379136.0 1010264.7  51200.0 51170.3     98    8.000   0      0.000    8.000
79616.0 81216.0 26870.9  0.0   7527104.0 1505242.9 15379136.0 1010264.7  51200.0 51170.3     98    8.000   0      0.000    8.000
79616.0 81216.0 26870.9  0.0   7527104.0 1706435.4 15379136.0 1010264.7  51200.0 51170.7     98    8.000   0      0.000    8.000
79616.0 81216.0 26870.9  0.0   7527104.0 1859483.4 15379136.0 1010264.7  51200.0 51171.4     98    8.000   0      0.000    8.000
79616.0 81216.0 26870.9  0.0   7527104.0 1896518.9 15379136.0 1010264.7  51200.0 51171.4     98    8.000   0      0.000    8.000
79616.0 81216.0 26870.9  0.0   7527104.0 1928576.1 15379136.0 1010264.7  51200.0 51171.4     98    8.000   0      0.000    8.000
79616.0 81216.0 26870.9  0.0   7527104.0 1975409.7 15379136.0 1010264.7  51200.0 51171.4     98    8.000   0      0.000    8.000
79616.0 81216.0 26870.9  0.0   7527104.0 2018102.4 15379136.0 1010264.7  51200.0 51171.4     98    8.000   0      0.000    8.000
79616.0 81216.0 26870.9  0.0   7527104.0 2039697.5 15379136.0 1010264.7  51200.0 51171.8     98    8.000   0      0.000    8.000
79616.0 81216.0 26870.9  0.0   7527104.0 2040040.1 15379136.0 1010264.7  51200.0 51171.8     98    8.000   0      0.000    8.000
79616.0 81216.0 26870.9  0.0   7527104.0 2040289.7 15379136.0 1010264.7  51200.0 51171.8     98    8.000   0      0.000    8.000
79616.0 81216.0 26870.9  0.0   7527104.0 2040585.0 15379136.0 1010264.7  51200.0 51171.8     98    8.000   0      0.000    8.000
79616.0 81216.0 26870.9  0.0   7527104.0 2049073.7 15379136.0 1010264.7  51200.0 51171.8     98    8.000   0      0.000    8.000
79616.0 81216.0 26870.9  0.0   7527104.0 2049089.4 15379136.0 1010264.7  51200.0 51171.8     98    8.000   0      0.000    8.000
79616.0 81216.0 26870.9  0.0   7527104.0 2049137.2 15379136.0 1010264.7  51200.0 51171.8     98    8.000   0      0.000    8.000
79616.0 81216.0 26870.9  0.0   7527104.0 2049156.8 15379136.0 1010264.7  51200.0 51172.0     98    8.000   0      0.000    8.000
79616.0 81216.0 26870.9  0.0   7527104.0 2049176.4 15379136.0 1010264.7  51200.0 51172.0     98    8.000   0      0.000    8.000
79616.0 81216.0 26870.9  0.0   7527104.0 2049199.1 15379136.0 1010264.7  51200.0 51172.0     98    8.000   0      0.000    8.000
79616.0 81216.0 26870.9  0.0   7527104.0 2049214.7 15379136.0 1010264.7  51200.0 51172.0     98    8.000   0      0.000    8.000
79616.0 81216.0 26870.9  0.0   7527104.0 2049257.4 15379136.0 1010264.7  51200.0 51172.0     98    8.000   0      0.000    8.000
79616.0 81216.0 26870.9  0.0   7527104.0 2049282.4 15379136.0 1010264.7  51200.0 51172.0     98    8.000   0      0.000    8.000
79616.0 81216.0 26870.9  0.0   7527104.0 2049304.2 15379136.0 1010264.7  51200.0 51172.0     98    8.000   0      0.000    8.000
79616.0 81216.0 26870.9  0.0   7527104.0 2049319.8 15379136.0 1010264.7  51200.0 51172.9     98    8.000   0      0.000    8.000
79616.0 81216.0 26870.9  0.0   7527104.0 2049339.4 15379136.0 1010264.7  51200.0 51172.9     98    8.000   0      0.000    8.000
79616.0 81216.0 26870.9  0.0   7527104.0 2049402.7 15379136.0 1010264.7  51200.0 51177.8     98    8.000   0      0.000    8.000
79616.0 81216.0 26870.9  0.0   7527104.0 2049425.4 15379136.0 1010264.7  51200.0 51177.8     98    8.000   0      0.000    8.000
79616.0 81216.0 26870.9  0.0   7527104.0 2049444.9 15379136.0 1010264.7  51200.0 51177.8     98    8.000   0      0.000    8.000
79616.0 81216.0 26870.9  0.0   7527104.0 2049460.5 15379136.0 1010264.7  51200.0 51177.8     98    8.000   0      0.000    8.000
79616.0 81216.0 26870.9  0.0   7527104.0 2049482.2 15379136.0 1010264.7  51200.0 51177.8     98    8.000   0      0.000    8.000
79616.0 81216.0 26870.9  0.0   7527104.0 2049525.8 15379136.0 1010264.7  51200.0 51177.8     98    8.000   0      0.000    8.000
79616.0 81216.0 26870.9  0.0   7527104.0 2049545.4 15379136.0 1010264.7  51200.0 51177.8     98    8.000   0      0.000    8.000
79616.0 81216.0 26870.9  0.0   7527104.0 2049565.0 15379136.0 1010264.7  51200.0 51177.8     98    8.000   0      0.000    8.000
79616.0 81216.0 26870.9  0.0   7527104.0 2049583.7 15379136.0 1010264.7  51200.0 51177.8     98    8.000   0      0.000    8.000
79616.0 81216.0 26870.9  0.0   7527104.0 2049603.2 15379136.0 1010264.7  51200.0 51177.8     98    8.000   0      0.000    8.000
79616.0 81216.0 26870.9  0.0   7527104.0 2049650.3 15379136.0 1010264.7  51200.0 51178.0     98    8.000   0      0.000    8.000
79616.0 81216.0 26870.9  0.0   7527104.0 2049669.9 15379136.0 1010264.7  51200.0 51178.0     98    8.000   0      0.000    8.000
79616.0 81216.0 26870.9  0.0   7527104.0 2049696.8 15379136.0 1010264.7  51200.0 51178.0     98    8.000   0      0.000    8.000
79616.0 81216.0 26870.9  0.0   7527104.0 2049712.3 15379136.0 1010264.7  51200.0 51178.0     98    8.000   0      0.000    8.000
79616.0 81216.0 26870.9  0.0   7527104.0 2049732.0 15379136.0 1010264.7  51200.0 51178.0     98    8.000   0      0.000    8.000
79616.0 81216.0 26870.9  0.0   7527104.0 2100216.8 15379136.0 1010264.7  51200.0 51178.0     98    8.000   0      0.000    8.000
79616.0 81216.0 26870.9  0.0   7527104.0 2100239.4 15379136.0 1010264.7  51200.0 51178.0     98    8.000   0      0.000    8.000
79616.0 81216.0 26870.9  0.0   7527104.0 2100254.9 15379136.0 1010264.7  51200.0 51178.0     98    8.000   0      0.000    8.000
79616.0 81216.0 26870.9  0.0   7527104.0 2100274.3 15379136.0 1010264.7  51200.0 51178.0     98    8.000   0      0.000    8.000
79616.0 81216.0 26870.9  0.0   7527104.0 2100299.2 15379136.0 1010264.7  51200.0 51178.0     98    8.000   0      0.000    8.000
79616.0 81216.0 26870.9  0.0   7527104.0 2100347.5 15379136.0 1010264.7  51200.0 51178.0     98    8.000   0      0.000    8.000
79616.0 81216.0 26870.9  0.0   7527104.0 3028497.7 15379136.0 1010264.7  51392.0 51271.4     98    8.000   0      0.000    8.000
