 S0C    S1C    S0U    S1U      EC       EU        OC         OU       PC     PU    YGC     YGCT    FGC    FGCT     GCT   
961152.0 961152.0  0.0    0.0   5767232.0 115344.7 15379136.0    0.0     21248.0 2527.4      0    0.000   0      0.000    0.000
961152.0 961152.0  0.0    0.0   5767232.0 115344.7 15379136.0    0.0     21248.0 5916.3      0    0.000   0      0.000    0.000
961152.0 961152.0  0.0    0.0   5767232.0 115344.7 15379136.0    0.0     21248.0 8916.7      0    0.000   0      0.000    0.000
961152.0 961152.0  0.0    0.0   5767232.0 115344.7 15379136.0    0.0     21248.0 12959.0      0    0.000   0      0.000    0.000
961152.0 961152.0  0.0    0.0   5767232.0 230689.4 15379136.0    0.0     21248.0 13860.4      0    0.000   0      0.000    0.000
961152.0 961152.0  0.0    0.0   5767232.0 230689.4 15379136.0    0.0     21248.0 15721.7      0    0.000   0      0.000    0.000
961152.0 961152.0  0.0    0.0   5767232.0 230689.8 15379136.0    0.0     21248.0 18970.3      0    0.000   0      0.000    0.000
961152.0 961152.0  0.0    0.0   5767232.0 1499650.8 15379136.0    0.0     22976.0 22965.0      0    0.000   0      0.000    0.000
961152.0 961152.0  0.0    0.0   5767232.0 3460772.3 15379136.0    0.0     28352.0 28272.4      0    0.000   0      0.000    0.000
961152.0 961152.0  0.0    0.0   5767232.0 3576117.2 15379136.0    0.0     31808.0 31617.6      0    0.000   0      0.000    0.000
961152.0 961152.0  0.0    0.0   5767232.0 5191294.9 15379136.0    0.0     34304.0 34171.2      0    0.000   0      0.000    0.000
961152.0 961152.0  0.0    0.0   5767232.0 5306639.6 15379136.0    0.0     36608.0 36535.3      0    0.000   0      0.000    0.000
961152.0 961152.0  0.0    0.0   5767232.0 5306639.6 15379136.0    0.0     38720.0 38608.8      0    0.000   0      0.000    0.000
961152.0 961152.0  0.0    0.0   5767232.0 5537329.0 15379136.0    0.0     40640.0 40420.5      0    0.000   0      0.000    0.000
961152.0 961152.0  0.0    0.0   5767232.0 5537329.0 15379136.0    0.0     46208.0 46075.1      0    0.000   0      0.000    0.000
961152.0 961152.0  0.0   104609.6 5767232.0 2161019.5 15379136.0    0.0     48704.0 48631.4      1    0.094   0      0.000    0.094
961152.0 961152.0  0.0   104609.6 5767232.0 3765583.7 15379136.0    0.0     50240.0 49930.0      1    0.094   0      0.000    0.094
961152.0 961152.0 123056.7  0.0   5767232.0 2177424.2 15379136.0    0.0     50240.0 50178.6      2    0.192   0      0.000    0.192
961152.0 961152.0 123056.7  0.0   5767232.0 5242326.6 15379136.0    0.0     50432.0 50263.8      2    0.192   0      0.000    0.192
961152.0 961152.0  0.0   121449.8 5767232.0 3345920.4 15379136.0    0.0     50432.0 50389.2      3    0.248   0      0.000    0.248
961152.0 961152.0 122573.3  0.0   5767232.0 773118.5 15379136.0    0.0     50432.0 50403.0      4    0.298   0      0.000    0.298
961152.0 961152.0 122573.3  0.0   5767232.0 4056824.5 15379136.0    0.0     50432.0 50403.9      4    0.298   0      0.000    0.298
136704.0 961152.0  0.0   128778.0 5767232.0 1596758.1 15379136.0    0.0     50432.0 50408.5      5    0.350   0      0.000    0.350
136704.0 961152.0  0.0   128778.0 5767232.0 5116529.4 15379136.0    0.0     50432.0 50409.5      5    0.350   0      0.000    0.350
136704.0 134848.0 121489.5  0.0   7417984.0 2400753.3 15379136.0    0.0     50816.0 50673.6      6    0.446   0      0.000    0.446
136704.0 134848.0 121489.5  0.0   7417984.0 5216012.9 15379136.0    0.0     50816.0 50674.3      6    0.446   0      0.000    0.446
145728.0 62080.0  0.0   62044.0 7417984.0 760679.2 15379136.0  67791.2   50816.0 50676.3      7    0.527   0      0.000    0.527
145728.0 62080.0  0.0   62044.0 7417984.0 3614990.3 15379136.0  67791.2   50816.0 50676.6      7    0.527   0      0.000    0.527
145728.0 62080.0  0.0   62044.0 7417984.0 6382612.2 15379136.0  67791.2   50816.0 50677.2      7    0.527   0      0.000    0.527
145728.0 151488.0 62340.3  0.0   7386560.0 2070418.3 15379136.0  67919.2   50816.0 50677.6      8    0.549   0      0.000    0.549
145728.0 151488.0 62340.3  0.0   7386560.0 4837121.5 15379136.0  67919.2   50816.0 50742.5      8    0.549   0      0.000    0.549
154688.0 61760.0  0.0   61707.7 7386560.0 154345.2 15379136.0  68007.2   50816.0 50748.9      9    0.578   0      0.000    0.578
154688.0 61760.0  0.0   61707.7 7386560.0 3068471.1 15379136.0  68007.2   50816.0 50749.2      9    0.578   0      0.000    0.578
154688.0 61760.0  0.0   61707.7 7386560.0 5749729.1 15379136.0  68007.2   50816.0 50749.2      9    0.578   0      0.000    0.578
154688.0 156544.0 58894.3  0.0   7376448.0 1123942.1 15379136.0  70646.6   50816.0 50752.5     10    0.600   0      0.000    0.600
154688.0 156544.0 58894.3  0.0   7376448.0 3710458.3 15379136.0  70646.6   50816.0 50752.5     10    0.600   0      0.000    0.600
154688.0 156544.0 58894.3  0.0   7376448.0 6391706.1 15379136.0  70646.6   50816.0 50752.5     10    0.600   0      0.000    0.600
158976.0 47808.0  0.0   47805.2 7376448.0 1555979.4 15379136.0  81150.2   50816.0 50782.4     11    0.621   0      0.000    0.621
158976.0 47808.0  0.0   47805.2 7376448.0 4239449.8 15379136.0  81150.2   50816.0 50787.9     11    0.621   0      0.000    0.621
158976.0 47808.0  0.0   47805.2 7376448.0 7175375.4 15379136.0  81150.2   50816.0 50794.8     11    0.621   0      0.000    0.621
158976.0 158464.0 55834.0  0.0   7372096.0 2998551.3 15379136.0  85320.8   50816.0 50796.7     12    0.644   0      0.000    0.644
158976.0 158464.0 55834.0  0.0   7372096.0 6513747.4 15379136.0  85320.8   50816.0 50799.7     12    0.644   0      0.000    0.644
158976.0 158464.0  0.0   44129.4 7372096.0 2279064.8 15379136.0  104909.1  50816.0 50800.0     13    0.677   0      0.000    0.677
158976.0 158464.0  0.0   44129.4 7372096.0 4948249.1 15379136.0  104909.1  50816.0 50802.7     13    0.677   0      0.000    0.677
158976.0 158464.0  0.0   44129.4 7372096.0 5932558.0 15379136.0  104909.1  51008.0 50823.5     13    0.677   0      0.000    0.677
158976.0 156992.0 51678.1  0.0   7373568.0 697590.9 15379136.0  113737.5  51008.0 50823.5     14    0.702   0      0.000    0.702
158976.0 156992.0 51678.1  0.0   7373568.0 3614541.2 15379136.0  113737.5  51008.0 50823.8     14    0.702   0      0.000    0.702
158976.0 156992.0 51678.1  0.0   7373568.0 6801608.7 15379136.0  113737.5  51008.0 50823.8     14    0.702   0      0.000    0.702
156224.0 156992.0  0.0   40572.6 7373568.0 2769171.6 15379136.0  126084.0  51008.0 50824.8     15    0.726   0      0.000    0.726
156224.0 156992.0  0.0   40572.6 7373568.0 5830743.1 15379136.0  126084.0  51008.0 50825.5     15    0.726   0      0.000    0.726
156224.0 152960.0 49377.4  0.0   7380352.0 1616009.7 15379136.0  130405.6  51008.0 50834.6     16    0.744   0      0.000    0.744
156224.0 152960.0 49377.4  0.0   7380352.0 4828765.9 15379136.0  130405.6  51008.0 50834.6     16    0.744   0      0.000    0.744
149632.0 152960.0  0.0   47239.4 7380352.0 503126.8 15379136.0  141400.6  51008.0 50841.6     17    0.766   0      0.000    0.766
149632.0 152960.0  0.0   47239.4 7380352.0 2565383.5 15379136.0  141400.6  51008.0 50841.6     17    0.766   0      0.000    0.766
149632.0 152960.0  0.0   47239.4 7380352.0 3620142.4 15379136.0  141400.6  51008.0 50842.4     17    0.766   0      0.000    0.766
149632.0 152960.0  0.0   47239.4 7380352.0 4006372.5 15379136.0  141400.6  51008.0 50844.3     17    0.766   0      0.000    0.766
149632.0 152960.0  0.0   47239.4 7380352.0 4137885.8 15379136.0  141400.6  51008.0 50844.5     17    0.766   0      0.000    0.766
149632.0 152960.0  0.0   47239.4 7380352.0 4329261.7 15379136.0  141400.6  51008.0 50844.5     17    0.766   0      0.000    0.766
149632.0 152960.0  0.0   47239.4 7380352.0 4409984.0 15379136.0  141400.6  51008.0 50846.0     17    0.766   0      0.000    0.766
149632.0 152960.0  0.0   47239.4 7380352.0 4623467.4 15379136.0  141400.6  51008.0 50847.0     17    0.766   0      0.000    0.766
149632.0 152960.0  0.0   47239.4 7380352.0 4867373.6 15379136.0  141400.6  51008.0 50847.3     17    0.766   0      0.000    0.766
149632.0 152960.0  0.0   47239.4 7380352.0 5106147.1 15379136.0  141400.6  51008.0 50851.8     17    0.766   0      0.000    0.766
149632.0 152960.0  0.0   47239.4 7380352.0 5356327.5 15379136.0  141400.6  51008.0 50852.6     17    0.766   0      0.000    0.766
149632.0 152960.0  0.0   47239.4 7380352.0 5601612.3 15379136.0  141400.6  51008.0 50853.4     17    0.766   0      0.000    0.766
149632.0 152960.0  0.0   47239.4 7380352.0 5855299.7 15379136.0  141400.6  51008.0 50853.7     17    0.766   0      0.000    0.766
149632.0 152960.0  0.0   47239.4 7380352.0 6076048.3 15379136.0  141400.6  51008.0 50854.1     17    0.766   0      0.000    0.766
149632.0 152960.0  0.0   47239.4 7380352.0 6275307.9 15379136.0  141400.6  51008.0 50854.8     17    0.766   0      0.000    0.766
149632.0 152960.0  0.0   47239.4 7380352.0 6494267.7 15379136.0  141400.6  51008.0 50854.8     17    0.766   0      0.000    0.766
149632.0 152960.0  0.0   47239.4 7380352.0 6724798.3 15379136.0  141400.6  51008.0 50854.8     17    0.766   0      0.000    0.766
149632.0 152960.0  0.0   47239.4 7380352.0 6943926.8 15379136.0  141400.6  51008.0 50854.8     17    0.766   0      0.000    0.766
149632.0 152960.0  0.0   47239.4 7380352.0 7239218.4 15379136.0  141400.6  51008.0 50856.4     17    0.766   0      0.000    0.766
149632.0 142976.0 64351.0  0.0   7396928.0 381340.5 15379136.0  146245.0  51008.0 50862.3     18    0.786   0      0.000    0.786
149632.0 142976.0 64351.0  0.0   7396928.0 713915.9 15379136.0  146245.0  51008.0 50862.3     18    0.786   0      0.000    0.786
149632.0 142976.0 64351.0  0.0   7396928.0 1105111.4 15379136.0  146245.0  51008.0 50862.6     18    0.786   0      0.000    0.786
149632.0 142976.0 64351.0  0.0   7396928.0 1577683.2 15379136.0  146245.0  51008.0 50863.4     18    0.786   0      0.000    0.786
149632.0 142976.0 64351.0  0.0   7396928.0 1980099.0 15379136.0  146245.0  51008.0 50865.3     18    0.786   0      0.000    0.786
149632.0 142976.0 64351.0  0.0   7396928.0 2425446.8 15379136.0  146245.0  51008.0 50865.5     18    0.786   0      0.000    0.786
149632.0 142976.0 64351.0  0.0   7396928.0 2840917.0 15379136.0  146245.0  51008.0 50865.7     18    0.786   0      0.000    0.786
149632.0 142976.0 64351.0  0.0   7396928.0 3340805.3 15379136.0  146245.0  51008.0 50866.9     18    0.786   0      0.000    0.786
149632.0 142976.0 64351.0  0.0   7396928.0 3757623.3 15379136.0  146245.0  51008.0 50867.5     18    0.786   0      0.000    0.786
149632.0 142976.0 64351.0  0.0   7396928.0 4170547.8 15379136.0  146245.0  51008.0 50867.5     18    0.786   0      0.000    0.786
149632.0 142976.0 64351.0  0.0   7396928.0 4529812.2 15379136.0  146245.0  51008.0 50867.6     18    0.786   0      0.000    0.786
149632.0 142976.0 64351.0  0.0   7396928.0 4863682.9 15379136.0  146245.0  51008.0 50867.7     18    0.786   0      0.000    0.786
149632.0 142976.0 64351.0  0.0   7396928.0 5287246.5 15379136.0  146245.0  51008.0 50867.7     18    0.786   0      0.000    0.786
149632.0 142976.0 64351.0  0.0   7396928.0 5738128.2 15379136.0  146245.0  51008.0 50868.4     18    0.786   0      0.000    0.786
149632.0 142976.0 64351.0  0.0   7396928.0 6184449.8 15379136.0  146245.0  51008.0 50868.6     18    0.786   0      0.000    0.786
149632.0 142976.0 64351.0  0.0   7396928.0 6557347.9 15379136.0  146245.0  51008.0 50868.9     18    0.786   0      0.000    0.786
149632.0 142976.0 64351.0  0.0   7396928.0 6981968.6 15379136.0  146245.0  51008.0 50868.9     18    0.786   0      0.000    0.786
149632.0 142976.0 64351.0  0.0   7396928.0 7351431.9 15379136.0  146245.0  51008.0 50868.9     18    0.786   0      0.000    0.786
136832.0 142976.0  0.0   64295.3 7396928.0 431629.8 15379136.0  146463.7  51008.0 50868.9     19    0.803   0      0.000    0.803
136832.0 142976.0  0.0   64295.3 7396928.0 820087.7 15379136.0  146463.7  51008.0 50868.9     19    0.803   0      0.000    0.803
136832.0 142976.0  0.0   64295.3 7396928.0 1120759.9 15379136.0  146463.7  51008.0 50868.9     19    0.803   0      0.000    0.803
136832.0 142976.0  0.0   64295.3 7396928.0 1395746.1 15379136.0  146463.7  51008.0 50868.9     19    0.803   0      0.000    0.803
136832.0 142976.0  0.0   64295.3 7396928.0 1703573.7 15379136.0  146463.7  51008.0 50868.9     19    0.803   0      0.000    0.803
136832.0 142976.0  0.0   64295.3 7396928.0 1948409.6 15379136.0  146463.7  51008.0 50869.4     19    0.803   0      0.000    0.803
136832.0 142976.0  0.0   64295.3 7396928.0 2313625.2 15379136.0  146463.7  51008.0 50869.7     19    0.803   0      0.000    0.803
136832.0 142976.0  0.0   64295.3 7396928.0 2822211.8 15379136.0  146463.7  51008.0 50870.2     19    0.803   0      0.000    0.803
136832.0 142976.0  0.0   64295.3 7396928.0 3182146.1 15379136.0  146463.7  51008.0 50870.2     19    0.803   0      0.000    0.803
136832.0 142976.0  0.0   64295.3 7396928.0 3519424.0 15379136.0  146463.7  51008.0 50870.4     19    0.803   0      0.000    0.803
136832.0 142976.0  0.0   64295.3 7396928.0 3804315.9 15379136.0  146463.7  51008.0 50870.8     19    0.803   0      0.000    0.803
136832.0 142976.0  0.0   64295.3 7396928.0 4179301.1 15379136.0  146463.7  51008.0 50870.8     19    0.803   0      0.000    0.803
136832.0 142976.0  0.0   64295.3 7396928.0 4446527.8 15379136.0  146463.7  51008.0 50870.8     19    0.803   0      0.000    0.803
136832.0 142976.0  0.0   64295.3 7396928.0 4714980.1 15379136.0  146463.7  51008.0 50871.2     19    0.803   0      0.000    0.803
136832.0 142976.0  0.0   64295.3 7396928.0 5273082.0 15379136.0  146463.7  51008.0 50872.8     19    0.803   0      0.000    0.803
136832.0 142976.0  0.0   64295.3 7396928.0 5744238.3 15379136.0  146463.7  51008.0 50873.0     19    0.803   0      0.000    0.803
136832.0 142976.0  0.0   64295.3 7396928.0 6090743.7 15379136.0  146463.7  51008.0 50873.4     19    0.803   0      0.000    0.803
136832.0 142976.0  0.0   64295.3 7396928.0 6715091.3 15379136.0  146463.7  51008.0 50874.0     19    0.803   0      0.000    0.803
136832.0 142976.0  0.0   64295.3 7396928.0 7351897.5 15379136.0  146463.7  51008.0 50874.8     19    0.803   0      0.000    0.803
136832.0 131584.0 73877.7  0.0   7421120.0 478824.1 15379136.0  146495.7  51008.0 50874.9     20    0.826   0      0.000    0.826
136832.0 131584.0 73877.7  0.0   7421120.0 884919.2 15379136.0  146495.7  51008.0 50875.3     20    0.826   0      0.000    0.826
136832.0 131584.0 73877.7  0.0   7421120.0 1259952.4 15379136.0  146495.7  51008.0 50876.4     20    0.826   0      0.000    0.826
136832.0 131584.0 73877.7  0.0   7421120.0 1603922.8 15379136.0  146495.7  51008.0 50876.8     20    0.826   0      0.000    0.826
136832.0 131584.0 73877.7  0.0   7421120.0 1886288.6 15379136.0  146495.7  51008.0 50876.8     20    0.826   0      0.000    0.826
136832.0 131584.0 73877.7  0.0   7421120.0 2181521.8 15379136.0  146495.7  51008.0 50876.8     20    0.826   0      0.000    0.826
136832.0 131584.0 73877.7  0.0   7421120.0 2454162.3 15379136.0  146495.7  51008.0 50877.1     20    0.826   0      0.000    0.826
136832.0 131584.0 73877.7  0.0   7421120.0 2733967.1 15379136.0  146495.7  51008.0 50878.9     20    0.826   0      0.000    0.826
136832.0 131584.0 73877.7  0.0   7421120.0 3042641.5 15379136.0  146495.7  51008.0 50879.4     20    0.826   0      0.000    0.826
136832.0 131584.0 73877.7  0.0   7421120.0 3308178.9 15379136.0  146495.7  51008.0 50884.3     20    0.826   0      0.000    0.826
136832.0 131584.0 73877.7  0.0   7421120.0 3719903.8 15379136.0  146495.7  51008.0 50885.5     20    0.826   0      0.000    0.826
136832.0 131584.0 73877.7  0.0   7421120.0 4070931.6 15379136.0  146495.7  51008.0 50886.8     20    0.826   0      0.000    0.826
136832.0 131584.0 73877.7  0.0   7421120.0 4412303.2 15379136.0  146495.7  51008.0 50887.5     20    0.826   0      0.000    0.826
136832.0 131584.0 73877.7  0.0   7421120.0 4989395.7 15379136.0  146495.7  51008.0 50888.0     20    0.826   0      0.000    0.826
136832.0 131584.0 73877.7  0.0   7421120.0 5282364.0 15379136.0  146495.7  51008.0 50888.2     20    0.826   0      0.000    0.826
136832.0 131584.0 73877.7  0.0   7421120.0 5676528.9 15379136.0  146495.7  51008.0 50890.5     20    0.826   0      0.000    0.826
136832.0 131584.0 73877.7  0.0   7421120.0 5943699.3 15379136.0  146495.7  51008.0 50891.0     20    0.826   0      0.000    0.826
136832.0 131584.0 73877.7  0.0   7421120.0 6211977.0 15379136.0  146495.7  51008.0 50892.0     20    0.826   0      0.000    0.826
136832.0 131584.0 73877.7  0.0   7421120.0 6509963.1 15379136.0  146495.7  51008.0 50892.2     20    0.826   0      0.000    0.826
136832.0 131584.0 73877.7  0.0   7421120.0 7046685.8 15379136.0  146495.7  51008.0 50892.4     20    0.826   0      0.000    0.826
126208.0 131584.0  0.0   66203.3 7421120.0 127691.4 15379136.0  156290.6  51008.0 50892.5     21    0.855   0      0.000    0.855
126208.0 131584.0  0.0   66203.3 7421120.0 608495.3 15379136.0  156290.6  51008.0 50894.2     21    0.855   0      0.000    0.855
126208.0 131584.0  0.0   66203.3 7421120.0 976715.7 15379136.0  156290.6  51008.0 50894.4     21    0.855   0      0.000    0.855
126208.0 131584.0  0.0   66203.3 7421120.0 1336149.1 15379136.0  156290.6  51008.0 50894.7     21    0.855   0      0.000    0.855
126208.0 131584.0  0.0   66203.3 7421120.0 1701286.9 15379136.0  156290.6  51008.0 50894.7     21    0.855   0      0.000    0.855
126208.0 131584.0  0.0   66203.3 7421120.0 2027713.4 15379136.0  156290.6  51008.0 50894.7     21    0.855   0      0.000    0.855
126208.0 131584.0  0.0   66203.3 7421120.0 2489340.1 15379136.0  156290.6  51008.0 50895.0     21    0.855   0      0.000    0.855
126208.0 131584.0  0.0   66203.3 7421120.0 2769426.4 15379136.0  156290.6  51008.0 50896.3     21    0.855   0      0.000    0.855
126208.0 131584.0  0.0   66203.3 7421120.0 2989731.2 15379136.0  156290.6  51008.0 50896.6     21    0.855   0      0.000    0.855
126208.0 131584.0  0.0   66203.3 7421120.0 3442747.0 15379136.0  156290.6  51008.0 50897.5     21    0.855   0      0.000    0.855
126208.0 131584.0  0.0   66203.3 7421120.0 3698911.5 15379136.0  156290.6  51008.0 50897.5     21    0.855   0      0.000    0.855
126208.0 131584.0  0.0   66203.3 7421120.0 4026509.4 15379136.0  156290.6  51008.0 50899.7     21    0.855   0      0.000    0.855
126208.0 131584.0  0.0   66203.3 7421120.0 4545965.2 15379136.0  156290.6  51008.0 50899.7     21    0.855   0      0.000    0.855
126208.0 131584.0  0.0   66203.3 7421120.0 4877320.1 15379136.0  156290.6  51008.0 50900.4     21    0.855   0      0.000    0.855
126208.0 131584.0  0.0   66203.3 7421120.0 5241645.7 15379136.0  156290.6  51008.0 50900.4     21    0.855   0      0.000    0.855
126208.0 131584.0  0.0   66203.3 7421120.0 5573596.2 15379136.0  156290.6  51008.0 50900.8     21    0.855   0      0.000    0.855
126208.0 131584.0  0.0   66203.3 7421120.0 5898666.5 15379136.0  156290.6  51008.0 50900.8     21    0.855   0      0.000    0.855
126208.0 131584.0  0.0   66203.3 7421120.0 6222602.6 15379136.0  156290.6  51008.0 50900.8     21    0.855   0      0.000    0.855
126208.0 131584.0  0.0   66203.3 7421120.0 6493569.3 15379136.0  156290.6  51008.0 50900.8     21    0.855   0      0.000    0.855
126208.0 131584.0  0.0   66203.3 7421120.0 6755674.7 15379136.0  156290.6  51008.0 50900.8     21    0.855   0      0.000    0.855
126208.0 131584.0  0.0   66203.3 7421120.0 6972458.3 15379136.0  156290.6  51008.0 50903.8     21    0.855   0      0.000    0.855
126208.0 131584.0  0.0   66203.3 7421120.0 7269226.2 15379136.0  156290.6  51008.0 50905.3     21    0.855   0      0.000    0.855
126208.0 121088.0 71376.3  0.0   7442240.0 287783.1 15379136.0  158777.1  51008.0 50907.4     22    0.878   0      0.000    0.878
126208.0 121088.0 71376.3  0.0   7442240.0 698702.1 15379136.0  158777.1  51008.0 50910.5     22    0.878   0      0.000    0.878
126208.0 121088.0 71376.3  0.0   7442240.0 1160674.7 15379136.0  158777.1  51008.0 50910.5     22    0.878   0      0.000    0.878
126208.0 121088.0 71376.3  0.0   7442240.0 1587842.5 15379136.0  158777.1  51008.0 50910.7     22    0.878   0      0.000    0.878
126208.0 121088.0 71376.3  0.0   7442240.0 1998070.5 15379136.0  158777.1  51008.0 50911.2     22    0.878   0      0.000    0.878
126208.0 121088.0 71376.3  0.0   7442240.0 2297998.1 15379136.0  158777.1  51008.0 50911.6     22    0.878   0      0.000    0.878
126208.0 121088.0 71376.3  0.0   7442240.0 2673231.6 15379136.0  158777.1  51008.0 50912.4     22    0.878   0      0.000    0.878
126208.0 121088.0 71376.3  0.0   7442240.0 3001557.0 15379136.0  158777.1  51008.0 50914.9     22    0.878   0      0.000    0.878
126208.0 121088.0 71376.3  0.0   7442240.0 3267943.9 15379136.0  158777.1  51008.0 50915.7     22    0.878   0      0.000    0.878
126208.0 121088.0 71376.3  0.0   7442240.0 3556805.7 15379136.0  158777.1  51008.0 50915.7     22    0.878   0      0.000    0.878
126208.0 121088.0 71376.3  0.0   7442240.0 3821264.8 15379136.0  158777.1  51008.0 50915.9     22    0.878   0      0.000    0.878
126208.0 121088.0 71376.3  0.0   7442240.0 4124147.6 15379136.0  158777.1  51008.0 50915.9     22    0.878   0      0.000    0.878
126208.0 121088.0 71376.3  0.0   7442240.0 4429189.4 15379136.0  158777.1  51008.0 50915.9     22    0.878   0      0.000    0.878
126208.0 121088.0 71376.3  0.0   7442240.0 4827491.9 15379136.0  158777.1  51008.0 50915.9     22    0.878   0      0.000    0.878
126208.0 121088.0 71376.3  0.0   7442240.0 5212181.3 15379136.0  158777.1  51008.0 50917.4     22    0.878   0      0.000    0.878
126208.0 121088.0 71376.3  0.0   7442240.0 5563810.5 15379136.0  158777.1  51008.0 50917.4     22    0.878   0      0.000    0.878
126208.0 121088.0 71376.3  0.0   7442240.0 6088110.4 15379136.0  158777.1  51008.0 50918.1     22    0.878   0      0.000    0.878
126208.0 121088.0 71376.3  0.0   7442240.0 6408447.2 15379136.0  158777.1  51008.0 50918.3     22    0.878   0      0.000    0.878
126208.0 121088.0 71376.3  0.0   7442240.0 6707829.6 15379136.0  158777.1  51008.0 50918.3     22    0.878   0      0.000    0.878
126208.0 121088.0 71376.3  0.0   7442240.0 7009754.4 15379136.0  158777.1  51008.0 50918.3     22    0.878   0      0.000    0.878
126208.0 121088.0 71376.3  0.0   7442240.0 7232887.2 15379136.0  158777.1  51008.0 50918.3     22    0.878   0      0.000    0.878
126208.0 121088.0 71376.3  0.0   7442240.0 7419551.7 15379136.0  158777.1  51008.0 50918.8     22    0.878   0      0.000    0.878
116352.0 121088.0  0.0   67934.1 7442240.0 338596.6 15379136.0  166147.6  51008.0 50918.8     23    0.909   0      0.000    0.909
116352.0 121088.0  0.0   67934.1 7442240.0 619402.1 15379136.0  166147.6  51008.0 50919.6     23    0.909   0      0.000    0.909
116352.0 121088.0  0.0   67934.1 7442240.0 1249696.2 15379136.0  166147.6  51008.0 50919.6     23    0.909   0      0.000    0.909
116352.0 121088.0  0.0   67934.1 7442240.0 2051305.9 15379136.0  166147.6  51008.0 50920.1     23    0.909   0      0.000    0.909
116352.0 121088.0  0.0   67934.1 7442240.0 2565456.0 15379136.0  166147.6  51008.0 50920.1     23    0.909   0      0.000    0.909
116352.0 121088.0  0.0   67934.1 7442240.0 3082995.0 15379136.0  166147.6  51008.0 50920.7     23    0.909   0      0.000    0.909
116352.0 121088.0  0.0   67934.1 7442240.0 3501198.0 15379136.0  166147.6  51008.0 50920.7     23    0.909   0      0.000    0.909
116352.0 121088.0  0.0   67934.1 7442240.0 3917645.0 15379136.0  166147.6  51008.0 50920.7     23    0.909   0      0.000    0.909
116352.0 121088.0  0.0   67934.1 7442240.0 4288374.3 15379136.0  166147.6  51008.0 50920.7     23    0.909   0      0.000    0.909
116352.0 121088.0  0.0   67934.1 7442240.0 4770718.1 15379136.0  166147.6  51008.0 50921.1     23    0.909   0      0.000    0.909
116352.0 121088.0  0.0   67934.1 7442240.0 5266326.5 15379136.0  166147.6  51008.0 50921.1     23    0.909   0      0.000    0.909
116352.0 121088.0  0.0   67934.1 7442240.0 5650596.9 15379136.0  166147.6  51008.0 50921.2     23    0.909   0      0.000    0.909
116352.0 121088.0  0.0   67934.1 7442240.0 5964217.8 15379136.0  166147.6  51008.0 50921.4     23    0.909   0      0.000    0.909
116352.0 121088.0  0.0   67934.1 7442240.0 6289603.0 15379136.0  166147.6  51008.0 50921.4     23    0.909   0      0.000    0.909
116352.0 121088.0  0.0   67934.1 7442240.0 6835668.8 15379136.0  166147.6  51008.0 51000.1     23    0.909   0      0.000    0.909
116352.0 121088.0  0.0   67934.1 7442240.0 7191217.7 15379136.0  166147.6  51008.0 51000.4     23    0.909   0      0.000    0.909
116352.0 121088.0  0.0   67934.1 7442240.0 7415426.2 15379136.0  166147.6  51008.0 51000.4     23    0.909   0      0.000    0.909
116352.0 111808.0 69293.6  0.0   7461376.0 386397.2 15379136.0  168696.8  51008.0 51002.2     24    0.931   0      0.000    0.931
116352.0 111808.0 69293.6  0.0   7461376.0 649982.6 15379136.0  168696.8  51008.0 51002.2     24    0.931   0      0.000    0.931
116352.0 111808.0 69293.6  0.0   7461376.0 948550.3 15379136.0  168696.8  51008.0 51002.4     24    0.931   0      0.000    0.931
116352.0 111808.0 69293.6  0.0   7461376.0 1182955.3 15379136.0  168696.8  51008.0 51002.4     24    0.931   0      0.000    0.931
116352.0 111808.0 69293.6  0.0   7461376.0 1444112.5 15379136.0  168696.8  51008.0 51002.4     24    0.931   0      0.000    0.931
116352.0 111808.0 69293.6  0.0   7461376.0 1739104.2 15379136.0  168696.8  51008.0 51002.4     24    0.931   0      0.000    0.931
116352.0 111808.0 69293.6  0.0   7461376.0 2021269.4 15379136.0  168696.8  51008.0 51002.6     24    0.931   0      0.000    0.931
116352.0 111808.0 69293.6  0.0   7461376.0 2334532.4 15379136.0  168696.8  51008.0 51002.6     24    0.931   0      0.000    0.931
116352.0 111808.0 69293.6  0.0   7461376.0 2614317.4 15379136.0  168696.8  51008.0 51002.6     24    0.931   0      0.000    0.931
116352.0 111808.0 69293.6  0.0   7461376.0 2784222.5 15379136.0  168696.8  51008.0 51002.6     24    0.931   0      0.000    0.931
116352.0 111808.0 69293.6  0.0   7461376.0 2902305.5 15379136.0  168696.8  51008.0 51003.1     24    0.931   0      0.000    0.931
116352.0 111808.0 69293.6  0.0   7461376.0 2986134.1 15379136.0  168696.8  51008.0 51003.1     24    0.931   0      0.000    0.931
116352.0 111808.0 69293.6  0.0   7461376.0 3022691.2 15379136.0  168696.8  51008.0 51003.1     24    0.931   0      0.000    0.931
116352.0 111808.0 69293.6  0.0   7461376.0 3090785.1 15379136.0  168696.8  51008.0 51003.1     24    0.931   0      0.000    0.931
116352.0 111808.0 69293.6  0.0   7461376.0 3090785.4 15379136.0  168696.8  51008.0 51003.1     24    0.931   0      0.000    0.931
116352.0 111808.0 69293.6  0.0   7461376.0 3112459.2 15379136.0  168696.8  51008.0 51003.1     24    0.931   0      0.000    0.931
116352.0 111808.0 69293.6  0.0   7461376.0 3127681.2 15379136.0  168696.8  51008.0 51003.1     24    0.931   0      0.000    0.931
116352.0 111808.0 69293.6  0.0   7461376.0 3206486.4 15379136.0  168696.8  51008.0 51003.1     24    0.931   0      0.000    0.931
116352.0 111808.0 69293.6  0.0   7461376.0 3527466.8 15379136.0  168696.8  51008.0 51003.3     24    0.931   0      0.000    0.931
116352.0 111808.0 69293.6  0.0   7461376.0 3954976.9 15379136.0  168696.8  51008.0 51003.5     24    0.931   0      0.000    0.931
116352.0 111808.0 69293.6  0.0   7461376.0 4439546.3 15379136.0  168696.8  51008.0 51003.5     24    0.931   0      0.000    0.931
116352.0 111808.0 69293.6  0.0   7461376.0 5041247.0 15379136.0  168696.8  51008.0 51003.5     24    0.931   0      0.000    0.931
116352.0 111808.0 69293.6  0.0   7461376.0 5684630.3 15379136.0  168696.8  51008.0 51003.5     24    0.931   0      0.000    0.931
116352.0 111808.0 69293.6  0.0   7461376.0 6293892.9 15379136.0  168696.8  51008.0 51003.5     24    0.931   0      0.000    0.931
116352.0 111808.0 69293.6  0.0   7461376.0 6926412.3 15379136.0  168696.8  51008.0 51003.7     24    0.931   0      0.000    0.931
108672.0 111808.0  0.0   63800.0 7461376.0 1023454.3 15379136.0  173553.8  51008.0 51004.0     25    0.960   0      0.000    0.960
108672.0 111808.0  0.0   63800.0 7461376.0 2658370.9 15379136.0  173553.8  51008.0 51004.0     25    0.960   0      0.000    0.960
108672.0 111808.0  0.0   63800.0 7461376.0 3883117.8 15379136.0  173553.8  51008.0 51004.0     25    0.960   0      0.000    0.960
108672.0 111808.0  0.0   63800.0 7461376.0 5892706.2 15379136.0  173553.8  51008.0 51004.0     25    0.960   0      0.000    0.960
108672.0 111808.0 27452.6  0.0   7465920.0 2229675.2 15379136.0  178995.3  51008.0 51004.1     26    0.972   0      0.000    0.972
108672.0 111808.0 27452.6  0.0   7465920.0 4629480.1 15379136.0  178995.3  51008.0 51004.7     26    0.972   0      0.000    0.972
108672.0 111808.0 27452.6  0.0   7465920.0 5611699.3 15379136.0  178995.3  51008.0 51004.7     26    0.972   0      0.000    0.972
108672.0 111808.0 27452.6  0.0   7465920.0 6216019.3 15379136.0  178995.3  51008.0 51005.0     26    0.972   0      0.000    0.972
108672.0 111808.0 27452.6  0.0   7465920.0 6719824.3 15379136.0  178995.3  51008.0 51005.0     26    0.972   0      0.000    0.972
108672.0 111808.0 27452.6  0.0   7465920.0 7019654.0 15379136.0  178995.3  51008.0 51005.0     26    0.972   0      0.000    0.972
108672.0 111808.0 27452.6  0.0   7465920.0 7229743.3 15379136.0  178995.3  51008.0 51005.0     26    0.972   0      0.000    0.972
109312.0 111808.0  0.0   70822.9 7465920.0 162087.7 15379136.0  180002.4  51008.0 51005.0     27    0.997   0      0.000    0.997
109312.0 111808.0  0.0   70822.9 7465920.0 539687.1 15379136.0  180002.4  51008.0 51005.0     27    0.997   0      0.000    0.997
109312.0 111808.0  0.0   70822.9 7465920.0 875154.3 15379136.0  180002.4  51008.0 51005.0     27    0.997   0      0.000    0.997
109312.0 111808.0  0.0   70822.9 7465920.0 1669029.5 15379136.0  180002.4  51008.0 51005.0     27    0.997   0      0.000    0.997
109312.0 111808.0  0.0   70822.9 7465920.0 2235760.1 15379136.0  180002.4  51008.0 51005.0     27    0.997   0      0.000    0.997
109312.0 111808.0  0.0   70822.9 7465920.0 2802301.0 15379136.0  180002.4  51008.0 51006.8     27    0.997   0      0.000    0.997
109312.0 111808.0  0.0   70822.9 7465920.0 3751873.3 15379136.0  180002.4  51008.0 51006.8     27    0.997   0      0.000    0.997
109312.0 111808.0  0.0   70822.9 7465920.0 4324102.0 15379136.0  180002.4  51008.0 51006.8     27    0.997   0      0.000    0.997
109312.0 111808.0  0.0   70822.9 7465920.0 4924196.5 15379136.0  180002.4  51008.0 51007.0     27    0.997   0      0.000    0.997
109312.0 111808.0  0.0   70822.9 7465920.0 5359059.2 15379136.0  180002.4  51008.0 51007.0     27    0.997   0      0.000    0.997
109312.0 111808.0  0.0   70822.9 7465920.0 6673909.3 15379136.0  180002.4  51200.0 51008.3     27    0.997   0      0.000    0.997
109312.0 105216.0 63918.6  0.0   7475008.0 658027.3 15379136.0  191504.6  51200.0 51008.3     28    1.027   0      0.000    1.027
109312.0 105216.0 63918.6  0.0   7475008.0 1691619.6 15379136.0  191504.6  51200.0 51008.3     28    1.027   0      0.000    1.027
109312.0 105216.0 63918.6  0.0   7475008.0 2801142.2 15379136.0  191504.6  51200.0 51008.3     28    1.027   0      0.000    1.027
109312.0 105216.0 63918.6  0.0   7475008.0 3803188.4 15379136.0  191504.6  51200.0 51008.3     28    1.027   0      0.000    1.027
109312.0 105216.0 63918.6  0.0   7475008.0 4949498.2 15379136.0  191504.6  51200.0 51008.6     28    1.027   0      0.000    1.027
109312.0 105216.0 63918.6  0.0   7475008.0 5924706.3 15379136.0  191504.6  51200.0 51008.7     28    1.027   0      0.000    1.027
109312.0 105216.0 63918.6  0.0   7475008.0 6818927.1 15379136.0  191504.6  51200.0 51008.7     28    1.027   0      0.000    1.027
109312.0 105216.0 63918.6  0.0   7475008.0 7282817.5 15379136.0  191504.6  51200.0 51008.7     28    1.027   0      0.000    1.027
102016.0 105216.0  0.0   67590.5 7475008.0 360941.0 15379136.0  198949.4  51200.0 51008.7     29    1.053   0      0.000    1.053
102016.0 105216.0  0.0   67590.5 7475008.0 843296.8 15379136.0  198949.4  51200.0 51010.9     29    1.053   0      0.000    1.053
102016.0 105216.0  0.0   67590.5 7475008.0 1518389.1 15379136.0  198949.4  51200.0 51010.9     29    1.053   0      0.000    1.053
102016.0 105216.0  0.0   67590.5 7475008.0 2224462.6 15379136.0  198949.4  51200.0 51010.9     29    1.053   0      0.000    1.053
102016.0 105216.0  0.0   67590.5 7475008.0 3001980.6 15379136.0  198949.4  51200.0 51010.9     29    1.053   0      0.000    1.053
102016.0 105216.0  0.0   67590.5 7475008.0 3658258.5 15379136.0  198949.4  51200.0 51010.9     29    1.053   0      0.000    1.053
102016.0 105216.0  0.0   67590.5 7475008.0 4309669.1 15379136.0  198949.4  51200.0 51010.9     29    1.053   0      0.000    1.053
102016.0 105216.0  0.0   67590.5 7475008.0 4887972.3 15379136.0  198949.4  51200.0 51010.9     29    1.053   0      0.000    1.053
102016.0 105216.0  0.0   67590.5 7475008.0 5394063.6 15379136.0  198949.4  51200.0 51010.9     29    1.053   0      0.000    1.053
102016.0 105216.0  0.0   67590.5 7475008.0 5677900.7 15379136.0  198949.4  51200.0 51010.9     29    1.053   0      0.000    1.053
102016.0 105216.0  0.0   67590.5 7475008.0 6090125.4 15379136.0  198949.4  51200.0 51010.9     29    1.053   0      0.000    1.053
102016.0 105216.0  0.0   67590.5 7475008.0 6646451.7 15379136.0  198949.4  51200.0 51013.9     29    1.053   0      0.000    1.053
102016.0 105216.0  0.0   67590.5 7475008.0 7144917.6 15379136.0  198949.4  51200.0 51013.9     29    1.053   0      0.000    1.053
102016.0 98560.0 66165.8  0.0   7488960.0 155930.8 15379136.0  206379.6  51200.0 51013.9     30    1.076   0      0.000    1.076
102016.0 98560.0 66165.8  0.0   7488960.0 790064.9 15379136.0  206379.6  51200.0 51013.9     30    1.076   0      0.000    1.076
102016.0 98560.0 66165.8  0.0   7488960.0 1331713.5 15379136.0  206379.6  51200.0 51013.9     30    1.076   0      0.000    1.076
102016.0 98560.0 66165.8  0.0   7488960.0 1945012.2 15379136.0  206379.6  51200.0 51013.9     30    1.076   0      0.000    1.076
102016.0 98560.0 66165.8  0.0   7488960.0 2449611.0 15379136.0  206379.6  51200.0 51013.9     30    1.076   0      0.000    1.076
102016.0 98560.0 66165.8  0.0   7488960.0 2835368.0 15379136.0  206379.6  51200.0 51013.9     30    1.076   0      0.000    1.076
102016.0 98560.0 66165.8  0.0   7488960.0 3160333.5 15379136.0  206379.6  51200.0 51014.1     30    1.076   0      0.000    1.076
102016.0 98560.0 66165.8  0.0   7488960.0 3244669.5 15379136.0  206379.6  51200.0 51014.1     30    1.076   0      0.000    1.076
102016.0 98560.0 66165.8  0.0   7488960.0 3319901.1 15379136.0  206379.6  51200.0 51014.5     30    1.076   0      0.000    1.076
102016.0 98560.0 66165.8  0.0   7488960.0 3364857.7 15379136.0  206379.6  51200.0 51014.5     30    1.076   0      0.000    1.076
102016.0 98560.0 66165.8  0.0   7488960.0 3448176.0 15379136.0  206379.6  51200.0 51014.5     30    1.076   0      0.000    1.076
102016.0 98560.0 66165.8  0.0   7488960.0 3462929.2 15379136.0  206379.6  51200.0 51014.5     30    1.076   0      0.000    1.076
102016.0 98560.0 66165.8  0.0   7488960.0 3720989.3 15379136.0  206379.6  51200.0 51014.5     30    1.076   0      0.000    1.076
102016.0 98560.0 66165.8  0.0   7488960.0 5236228.4 15379136.0  206379.6  51200.0 51015.0     30    1.076   0      0.000    1.076
102016.0 98560.0 66165.8  0.0   7488960.0 5832830.5 15379136.0  206379.6  51200.0 51015.0     30    1.076   0      0.000    1.076
102016.0 98560.0 66165.8  0.0   7488960.0 6573376.8 15379136.0  206379.6  51200.0 51015.0     30    1.076   0      0.000    1.076
95616.0 98560.0  0.0   64008.0 7488960.0 471321.1 15379136.0  209262.1  51200.0 51015.0     31    1.096   0      0.000    1.096
95616.0 98560.0  0.0   64008.0 7488960.0 1508414.8 15379136.0  209262.1  51200.0 51015.0     31    1.096   0      0.000    1.096
95616.0 98560.0  0.0   64008.0 7488960.0 2611932.6 15379136.0  209262.1  51200.0 51015.0     31    1.096   0      0.000    1.096
95616.0 98560.0  0.0   64008.0 7488960.0 3586963.2 15379136.0  209262.1  51200.0 51015.0     31    1.096   0      0.000    1.096
95616.0 98560.0  0.0   64008.0 7488960.0 4373995.1 15379136.0  209262.1  51200.0 51015.0     31    1.096   0      0.000    1.096
95616.0 98560.0  0.0   64008.0 7488960.0 5121267.9 15379136.0  209262.1  51200.0 51015.0     31    1.096   0      0.000    1.096
95616.0 98560.0  0.0   64008.0 7488960.0 5954474.5 15379136.0  209262.1  51200.0 51015.0     31    1.096   0      0.000    1.096
95616.0 98560.0  0.0   64008.0 7488960.0 7362153.4 15379136.0  209262.1  51200.0 51016.6     31    1.096   0      0.000    1.096
95616.0 94400.0 54756.2  0.0   7499520.0 1379601.2 15379136.0  216324.3  51200.0 51016.6     32    1.115   0      0.000    1.115
95616.0 94400.0 54756.2  0.0   7499520.0 2472977.2 15379136.0  216324.3  51200.0 51016.6     32    1.115   0      0.000    1.115
95616.0 94400.0 54756.2  0.0   7499520.0 3874341.8 15379136.0  216324.3  51200.0 51018.4     32    1.115   0      0.000    1.115
95616.0 94400.0 54756.2  0.0   7499520.0 4817225.8 15379136.0  216324.3  51200.0 51018.4     32    1.115   0      0.000    1.115
95616.0 94400.0 54756.2  0.0   7499520.0 6457078.4 15379136.0  216324.3  51200.0 51019.7     32    1.115   0      0.000    1.115
95616.0 94400.0 54756.2  0.0   7499520.0 7440893.1 15379136.0  216324.3  51200.0 51019.7     32    1.115   0      0.000    1.115
92352.0 94400.0  0.0   66917.0 7499520.0 915233.5 15379136.0  222247.3  51200.0 51019.7     33    1.140   0      0.000    1.140
92352.0 94400.0  0.0   66917.0 7499520.0 2073105.2 15379136.0  222247.3  51200.0 51019.7     33    1.140   0      0.000    1.140
92352.0 94400.0  0.0   66917.0 7499520.0 3163679.1 15379136.0  222247.3  51200.0 51019.7     33    1.140   0      0.000    1.140
92352.0 94400.0  0.0   66917.0 7499520.0 4147760.8 15379136.0  222247.3  51200.0 51019.7     33    1.140   0      0.000    1.140
92352.0 94400.0  0.0   66917.0 7499520.0 4947873.3 15379136.0  222247.3  51200.0 51019.7     33    1.140   0      0.000    1.140
92352.0 94400.0  0.0   66917.0 7499520.0 5600214.2 15379136.0  222247.3  51200.0 51019.7     33    1.140   0      0.000    1.140
92352.0 94400.0  0.0   66917.0 7499520.0 6276718.9 15379136.0  222247.3  51200.0 51019.7     33    1.140   0      0.000    1.140
92352.0 94400.0  0.0   66917.0 7499520.0 7326323.1 15379136.0  222247.3  51200.0 51019.7     33    1.140   0      0.000    1.140
92352.0 91840.0 70760.0  0.0   7505344.0 543985.0 15379136.0  234878.0  51200.0 51019.7     34    1.171   0      0.000    1.171
92352.0 91840.0 70760.0  0.0   7505344.0 1177111.8 15379136.0  234878.0  51200.0 51019.7     34    1.171   0      0.000    1.171
92352.0 91840.0 70760.0  0.0   7505344.0 1944765.5 15379136.0  234878.0  51200.0 51019.7     34    1.171   0      0.000    1.171
92352.0 91840.0 70760.0  0.0   7505344.0 2806867.7 15379136.0  234878.0  51200.0 51019.7     34    1.171   0      0.000    1.171
92352.0 91840.0 70760.0  0.0   7505344.0 3424043.5 15379136.0  234878.0  51200.0 51019.7     34    1.171   0      0.000    1.171
92352.0 91840.0 70760.0  0.0   7505344.0 4108517.5 15379136.0  234878.0  51200.0 51019.7     34    1.171   0      0.000    1.171
92352.0 91840.0 70760.0  0.0   7505344.0 4641733.0 15379136.0  234878.0  51200.0 51019.7     34    1.171   0      0.000    1.171
92352.0 91840.0 70760.0  0.0   7505344.0 5206276.2 15379136.0  234878.0  51200.0 51019.7     34    1.171   0      0.000    1.171
92352.0 91840.0 70760.0  0.0   7505344.0 5668481.2 15379136.0  234878.0  51200.0 51019.7     34    1.171   0      0.000    1.171
92352.0 91840.0 70760.0  0.0   7505344.0 6059306.7 15379136.0  234878.0  51200.0 51019.7     34    1.171   0      0.000    1.171
92352.0 91840.0 70760.0  0.0   7505344.0 6494707.3 15379136.0  234878.0  51200.0 51019.7     34    1.171   0      0.000    1.171
92352.0 91840.0 70760.0  0.0   7505344.0 6769559.7 15379136.0  234878.0  51200.0 51019.7     34    1.171   0      0.000    1.171
92352.0 91840.0 70760.0  0.0   7505344.0 6891407.7 15379136.0  234878.0  51200.0 51019.7     34    1.171   0      0.000    1.171
92352.0 91840.0 70760.0  0.0   7505344.0 7039377.9 15379136.0  234878.0  51200.0 51020.2     34    1.171   0      0.000    1.171
92352.0 91840.0 70760.0  0.0   7505344.0 7114984.4 15379136.0  234878.0  51200.0 51020.2     34    1.171   0      0.000    1.171
92352.0 91840.0 70760.0  0.0   7505344.0 7188674.6 15379136.0  234878.0  51200.0 51020.2     34    1.171   0      0.000    1.171
90240.0 91840.0  0.0   68174.8 7505344.0 237104.3 15379136.0  244685.3  51200.0 51020.2     35    1.198   0      0.000    1.198
90240.0 91840.0  0.0   68174.8 7505344.0 706298.3 15379136.0  244685.3  51200.0 51020.2     35    1.198   0      0.000    1.198
90240.0 91840.0  0.0   68174.8 7505344.0 1408552.3 15379136.0  244685.3  51200.0 51021.2     35    1.198   0      0.000    1.198
90240.0 91840.0  0.0   68174.8 7505344.0 2399431.4 15379136.0  244685.3  51200.0 51021.2     35    1.198   0      0.000    1.198
90240.0 91840.0  0.0   68174.8 7505344.0 3190244.2 15379136.0  244685.3  51200.0 51021.2     35    1.198   0      0.000    1.198
90240.0 91840.0  0.0   68174.8 7505344.0 4044516.6 15379136.0  244685.3  51200.0 51021.8     35    1.198   0      0.000    1.198
90240.0 91840.0  0.0   68174.8 7505344.0 4931448.5 15379136.0  244685.3  51200.0 51021.8     35    1.198   0      0.000    1.198
90240.0 91840.0  0.0   68174.8 7505344.0 5654666.1 15379136.0  244685.3  51200.0 51021.8     35    1.198   0      0.000    1.198
90240.0 91840.0  0.0   68174.8 7505344.0 6448037.2 15379136.0  244685.3  51200.0 51022.1     35    1.198   0      0.000    1.198
90240.0 91840.0  0.0   68174.8 7505344.0 7113139.4 15379136.0  244685.3  51200.0 51022.1     35    1.198   0      0.000    1.198
90240.0 88512.0 61194.6  0.0   7510784.0 251283.5 15379136.0  249702.2  51200.0 51022.1     36    1.217   0      0.000    1.217
90240.0 88512.0 61194.6  0.0   7510784.0 822828.1 15379136.0  249702.2  51200.0 51022.1     36    1.217   0      0.000    1.217
90240.0 88512.0 61194.6  0.0   7510784.0 1385068.6 15379136.0  249702.2  51200.0 51022.1     36    1.217   0      0.000    1.217
90240.0 88512.0 61194.6  0.0   7510784.0 2025944.2 15379136.0  249702.2  51200.0 51022.1     36    1.217   0      0.000    1.217
90240.0 88512.0 61194.6  0.0   7510784.0 2600762.0 15379136.0  249702.2  51200.0 51022.1     36    1.217   0      0.000    1.217
90240.0 88512.0 61194.6  0.0   7510784.0 3186303.5 15379136.0  249702.2  51200.0 51022.1     36    1.217   0      0.000    1.217
90240.0 88512.0 61194.6  0.0   7510784.0 3716789.5 15379136.0  249702.2  51200.0 51022.1     36    1.217   0      0.000    1.217
90240.0 88512.0 61194.6  0.0   7510784.0 4306555.2 15379136.0  249702.2  51200.0 51022.1     36    1.217   0      0.000    1.217
90240.0 88512.0 61194.6  0.0   7510784.0 4703666.9 15379136.0  249702.2  51200.0 51022.1     36    1.217   0      0.000    1.217
90240.0 88512.0 61194.6  0.0   7510784.0 5195401.4 15379136.0  249702.2  51200.0 51022.1     36    1.217   0      0.000    1.217
90240.0 88512.0 61194.6  0.0   7510784.0 5951926.6 15379136.0  249702.2  51200.0 51022.1     36    1.217   0      0.000    1.217
87744.0 88512.0  0.0   56061.9 7510784.0 315809.9 15379136.0  255811.1  51200.0 51022.1     37    1.235   0      0.000    1.235
87744.0 88512.0  0.0   56061.9 7510784.0 1793608.6 15379136.0  255811.1  51200.0 51022.1     37    1.235   0      0.000    1.235
87744.0 88512.0  0.0   56061.9 7510784.0 3317941.7 15379136.0  255811.1  51200.0 51022.1     37    1.235   0      0.000    1.235
87744.0 88512.0  0.0   56061.9 7510784.0 4534032.1 15379136.0  255811.1  51200.0 51023.3     37    1.235   0      0.000    1.235
87744.0 88512.0  0.0   56061.9 7510784.0 5357131.9 15379136.0  255811.1  51200.0 51023.3     37    1.235   0      0.000    1.235
87744.0 88512.0  0.0   56061.9 7510784.0 6594228.1 15379136.0  255811.1  51200.0 51023.3     37    1.235   0      0.000    1.235
87744.0 88512.0  0.0   56061.9 7510784.0 7507341.5 15379136.0  255811.1  51200.0 51023.3     37    1.235   0      0.000    1.235
87744.0 85632.0 64886.0  0.0   7516160.0 739910.0 15379136.0  266567.0  51200.0 51023.3     38    1.264   0      0.000    1.264
87744.0 85632.0 64886.0  0.0   7516160.0 1546436.9 15379136.0  266567.0  51200.0 51023.3     38    1.264   0      0.000    1.264
87744.0 85632.0 64886.0  0.0   7516160.0 2110125.4 15379136.0  266567.0  51200.0 51023.3     38    1.264   0      0.000    1.264
87744.0 85632.0 64886.0  0.0   7516160.0 2644800.6 15379136.0  266567.0  51200.0 51023.6     38    1.264   0      0.000    1.264
87744.0 85632.0 64886.0  0.0   7516160.0 3326127.9 15379136.0  266567.0  51200.0 51024.1     38    1.264   0      0.000    1.264
87744.0 85632.0 64886.0  0.0   7516160.0 3742073.7 15379136.0  266567.0  51200.0 51024.1     38    1.264   0      0.000    1.264
87744.0 85632.0 64886.0  0.0   7516160.0 4132130.9 15379136.0  266567.0  51200.0 51024.1     38    1.264   0      0.000    1.264
87744.0 85632.0 64886.0  0.0   7516160.0 4594198.2 15379136.0  266567.0  51200.0 51024.1     38    1.264   0      0.000    1.264
87744.0 85632.0 64886.0  0.0   7516160.0 5028206.9 15379136.0  266567.0  51200.0 51024.1     38    1.264   0      0.000    1.264
87744.0 85632.0 64886.0  0.0   7516160.0 5457059.7 15379136.0  266567.0  51200.0 51024.1     38    1.264   0      0.000    1.264
87744.0 85632.0 64886.0  0.0   7516160.0 5931444.6 15379136.0  266567.0  51200.0 51024.1     38    1.264   0      0.000    1.264
87744.0 85632.0 64886.0  0.0   7516160.0 6317564.3 15379136.0  266567.0  51200.0 51024.6     38    1.264   0      0.000    1.264
87744.0 85632.0 64886.0  0.0   7516160.0 6707584.7 15379136.0  266567.0  51200.0 51024.6     38    1.264   0      0.000    1.264
87744.0 85632.0 64886.0  0.0   7516160.0 7103790.5 15379136.0  266567.0  51200.0 51024.6     38    1.264   0      0.000    1.264
83968.0 85632.0  0.0   65557.7 7516160.0 607068.8 15379136.0  279292.4  51200.0 51024.6     39    1.293   0      0.000    1.293
83968.0 85632.0  0.0   65557.7 7516160.0 1309461.2 15379136.0  279292.4  51200.0 51024.6     39    1.293   0      0.000    1.293
83968.0 85632.0  0.0   65557.7 7516160.0 3119564.5 15379136.0  279292.4  51200.0 51026.0     39    1.293   0      0.000    1.293
83968.0 85632.0  0.0   65557.7 7516160.0 4128934.6 15379136.0  279292.4  51200.0 51026.0     39    1.293   0      0.000    1.293
83968.0 85632.0  0.0   65557.7 7516160.0 5036388.7 15379136.0  279292.4  51200.0 51026.0     39    1.293   0      0.000    1.293
83968.0 85632.0  0.0   65557.7 7516160.0 6084343.2 15379136.0  279292.4  51200.0 51026.0     39    1.293   0      0.000    1.293
83968.0 85632.0  0.0   65557.7 7516160.0 7097709.0 15379136.0  279292.4  51200.0 51026.0     39    1.293   0      0.000    1.293
83968.0 83136.0 57701.2  0.0   7522432.0 459892.0 15379136.0  293086.4  51200.0 51026.0     40    1.318   0      0.000    1.318
83968.0 83136.0 57701.2  0.0   7522432.0 1262004.8 15379136.0  293086.4  51200.0 51026.0     40    1.318   0      0.000    1.318
83968.0 83136.0 57701.2  0.0   7522432.0 1926881.6 15379136.0  293086.4  51200.0 51026.0     40    1.318   0      0.000    1.318
83968.0 83136.0 57701.2  0.0   7522432.0 2503343.9 15379136.0  293086.4  51200.0 51026.0     40    1.318   0      0.000    1.318
83968.0 83136.0 57701.2  0.0   7522432.0 3014299.6 15379136.0  293086.4  51200.0 51026.0     40    1.318   0      0.000    1.318
83968.0 83136.0 57701.2  0.0   7522432.0 3419050.8 15379136.0  293086.4  51200.0 51026.0     40    1.318   0      0.000    1.318
83968.0 83136.0 57701.2  0.0   7522432.0 3844990.5 15379136.0  293086.4  51200.0 51026.0     40    1.318   0      0.000    1.318
83968.0 83136.0 57701.2  0.0   7522432.0 4222735.6 15379136.0  293086.4  51200.0 51026.0     40    1.318   0      0.000    1.318
83968.0 83136.0 57701.2  0.0   7522432.0 4713152.6 15379136.0  293086.4  51200.0 51026.0     40    1.318   0      0.000    1.318
83968.0 83136.0 57701.2  0.0   7522432.0 5254203.5 15379136.0  293086.4  51200.0 51026.0     40    1.318   0      0.000    1.318
83968.0 83136.0 57701.2  0.0   7522432.0 5826804.3 15379136.0  293086.4  51200.0 51026.0     40    1.318   0      0.000    1.318
83968.0 83136.0 57701.2  0.0   7522432.0 6356065.6 15379136.0  293086.4  51200.0 51026.0     40    1.318   0      0.000    1.318
83968.0 83136.0 57701.2  0.0   7522432.0 6949802.1 15379136.0  293086.4  51200.0 51026.0     40    1.318   0      0.000    1.318
83968.0 83136.0 57701.2  0.0   7522432.0 7511772.7 15379136.0  293086.4  51200.0 51026.0     40    1.318   0      0.000    1.318
81664.0 83136.0  0.0   61198.1 7522432.0 1278749.4 15379136.0  300722.9  51200.0 51026.0     41    1.339   0      0.000    1.339
81664.0 83136.0  0.0   61198.1 7522432.0 2585512.4 15379136.0  300722.9  51200.0 51027.3     41    1.339   0      0.000    1.339
81664.0 83136.0  0.0   61198.1 7522432.0 3582192.7 15379136.0  300722.9  51200.0 51027.3     41    1.339   0      0.000    1.339
81664.0 83136.0  0.0   61198.1 7522432.0 4258956.4 15379136.0  300722.9  51200.0 51027.3     41    1.339   0      0.000    1.339
81664.0 83136.0  0.0   61198.1 7522432.0 5234072.4 15379136.0  300722.9  51200.0 51027.3     41    1.339   0      0.000    1.339
81664.0 83136.0  0.0   61198.1 7522432.0 6072677.6 15379136.0  300722.9  51200.0 51027.3     41    1.339   0      0.000    1.339
81664.0 83136.0  0.0   61198.1 7522432.0 6909948.5 15379136.0  300722.9  51200.0 51027.3     41    1.339   0      0.000    1.339
81664.0 80384.0 60355.3  0.0   7527488.0 94634.9  15379136.0  309381.8  51200.0 51027.3     42    1.362   0      0.000    1.362
81664.0 80384.0 60355.3  0.0   7527488.0 673744.4 15379136.0  309381.8  51200.0 51027.3     42    1.362   0      0.000    1.362
81664.0 80384.0 60355.3  0.0   7527488.0 1387730.1 15379136.0  309381.8  51200.0 51027.3     42    1.362   0      0.000    1.362
81664.0 80384.0 60355.3  0.0   7527488.0 2079389.6 15379136.0  309381.8  51200.0 51027.4     42    1.362   0      0.000    1.362
81664.0 80384.0 60355.3  0.0   7527488.0 2605540.0 15379136.0  309381.8  51200.0 51027.4     42    1.362   0      0.000    1.362
81664.0 80384.0 60355.3  0.0   7527488.0 3047987.9 15379136.0  309381.8  51200.0 51027.4     42    1.362   0      0.000    1.362
81664.0 80384.0 60355.3  0.0   7527488.0 3397343.4 15379136.0  309381.8  51200.0 51027.4     42    1.362   0      0.000    1.362
81664.0 80384.0 60355.3  0.0   7527488.0 3787643.0 15379136.0  309381.8  51200.0 51027.4     42    1.362   0      0.000    1.362
81664.0 80384.0 60355.3  0.0   7527488.0 4236718.1 15379136.0  309381.8  51200.0 51027.4     42    1.362   0      0.000    1.362
81664.0 80384.0 60355.3  0.0   7527488.0 4775587.7 15379136.0  309381.8  51200.0 51027.4     42    1.362   0      0.000    1.362
81664.0 80384.0 60355.3  0.0   7527488.0 5186665.3 15379136.0  309381.8  51200.0 51027.4     42    1.362   0      0.000    1.362
81664.0 80384.0 60355.3  0.0   7527488.0 5654327.6 15379136.0  309381.8  51200.0 51027.4     42    1.362   0      0.000    1.362
81664.0 80384.0 60355.3  0.0   7527488.0 6016579.3 15379136.0  309381.8  51200.0 51027.4     42    1.362   0      0.000    1.362
81664.0 80384.0 60355.3  0.0   7527488.0 6420613.8 15379136.0  309381.8  51200.0 51027.4     42    1.362   0      0.000    1.362
81664.0 80384.0 60355.3  0.0   7527488.0 6702803.1 15379136.0  309381.8  51200.0 51027.4     42    1.362   0      0.000    1.362
81664.0 80384.0 60355.3  0.0   7527488.0 6989461.5 15379136.0  309381.8  51200.0 51027.7     42    1.362   0      0.000    1.362
81664.0 80384.0 60355.3  0.0   7527488.0 7319146.8 15379136.0  309381.8  51200.0 51027.7     42    1.362   0      0.000    1.362
81664.0 80384.0 60355.3  0.0   7527488.0 7446679.5 15379136.0  309381.8  51200.0 51027.7     42    1.362   0      0.000    1.362
78912.0 80384.0  0.0   61796.0 7527488.0 348623.7 15379136.0  318105.8  51200.0 51027.7     43    1.386   0      0.000    1.386
78912.0 80384.0  0.0   61796.0 7527488.0 400678.4 15379136.0  318105.8  51200.0 51027.7     43    1.386   0      0.000    1.386
78912.0 80384.0  0.0   61796.0 7527488.0 451036.7 15379136.0  318105.8  51200.0 51027.7     43    1.386   0      0.000    1.386
78912.0 80384.0  0.0   61796.0 7527488.0 484262.9 15379136.0  318105.8  51200.0 51027.7     43    1.386   0      0.000    1.386
78912.0 80384.0  0.0   61796.0 7527488.0 550355.2 15379136.0  318105.8  51200.0 51027.7     43    1.386   0      0.000    1.386
78912.0 80384.0  0.0   61796.0 7527488.0 722351.3 15379136.0  318105.8  51200.0 51027.7     43    1.386   0      0.000    1.386
78912.0 80384.0  0.0   61796.0 7527488.0 982999.1 15379136.0  318105.8  51200.0 51027.7     43    1.386   0      0.000    1.386
78912.0 80384.0  0.0   61796.0 7527488.0 1630869.5 15379136.0  318105.8  51200.0 51027.7     43    1.386   0      0.000    1.386
78912.0 80384.0  0.0   61796.0 7527488.0 2001047.3 15379136.0  318105.8  51200.0 51027.7     43    1.386   0      0.000    1.386
78912.0 80384.0  0.0   61796.0 7527488.0 2425871.9 15379136.0  318105.8  51200.0 51027.7     43    1.386   0      0.000    1.386
78912.0 80384.0  0.0   61796.0 7527488.0 2865341.9 15379136.0  318105.8  51200.0 51027.7     43    1.386   0      0.000    1.386
78912.0 80384.0  0.0   61796.0 7527488.0 3250376.1 15379136.0  318105.8  51200.0 51027.7     43    1.386   0      0.000    1.386
78912.0 80384.0  0.0   61796.0 7527488.0 3944725.1 15379136.0  318105.8  51200.0 51027.7     43    1.386   0      0.000    1.386
78912.0 80384.0  0.0   61796.0 7527488.0 4324014.6 15379136.0  318105.8  51200.0 51027.7     43    1.386   0      0.000    1.386
78912.0 80384.0  0.0   61796.0 7527488.0 4721694.1 15379136.0  318105.8  51200.0 51027.7     43    1.386   0      0.000    1.386
78912.0 80384.0  0.0   61796.0 7527488.0 5099194.1 15379136.0  318105.8  51200.0 51027.7     43    1.386   0      0.000    1.386
78912.0 80384.0  0.0   61796.0 7527488.0 5465556.6 15379136.0  318105.8  51200.0 51027.7     43    1.386   0      0.000    1.386
78912.0 80384.0  0.0   61796.0 7527488.0 5659600.7 15379136.0  318105.8  51200.0 51027.7     43    1.386   0      0.000    1.386
78912.0 80384.0  0.0   61796.0 7527488.0 6044050.8 15379136.0  318105.8  51200.0 51027.7     43    1.386   0      0.000    1.386
78912.0 80384.0  0.0   61796.0 7527488.0 6462323.6 15379136.0  318105.8  51200.0 51027.7     43    1.386   0      0.000    1.386
78912.0 80384.0  0.0   61796.0 7527488.0 7367857.9 15379136.0  318105.8  51200.0 51027.7     43    1.386   0      0.000    1.386
78912.0 79488.0 68890.9  0.0   7530560.0 566529.5 15379136.0  325504.5  51200.0 51027.7     44    1.412   0      0.000    1.412
78912.0 79488.0 68890.9  0.0   7530560.0 1306962.4 15379136.0  325504.5  51200.0 51027.7     44    1.412   0      0.000    1.412
78912.0 79488.0 68890.9  0.0   7530560.0 2051292.0 15379136.0  325504.5  51200.0 51027.7     44    1.412   0      0.000    1.412
78912.0 79488.0 68890.9  0.0   7530560.0 2768154.8 15379136.0  325504.5  51200.0 51027.7     44    1.412   0      0.000    1.412
78912.0 79488.0 68890.9  0.0   7530560.0 3376722.3 15379136.0  325504.5  51200.0 51027.7     44    1.412   0      0.000    1.412
78912.0 79488.0 68890.9  0.0   7530560.0 3902268.6 15379136.0  325504.5  51200.0 51027.7     44    1.412   0      0.000    1.412
78912.0 79488.0 68890.9  0.0   7530560.0 4466526.7 15379136.0  325504.5  51200.0 51027.7     44    1.412   0      0.000    1.412
78912.0 79488.0 68890.9  0.0   7530560.0 4890750.6 15379136.0  325504.5  51200.0 51027.7     44    1.412   0      0.000    1.412
78912.0 79488.0 68890.9  0.0   7530560.0 5246080.0 15379136.0  325504.5  51200.0 51027.7     44    1.412   0      0.000    1.412
78912.0 79488.0 68890.9  0.0   7530560.0 5609385.5 15379136.0  325504.5  51200.0 51027.7     44    1.412   0      0.000    1.412
78912.0 79488.0 68890.9  0.0   7530560.0 5876614.9 15379136.0  325504.5  51200.0 51027.7     44    1.412   0      0.000    1.412
78912.0 79488.0 68890.9  0.0   7530560.0 6172985.1 15379136.0  325504.5  51200.0 51027.7     44    1.412   0      0.000    1.412
78912.0 79488.0 68890.9  0.0   7530560.0 6497823.1 15379136.0  325504.5  51200.0 51027.7     44    1.412   0      0.000    1.412
78912.0 79488.0 68890.9  0.0   7530560.0 6756420.7 15379136.0  325504.5  51200.0 51027.7     44    1.412   0      0.000    1.412
78912.0 79488.0 68890.9  0.0   7530560.0 7076274.8 15379136.0  325504.5  51200.0 51027.7     44    1.412   0      0.000    1.412
78912.0 79488.0 68890.9  0.0   7530560.0 7435925.3 15379136.0  325504.5  51200.0 51027.7     44    1.412   0      0.000    1.412
77952.0 79488.0  0.0   63801.6 7530560.0 231071.7 15379136.0  331064.0  51200.0 51027.7     45    1.433   0      0.000    1.433
77952.0 79488.0  0.0   63801.6 7530560.0 533974.1 15379136.0  331064.0  51200.0 51027.7     45    1.433   0      0.000    1.433
77952.0 79488.0  0.0   63801.6 7530560.0 1617907.5 15379136.0  331064.0  51200.0 51027.7     45    1.433   0      0.000    1.433
77952.0 79488.0  0.0   63801.6 7530560.0 2875926.6 15379136.0  331064.0  51200.0 51027.7     45    1.433   0      0.000    1.433
77952.0 79488.0  0.0   63801.6 7530560.0 4023301.2 15379136.0  331064.0  51200.0 51027.7     45    1.433   0      0.000    1.433
77952.0 79488.0  0.0   63801.6 7530560.0 5040186.8 15379136.0  331064.0  51200.0 51027.7     45    1.433   0      0.000    1.433
77952.0 79488.0  0.0   63801.6 7530560.0 6166727.7 15379136.0  331064.0  51200.0 51027.7     45    1.433   0      0.000    1.433
77952.0 79488.0  0.0   63801.6 7530560.0 7151333.9 15379136.0  331064.0  51200.0 51027.7     45    1.433   0      0.000    1.433
77952.0 77696.0 56848.8  0.0   7533888.0 467699.5 15379136.0  336482.0  51200.0 51027.7     46    1.454   0      0.000    1.454
77952.0 77696.0 56848.8  0.0   7533888.0 1309290.9 15379136.0  336482.0  51200.0 51027.7     46    1.454   0      0.000    1.454
77952.0 77696.0 56848.8  0.0   7533888.0 1755649.7 15379136.0  336482.0  51200.0 51028.1     46    1.454   0      0.000    1.454
77952.0 77696.0 56848.8  0.0   7533888.0 2054586.7 15379136.0  336482.0  51200.0 51028.1     46    1.454   0      0.000    1.454
77952.0 77696.0 56848.8  0.0   7533888.0 2573712.5 15379136.0  336482.0  51200.0 51029.4     46    1.454   0      0.000    1.454
77952.0 77696.0 56848.8  0.0   7533888.0 2842322.6 15379136.0  336482.0  51200.0 51029.4     46    1.454   0      0.000    1.454
77952.0 77696.0 56848.8  0.0   7533888.0 3195081.5 15379136.0  336482.0  51200.0 51029.4     46    1.454   0      0.000    1.454
77952.0 77696.0 56848.8  0.0   7533888.0 3436978.7 15379136.0  336482.0  51200.0 51029.4     46    1.454   0      0.000    1.454
77952.0 77696.0 56848.8  0.0   7533888.0 3722993.4 15379136.0  336482.0  51200.0 51029.4     46    1.454   0      0.000    1.454
77952.0 77696.0 56848.8  0.0   7533888.0 4045190.6 15379136.0  336482.0  51200.0 51029.4     46    1.454   0      0.000    1.454
77952.0 77696.0 56848.8  0.0   7533888.0 4340149.0 15379136.0  336482.0  51200.0 51031.3     46    1.454   0      0.000    1.454
77952.0 77696.0 56848.8  0.0   7533888.0 5052826.9 15379136.0  336482.0  51200.0 51031.3     46    1.454   0      0.000    1.454
77952.0 77696.0 56848.8  0.0   7533888.0 5438667.2 15379136.0  336482.0  51200.0 51031.3     46    1.454   0      0.000    1.454
77952.0 77696.0 56848.8  0.0   7533888.0 6118688.5 15379136.0  336482.0  51200.0 51031.3     46    1.454   0      0.000    1.454
78912.0 70336.0  0.0   70327.9 7533888.0 104835.2 15379136.0  339014.8  51200.0 51031.3     47    1.479   0      0.000    1.479
78912.0 70336.0  0.0   70327.9 7533888.0 1215418.6 15379136.0  339014.8  51200.0 51031.3     47    1.479   0      0.000    1.479
78912.0 70336.0  0.0   70327.9 7533888.0 2382131.6 15379136.0  339014.8  51200.0 51034.1     47    1.479   0      0.000    1.479
78912.0 70336.0  0.0   70327.9 7533888.0 3291506.7 15379136.0  339014.8  51200.0 51034.1     47    1.479   0      0.000    1.479
78912.0 70336.0  0.0   70327.9 7533888.0 3997855.2 15379136.0  339014.8  51200.0 51034.1     47    1.479   0      0.000    1.479
78912.0 70336.0  0.0   70327.9 7533888.0 4830016.3 15379136.0  339014.8  51200.0 51037.6     47    1.479   0      0.000    1.479
78912.0 70336.0  0.0   70327.9 7533888.0 5407709.2 15379136.0  339014.8  51200.0 51037.6     47    1.479   0      0.000    1.479
78912.0 70336.0  0.0   70327.9 7533888.0 6093097.8 15379136.0  339014.8  51200.0 51037.6     47    1.479   0      0.000    1.479
78912.0 70336.0  0.0   70327.9 7533888.0 6478577.1 15379136.0  339014.8  51200.0 51037.6     47    1.479   0      0.000    1.479
78912.0 70336.0  0.0   70327.9 7533888.0 6813405.9 15379136.0  339014.8  51200.0 51037.6     47    1.479   0      0.000    1.479
78912.0 70336.0  0.0   70327.9 7533888.0 7161900.8 15379136.0  339014.8  51200.0 51037.6     47    1.479   0      0.000    1.479
78912.0 70336.0  0.0   70327.9 7533888.0 7509595.3 15379136.0  339014.8  51200.0 51037.6     47    1.479   0      0.000    1.479
78912.0 77824.0 61242.4  0.0   7532800.0 469672.9 15379136.0  356228.1  51200.0 51038.2     48    1.508   0      0.000    1.508
78912.0 77824.0 61242.4  0.0   7532800.0 824712.1 15379136.0  356228.1  51200.0 51038.2     48    1.508   0      0.000    1.508
78912.0 77824.0 61242.4  0.0   7532800.0 1299699.0 15379136.0  356228.1  51200.0 51038.2     48    1.508   0      0.000    1.508
78912.0 77824.0 61242.4  0.0   7532800.0 1653132.2 15379136.0  356228.1  51200.0 51038.2     48    1.508   0      0.000    1.508
78912.0 77824.0 61242.4  0.0   7532800.0 2055373.0 15379136.0  356228.1  51200.0 51038.2     48    1.508   0      0.000    1.508
78912.0 77824.0 61242.4  0.0   7532800.0 2330309.6 15379136.0  356228.1  51200.0 51038.2     48    1.508   0      0.000    1.508
78912.0 77824.0 61242.4  0.0   7532800.0 2701344.0 15379136.0  356228.1  51200.0 51038.2     48    1.508   0      0.000    1.508
78912.0 77824.0 61242.4  0.0   7532800.0 2978606.5 15379136.0  356228.1  51200.0 51038.2     48    1.508   0      0.000    1.508
78912.0 77824.0 61242.4  0.0   7532800.0 3463195.0 15379136.0  356228.1  51200.0 51038.2     48    1.508   0      0.000    1.508
78912.0 77824.0 61242.4  0.0   7532800.0 3710918.2 15379136.0  356228.1  51200.0 51038.2     48    1.508   0      0.000    1.508
78912.0 77824.0 61242.4  0.0   7532800.0 3885068.2 15379136.0  356228.1  51200.0 51038.2     48    1.508   0      0.000    1.508
78912.0 77824.0 61242.4  0.0   7532800.0 3982911.2 15379136.0  356228.1  51200.0 51038.2     48    1.508   0      0.000    1.508
78912.0 77824.0 61242.4  0.0   7532800.0 4048129.8 15379136.0  356228.1  51200.0 51038.2     48    1.508   0      0.000    1.508
78912.0 77824.0 61242.4  0.0   7532800.0 4097553.6 15379136.0  356228.1  51200.0 51038.2     48    1.508   0      0.000    1.508
78912.0 77824.0 61242.4  0.0   7532800.0 4121826.3 15379136.0  356228.1  51200.0 51038.2     48    1.508   0      0.000    1.508
78912.0 77824.0 61242.4  0.0   7532800.0 4298918.7 15379136.0  356228.1  51200.0 51038.2     48    1.508   0      0.000    1.508
78912.0 77824.0 61242.4  0.0   7532800.0 4929462.9 15379136.0  356228.1  51200.0 51038.4     48    1.508   0      0.000    1.508
78912.0 77824.0 61242.4  0.0   7532800.0 5388465.6 15379136.0  356228.1  51200.0 51038.4     48    1.508   0      0.000    1.508
78912.0 77824.0 61242.4  0.0   7532800.0 5943614.7 15379136.0  356228.1  51200.0 51038.4     48    1.508   0      0.000    1.508
78912.0 77824.0 61242.4  0.0   7532800.0 7181105.3 15379136.0  356228.1  51200.0 51038.4     48    1.508   0      0.000    1.508
76672.0 77824.0  0.0   61907.9 7532800.0 2028158.3 15379136.0  362621.1  51200.0 51038.4     49    1.530   0      0.000    1.530
76672.0 77824.0  0.0   61907.9 7532800.0 3663879.8 15379136.0  362621.1  51200.0 51038.4     49    1.530   0      0.000    1.530
76672.0 77824.0  0.0   61907.9 7532800.0 6484099.0 15379136.0  362621.1  51200.0 51038.4     49    1.530   0      0.000    1.530
76672.0 78720.0 43489.6  0.0   7532096.0 2006438.1 15379136.0  382700.9  51200.0 51038.4     50    1.559   0      0.000    1.559
76672.0 78720.0 43489.6  0.0   7532096.0 4120450.6 15379136.0  382700.9  51200.0 51038.4     50    1.559   0      0.000    1.559
76672.0 78720.0 43489.6  0.0   7532096.0 5884111.9 15379136.0  382700.9  51200.0 51038.4     50    1.559   0      0.000    1.559
76672.0 78720.0 43489.6  0.0   7532096.0 7474584.5 15379136.0  382700.9  51200.0 51038.4     50    1.559   0      0.000    1.559
78592.0 78720.0  0.0   51972.2 7532096.0 1463242.2 15379136.0  387721.6  51200.0 51038.4     51    1.578   0      0.000    1.578
78592.0 78720.0  0.0   51972.2 7532096.0 2548054.1 15379136.0  387721.6  51200.0 51038.4     51    1.578   0      0.000    1.578
78592.0 78720.0  0.0   51972.2 7532096.0 3519138.9 15379136.0  387721.6  51200.0 51038.4     51    1.578   0      0.000    1.578
78592.0 78720.0  0.0   51972.2 7532096.0 4215286.9 15379136.0  387721.6  51200.0 51038.4     51    1.578   0      0.000    1.578
78592.0 78720.0  0.0   51972.2 7532096.0 4700839.6 15379136.0  387721.6  51200.0 51038.4     51    1.578   0      0.000    1.578
78592.0 78720.0  0.0   51972.2 7532096.0 5136235.6 15379136.0  387721.6  51200.0 51038.4     51    1.578   0      0.000    1.578
78592.0 78720.0  0.0   51972.2 7532096.0 5534593.3 15379136.0  387721.6  51200.0 51038.4     51    1.578   0      0.000    1.578
78592.0 78720.0  0.0   51972.2 7532096.0 6053554.2 15379136.0  387721.6  51200.0 51038.4     51    1.578   0      0.000    1.578
78592.0 78720.0  0.0   51972.2 7532096.0 6589616.2 15379136.0  387721.6  51200.0 51038.4     51    1.578   0      0.000    1.578
78592.0 78720.0  0.0   51972.2 7532096.0 7290530.9 15379136.0  387721.6  51200.0 51038.4     51    1.578   0      0.000    1.578
78592.0 78784.0 65821.4  0.0   7531968.0 333917.7 15379136.0  396820.7  51200.0 51038.4     52    1.604   0      0.000    1.604
78592.0 78784.0 65821.4  0.0   7531968.0 980563.8 15379136.0  396820.7  51200.0 51038.4     52    1.604   0      0.000    1.604
78592.0 78784.0 65821.4  0.0   7531968.0 1515716.5 15379136.0  396820.7  51200.0 51038.4     52    1.604   0      0.000    1.604
78592.0 78784.0 65821.4  0.0   7531968.0 2432154.0 15379136.0  396820.7  51200.0 51038.4     52    1.604   0      0.000    1.604
78592.0 78784.0 65821.4  0.0   7531968.0 3736221.7 15379136.0  396820.7  51200.0 51038.4     52    1.604   0      0.000    1.604
78592.0 78784.0 65821.4  0.0   7531968.0 5264097.8 15379136.0  396820.7  51200.0 51041.1     52    1.604   0      0.000    1.604
78592.0 78784.0 65821.4  0.0   7531968.0 6803802.5 15379136.0  396820.7  51200.0 51041.1     52    1.604   0      0.000    1.604
77696.0 78784.0  0.0   62799.1 7531968.0 664908.8 15379136.0  407529.6  51200.0 51041.1     53    1.626   0      0.000    1.626
77696.0 78784.0  0.0   62799.1 7531968.0 2237898.9 15379136.0  407529.6  51200.0 51041.1     53    1.626   0      0.000    1.626
77696.0 78784.0  0.0   62799.1 7531968.0 3996932.6 15379136.0  407529.6  51200.0 51041.1     53    1.626   0      0.000    1.626
77696.0 78784.0  0.0   62799.1 7531968.0 5274967.1 15379136.0  407529.6  51200.0 51041.1     53    1.626   0      0.000    1.626
77696.0 78784.0  0.0   62799.1 7531968.0 6335831.0 15379136.0  407529.6  51200.0 51041.1     53    1.626   0      0.000    1.626
77696.0 78784.0  0.0   62799.1 7531968.0 7226105.4 15379136.0  407529.6  51200.0 51041.1     53    1.626   0      0.000    1.626
77696.0 76992.0 55472.0  0.0   7534848.0 333802.4 15379136.0  418257.5  51200.0 51041.1     54    1.647   0      0.000    1.647
77696.0 76992.0 55472.0  0.0   7534848.0 693961.2 15379136.0  418257.5  51200.0 51041.1     54    1.647   0      0.000    1.647
77696.0 76992.0 55472.0  0.0   7534848.0 1228824.0 15379136.0  418257.5  51200.0 51041.1     54    1.647   0      0.000    1.647
77696.0 76992.0 55472.0  0.0   7534848.0 1752554.3 15379136.0  418257.5  51200.0 51041.1     54    1.647   0      0.000    1.647
77696.0 76992.0 55472.0  0.0   7534848.0 2323965.1 15379136.0  418257.5  51200.0 51041.1     54    1.647   0      0.000    1.647
77696.0 76992.0 55472.0  0.0   7534848.0 2849207.2 15379136.0  418257.5  51200.0 51041.1     54    1.647   0      0.000    1.647
77696.0 76992.0 55472.0  0.0   7534848.0 3281861.3 15379136.0  418257.5  51200.0 51041.1     54    1.647   0      0.000    1.647
77696.0 76992.0 55472.0  0.0   7534848.0 3776611.4 15379136.0  418257.5  51200.0 51041.1     54    1.647   0      0.000    1.647
77696.0 76992.0 55472.0  0.0   7534848.0 4217534.5 15379136.0  418257.5  51200.0 51041.4     54    1.647   0      0.000    1.647
77696.0 76992.0 55472.0  0.0   7534848.0 4741064.4 15379136.0  418257.5  51200.0 51041.4     54    1.647   0      0.000    1.647
77696.0 76992.0 55472.0  0.0   7534848.0 5062017.6 15379136.0  418257.5  51200.0 51041.4     54    1.647   0      0.000    1.647
77696.0 76992.0 55472.0  0.0   7534848.0 5424186.0 15379136.0  418257.5  51200.0 51041.4     54    1.647   0      0.000    1.647
77696.0 76992.0 55472.0  0.0   7534848.0 5731762.1 15379136.0  418257.5  51200.0 51041.4     54    1.647   0      0.000    1.647
77696.0 76992.0 55472.0  0.0   7534848.0 5975569.3 15379136.0  418257.5  51200.0 51041.4     54    1.647   0      0.000    1.647
77696.0 76992.0 55472.0  0.0   7534848.0 6058820.1 15379136.0  418257.5  51200.0 51042.2     54    1.647   0      0.000    1.647
77696.0 76992.0 55472.0  0.0   7534848.0 6122897.9 15379136.0  418257.5  51200.0 51042.2     54    1.647   0      0.000    1.647
77696.0 76992.0 55472.0  0.0   7534848.0 6197132.4 15379136.0  418257.5  51200.0 51042.2     54    1.647   0      0.000    1.647
77696.0 76992.0 55472.0  0.0   7534848.0 6307748.8 15379136.0  418257.5  51200.0 51042.2     54    1.647   0      0.000    1.647
77696.0 76992.0 55472.0  0.0   7534848.0 6639031.1 15379136.0  418257.5  51200.0 51042.2     54    1.647   0      0.000    1.647
77696.0 76992.0 55472.0  0.0   7534848.0 7024859.1 15379136.0  418257.5  51200.0 51042.2     54    1.647   0      0.000    1.647
79232.0 37760.0  0.0   37714.4 7534848.0 67840.5  15379136.0  418265.5  51200.0 51042.2     55    1.658   0      0.000    1.658
79232.0 37760.0  0.0   37714.4 7534848.0 444561.2 15379136.0  418265.5  51200.0 51042.2     55    1.658   0      0.000    1.658
79232.0 37760.0  0.0   37714.4 7534848.0 851815.6 15379136.0  418265.5  51200.0 51042.2     55    1.658   0      0.000    1.658
79232.0 37760.0  0.0   37714.4 7534848.0 1305528.9 15379136.0  418265.5  51200.0 51042.2     55    1.658   0      0.000    1.658
79232.0 37760.0  0.0   37714.4 7534848.0 1651857.5 15379136.0  418265.5  51200.0 51042.2     55    1.658   0      0.000    1.658
79232.0 37760.0  0.0   37714.4 7534848.0 2030099.1 15379136.0  418265.5  51200.0 51042.2     55    1.658   0      0.000    1.658
79232.0 37760.0  0.0   37714.4 7534848.0 2256874.6 15379136.0  418265.5  51200.0 51043.2     55    1.658   0      0.000    1.658
79232.0 37760.0  0.0   37714.4 7534848.0 2569423.7 15379136.0  418265.5  51200.0 51043.2     55    1.658   0      0.000    1.658
79232.0 37760.0  0.0   37714.4 7534848.0 2854494.4 15379136.0  418265.5  51200.0 51043.2     55    1.658   0      0.000    1.658
79232.0 37760.0  0.0   37714.4 7534848.0 2973854.0 15379136.0  418265.5  51200.0 51043.2     55    1.658   0      0.000    1.658
79232.0 37760.0  0.0   37714.4 7534848.0 2994150.6 15379136.0  418265.5  51200.0 51043.2     55    1.658   0      0.000    1.658
79232.0 37760.0  0.0   37714.4 7534848.0 3257210.3 15379136.0  418265.5  51200.0 51043.2     55    1.658   0      0.000    1.658
79232.0 37760.0  0.0   37714.4 7534848.0 3331378.4 15379136.0  418265.5  51200.0 51043.2     55    1.658   0      0.000    1.658
79232.0 37760.0  0.0   37714.4 7534848.0 3382410.6 15379136.0  418265.5  51200.0 51043.2     55    1.658   0      0.000    1.658
79232.0 37760.0  0.0   37714.4 7534848.0 3781286.2 15379136.0  418265.5  51200.0 51043.2     55    1.658   0      0.000    1.658
79232.0 37760.0  0.0   37714.4 7534848.0 3799222.4 15379136.0  418265.5  51200.0 51043.2     55    1.658   0      0.000    1.658
79232.0 37760.0  0.0   37714.4 7534848.0 3814512.3 15379136.0  418265.5  51200.0 51043.2     55    1.658   0      0.000    1.658
79232.0 37760.0  0.0   37714.4 7534848.0 3859403.9 15379136.0  418265.5  51200.0 51043.3     55    1.658   0      0.000    1.658
79232.0 37760.0  0.0   37714.4 7534848.0 3963302.8 15379136.0  418265.5  51200.0 51043.5     55    1.658   0      0.000    1.658
79232.0 37760.0  0.0   37714.4 7534848.0 4167263.7 15379136.0  418265.5  51200.0 51043.5     55    1.658   0      0.000    1.658
79232.0 37760.0  0.0   37714.4 7534848.0 4467269.5 15379136.0  418265.5  51200.0 51043.5     55    1.658   0      0.000    1.658
79232.0 37760.0  0.0   37714.4 7534848.0 4553437.6 15379136.0  418265.5  51200.0 51043.5     55    1.658   0      0.000    1.658
79232.0 37760.0  0.0   37714.4 7534848.0 4576876.5 15379136.0  418265.5  51200.0 51043.5     55    1.658   0      0.000    1.658
79232.0 37760.0  0.0   37714.4 7534848.0 4640575.6 15379136.0  418265.5  51200.0 51043.5     55    1.658   0      0.000    1.658
79232.0 37760.0  0.0   37714.4 7534848.0 4648990.5 15379136.0  418265.5  51200.0 51043.5     55    1.658   0      0.000    1.658
79232.0 37760.0  0.0   37714.4 7534848.0 4703560.2 15379136.0  418265.5  51200.0 51043.5     55    1.658   0      0.000    1.658
79232.0 37760.0  0.0   37714.4 7534848.0 4756778.7 15379136.0  418265.5  51200.0 51043.5     55    1.658   0      0.000    1.658
79232.0 37760.0  0.0   37714.4 7534848.0 4756797.9 15379136.0  418265.5  51200.0 51043.5     55    1.658   0      0.000    1.658
79232.0 37760.0  0.0   37714.4 7534848.0 4823742.8 15379136.0  418265.5  51200.0 51043.5     55    1.658   0      0.000    1.658
79232.0 37760.0  0.0   37714.4 7534848.0 4991307.7 15379136.0  418265.5  51200.0 51043.5     55    1.658   0      0.000    1.658
79232.0 37760.0  0.0   37714.4 7534848.0 5008192.0 15379136.0  418265.5  51200.0 51043.5     55    1.658   0      0.000    1.658
79232.0 37760.0  0.0   37714.4 7534848.0 5068001.4 15379136.0  418265.5  51200.0 51043.5     55    1.658   0      0.000    1.658
79232.0 37760.0  0.0   37714.4 7534848.0 5104501.6 15379136.0  418265.5  51200.0 51043.5     55    1.658   0      0.000    1.658
79232.0 37760.0  0.0   37714.4 7534848.0 5137588.4 15379136.0  418265.5  51200.0 51043.5     55    1.658   0      0.000    1.658
79232.0 37760.0  0.0   37714.4 7534848.0 5164940.9 15379136.0  418265.5  51200.0 51043.5     55    1.658   0      0.000    1.658
79232.0 37760.0  0.0   37714.4 7534848.0 5172359.1 15379136.0  418265.5  51200.0 51043.5     55    1.658   0      0.000    1.658
79232.0 37760.0  0.0   37714.4 7534848.0 5172378.4 15379136.0  418265.5  51200.0 51043.5     55    1.658   0      0.000    1.658
79232.0 37760.0  0.0   37714.4 7534848.0 5172397.7 15379136.0  418265.5  51200.0 51043.5     55    1.658   0      0.000    1.658
79232.0 37760.0  0.0   37714.4 7534848.0 5172419.5 15379136.0  418265.5  51200.0 51043.5     55    1.658   0      0.000    1.658
79232.0 37760.0  0.0   37714.4 7534848.0 5172462.9 15379136.0  418265.5  51200.0 51043.5     55    1.658   0      0.000    1.658
79232.0 37760.0  0.0   37714.4 7534848.0 5172482.3 15379136.0  418265.5  51200.0 51043.5     55    1.658   0      0.000    1.658
79232.0 37760.0  0.0   37714.4 7534848.0 5172503.7 15379136.0  418265.5  51200.0 51043.5     55    1.658   0      0.000    1.658
79232.0 37760.0  0.0   37714.4 7534848.0 5172522.9 15379136.0  418265.5  51200.0 51043.5     55    1.658   0      0.000    1.658
79232.0 37760.0  0.0   37714.4 7534848.0 5172542.2 15379136.0  418265.5  51200.0 51043.5     55    1.658   0      0.000    1.658
79232.0 37760.0  0.0   37714.4 7534848.0 5172586.7 15379136.0  418265.5  51200.0 51043.5     55    1.658   0      0.000    1.658
79232.0 37760.0  0.0   37714.4 7534848.0 5172607.9 15379136.0  418265.5  51200.0 51043.5     55    1.658   0      0.000    1.658
79232.0 37760.0  0.0   37714.4 7534848.0 5172627.8 15379136.0  418265.5  51200.0 51043.5     55    1.658   0      0.000    1.658
79232.0 37760.0  0.0   37714.4 7534848.0 5172647.0 15379136.0  418265.5  51200.0 51043.5     55    1.658   0      0.000    1.658
79232.0 37760.0  0.0   37714.4 7534848.0 5172666.4 15379136.0  418265.5  51200.0 51043.5     55    1.658   0      0.000    1.658
79232.0 37760.0  0.0   37714.4 7534848.0 5172714.2 15379136.0  418265.5  51200.0 51043.5     55    1.658   0      0.000    1.658
79232.0 37760.0  0.0   37714.4 7534848.0 5172733.3 15379136.0  418265.5  51200.0 51043.5     55    1.658   0      0.000    1.658
79232.0 37760.0  0.0   37714.4 7534848.0 5172752.5 15379136.0  418265.5  51200.0 51043.5     55    1.658   0      0.000    1.658
79232.0 37760.0  0.0   37714.4 7534848.0 5172774.0 15379136.0  418265.5  51200.0 51043.5     55    1.658   0      0.000    1.658
79232.0 37760.0  0.0   37714.4 7534848.0 5172791.2 15379136.0  418265.5  51200.0 51043.5     55    1.658   0      0.000    1.658
79232.0 37760.0  0.0   37714.4 7534848.0 5172835.4 15379136.0  418265.5  51200.0 51043.5     55    1.658   0      0.000    1.658
79232.0 37760.0  0.0   37714.4 7534848.0 5172856.7 15379136.0  418265.5  51200.0 51043.5     55    1.658   0      0.000    1.658
79232.0 37760.0  0.0   37714.4 7534848.0 5172873.8 15379136.0  418265.5  51200.0 51043.5     55    1.658   0      0.000    1.658
79232.0 37760.0  0.0   37714.4 7534848.0 5172899.1 15379136.0  418265.5  51200.0 51043.5     55    1.658   0      0.000    1.658
79232.0 37760.0  0.0   37714.4 7534848.0 5172918.3 15379136.0  418265.5  51200.0 51043.5     55    1.658   0      0.000    1.658
79232.0 37760.0  0.0   37714.4 7534848.0 5172964.0 15379136.0  418265.5  51200.0 51043.5     55    1.658   0      0.000    1.658
79232.0 37760.0  0.0   37714.4 7534848.0 5172983.2 15379136.0  418265.5  51200.0 51043.5     55    1.658   0      0.000    1.658
79232.0 37760.0  0.0   37714.4 7534848.0 5173002.4 15379136.0  418265.5  51200.0 51043.8     55    1.658   0      0.000    1.658
79232.0 37760.0  0.0   37714.4 7534848.0 5173021.7 15379136.0  418265.5  51200.0 51043.8     55    1.658   0      0.000    1.658
79232.0 37760.0  0.0   37714.4 7534848.0 5173043.5 15379136.0  418265.5  51200.0 51043.8     55    1.658   0      0.000    1.658
79232.0 37760.0  0.0   37714.4 7534848.0 5173084.5 15379136.0  418265.5  51200.0 51044.0     55    1.658   0      0.000    1.658
79232.0 37760.0  0.0   37714.4 7534848.0 5173105.7 15379136.0  418265.5  51200.0 51044.0     55    1.658   0      0.000    1.658
79232.0 37760.0  0.0   37714.4 7534848.0 5173129.4 15379136.0  418265.5  51200.0 51044.0     55    1.658   0      0.000    1.658
79232.0 37760.0  0.0   37714.4 7534848.0 5173148.7 15379136.0  418265.5  51200.0 51044.0     55    1.658   0      0.000    1.658
79232.0 37760.0  0.0   37714.4 7534848.0 5173168.0 15379136.0  418265.5  51200.0 51044.0     55    1.658   0      0.000    1.658
79232.0 37760.0  0.0   37714.4 7534848.0 5173213.7 15379136.0  418265.5  51200.0 51044.0     55    1.658   0      0.000    1.658
79232.0 37760.0  0.0   37714.4 7534848.0 5173232.8 15379136.0  418265.5  51200.0 51044.2     55    1.658   0      0.000    1.658
79232.0 37760.0  0.0   37714.4 7534848.0 5173255.0 15379136.0  418265.5  51200.0 51044.2     55    1.658   0      0.000    1.658
79232.0 37760.0  0.0   37714.4 7534848.0 5173276.3 15379136.0  418265.5  51200.0 51044.2     55    1.658   0      0.000    1.658
79232.0 37760.0  0.0   37714.4 7534848.0 5173295.4 15379136.0  418265.5  51200.0 51044.2     55    1.658   0      0.000    1.658
79232.0 37760.0  0.0   37714.4 7534848.0 5173337.2 15379136.0  418265.5  51200.0 51044.2     55    1.658   0      0.000    1.658
79232.0 37760.0  0.0   37714.4 7534848.0 5173356.4 15379136.0  418265.5  51200.0 51044.2     55    1.658   0      0.000    1.658
79232.0 37760.0  0.0   37714.4 7534848.0 5173375.6 15379136.0  418265.5  51200.0 51044.2     55    1.658   0      0.000    1.658
79232.0 37760.0  0.0   37714.4 7534848.0 5173394.7 15379136.0  418265.5  51200.0 51044.2     55    1.658   0      0.000    1.658
79232.0 37760.0  0.0   37714.4 7534848.0 5173413.9 15379136.0  418265.5  51200.0 51044.2     55    1.658   0      0.000    1.658
79232.0 37760.0  0.0   37714.4 7534848.0 5173460.9 15379136.0  418265.5  51200.0 51044.2     55    1.658   0      0.000    1.658
79232.0 37760.0  0.0   37714.4 7534848.0 5173482.8 15379136.0  418265.5  51200.0 51044.2     55    1.658   0      0.000    1.658
79232.0 37760.0  0.0   37714.4 7534848.0 5173504.1 15379136.0  418265.5  51200.0 51044.4     55    1.658   0      0.000    1.658
79232.0 37760.0  0.0   37714.4 7534848.0 5173523.3 15379136.0  418265.5  51200.0 51044.4     55    1.658   0      0.000    1.658
79232.0 37760.0  0.0   37714.4 7534848.0 5173542.5 15379136.0  418265.5  51200.0 51044.4     55    1.658   0      0.000    1.658
79232.0 37760.0  0.0   37714.4 7534848.0 5173583.3 15379136.0  418265.5  51200.0 51044.4     55    1.658   0      0.000    1.658
79232.0 37760.0  0.0   37714.4 7534848.0 5173602.5 15379136.0  418265.5  51200.0 51044.4     55    1.658   0      0.000    1.658
79232.0 37760.0  0.0   37714.4 7534848.0 5173621.8 15379136.0  418265.5  51200.0 51044.4     55    1.658   0      0.000    1.658
79232.0 37760.0  0.0   37714.4 7534848.0 5173641.1 15379136.0  418265.5  51200.0 51044.4     55    1.658   0      0.000    1.658
79232.0 37760.0  0.0   37714.4 7534848.0 5181379.5 15379136.0  418265.5  51200.0 51050.4     55    1.658   0      0.000    1.658
