 S0C    S1C    S0U    S1U      EC       EU        OC         OU       PC     PU    YGC     YGCT    FGC    FGCT     GCT   
961152.0 961152.0  0.0    0.0   5767232.0 115344.7 15379136.0    0.0     21248.0 6886.4      0    0.000   0      0.000    0.000
961152.0 961152.0  0.0    0.0   5767232.0 230689.5 15379136.0    0.0     21248.0 14591.8      0    0.000   0      0.000    0.000
961152.0 961152.0  0.0    0.0   5767232.0 3460793.6 15379136.0    0.0     28160.0 27997.9      0    0.000   0      0.000    0.000
961152.0 961152.0  0.0    0.0   5767232.0 3922173.3 15379136.0    0.0     33920.0 33866.2      0    0.000   0      0.000    0.000
961152.0 961152.0  0.0    0.0   5767232.0 5306661.6 15379136.0    0.0     35456.0 35256.0      0    0.000   0      0.000    0.000
961152.0 961152.0  0.0   88620.9 5767232.0 5767232.0 15379136.0    0.0     46400.0 46385.2      1    0.000   0      0.000    0.000
961152.0 961152.0  0.0   101677.9 5767232.0 1257026.6 15379136.0    0.0     48896.0 48710.7      1    0.080   0      0.000    0.080
961152.0 961152.0  0.0   101677.9 5767232.0 2874242.5 15379136.0    0.0     49472.0 49416.8      1    0.080   0      0.000    0.080
961152.0 961152.0 116530.2  0.0   5767232.0   0.0    15379136.0    0.0     50432.0 50261.8      2    0.132   0      0.000    0.132
961152.0 961152.0 116530.2  0.0   5767232.0 2458299.8 15379136.0    0.0     50432.0 50313.6      2    0.132   0      0.000    0.132
961152.0 961152.0 116530.2  0.0   5767232.0 4266570.2 15379136.0    0.0     50432.0 50376.6      2    0.132   0      0.000    0.132
961152.0 961152.0  0.0   120558.2 5767232.0 681195.6 15379136.0    0.0     50432.0 50390.4      3    0.171   0      0.000    0.171
961152.0 961152.0  0.0   120558.2 5767232.0 3029687.6 15379136.0    0.0     50624.0 50475.9      3    0.171   0      0.000    0.171
961152.0 961152.0  0.0   120558.2 5767232.0 5085151.1 15379136.0    0.0     50624.0 50488.5      3    0.171   0      0.000    0.171
961152.0 961152.0 108069.9  0.0   5767232.0 1764481.1 15379136.0    0.0     50624.0 50489.9      4    0.211   0      0.000    0.211
961152.0 961152.0 108069.9  0.0   5767232.0 3843665.3 15379136.0    0.0     50624.0 50495.4      4    0.211   0      0.000    0.211
123136.0 961152.0  0.0   110815.8 5767232.0 353860.9 15379136.0    0.0     50624.0 50498.9      5    0.247   0      0.000    0.247
123136.0 961152.0  0.0   110815.8 5767232.0 2499088.3 15379136.0    0.0     50624.0 50499.1      5    0.247   0      0.000    0.247
123136.0 961152.0  0.0   110815.8 5767232.0 4435912.4 15379136.0    0.0     50624.0 50499.6      5    0.247   0      0.000    0.247
123136.0 121728.0 112229.7  0.0   7444672.0 799165.0 15379136.0    0.0     50624.0 50500.6      6    0.296   0      0.000    0.296
123136.0 121728.0 112229.7  0.0   7444672.0 2973938.1 15379136.0    0.0     50624.0 50501.1      6    0.296   0      0.000    0.296
123136.0 121728.0 112229.7  0.0   7444672.0 5182533.1 15379136.0    0.0     50624.0 50540.5      6    0.296   0      0.000    0.296
123136.0 121728.0 112229.7  0.0   7444672.0 7188588.4 15379136.0    0.0     50624.0 50540.9      6    0.296   0      0.000    0.296
137024.0 36096.0  0.0   36056.7 7444672.0 2033582.6 15379136.0  89842.5   50624.0 50541.1      7    0.347   0      0.000    0.347
137024.0 36096.0  0.0   36056.7 7444672.0 3781566.8 15379136.0  89842.5   50624.0 50541.8      7    0.347   0      0.000    0.347
137024.0 36096.0  0.0   36056.7 7444672.0 5946487.7 15379136.0  89842.5   50816.0 50752.2      7    0.347   0      0.000    0.347
137024.0 36096.0  0.0   36056.7 7444672.0 7305424.2 15379136.0  89842.5   50816.0 50803.1      7    0.347   0      0.000    0.347
137024.0 144640.0 40409.2  0.0   7400256.0 1009436.6 15379136.0  89978.5   51008.0 50832.6      8    0.363   0      0.000    0.363
137024.0 144640.0 40409.2  0.0   7400256.0 2478935.8 15379136.0  89978.5   51008.0 50842.5      8    0.363   0      0.000    0.363
137024.0 144640.0 40409.2  0.0   7400256.0 3820716.9 15379136.0  89978.5   51008.0 50852.1      8    0.363   0      0.000    0.363
137024.0 144640.0 40409.2  0.0   7400256.0 5436072.2 15379136.0  89978.5   51008.0 50852.3      8    0.363   0      0.000    0.363
137024.0 144640.0 40409.2  0.0   7400256.0 7276391.8 15379136.0  89978.5   51008.0 50852.4      8    0.363   0      0.000    0.363
146624.0 52480.0  0.0   52461.5 7400256.0 1280692.8 15379136.0  90066.5   51008.0 50853.8      9    0.383   0      0.000    0.383
146624.0 52480.0  0.0   52461.5 7400256.0 2683169.4 15379136.0  90066.5   51008.0 50854.0      9    0.383   0      0.000    0.383
146624.0 52480.0  0.0   52461.5 7400256.0 4134881.2 15379136.0  90066.5   51008.0 50875.8      9    0.383   0      0.000    0.383
146624.0 52480.0  0.0   52461.5 7400256.0 5891051.8 15379136.0  90066.5   51008.0 50879.5      9    0.383   0      0.000    0.383
146624.0 148800.0 42844.7  0.0   7391936.0 470816.2 15379136.0  97180.6   51008.0 50881.3     10    0.401   0      0.000    0.401
146624.0 148800.0 42844.7  0.0   7391936.0 2669228.1 15379136.0  97180.6   51008.0 50883.4     10    0.401   0      0.000    0.401
146624.0 148800.0 42844.7  0.0   7391936.0 4783742.9 15379136.0  97180.6   51008.0 50883.4     10    0.401   0      0.000    0.401
146624.0 148800.0 42844.7  0.0   7391936.0 7041026.6 15379136.0  97180.6   51008.0 50883.4     10    0.401   0      0.000    0.401
149504.0 42688.0  0.0   42665.3 7391936.0 1586538.7 15379136.0  107420.9  51008.0 50883.4     11    0.418   0      0.000    0.418
149504.0 42688.0  0.0   42665.3 7391936.0 3539152.1 15379136.0  107420.9  51008.0 50883.5     11    0.418   0      0.000    0.418
149504.0 42688.0  0.0   42665.3 7391936.0 5202331.9 15379136.0  107420.9  51008.0 50885.4     11    0.418   0      0.000    0.418
149504.0 42688.0  0.0   42665.3 7391936.0 6317546.0 15379136.0  107420.9  51008.0 50886.1     11    0.418   0      0.000    0.418
149504.0 42688.0  0.0   42665.3 7391936.0 7268429.1 15379136.0  107420.9  51008.0 50891.2     11    0.418   0      0.000    0.418
149504.0 148096.0 48063.2  0.0   7391936.0 1071166.4 15379136.0  107484.9  51008.0 50894.6     12    0.434   0      0.000    0.434
149504.0 148096.0 48063.2  0.0   7391936.0 2344693.8 15379136.0  107484.9  51008.0 50897.9     12    0.434   0      0.000    0.434
149504.0 148096.0 48063.2  0.0   7391936.0 3843649.8 15379136.0  107484.9  51008.0 50899.4     12    0.434   0      0.000    0.434
149504.0 148096.0 48063.2  0.0   7391936.0 5524509.8 15379136.0  107484.9  51008.0 50899.4     12    0.434   0      0.000    0.434
149504.0 148096.0 48063.2  0.0   7391936.0 7274773.5 15379136.0  107484.9  51008.0 50899.4     12    0.434   0      0.000    0.434
144576.0 148096.0  0.0   55915.9 7391936.0 1827443.8 15379136.0  114888.0  51008.0 50899.4     13    0.457   0      0.000    0.457
144576.0 148096.0  0.0   55915.9 7391936.0 3531350.3 15379136.0  114888.0  51008.0 50900.3     13    0.457   0      0.000    0.457
144576.0 148096.0  0.0   55915.9 7391936.0 5379337.0 15379136.0  114888.0  51008.0 50905.7     13    0.457   0      0.000    0.457
144576.0 148096.0  0.0   55915.9 7391936.0 7131314.6 15379136.0  114888.0  51008.0 50906.5     13    0.457   0      0.000    0.457
144576.0 141952.0 49630.8  0.0   7403008.0 1535151.5 15379136.0  125621.8  51008.0 50907.4     14    0.475   0      0.000    0.475
144576.0 141952.0 49630.8  0.0   7403008.0 2949471.1 15379136.0  125621.8  51008.0 50908.2     14    0.475   0      0.000    0.475
144576.0 141952.0 49630.8  0.0   7403008.0 4530395.2 15379136.0  125621.8  51008.0 50908.5     14    0.475   0      0.000    0.475
144576.0 141952.0 49630.8  0.0   7403008.0 6389608.9 15379136.0  125621.8  51008.0 50910.3     14    0.475   0      0.000    0.475
138112.0 141952.0  0.0   54417.3 7403008.0 819275.6 15379136.0  128155.9  51008.0 50910.9     15    0.490   0      0.000    0.490
138112.0 141952.0  0.0   54417.3 7403008.0 1764455.2 15379136.0  128155.9  51008.0 50914.3     15    0.490   0      0.000    0.490
138112.0 141952.0  0.0   54417.3 7403008.0 3044834.6 15379136.0  128155.9  51008.0 50923.3     15    0.490   0      0.000    0.490
138112.0 141952.0  0.0   54417.3 7403008.0 4425813.0 15379136.0  128155.9  51008.0 50929.1     15    0.490   0      0.000    0.490
138112.0 141952.0  0.0   54417.3 7403008.0 5914723.8 15379136.0  128155.9  51008.0 50935.8     15    0.490   0      0.000    0.490
138112.0 135616.0 45684.9  0.0   7415808.0 43986.8  15379136.0  131886.5  51008.0 50937.2     16    0.506   0      0.000    0.506
138112.0 135616.0 45684.9  0.0   7415808.0 1506347.1 15379136.0  131886.5  51008.0 50938.6     16    0.506   0      0.000    0.506
138112.0 135616.0 45684.9  0.0   7415808.0 2655804.3 15379136.0  131886.5  51008.0 50947.5     16    0.506   0      0.000    0.506
138112.0 135616.0 45684.9  0.0   7415808.0 3749754.5 15379136.0  131886.5  51008.0 50947.5     16    0.506   0      0.000    0.506
138112.0 135616.0 45684.9  0.0   7415808.0 4974979.9 15379136.0  131886.5  51008.0 50949.7     16    0.506   0      0.000    0.506
138112.0 135616.0 45684.9  0.0   7415808.0 5960180.6 15379136.0  131886.5  51008.0 50950.2     16    0.506   0      0.000    0.506
138112.0 135616.0 45684.9  0.0   7415808.0 6832321.1 15379136.0  131886.5  51008.0 50950.2     16    0.506   0      0.000    0.506
129216.0 135616.0  0.0   65977.1 7415808.0 1237776.5 15379136.0  138497.8  51008.0 50950.2     17    0.532   0      0.000    0.532
129216.0 135616.0  0.0   65977.1 7415808.0 2913338.6 15379136.0  138497.8  51008.0 50951.3     17    0.532   0      0.000    0.532
129216.0 135616.0  0.0   65977.1 7415808.0 4627430.1 15379136.0  138497.8  51008.0 50951.7     17    0.532   0      0.000    0.532
129216.0 135616.0  0.0   65977.1 7415808.0 5658104.4 15379136.0  138497.8  51008.0 50954.3     17    0.532   0      0.000    0.532
129216.0 135616.0  0.0   65977.1 7415808.0 7134987.3 15379136.0  138497.8  51008.0 50954.9     17    0.532   0      0.000    0.532
129216.0 128448.0 36584.1  0.0   7431872.0 1394198.3 15379136.0  149565.8  51008.0 50955.4     18    0.553   0      0.000    0.553
129216.0 128448.0 36584.1  0.0   7431872.0 2977419.1 15379136.0  149565.8  51008.0 50955.4     18    0.553   0      0.000    0.553
129216.0 128448.0 36584.1  0.0   7431872.0 4389941.8 15379136.0  149565.8  51008.0 50958.6     18    0.553   0      0.000    0.553
129216.0 128448.0 36584.1  0.0   7431872.0 6176496.6 15379136.0  149565.8  51008.0 50958.6     18    0.553   0      0.000    0.553
125824.0 128448.0  0.0   42715.4 7431872.0 771147.8 15379136.0  156791.1  51008.0 50959.6     19    0.567   0      0.000    0.567
125824.0 128448.0  0.0   42715.4 7431872.0 2817670.0 15379136.0  156791.1  51008.0 50959.6     19    0.567   0      0.000    0.567
125824.0 128448.0  0.0   42715.4 7431872.0 5044549.3 15379136.0  156791.1  51008.0 50959.6     19    0.567   0      0.000    0.567
125824.0 128448.0  0.0   42715.4 7431872.0 7192105.4 15379136.0  156791.1  51008.0 50960.2     19    0.567   0      0.000    0.567
125824.0 123712.0 38193.3  0.0   7440000.0 1738597.4 15379136.0  164411.7  51008.0 50960.2     20    0.582   0      0.000    0.582
125824.0 123712.0 38193.3  0.0   7440000.0 4024819.4 15379136.0  164411.7  51008.0 50960.2     20    0.582   0      0.000    0.582
125824.0 123712.0 38193.3  0.0   7440000.0 6147837.0 15379136.0  164411.7  51008.0 50960.2     20    0.582   0      0.000    0.582
119936.0 123712.0  0.0   44948.9 7440000.0 950633.0 15379136.0  171340.7  51008.0 50960.5     21    0.597   0      0.000    0.597
119936.0 123712.0  0.0   44948.9 7440000.0 2413819.3 15379136.0  171340.7  51008.0 50960.5     21    0.597   0      0.000    0.597
119936.0 123712.0  0.0   44948.9 7440000.0 3705217.6 15379136.0  171340.7  51008.0 50960.5     21    0.597   0      0.000    0.597
119936.0 123712.0  0.0   44948.9 7440000.0 4729606.8 15379136.0  171340.7  51008.0 50961.1     21    0.597   0      0.000    0.597
119936.0 123712.0  0.0   44948.9 7440000.0 5881423.4 15379136.0  171340.7  51008.0 50961.1     21    0.597   0      0.000    0.597
119936.0 123712.0  0.0   44948.9 7440000.0 7372621.4 15379136.0  171340.7  51008.0 50961.1     21    0.597   0      0.000    0.597
119936.0 115840.0 46626.9  0.0   7453760.0 1542458.7 15379136.0  174980.5  51008.0 50961.5     22    0.620   0      0.000    0.620
119936.0 115840.0 46626.9  0.0   7453760.0 3139641.2 15379136.0  174980.5  51008.0 50961.5     22    0.620   0      0.000    0.620
119936.0 115840.0 46626.9  0.0   7453760.0 4561905.7 15379136.0  174980.5  51008.0 50962.2     22    0.620   0      0.000    0.620
119936.0 115840.0 46626.9  0.0   7453760.0 6147470.6 15379136.0  174980.5  51008.0 50962.2     22    0.620   0      0.000    0.620
113856.0 115840.0  0.0   34705.5 7453760.0 1076866.9 15379136.0  190659.2  51008.0 50962.2     23    0.641   0      0.000    0.641
113856.0 115840.0  0.0   34705.5 7453760.0 3137669.8 15379136.0  190659.2  51008.0 50962.2     23    0.641   0      0.000    0.641
113856.0 115840.0  0.0   34705.5 7453760.0 5402253.8 15379136.0  190659.2  51008.0 50962.6     23    0.641   0      0.000    0.641
113856.0 112320.0 29705.7  0.0   7463360.0 169599.5 15379136.0  200673.5  51008.0 50962.6     24    0.652   0      0.000    0.652
113856.0 112320.0 29705.7  0.0   7463360.0 2347559.5 15379136.0  200673.5  51008.0 50963.1     24    0.652   0      0.000    0.652
113856.0 112320.0 29705.7  0.0   7463360.0 4464310.1 15379136.0  200673.5  51008.0 50963.1     24    0.652   0      0.000    0.652
113856.0 112320.0 29705.7  0.0   7463360.0 6664348.6 15379136.0  200673.5  51008.0 50963.1     24    0.652   0      0.000    0.652
110976.0 112320.0  0.0   25481.2 7463360.0 997087.2 15379136.0  206131.0  51008.0 50963.1     25    0.663   0      0.000    0.663
110976.0 112320.0  0.0   25481.2 7463360.0 997097.4 15379136.0  206131.0  51008.0 50963.1     25    0.663   0      0.000    0.663
110976.0 112320.0  0.0   25481.2 7463360.0 997105.7 15379136.0  206131.0  51008.0 50963.2     25    0.663   0      0.000    0.663
110976.0 112320.0  0.0   25481.2 7463360.0 1482968.8 15379136.0  206131.0  51008.0 50963.2     25    0.663   0      0.000    0.663
110976.0 112320.0  0.0   25481.2 7463360.0 2826990.7 15379136.0  206131.0  51008.0 50963.6     25    0.663   0      0.000    0.663
110976.0 112320.0  0.0   25481.2 7463360.0 3878640.7 15379136.0  206131.0  51008.0 50963.9     25    0.663   0      0.000    0.663
110976.0 112320.0  0.0   25481.2 7463360.0 4984740.3 15379136.0  206131.0  51008.0 50964.4     25    0.663   0      0.000    0.663
110976.0 112320.0  0.0   25481.2 7463360.0 6042216.0 15379136.0  206131.0  51008.0 50964.4     25    0.663   0      0.000    0.663
110976.0 112320.0  0.0   25481.2 7463360.0 6819186.1 15379136.0  206131.0  51008.0 50964.4     25    0.663   0      0.000    0.663
110976.0 112320.0  0.0   25481.2 7463360.0 7380780.2 15379136.0  206131.0  51008.0 50964.9     25    0.663   0      0.000    0.663
110976.0 106048.0 43060.6  0.0   7472512.0 553764.2 15379136.0  208069.4  51008.0 50964.9     26    0.679   0      0.000    0.679
110976.0 106048.0 43060.6  0.0   7472512.0 1324284.3 15379136.0  208069.4  51008.0 50965.0     26    0.679   0      0.000    0.679
110976.0 106048.0 43060.6  0.0   7472512.0 2118462.5 15379136.0  208069.4  51008.0 50965.0     26    0.679   0      0.000    0.679
110976.0 106048.0 43060.6  0.0   7472512.0 3136902.8 15379136.0  208069.4  51008.0 50965.0     26    0.679   0      0.000    0.679
110976.0 106048.0 43060.6  0.0   7472512.0 4299711.8 15379136.0  208069.4  51008.0 50965.6     26    0.679   0      0.000    0.679
110976.0 106048.0 43060.6  0.0   7472512.0 5538208.7 15379136.0  208069.4  51008.0 50965.6     26    0.679   0      0.000    0.679
110976.0 106048.0 43060.6  0.0   7472512.0 6985265.2 15379136.0  208069.4  51008.0 50965.6     26    0.679   0      0.000    0.679
102592.0 106048.0  0.0   36291.9 7472512.0 939878.6 15379136.0  215345.9  51008.0 50965.9     27    0.697   0      0.000    0.697
102592.0 106048.0  0.0   36291.9 7472512.0 2250030.3 15379136.0  215345.9  51008.0 50966.0     27    0.697   0      0.000    0.697
102592.0 106048.0  0.0   36291.9 7472512.0 3905782.3 15379136.0  215345.9  51008.0 50966.4     27    0.697   0      0.000    0.697
102592.0 106048.0  0.0   36291.9 7472512.0 5499201.0 15379136.0  215345.9  51008.0 50966.5     27    0.697   0      0.000    0.697
102592.0 106048.0  0.0   36291.9 7472512.0 6076825.7 15379136.0  215345.9  51008.0 50968.1     27    0.697   0      0.000    0.697
102592.0 106048.0  0.0   36291.9 7472512.0 6601364.9 15379136.0  215345.9  51008.0 50968.3     27    0.697   0      0.000    0.697
102592.0 106048.0  0.0   36291.9 7472512.0 7258199.9 15379136.0  215345.9  51008.0 50968.3     27    0.697   0      0.000    0.697
102592.0 98368.0 40464.1  0.0   7488576.0 652293.3 15379136.0  222725.7  51008.0 50968.3     28    0.717   0      0.000    0.717
102592.0 98368.0 40464.1  0.0   7488576.0 1859522.4 15379136.0  222725.7  51008.0 50968.9     28    0.717   0      0.000    0.717
102592.0 98368.0 40464.1  0.0   7488576.0 2642989.8 15379136.0  222725.7  51008.0 50969.3     28    0.717   0      0.000    0.717
102592.0 98368.0 40464.1  0.0   7488576.0 2642998.5 15379136.0  222725.7  51008.0 50969.3     28    0.717   0      0.000    0.717
102592.0 98368.0 40464.1  0.0   7488576.0 3161589.1 15379136.0  222725.7  51008.0 50969.3     28    0.717   0      0.000    0.717
102592.0 98368.0 40464.1  0.0   7488576.0 4217819.6 15379136.0  222725.7  51008.0 50969.3     28    0.717   0      0.000    0.717
102592.0 98368.0 40464.1  0.0   7488576.0 5251809.5 15379136.0  222725.7  51008.0 50969.8     28    0.717   0      0.000    0.717
102592.0 98368.0 40464.1  0.0   7488576.0 6106203.5 15379136.0  222725.7  51008.0 50971.2     28    0.717   0      0.000    0.717
102592.0 98368.0 40464.1  0.0   7488576.0 6687779.4 15379136.0  222725.7  51008.0 50971.6     28    0.717   0      0.000    0.717
94912.0 98368.0  0.0   37421.7 7488576.0 616548.8 15379136.0  231792.7  51008.0 50971.6     29    0.734   0      0.000    0.734
94912.0 98368.0  0.0   37421.7 7488576.0 1438114.3 15379136.0  231792.7  51008.0 50971.9     29    0.734   0      0.000    0.734
94912.0 98368.0  0.0   37421.7 7488576.0 2374550.9 15379136.0  231792.7  51008.0 50972.5     29    0.734   0      0.000    0.734
94912.0 98368.0  0.0   37421.7 7488576.0 3514370.2 15379136.0  231792.7  51008.0 50973.1     29    0.734   0      0.000    0.734
94912.0 98368.0  0.0   37421.7 7488576.0 5059491.0 15379136.0  231792.7  51008.0 50973.7     29    0.734   0      0.000    0.734
94912.0 98368.0  0.0   37421.7 7488576.0 6277753.9 15379136.0  231792.7  51008.0 50974.8     29    0.734   0      0.000    0.734
94912.0 98368.0  0.0   37421.7 7488576.0 7046479.7 15379136.0  231792.7  51008.0 50975.2     29    0.734   0      0.000    0.734
94912.0 90880.0 41509.3  0.0   7503744.0 422872.4 15379136.0  235359.3  51008.0 50976.3     30    0.746   0      0.000    0.746
94912.0 90880.0 41509.3  0.0   7503744.0 1568344.0 15379136.0  235359.3  51008.0 50976.3     30    0.746   0      0.000    0.746
94912.0 90880.0 41509.3  0.0   7503744.0 2541900.3 15379136.0  235359.3  51008.0 50979.6     30    0.746   0      0.000    0.746
94912.0 90880.0 41509.3  0.0   7503744.0 3247184.7 15379136.0  235359.3  51008.0 50979.6     30    0.746   0      0.000    0.746
94912.0 90880.0 41509.3  0.0   7503744.0 4345834.5 15379136.0  235359.3  51008.0 50980.0     30    0.746   0      0.000    0.746
94912.0 90880.0 41509.3  0.0   7503744.0 5005401.5 15379136.0  235359.3  51008.0 50980.6     30    0.746   0      0.000    0.746
94912.0 90880.0 41509.3  0.0   7503744.0 5714452.5 15379136.0  235359.3  51008.0 50980.9     30    0.746   0      0.000    0.746
94912.0 90880.0 41509.3  0.0   7503744.0 6225132.8 15379136.0  235359.3  51008.0 50981.6     30    0.746   0      0.000    0.746
94912.0 90880.0 41509.3  0.0   7503744.0 7025171.3 15379136.0  235359.3  51008.0 50983.7     30    0.746   0      0.000    0.746
86848.0 90880.0  0.0   47018.2 7503744.0 315952.0 15379136.0  235399.3  51008.0 50985.9     31    0.763   0      0.000    0.763
86848.0 90880.0  0.0   47018.2 7503744.0 1167431.8 15379136.0  235399.3  51008.0 50991.0     31    0.763   0      0.000    0.763
86848.0 90880.0  0.0   47018.2 7503744.0 1950959.6 15379136.0  235399.3  51008.0 50992.8     31    0.763   0      0.000    0.763
86848.0 90880.0  0.0   47018.2 7503744.0 2868923.5 15379136.0  235399.3  51008.0 50993.1     31    0.763   0      0.000    0.763
86848.0 90880.0  0.0   47018.2 7503744.0 3770626.1 15379136.0  235399.3  51008.0 50993.1     31    0.763   0      0.000    0.763
86848.0 90880.0  0.0   47018.2 7503744.0 4621553.0 15379136.0  235399.3  51008.0 50993.5     31    0.763   0      0.000    0.763
86848.0 90880.0  0.0   47018.2 7503744.0 5162558.2 15379136.0  235399.3  51008.0 50994.0     31    0.763   0      0.000    0.763
86848.0 90880.0  0.0   47018.2 7503744.0 6025997.2 15379136.0  235399.3  51008.0 50995.1     31    0.763   0      0.000    0.763
86848.0 90880.0  0.0   47018.2 7503744.0 6589920.1 15379136.0  235399.3  51008.0 50995.7     31    0.763   0      0.000    0.763
86848.0 90880.0  0.0   47018.2 7503744.0 7315476.3 15379136.0  235399.3  51008.0 50995.7     31    0.763   0      0.000    0.763
86848.0 87168.0 57879.6  0.0   7515200.0 481416.2 15379136.0  242657.3  51008.0 50997.4     32    0.784   0      0.000    0.784
86848.0 87168.0 57879.6  0.0   7515200.0 1128029.7 15379136.0  242657.3  51008.0 50997.7     32    0.784   0      0.000    0.784
86848.0 87168.0 57879.6  0.0   7515200.0 1888552.6 15379136.0  242657.3  51008.0 50998.7     32    0.784   0      0.000    0.784
86848.0 87168.0 57879.6  0.0   7515200.0 2493455.3 15379136.0  242657.3  51008.0 50999.5     32    0.784   0      0.000    0.784
86848.0 87168.0 57879.6  0.0   7515200.0 3296333.4 15379136.0  242657.3  51008.0 50999.7     32    0.784   0      0.000    0.784
86848.0 87168.0 57879.6  0.0   7515200.0 3296417.4 15379136.0  242657.3  51008.0 50999.7     32    0.784   0      0.000    0.784
86848.0 87168.0 57879.6  0.0   7515200.0 3680872.5 15379136.0  242657.3  51008.0 51000.0     32    0.784   0      0.000    0.784
86848.0 87168.0 57879.6  0.0   7515200.0 4483242.2 15379136.0  242657.3  51008.0 51000.0     32    0.784   0      0.000    0.784
86848.0 87168.0 57879.6  0.0   7515200.0 5468154.1 15379136.0  242657.3  51008.0 51000.0     32    0.784   0      0.000    0.784
86848.0 87168.0 57879.6  0.0   7515200.0 6432236.2 15379136.0  242657.3  51008.0 51000.2     32    0.784   0      0.000    0.784
86848.0 87168.0 57879.6  0.0   7515200.0 7130191.0 15379136.0  242657.3  51008.0 51000.7     32    0.784   0      0.000    0.784
87040.0 87168.0  0.0   57551.0 7515200.0 329722.4 15379136.0  247635.4  51008.0 51001.2     33    0.802   0      0.000    0.802
87040.0 87168.0  0.0   57551.0 7515200.0 1238319.1 15379136.0  247635.4  51008.0 51001.7     33    0.802   0      0.000    0.802
87040.0 87168.0  0.0   57551.0 7515200.0 2192620.5 15379136.0  247635.4  51008.0 51001.7     33    0.802   0      0.000    0.802
87040.0 87168.0  0.0   57551.0 7515200.0 2998943.6 15379136.0  247635.4  51008.0 51003.2     33    0.802   0      0.000    0.802
87040.0 87168.0  0.0   57551.0 7515200.0 3863139.0 15379136.0  247635.4  51008.0 51003.9     33    0.802   0      0.000    0.802
87040.0 87168.0  0.0   57551.0 7515200.0 4677735.7 15379136.0  247635.4  51008.0 51005.2     33    0.802   0      0.000    0.802
87040.0 87168.0  0.0   57551.0 7515200.0 5407203.6 15379136.0  247635.4  51008.0 51005.2     33    0.802   0      0.000    0.802
87040.0 87168.0  0.0   57551.0 7515200.0 6032276.9 15379136.0  247635.4  51008.0 51005.2     33    0.802   0      0.000    0.802
87040.0 87168.0  0.0   57551.0 7515200.0 6794630.7 15379136.0  247635.4  51008.0 51005.2     33    0.802   0      0.000    0.802
87040.0 83584.0 45505.7  0.0   7518912.0 457889.6 15379136.0  250543.0  51008.0 51005.2     34    0.815   0      0.000    0.815
87040.0 83584.0 45505.7  0.0   7518912.0 1108500.4 15379136.0  250543.0  51008.0 51007.2     34    0.815   0      0.000    0.815
87040.0 83584.0 45505.7  0.0   7518912.0 1627901.2 15379136.0  250543.0  51008.0 51007.9     34    0.815   0      0.000    0.815
87040.0 83584.0 45505.7  0.0   7518912.0 2540116.9 15379136.0  250543.0  51200.0 51009.0     34    0.815   0      0.000    0.815
87040.0 83584.0 45505.7  0.0   7518912.0 3211294.6 15379136.0  250543.0  51200.0 51025.1     34    0.815   0      0.000    0.815
87040.0 83584.0 45505.7  0.0   7518912.0 3729875.4 15379136.0  250543.0  51200.0 51052.0     34    0.815   0      0.000    0.815
87040.0 83584.0 45505.7  0.0   7518912.0 4046569.9 15379136.0  250543.0  51200.0 51078.5     34    0.815   0      0.000    0.815
87040.0 83584.0 45505.7  0.0   7518912.0 4433297.5 15379136.0  250543.0  51200.0 51087.7     34    0.815   0      0.000    0.815
87040.0 83584.0 45505.7  0.0   7518912.0 5343190.2 15379136.0  250543.0  51200.0 51088.1     34    0.815   0      0.000    0.815
87040.0 83584.0 45505.7  0.0   7518912.0 5931634.1 15379136.0  250543.0  51200.0 51090.0     34    0.815   0      0.000    0.815
87040.0 83584.0 45505.7  0.0   7518912.0 6767480.4 15379136.0  250543.0  51200.0 51090.2     34    0.815   0      0.000    0.815
81024.0 83584.0  0.0   50626.5 7518912.0 99006.8  15379136.0  250559.0  51200.0 51090.2     35    0.839   0      0.000    0.839
81024.0 83584.0  0.0   50626.5 7518912.0 1082024.5 15379136.0  250559.0  51200.0 51090.2     35    0.839   0      0.000    0.839
81024.0 83584.0  0.0   50626.5 7518912.0 2302896.9 15379136.0  250559.0  51200.0 51090.4     35    0.839   0      0.000    0.839
81024.0 83584.0  0.0   50626.5 7518912.0 2865257.0 15379136.0  250559.0  51200.0 51091.5     35    0.839   0      0.000    0.839
81024.0 83584.0  0.0   50626.5 7518912.0 3869791.1 15379136.0  250559.0  51200.0 51091.5     35    0.839   0      0.000    0.839
81024.0 83584.0  0.0   50626.5 7518912.0 4620301.8 15379136.0  250559.0  51200.0 51091.8     35    0.839   0      0.000    0.839
81024.0 83584.0  0.0   50626.5 7518912.0 5218465.2 15379136.0  250559.0  51200.0 51091.8     35    0.839   0      0.000    0.839
81024.0 83584.0  0.0   50626.5 7518912.0 6498300.8 15379136.0  250559.0  51200.0 51091.8     35    0.839   0      0.000    0.839
81024.0 83584.0  0.0   50626.5 7518912.0 7332073.1 15379136.0  250559.0  51200.0 51091.8     35    0.839   0      0.000    0.839
81024.0 80960.0 29248.3  0.0   7527552.0 310421.2 15379136.0  267093.8  51200.0 51091.8     36    0.860   0      0.000    0.860
81024.0 80960.0 29248.3  0.0   7527552.0 321292.5 15379136.0  267093.8  51200.0 51091.8     36    0.860   0      0.000    0.860
81024.0 80960.0 29248.3  0.0   7527552.0 1597853.8 15379136.0  267093.8  51200.0 51091.8     36    0.860   0      0.000    0.860
81024.0 80960.0 29248.3  0.0   7527552.0 2804988.3 15379136.0  267093.8  51200.0 51092.0     36    0.860   0      0.000    0.860
81024.0 80960.0 29248.3  0.0   7527552.0 3802164.1 15379136.0  267093.8  51200.0 51092.0     36    0.860   0      0.000    0.860
81024.0 80960.0 29248.3  0.0   7527552.0 4779549.7 15379136.0  267093.8  51200.0 51092.0     36    0.860   0      0.000    0.860
81024.0 80960.0 29248.3  0.0   7527552.0 5925284.2 15379136.0  267093.8  51200.0 51092.0     36    0.860   0      0.000    0.860
81024.0 80960.0 29248.3  0.0   7527552.0 7095636.2 15379136.0  267093.8  51200.0 51092.2     36    0.860   0      0.000    0.860
79488.0 80960.0  0.0   34504.2 7527552.0 1159037.1 15379136.0  269579.9  51200.0 51092.2     37    0.871   0      0.000    0.871
79488.0 80960.0  0.0   34504.2 7527552.0 2239872.8 15379136.0  269579.9  51200.0 51092.6     37    0.871   0      0.000    0.871
79488.0 80960.0  0.0   34504.2 7527552.0 3411524.0 15379136.0  269579.9  51200.0 51092.6     37    0.871   0      0.000    0.871
79488.0 80960.0  0.0   34504.2 7527552.0 4559145.4 15379136.0  269579.9  51200.0 51092.6     37    0.871   0      0.000    0.871
79488.0 80960.0  0.0   34504.2 7527552.0 5860051.0 15379136.0  269579.9  51200.0 51094.0     37    0.871   0      0.000    0.871
79488.0 80960.0  0.0   34504.2 7527552.0 6776296.4 15379136.0  269579.9  51200.0 51094.0     37    0.871   0      0.000    0.871
79488.0 77248.0 38116.7  0.0   7532800.0   0.0    15379136.0  271407.2  51200.0 51094.0     38    0.884   0      0.000    0.884
79488.0 77248.0 38116.7  0.0   7532800.0 856868.9 15379136.0  271407.2  51200.0 51094.0     38    0.884   0      0.000    0.884
79488.0 77248.0 38116.7  0.0   7532800.0 2285532.7 15379136.0  271407.2  51200.0 51094.7     38    0.884   0      0.000    0.884
79488.0 77248.0 38116.7  0.0   7532800.0 3569555.4 15379136.0  271407.2  51200.0 51094.7     38    0.884   0      0.000    0.884
79488.0 77248.0 38116.7  0.0   7532800.0 4251438.2 15379136.0  271407.2  51200.0 51094.7     38    0.884   0      0.000    0.884
79488.0 77248.0 38116.7  0.0   7532800.0 5027680.7 15379136.0  271407.2  51200.0 51094.7     38    0.884   0      0.000    0.884
79488.0 77248.0 38116.7  0.0   7532800.0 6109126.5 15379136.0  271407.2  51200.0 51094.7     38    0.884   0      0.000    0.884
79488.0 77248.0 38116.7  0.0   7532800.0 7096707.5 15379136.0  271407.2  51200.0 51094.7     38    0.884   0      0.000    0.884
74432.0 77248.0  0.0   45571.5 7532800.0 616088.1 15379136.0  274175.0  51200.0 51094.7     39    0.899   0      0.000    0.899
74432.0 77248.0  0.0   45571.5 7532800.0 2162361.3 15379136.0  274175.0  51200.0 51094.9     39    0.899   0      0.000    0.899
74432.0 77248.0  0.0   45571.5 7532800.0 3026499.1 15379136.0  274175.0  51200.0 51094.9     39    0.899   0      0.000    0.899
74432.0 77248.0  0.0   45571.5 7532800.0 4037757.3 15379136.0  274175.0  51200.0 51096.4     39    0.899   0      0.000    0.899
74432.0 77248.0  0.0   45571.5 7532800.0 5348729.7 15379136.0  274175.0  51200.0 51096.4     39    0.899   0      0.000    0.899
74432.0 77248.0  0.0   45571.5 7532800.0 6398219.0 15379136.0  274175.0  51200.0 51097.4     39    0.899   0      0.000    0.899
74432.0 77248.0  0.0   45571.5 7532800.0 7122075.7 15379136.0  274175.0  51200.0 51097.4     39    0.899   0      0.000    0.899
74432.0 72832.0 36197.9  0.0   7542272.0 830654.4 15379136.0  279690.0  51200.0 51097.4     40    0.914   0      0.000    0.914
74432.0 72832.0 36197.9  0.0   7542272.0 1547492.9 15379136.0  279690.0  51200.0 51097.4     40    0.914   0      0.000    0.914
74432.0 72832.0 36197.9  0.0   7542272.0 2389198.0 15379136.0  279690.0  51200.0 51100.4     40    0.914   0      0.000    0.914
74432.0 72832.0 36197.9  0.0   7542272.0 2947735.5 15379136.0  279690.0  51200.0 51102.2     40    0.914   0      0.000    0.914
74432.0 72832.0 36197.9  0.0   7542272.0 4120716.8 15379136.0  279690.0  51200.0 51102.2     40    0.914   0      0.000    0.914
74432.0 72832.0 36197.9  0.0   7542272.0 5293749.9 15379136.0  279690.0  51200.0 51102.2     40    0.914   0      0.000    0.914
74432.0 72832.0 36197.9  0.0   7542272.0 6981467.0 15379136.0  279690.0  51200.0 51102.2     40    0.914   0      0.000    0.914
70400.0 72832.0  0.0   40809.8 7542272.0 954952.9 15379136.0  289008.8  51200.0 51102.8     41    0.933   0      0.000    0.933
70400.0 72832.0  0.0   40809.8 7542272.0 1820165.8 15379136.0  289008.8  51200.0 51102.8     41    0.933   0      0.000    0.933
70400.0 72832.0  0.0   40809.8 7542272.0 3379559.3 15379136.0  289008.8  51200.0 51102.8     41    0.933   0      0.000    0.933
70400.0 72832.0  0.0   40809.8 7542272.0 5050241.8 15379136.0  289008.8  51200.0 51102.8     41    0.933   0      0.000    0.933
70400.0 72832.0  0.0   40809.8 7542272.0 6188063.2 15379136.0  289008.8  51200.0 51102.8     41    0.933   0      0.000    0.933
70400.0 72832.0  0.0   40809.8 7542272.0 7292446.6 15379136.0  289008.8  51200.0 51104.2     41    0.933   0      0.000    0.933
70400.0 68864.0 36486.6  0.0   7550272.0 811928.1 15379136.0  298605.0  51200.0 51104.4     42    0.948   0      0.000    0.948
70400.0 68864.0 36486.6  0.0   7550272.0 2182440.3 15379136.0  298605.0  51200.0 51107.5     42    0.948   0      0.000    0.948
70400.0 68864.0 36486.6  0.0   7550272.0 3054194.8 15379136.0  298605.0  51200.0 51107.5     42    0.948   0      0.000    0.948
70400.0 68864.0 36486.6  0.0   7550272.0 4757622.3 15379136.0  298605.0  51200.0 51107.8     42    0.948   0      0.000    0.948
70400.0 68864.0 36486.6  0.0   7550272.0 5900706.5 15379136.0  298605.0  51200.0 51107.8     42    0.948   0      0.000    0.948
70400.0 68864.0 36486.6  0.0   7550272.0 7264799.1 15379136.0  298605.0  51200.0 51108.0     42    0.948   0      0.000    0.948
68480.0 68864.0  0.0   29628.1 7550272.0 951289.0 15379136.0  301072.0  51200.0 51108.0     43    0.962   0      0.000    0.962
68480.0 68864.0  0.0   29628.1 7550272.0 2143028.9 15379136.0  301072.0  51200.0 51108.0     43    0.962   0      0.000    0.962
68480.0 68864.0  0.0   29628.1 7550272.0 3973237.8 15379136.0  301072.0  51200.0 51108.0     43    0.962   0      0.000    0.962
68480.0 68864.0  0.0   29628.1 7550272.0 5173455.9 15379136.0  301072.0  51200.0 51108.0     43    0.962   0      0.000    0.962
68480.0 68864.0  0.0   29628.1 7550272.0 5173499.4 15379136.0  301072.0  51200.0 51108.0     43    0.962   0      0.000    0.962
68480.0 68864.0  0.0   29628.1 7550272.0 6048969.1 15379136.0  301072.0  51200.0 51108.0     43    0.962   0      0.000    0.962
68480.0 68864.0  0.0   29628.1 7550272.0 7005199.4 15379136.0  301072.0  51200.0 51108.0     43    0.962   0      0.000    0.962
68480.0 65984.0 40196.7  0.0   7555072.0 568172.6 15379136.0  311079.5  51200.0 51108.0     44    0.978   0      0.000    0.978
68480.0 65984.0 40196.7  0.0   7555072.0 1935589.3 15379136.0  311079.5  51200.0 51108.4     44    0.978   0      0.000    0.978
68480.0 65984.0 40196.7  0.0   7555072.0 3287242.2 15379136.0  311079.5  51200.0 51108.7     44    0.978   0      0.000    0.978
68480.0 65984.0 40196.7  0.0   7555072.0 4253430.4 15379136.0  311079.5  51200.0 51108.7     44    0.978   0      0.000    0.978
68480.0 65984.0 40196.7  0.0   7555072.0 5449845.0 15379136.0  311079.5  51200.0 51108.7     44    0.978   0      0.000    0.978
68480.0 65984.0 40196.7  0.0   7555072.0 7017387.9 15379136.0  311079.5  51200.0 51108.7     44    0.978   0      0.000    0.978
65088.0 65984.0  0.0   31938.4 7555072.0 733131.5 15379136.0  315395.8  51200.0 51109.0     45    0.991   0      0.000    0.991
65088.0 65984.0  0.0   31938.4 7555072.0 1909392.6 15379136.0  315395.8  51200.0 51109.0     45    0.991   0      0.000    0.991
65088.0 65984.0  0.0   31938.4 7555072.0 2907948.2 15379136.0  315395.8  51200.0 51109.0     45    0.991   0      0.000    0.991
65088.0 65984.0  0.0   31938.4 7555072.0 4653829.0 15379136.0  315395.8  51200.0 51109.0     45    0.991   0      0.000    0.991
65088.0 65984.0  0.0   31938.4 7555072.0 5870025.8 15379136.0  315395.8  51200.0 51109.0     45    0.991   0      0.000    0.991
65088.0 65984.0  0.0   31938.4 7555072.0 7354235.4 15379136.0  315395.8  51200.0 51109.0     45    0.991   0      0.000    0.991
65088.0 64256.0 30738.6  0.0   7560192.0 612136.5 15379136.0  320601.6  51200.0 51109.0     46    1.005   0      0.000    1.005
65088.0 64256.0 30738.6  0.0   7560192.0 1650816.2 15379136.0  320601.6  51200.0 51110.7     46    1.005   0      0.000    1.005
65088.0 64256.0 30738.6  0.0   7560192.0 2463066.2 15379136.0  320601.6  51200.0 51110.7     46    1.005   0      0.000    1.005
65088.0 64256.0 30738.6  0.0   7560192.0 3188556.7 15379136.0  320601.6  51200.0 51110.7     46    1.005   0      0.000    1.005
65088.0 64256.0 30738.6  0.0   7560192.0 4343019.0 15379136.0  320601.6  51200.0 51110.7     46    1.005   0      0.000    1.005
65088.0 64256.0 30738.6  0.0   7560192.0 5843150.8 15379136.0  320601.6  51200.0 51114.3     46    1.005   0      0.000    1.005
65088.0 64256.0 30738.6  0.0   7560192.0 6880994.9 15379136.0  320601.6  51200.0 51117.4     46    1.005   0      0.000    1.005
63104.0 64256.0  0.0   31442.5 7560192.0 420648.7 15379136.0  325369.8  51200.0 51117.4     47    1.023   0      0.000    1.023
63104.0 64256.0  0.0   31442.5 7560192.0 1784013.2 15379136.0  325369.8  51200.0 51117.4     47    1.023   0      0.000    1.023
63104.0 64256.0  0.0   31442.5 7560192.0 3157596.2 15379136.0  325369.8  51200.0 51117.4     47    1.023   0      0.000    1.023
63104.0 64256.0  0.0   31442.5 7560192.0 4383811.7 15379136.0  325369.8  51200.0 51117.4     47    1.023   0      0.000    1.023
63104.0 64256.0  0.0   31442.5 7560192.0 5932576.3 15379136.0  325369.8  51200.0 51117.4     47    1.023   0      0.000    1.023
63104.0 64256.0  0.0   31442.5 7560192.0 6953103.1 15379136.0  325369.8  51200.0 51117.4     47    1.023   0      0.000    1.023
63104.0 64896.0 13635.0  0.0   7559744.0 936456.7 15379136.0  336457.3  51200.0 51117.4     48    1.038   0      0.000    1.038
63104.0 64896.0 13635.0  0.0   7559744.0 2050263.7 15379136.0  336457.3  51200.0 51117.4     48    1.038   0      0.000    1.038
63104.0 64896.0 13635.0  0.0   7559744.0 3555374.0 15379136.0  336457.3  51200.0 51117.4     48    1.038   0      0.000    1.038
63104.0 64896.0 13635.0  0.0   7559744.0 4809604.5 15379136.0  336457.3  51200.0 51117.4     48    1.038   0      0.000    1.038
63104.0 64896.0 13635.0  0.0   7559744.0 5458078.7 15379136.0  336457.3  51200.0 51117.4     48    1.038   0      0.000    1.038
63104.0 64896.0 13635.0  0.0   7559744.0 6408964.7 15379136.0  336457.3  51200.0 51117.4     48    1.038   0      0.000    1.038
63104.0 64896.0 13635.0  0.0   7559744.0 7165369.3 15379136.0  336457.3  51200.0 51117.4     48    1.038   0      0.000    1.038
64128.0 64896.0  0.0   23696.0 7559744.0 537140.7 15379136.0  338973.5  51200.0 51117.4     49    1.048   0      0.000    1.048
64128.0 64896.0  0.0   23696.0 7559744.0 1773476.2 15379136.0  338973.5  51200.0 51117.9     49    1.048   0      0.000    1.048
64128.0 64896.0  0.0   23696.0 7559744.0 2961678.5 15379136.0  338973.5  51200.0 51117.9     49    1.048   0      0.000    1.048
64128.0 64896.0  0.0   23696.0 7559744.0 3987030.3 15379136.0  338973.5  51200.0 51117.9     49    1.048   0      0.000    1.048
64128.0 64896.0  0.0   23696.0 7559744.0 4972619.1 15379136.0  338973.5  51200.0 51117.9     49    1.048   0      0.000    1.048
64128.0 64896.0  0.0   23696.0 7559744.0 6267823.6 15379136.0  338973.5  51200.0 51117.9     49    1.048   0      0.000    1.048
64128.0 61376.0 33718.6  0.0   7564032.0 232538.6 15379136.0  344052.7  51200.0 51117.9     50    1.064   0      0.000    1.064
64128.0 61376.0 33718.6  0.0   7564032.0 1809404.1 15379136.0  344052.7  51200.0 51117.9     50    1.064   0      0.000    1.064
64128.0 61376.0 33718.6  0.0   7564032.0 2718917.9 15379136.0  344052.7  51200.0 51117.9     50    1.064   0      0.000    1.064
64128.0 61376.0 33718.6  0.0   7564032.0 3793239.9 15379136.0  344052.7  51200.0 51117.9     50    1.064   0      0.000    1.064
64128.0 61376.0 33718.6  0.0   7564032.0 4785594.1 15379136.0  344052.7  51200.0 51117.9     50    1.064   0      0.000    1.064
64128.0 61376.0 33718.6  0.0   7564032.0 6178655.9 15379136.0  344052.7  51200.0 51117.9     50    1.064   0      0.000    1.064
59648.0 61376.0  0.0   29542.5 7564032.0 305517.3 15379136.0  354170.6  51200.0 51118.0     51    1.078   0      0.000    1.078
59648.0 61376.0  0.0   29542.5 7564032.0 1427197.9 15379136.0  354170.6  51200.0 51118.0     51    1.078   0      0.000    1.078
59648.0 61376.0  0.0   29542.5 7564032.0 2117968.6 15379136.0  354170.6  51200.0 51118.0     51    1.078   0      0.000    1.078
59648.0 61376.0  0.0   29542.5 7564032.0 3334855.8 15379136.0  354170.6  51200.0 51118.0     51    1.078   0      0.000    1.078
59648.0 61376.0  0.0   29542.5 7564032.0 4458709.6 15379136.0  354170.6  51200.0 51118.0     51    1.078   0      0.000    1.078
59648.0 61376.0  0.0   29542.5 7564032.0 5188858.0 15379136.0  354170.6  51200.0 51118.0     51    1.078   0      0.000    1.078
59648.0 61376.0  0.0   29542.5 7564032.0 5997316.7 15379136.0  354170.6  51200.0 51120.7     51    1.078   0      0.000    1.078
59648.0 61376.0  0.0   29542.5 7564032.0 7116006.9 15379136.0  354170.6  51200.0 51121.0     51    1.078   0      0.000    1.078
59648.0 61376.0  0.0   29542.5 7564032.0 7430298.4 15379136.0  354170.6  51200.0 51121.0     51    1.078   0      0.000    1.078
59648.0 57152.0 33858.4  0.0   7572736.0 892723.3 15379136.0  357114.0  51200.0 51121.4     52    1.094   0      0.000    1.094
59648.0 57152.0 33858.4  0.0   7572736.0 2138122.2 15379136.0  357114.0  51200.0 51121.4     52    1.094   0      0.000    1.094
59648.0 57152.0 33858.4  0.0   7572736.0 4301343.6 15379136.0  357114.0  51200.0 51121.4     52    1.094   0      0.000    1.094
59648.0 57152.0 33858.4  0.0   7572736.0 5884838.0 15379136.0  357114.0  51200.0 51121.4     52    1.094   0      0.000    1.094
59648.0 57152.0 33858.4  0.0   7572736.0 7544792.5 15379136.0  357114.0  51200.0 51121.4     52    1.094   0      0.000    1.094
56448.0 57152.0  0.0   24933.4 7572736.0 1481399.5 15379136.0  370644.9  51200.0 51121.4     53    1.108   0      0.000    1.108
56448.0 57152.0  0.0   24933.4 7572736.0 2606681.6 15379136.0  370644.9  51200.0 51121.4     53    1.108   0      0.000    1.108
56448.0 57152.0  0.0   24933.4 7572736.0 3862107.4 15379136.0  370644.9  51200.0 51121.4     53    1.108   0      0.000    1.108
56448.0 57152.0  0.0   24933.4 7572736.0 5106010.7 15379136.0  370644.9  51200.0 51121.4     53    1.108   0      0.000    1.108
56448.0 57152.0  0.0   24933.4 7572736.0 6276625.4 15379136.0  370644.9  51200.0 51121.4     53    1.108   0      0.000    1.108
56448.0 55360.0 36577.9  0.0   7577728.0 529435.0 15379136.0  377250.6  51200.0 51121.4     54    1.123   0      0.000    1.123
56448.0 55360.0 36577.9  0.0   7577728.0 1677995.5 15379136.0  377250.6  51200.0 51121.4     54    1.123   0      0.000    1.123
56448.0 55360.0 36577.9  0.0   7577728.0 2780553.9 15379136.0  377250.6  51200.0 51121.4     54    1.123   0      0.000    1.123
56448.0 55360.0 36577.9  0.0   7577728.0 3826548.0 15379136.0  377250.6  51200.0 51121.4     54    1.123   0      0.000    1.123
56448.0 55360.0 36577.9  0.0   7577728.0 5097836.3 15379136.0  377250.6  51200.0 51121.4     54    1.123   0      0.000    1.123
56448.0 55360.0 36577.9  0.0   7577728.0 6080442.0 15379136.0  377250.6  51200.0 51121.5     54    1.123   0      0.000    1.123
56448.0 55360.0 36577.9  0.0   7577728.0 7547415.4 15379136.0  377250.6  51200.0 51121.5     54    1.123   0      0.000    1.123
55616.0 55360.0  0.0   40218.0 7577728.0 1143409.6 15379136.0  379806.5  51200.0 51121.5     55    1.138   0      0.000    1.138
55616.0 55360.0  0.0   40218.0 7577728.0 2832778.2 15379136.0  379806.5  51200.0 51121.5     55    1.138   0      0.000    1.138
55616.0 55360.0  0.0   40218.0 7577728.0 4690360.4 15379136.0  379806.5  51200.0 51121.5     55    1.138   0      0.000    1.138
55616.0 55360.0  0.0   40218.0 7577728.0 5715815.6 15379136.0  379806.5  51200.0 51121.7     55    1.138   0      0.000    1.138
55616.0 54272.0 29451.0  0.0   7579648.0   0.0    15379136.0  393387.8  51200.0 51122.0     56    1.153   0      0.000    1.153
55616.0 54272.0 29451.0  0.0   7579648.0 1728234.8 15379136.0  393387.8  51200.0 51122.0     56    1.153   0      0.000    1.153
55616.0 54272.0 29451.0  0.0   7579648.0 3736689.3 15379136.0  393387.8  51200.0 51122.0     56    1.153   0      0.000    1.153
55616.0 54272.0 29451.0  0.0   7579648.0 5190477.8 15379136.0  393387.8  51200.0 51122.0     56    1.153   0      0.000    1.153
55616.0 54272.0 29451.0  0.0   7579648.0 6623990.3 15379136.0  393387.8  51200.0 51122.0     56    1.153   0      0.000    1.153
52736.0 54272.0  0.0   30839.8 7579648.0 519259.8 15379136.0  402837.3  51200.0 51122.0     57    1.166   0      0.000    1.166
52736.0 54272.0  0.0   30839.8 7579648.0 1706232.1 15379136.0  402837.3  51200.0 51122.0     57    1.166   0      0.000    1.166
52736.0 54272.0  0.0   30839.8 7579648.0 3106062.8 15379136.0  402837.3  51200.0 51122.0     57    1.166   0      0.000    1.166
52736.0 54272.0  0.0   30839.8 7579648.0 4326267.9 15379136.0  402837.3  51200.0 51122.0     57    1.166   0      0.000    1.166
52736.0 54272.0  0.0   30839.8 7579648.0 5811738.2 15379136.0  402837.3  51200.0 51122.0     57    1.166   0      0.000    1.166
52736.0 54272.0  0.0   30839.8 7579648.0 6437995.5 15379136.0  402837.3  51200.0 51122.0     57    1.166   0      0.000    1.166
52736.0 54272.0  0.0   30839.8 7579648.0 7546111.3 15379136.0  402837.3  51200.0 51122.2     57    1.166   0      0.000    1.166
52736.0 50880.0 33669.2  0.0   7585920.0 1293649.1 15379136.0  406881.9  51200.0 51122.2     58    1.182   0      0.000    1.182
52736.0 50880.0 33669.2  0.0   7585920.0 1827682.8 15379136.0  406881.9  51200.0 51122.2     58    1.182   0      0.000    1.182
52736.0 50880.0 33669.2  0.0   7585920.0 2790301.2 15379136.0  406881.9  51200.0 51122.2     58    1.182   0      0.000    1.182
52736.0 50880.0 33669.2  0.0   7585920.0 4147588.7 15379136.0  406881.9  51200.0 51122.2     58    1.182   0      0.000    1.182
52736.0 50880.0 33669.2  0.0   7585920.0 5086283.3 15379136.0  406881.9  51200.0 51122.2     58    1.182   0      0.000    1.182
52736.0 50880.0 33669.2  0.0   7585920.0 5792118.9 15379136.0  406881.9  51200.0 51122.2     58    1.182   0      0.000    1.182
52736.0 50880.0 33669.2  0.0   7585920.0 6819612.5 15379136.0  406881.9  51200.0 51122.2     58    1.182   0      0.000    1.182
49600.0 50880.0  0.0   34744.4 7585920.0 418834.2 15379136.0  414132.9  51200.0 51122.2     59    1.198   0      0.000    1.198
49600.0 50880.0  0.0   34744.4 7585920.0 1401861.8 15379136.0  414132.9  51200.0 51122.2     59    1.198   0      0.000    1.198
49600.0 50880.0  0.0   34744.4 7585920.0 2822754.0 15379136.0  414132.9  51200.0 51122.2     59    1.198   0      0.000    1.198
49600.0 50880.0  0.0   34744.4 7585920.0 4063305.7 15379136.0  414132.9  51200.0 51124.9     59    1.198   0      0.000    1.198
49600.0 50880.0  0.0   34744.4 7585920.0 5073774.9 15379136.0  414132.9  51200.0 51124.9     59    1.198   0      0.000    1.198
49600.0 50880.0  0.0   34744.4 7585920.0 6169223.1 15379136.0  414132.9  51200.0 51124.9     59    1.198   0      0.000    1.198
49600.0 50880.0  0.0   34744.4 7585920.0 6889934.1 15379136.0  414132.9  51200.0 51124.9     59    1.198   0      0.000    1.198
49600.0 48256.0 34263.4  0.0   7591680.0 899572.3 15379136.0  423027.3  51200.0 51125.9     60    1.214   0      0.000    1.214
49600.0 48256.0 34263.4  0.0   7591680.0 1575300.8 15379136.0  423027.3  51200.0 51126.3     60    1.214   0      0.000    1.214
49600.0 48256.0 34263.4  0.0   7591680.0 2577338.7 15379136.0  423027.3  51200.0 51126.3     60    1.214   0      0.000    1.214
49600.0 48256.0 34263.4  0.0   7591680.0 3692238.6 15379136.0  423027.3  51200.0 51126.3     60    1.214   0      0.000    1.214
49600.0 48256.0 34263.4  0.0   7591680.0 4981361.2 15379136.0  423027.3  51200.0 51126.3     60    1.214   0      0.000    1.214
49600.0 48256.0 34263.4  0.0   7591680.0 6385888.6 15379136.0  423027.3  51200.0 51126.3     60    1.214   0      0.000    1.214
47872.0 48256.0  0.0   27387.9 7591680.0 253132.2 15379136.0  430485.9  51200.0 51126.5     61    1.228   0      0.000    1.228
47872.0 48256.0  0.0   27387.9 7591680.0 1484466.1 15379136.0  430485.9  51200.0 51126.5     61    1.228   0      0.000    1.228
47872.0 48256.0  0.0   27387.9 7591680.0 2406035.5 15379136.0  430485.9  51200.0 51126.5     61    1.228   0      0.000    1.228
47872.0 48256.0  0.0   27387.9 7591680.0 2812850.2 15379136.0  430485.9  51200.0 51126.9     61    1.228   0      0.000    1.228
47872.0 48256.0  0.0   27387.9 7591680.0 3686873.3 15379136.0  430485.9  51200.0 51126.9     61    1.228   0      0.000    1.228
47872.0 48256.0  0.0   27387.9 7591680.0 4671207.3 15379136.0  430485.9  51200.0 51126.9     61    1.228   0      0.000    1.228
47872.0 48256.0  0.0   27387.9 7591680.0 5753930.1 15379136.0  430485.9  51200.0 51126.9     61    1.228   0      0.000    1.228
47872.0 48256.0  0.0   27387.9 7591680.0 6713511.6 15379136.0  430485.9  51200.0 51126.9     61    1.228   0      0.000    1.228
47872.0 48256.0  0.0   27387.9 7591680.0 7556031.1 15379136.0  430485.9  51200.0 51126.9     61    1.228   0      0.000    1.228
47872.0 48192.0 22383.0  0.0   7593152.0 898331.1 15379136.0  431085.3  51200.0 51126.9     62    1.237   0      0.000    1.237
47872.0 48192.0 22383.0  0.0   7593152.0 1845727.6 15379136.0  431085.3  51200.0 51126.9     62    1.237   0      0.000    1.237
47872.0 48192.0 22383.0  0.0   7593152.0 2531360.4 15379136.0  431085.3  51200.0 51127.3     62    1.237   0      0.000    1.237
47872.0 48192.0 22383.0  0.0   7593152.0 3774311.8 15379136.0  431085.3  51200.0 51127.4     62    1.237   0      0.000    1.237
47872.0 48192.0 22383.0  0.0   7593152.0 5096635.2 15379136.0  431085.3  51200.0 51127.4     62    1.237   0      0.000    1.237
47872.0 48192.0 22383.0  0.0   7593152.0 5416427.2 15379136.0  431085.3  51200.0 51127.4     62    1.237   0      0.000    1.237
47872.0 48192.0 22383.0  0.0   7593152.0 5416448.1 15379136.0  431085.3  51200.0 51127.4     62    1.237   0      0.000    1.237
47872.0 48192.0 22383.0  0.0   7593152.0 6661333.1 15379136.0  431085.3  51200.0 51127.4     62    1.237   0      0.000    1.237
47872.0 48192.0 22383.0  0.0   7593152.0 7568428.9 15379136.0  431085.3  51200.0 51129.9     62    1.237   0      0.000    1.237
49792.0 40704.0  0.0   40697.7 7593152.0 1079119.5 15379136.0  433562.1  51200.0 51130.2     63    1.252   0      0.000    1.252
49792.0 40704.0  0.0   40697.7 7593152.0 2046778.7 15379136.0  433562.1  51200.0 51130.4     63    1.252   0      0.000    1.252
49792.0 40704.0  0.0   40697.7 7593152.0 3085787.7 15379136.0  433562.1  51200.0 51130.4     63    1.252   0      0.000    1.252
49792.0 40704.0  0.0   40697.7 7593152.0 3944863.9 15379136.0  433562.1  51200.0 51130.4     63    1.252   0      0.000    1.252
49792.0 40704.0  0.0   40697.7 7593152.0 5006344.2 15379136.0  433562.1  51200.0 51130.4     63    1.252   0      0.000    1.252
49792.0 40704.0  0.0   40697.7 7593152.0 5750921.6 15379136.0  433562.1  51200.0 51130.4     63    1.252   0      0.000    1.252
49792.0 51840.0 42887.1  0.0   7585856.0 478329.8 15379136.0  438553.8  51200.0 51130.4     64    1.273   0      0.000    1.273
49792.0 51840.0 42887.1  0.0   7585856.0 1081840.6 15379136.0  438553.8  51200.0 51130.4     64    1.273   0      0.000    1.273
49792.0 51840.0 42887.1  0.0   7585856.0 2097112.3 15379136.0  438553.8  51200.0 51130.4     64    1.273   0      0.000    1.273
49792.0 51840.0 42887.1  0.0   7585856.0 3182106.6 15379136.0  438553.8  51200.0 51130.4     64    1.273   0      0.000    1.273
49792.0 51840.0 42887.1  0.0   7585856.0 4236356.6 15379136.0  438553.8  51200.0 51130.4     64    1.273   0      0.000    1.273
49792.0 51840.0 42887.1  0.0   7585856.0 5304111.1 15379136.0  438553.8  51200.0 51130.4     64    1.273   0      0.000    1.273
49792.0 51840.0 42887.1  0.0   7585856.0 6145633.7 15379136.0  438553.8  51200.0 51130.4     64    1.273   0      0.000    1.273
49792.0 51840.0 42887.1  0.0   7585856.0 7189076.1 15379136.0  438553.8  51200.0 51130.4     64    1.273   0      0.000    1.273
50688.0 51840.0  0.0   35538.4 7585856.0 758098.9 15379136.0  450526.0  51200.0 51130.4     65    1.288   0      0.000    1.288
50688.0 51840.0  0.0   35538.4 7585856.0 1835602.4 15379136.0  450526.0  51200.0 51130.4     65    1.288   0      0.000    1.288
50688.0 51840.0  0.0   35538.4 7585856.0 3094192.6 15379136.0  450526.0  51200.0 51132.2     65    1.288   0      0.000    1.288
50688.0 51840.0  0.0   35538.4 7585856.0 4171601.1 15379136.0  450526.0  51200.0 51132.2     65    1.288   0      0.000    1.288
50688.0 51840.0  0.0   35538.4 7585856.0 5054371.2 15379136.0  450526.0  51200.0 51132.2     65    1.288   0      0.000    1.288
50688.0 51840.0  0.0   35538.4 7585856.0 5760022.7 15379136.0  450526.0  51200.0 51132.2     65    1.288   0      0.000    1.288
50688.0 51840.0  0.0   35538.4 7585856.0 7097385.0 15379136.0  450526.0  51200.0 51132.2     65    1.288   0      0.000    1.288
50688.0 52032.0 42276.4  0.0   7585472.0 465807.6 15379136.0  453270.9  51200.0 51132.2     66    1.304   0      0.000    1.304
50688.0 52032.0 42276.4  0.0   7585472.0 997754.0 15379136.0  453270.9  51200.0 51132.2     66    1.304   0      0.000    1.304
50688.0 52032.0 42276.4  0.0   7585472.0 2315356.7 15379136.0  453270.9  51200.0 51132.2     66    1.304   0      0.000    1.304
50688.0 52032.0 42276.4  0.0   7585472.0 2980710.2 15379136.0  453270.9  51200.0 51132.2     66    1.304   0      0.000    1.304
50688.0 52032.0 42276.4  0.0   7585472.0 3871682.7 15379136.0  453270.9  51200.0 51132.2     66    1.304   0      0.000    1.304
50688.0 52032.0 42276.4  0.0   7585472.0 4786620.6 15379136.0  453270.9  51200.0 51132.2     66    1.304   0      0.000    1.304
50688.0 52032.0 42276.4  0.0   7585472.0 5228367.8 15379136.0  453270.9  51200.0 51132.2     66    1.304   0      0.000    1.304
50688.0 52032.0 42276.4  0.0   7585472.0 6381249.8 15379136.0  453270.9  51200.0 51132.2     66    1.304   0      0.000    1.304
50688.0 52032.0 42276.4  0.0   7585472.0 7234825.1 15379136.0  453270.9  51200.0 51132.2     66    1.304   0      0.000    1.304
52032.0 52032.0  0.0   52021.6 7585472.0 313145.9 15379136.0  458845.3  51200.0 51132.2     67    1.323   0      0.000    1.323
52032.0 52032.0  0.0   52021.6 7585472.0 1200395.0 15379136.0  458845.3  51200.0 51132.2     67    1.323   0      0.000    1.323
52032.0 52032.0  0.0   52021.6 7585472.0 1624404.7 15379136.0  458845.3  51200.0 51132.2     67    1.323   0      0.000    1.323
52032.0 52032.0  0.0   52021.6 7585472.0 2532026.8 15379136.0  458845.3  51200.0 51132.2     67    1.323   0      0.000    1.323
52032.0 52032.0  0.0   52021.6 7585472.0 3558251.9 15379136.0  458845.3  51200.0 51132.2     67    1.323   0      0.000    1.323
52032.0 52032.0  0.0   52021.6 7585472.0 4325072.0 15379136.0  458845.3  51200.0 51132.2     67    1.323   0      0.000    1.323
52032.0 52032.0  0.0   52021.6 7585472.0 5407302.8 15379136.0  458845.3  51200.0 51132.2     67    1.323   0      0.000    1.323
52032.0 52032.0  0.0   52021.6 7585472.0 6621853.5 15379136.0  458845.3  51200.0 51133.1     67    1.323   0      0.000    1.323
52032.0 61056.0 49185.5  0.0   7567424.0 381241.0 15379136.0  462892.4  51200.0 51133.1     68    1.340   0      0.000    1.340
52032.0 61056.0 49185.5  0.0   7567424.0 2046780.3 15379136.0  462892.4  51200.0 51133.1     68    1.340   0      0.000    1.340
52032.0 61056.0 49185.5  0.0   7567424.0 3439503.3 15379136.0  462892.4  51200.0 51133.1     68    1.340   0      0.000    1.340
52032.0 61056.0 49185.5  0.0   7567424.0 4401372.3 15379136.0  462892.4  51200.0 51133.1     68    1.340   0      0.000    1.340
52032.0 61056.0 49185.5  0.0   7567424.0 4728022.7 15379136.0  462892.4  51200.0 51133.1     68    1.340   0      0.000    1.340
52032.0 61056.0 49185.5  0.0   7567424.0 4728041.4 15379136.0  462892.4  51200.0 51133.1     68    1.340   0      0.000    1.340
52032.0 61056.0 49185.5  0.0   7567424.0 5976133.0 15379136.0  462892.4  51200.0 51134.1     68    1.340   0      0.000    1.340
52032.0 61056.0 49185.5  0.0   7567424.0 6479963.0 15379136.0  462892.4  51200.0 51135.6     68    1.340   0      0.000    1.340
52032.0 61056.0 49185.5  0.0   7567424.0 7517545.0 15379136.0  462892.4  51200.0 51135.6     68    1.340   0      0.000    1.340
60544.0 61056.0  0.0   43118.3 7567424.0 834909.0 15379136.0  474049.4  51200.0 51135.6     69    1.357   0      0.000    1.357
60544.0 61056.0  0.0   43118.3 7567424.0 1742039.7 15379136.0  474049.4  51200.0 51135.6     69    1.357   0      0.000    1.357
60544.0 61056.0  0.0   43118.3 7567424.0 2439923.8 15379136.0  474049.4  51200.0 51135.6     69    1.357   0      0.000    1.357
60544.0 61056.0  0.0   43118.3 7567424.0 3371937.4 15379136.0  474049.4  51200.0 51135.6     69    1.357   0      0.000    1.357
60544.0 61056.0  0.0   43118.3 7567424.0 4016731.6 15379136.0  474049.4  51200.0 51135.6     69    1.357   0      0.000    1.357
60544.0 61056.0  0.0   43118.3 7567424.0 4488707.0 15379136.0  474049.4  51200.0 51135.6     69    1.357   0      0.000    1.357
60544.0 61056.0  0.0   43118.3 7567424.0 4759133.7 15379136.0  474049.4  51200.0 51135.6     69    1.357   0      0.000    1.357
60544.0 61056.0  0.0   43118.3 7567424.0 5493730.9 15379136.0  474049.4  51200.0 51135.6     69    1.357   0      0.000    1.357
60544.0 61056.0  0.0   43118.3 7567424.0 5897097.5 15379136.0  474049.4  51200.0 51135.6     69    1.357   0      0.000    1.357
60544.0 61056.0  0.0   43118.3 7567424.0 6765268.4 15379136.0  474049.4  51200.0 51135.6     69    1.357   0      0.000    1.357
60544.0 61056.0  0.0   43118.3 7567424.0 7377362.0 15379136.0  474049.4  51200.0 51136.2     69    1.357   0      0.000    1.357
60544.0 60608.0 44775.9  0.0   7568320.0 556066.5 15379136.0  474081.4  51200.0 51136.2     70    1.374   0      0.000    1.374
60544.0 60608.0 44775.9  0.0   7568320.0 1230541.5 15379136.0  474081.4  51200.0 51136.2     70    1.374   0      0.000    1.374
60544.0 60608.0 44775.9  0.0   7568320.0 1976523.5 15379136.0  474081.4  51200.0 51136.2     70    1.374   0      0.000    1.374
60544.0 60608.0 44775.9  0.0   7568320.0 2782861.6 15379136.0  474081.4  51200.0 51136.2     70    1.374   0      0.000    1.374
60544.0 60608.0 44775.9  0.0   7568320.0 3552016.8 15379136.0  474081.4  51200.0 51136.2     70    1.374   0      0.000    1.374
60544.0 60608.0 44775.9  0.0   7568320.0 4043515.0 15379136.0  474081.4  51200.0 51144.0     70    1.374   0      0.000    1.374
60544.0 60608.0 44775.9  0.0   7568320.0 4920436.2 15379136.0  474081.4  51200.0 51144.0     70    1.374   0      0.000    1.374
60544.0 60608.0 44775.9  0.0   7568320.0 5976458.6 15379136.0  474081.4  51200.0 51144.0     70    1.374   0      0.000    1.374
60544.0 60608.0 44775.9  0.0   7568320.0 6690509.1 15379136.0  474081.4  51200.0 51144.0     70    1.374   0      0.000    1.374
60544.0 60608.0 44775.9  0.0   7568320.0 7241687.4 15379136.0  474081.4  51200.0 51144.0     70    1.374   0      0.000    1.374
61568.0 47808.0  0.0   47774.7 7568320.0 698405.5 15379136.0  483959.9  51200.0 51144.0     71    1.395   0      0.000    1.395
61568.0 47808.0  0.0   47774.7 7568320.0 1715814.5 15379136.0  483959.9  51200.0 51144.0     71    1.395   0      0.000    1.395
61568.0 47808.0  0.0   47774.7 7568320.0 2789938.2 15379136.0  483959.9  51200.0 51144.0     71    1.395   0      0.000    1.395
61568.0 47808.0  0.0   47774.7 7568320.0 3406668.6 15379136.0  483959.9  51200.0 51144.0     71    1.395   0      0.000    1.395
61568.0 47808.0  0.0   47774.7 7568320.0 4361217.1 15379136.0  483959.9  51200.0 51144.0     71    1.395   0      0.000    1.395
61568.0 47808.0  0.0   47774.7 7568320.0 5195411.2 15379136.0  483959.9  51200.0 51144.0     71    1.395   0      0.000    1.395
61568.0 47808.0  0.0   47774.7 7568320.0 5931915.2 15379136.0  483959.9  51200.0 51144.0     71    1.395   0      0.000    1.395
61568.0 47808.0  0.0   47774.7 7568320.0 6623848.0 15379136.0  483959.9  51200.0 51144.0     71    1.395   0      0.000    1.395
61568.0 47808.0 16668.0 47774.7 7568320.0 7568320.0 15379136.0  486926.0  51200.0 51144.0     72    1.395   0      0.000    1.395
61568.0 61120.0 44842.1  0.0   7566848.0 747606.2 15379136.0  491176.4  51200.0 51144.0     72    1.412   0      0.000    1.412
61568.0 61120.0 44842.1  0.0   7566848.0 2004799.7 15379136.0  491176.4  51200.0 51144.0     72    1.412   0      0.000    1.412
61568.0 61120.0 44842.1  0.0   7566848.0 2905466.2 15379136.0  491176.4  51200.0 51144.0     72    1.412   0      0.000    1.412
61568.0 61120.0 44842.1  0.0   7566848.0 3707428.4 15379136.0  491176.4  51200.0 51144.0     72    1.412   0      0.000    1.412
61568.0 61120.0 44842.1  0.0   7566848.0 4861421.4 15379136.0  491176.4  51200.0 51144.0     72    1.412   0      0.000    1.412
61568.0 61120.0 44842.1  0.0   7566848.0 5619351.5 15379136.0  491176.4  51200.0 51144.0     72    1.412   0      0.000    1.412
61568.0 61120.0 44842.1  0.0   7566848.0 6075651.0 15379136.0  491176.4  51200.0 51144.0     72    1.412   0      0.000    1.412
61568.0 61120.0 44842.1  0.0   7566848.0 7159389.5 15379136.0  491176.4  51200.0 51144.0     72    1.412   0      0.000    1.412
59520.0 61120.0  0.0   41879.4 7566848.0 422432.0 15379136.0  495084.1  51200.0 51144.0     73    1.426   0      0.000    1.426
59520.0 61120.0  0.0   41879.4 7566848.0 1147646.2 15379136.0  495084.1  51200.0 51144.0     73    1.426   0      0.000    1.426
59520.0 61120.0  0.0   41879.4 7566848.0 2147697.0 15379136.0  495084.1  51200.0 51144.0     73    1.426   0      0.000    1.426
59520.0 61120.0  0.0   41879.4 7566848.0 3037340.7 15379136.0  495084.1  51200.0 51144.0     73    1.426   0      0.000    1.426
59520.0 61120.0  0.0   41879.4 7566848.0 4141046.0 15379136.0  495084.1  51200.0 51144.0     73    1.426   0      0.000    1.426
59520.0 61120.0  0.0   41879.4 7566848.0 4988129.1 15379136.0  495084.1  51200.0 51144.0     73    1.426   0      0.000    1.426
59520.0 61120.0  0.0   41879.4 7566848.0 6132446.4 15379136.0  495084.1  51200.0 51144.0     73    1.426   0      0.000    1.426
59520.0 61120.0  0.0   41879.4 7566848.0 7156830.9 15379136.0  495084.1  51200.0 51144.0     73    1.426   0      0.000    1.426
59520.0 61120.0  0.0   41879.4 7566848.0 7522404.9 15379136.0  495084.1  51200.0 51144.4     73    1.426   0      0.000    1.426
59520.0 61504.0 51200.0  0.0   7566528.0 335222.9 15379136.0  497595.8  51200.0 51144.4     74    1.444   0      0.000    1.444
59520.0 61504.0 51200.0  0.0   7566528.0 1714393.4 15379136.0  497595.8  51200.0 51144.4     74    1.444   0      0.000    1.444
59520.0 61504.0 51200.0  0.0   7566528.0 2337790.4 15379136.0  497595.8  51200.0 51144.4     74    1.444   0      0.000    1.444
59520.0 61504.0 51200.0  0.0   7566528.0 3176738.0 15379136.0  497595.8  51200.0 51144.4     74    1.444   0      0.000    1.444
59520.0 61504.0 51200.0  0.0   7566528.0 3851101.3 15379136.0  497595.8  51200.0 51144.4     74    1.444   0      0.000    1.444
59520.0 61504.0 51200.0  0.0   7566528.0 4293019.3 15379136.0  497595.8  51200.0 51144.4     74    1.444   0      0.000    1.444
59520.0 61504.0 51200.0  0.0   7566528.0 4599990.5 15379136.0  497595.8  51200.0 51144.4     74    1.444   0      0.000    1.444
59520.0 61504.0 51200.0  0.0   7566528.0 5076155.9 15379136.0  497595.8  51200.0 51144.4     74    1.444   0      0.000    1.444
59520.0 61504.0 51200.0  0.0   7566528.0 5843125.5 15379136.0  497595.8  51200.0 51144.4     74    1.444   0      0.000    1.444
59520.0 61504.0 51200.0  0.0   7566528.0 6463743.9 15379136.0  497595.8  51200.0 51144.4     74    1.444   0      0.000    1.444
59520.0 61504.0 51200.0  0.0   7566528.0 7472000.8 15379136.0  497595.8  51200.0 51144.4     74    1.444   0      0.000    1.444
64768.0 55936.0  0.0   55905.1 7566528.0 717616.6 15379136.0  504942.5  51200.0 51144.4     75    1.462   0      0.000    1.462
64768.0 55936.0  0.0   55905.1 7566528.0 1186193.8 15379136.0  504942.5  51200.0 51144.4     75    1.462   0      0.000    1.462
64768.0 55936.0  0.0   55905.1 7566528.0 1812589.7 15379136.0  504942.5  51200.0 51144.4     75    1.462   0      0.000    1.462
64768.0 55936.0  0.0   55905.1 7566528.0 2214980.9 15379136.0  504942.5  51200.0 51144.4     75    1.462   0      0.000    1.462
64768.0 55936.0  0.0   55905.1 7566528.0 2925709.8 15379136.0  504942.5  51200.0 51144.4     75    1.462   0      0.000    1.462
64768.0 55936.0  0.0   55905.1 7566528.0 3675274.9 15379136.0  504942.5  51200.0 51144.4     75    1.462   0      0.000    1.462
64768.0 55936.0  0.0   55905.1 7566528.0 4456770.3 15379136.0  504942.5  51200.0 51144.4     75    1.462   0      0.000    1.462
64768.0 55936.0  0.0   55905.1 7566528.0 5147899.8 15379136.0  504942.5  51200.0 51144.4     75    1.462   0      0.000    1.462
64768.0 55936.0  0.0   55905.1 7566528.0 5944175.2 15379136.0  504942.5  51200.0 51144.4     75    1.462   0      0.000    1.462
64768.0 55936.0  0.0   55905.1 7566528.0 7058617.0 15379136.0  504942.5  51200.0 51145.1     75    1.462   0      0.000    1.462
64768.0 65984.0 52359.4  0.0   7557568.0 445947.5 15379136.0  508418.5  51200.0 51145.1     76    1.478   0      0.000    1.478
64768.0 65984.0 52359.4  0.0   7557568.0 1119712.0 15379136.0  508418.5  51200.0 51145.1     76    1.478   0      0.000    1.478
64768.0 65984.0 52359.4  0.0   7557568.0 2380229.0 15379136.0  508418.5  51200.0 51145.1     76    1.478   0      0.000    1.478
64768.0 65984.0 52359.4  0.0   7557568.0 2972473.9 15379136.0  508418.5  51200.0 51145.1     76    1.478   0      0.000    1.478
64768.0 65984.0 52359.4  0.0   7557568.0 3564076.3 15379136.0  508418.5  51200.0 51145.1     76    1.478   0      0.000    1.478
64768.0 65984.0 52359.4  0.0   7557568.0 4039974.9 15379136.0  508418.5  51200.0 51145.1     76    1.478   0      0.000    1.478
64768.0 65984.0 52359.4  0.0   7557568.0 4710477.1 15379136.0  508418.5  51200.0 51145.1     76    1.478   0      0.000    1.478
64768.0 65984.0 52359.4  0.0   7557568.0 5394193.0 15379136.0  508418.5  51200.0 51145.1     76    1.478   0      0.000    1.478
64768.0 65984.0 52359.4  0.0   7557568.0 6414345.5 15379136.0  508418.5  51200.0 51145.1     76    1.478   0      0.000    1.478
64768.0 65984.0 52359.4  0.0   7557568.0 7064799.2 15379136.0  508418.5  51200.0 51146.2     76    1.478   0      0.000    1.478
64768.0 65984.0 52359.4  0.0   7557568.0 7491328.5 15379136.0  508418.5  51200.0 51146.2     76    1.478   0      0.000    1.478
64960.0 65984.0  0.0   47300.6 7557568.0 591481.3 15379136.0  510876.2  51200.0 51146.2     77    1.498   0      0.000    1.498
64960.0 65984.0  0.0   47300.6 7557568.0 1432375.2 15379136.0  510876.2  51200.0 51146.2     77    1.498   0      0.000    1.498
64960.0 65984.0  0.0   47300.6 7557568.0 2356242.3 15379136.0  510876.2  51200.0 51146.2     77    1.498   0      0.000    1.498
64960.0 65984.0  0.0   47300.6 7557568.0 3625671.9 15379136.0  510876.2  51200.0 51146.2     77    1.498   0      0.000    1.498
64960.0 65984.0  0.0   47300.6 7557568.0 4414577.5 15379136.0  510876.2  51200.0 51146.2     77    1.498   0      0.000    1.498
64960.0 65984.0  0.0   47300.6 7557568.0 5749503.4 15379136.0  510876.2  51200.0 51146.2     77    1.498   0      0.000    1.498
64960.0 65984.0  0.0   47300.6 7557568.0 6895311.5 15379136.0  510876.2  51200.0 51146.2     77    1.498   0      0.000    1.498
64960.0 63360.0 41937.2  0.0   7561216.0 512272.0 15379136.0  520671.2  51200.0 51146.2     78    1.515   0      0.000    1.515
64960.0 63360.0 41937.2  0.0   7561216.0 1387192.5 15379136.0  520671.2  51200.0 51146.2     78    1.515   0      0.000    1.515
64960.0 63360.0 41937.2  0.0   7561216.0 2190047.1 15379136.0  520671.2  51200.0 51146.2     78    1.515   0      0.000    1.515
64960.0 63360.0 41937.2  0.0   7561216.0 3402239.4 15379136.0  520671.2  51200.0 51146.2     78    1.515   0      0.000    1.515
64960.0 63360.0 41937.2  0.0   7561216.0 4901824.9 15379136.0  520671.2  51200.0 51146.2     78    1.515   0      0.000    1.515
64960.0 63360.0 41937.2  0.0   7561216.0 6045248.5 15379136.0  520671.2  51200.0 51146.2     78    1.515   0      0.000    1.515
64960.0 63360.0 41937.2  0.0   7561216.0 6934927.6 15379136.0  520671.2  51200.0 51146.2     78    1.515   0      0.000    1.515
63616.0 63360.0  0.0   31398.6 7561216.0 455873.1 15379136.0  523729.9  51200.0 51146.2     79    1.525   0      0.000    1.525
63616.0 63360.0  0.0   31398.6 7561216.0 485448.5 15379136.0  523729.9  51200.0 51146.2     79    1.525   0      0.000    1.525
63616.0 63360.0  0.0   31398.6 7561216.0 1425347.9 15379136.0  523729.9  51200.0 51146.2     79    1.525   0      0.000    1.525
63616.0 63360.0  0.0   31398.6 7561216.0 2388174.3 15379136.0  523729.9  51200.0 51146.2     79    1.525   0      0.000    1.525
63616.0 63360.0  0.0   31398.6 7561216.0 3207571.5 15379136.0  523729.9  51200.0 51146.2     79    1.525   0      0.000    1.525
63616.0 63360.0  0.0   31398.6 7561216.0 3895928.8 15379136.0  523729.9  51200.0 51146.2     79    1.525   0      0.000    1.525
63616.0 63360.0  0.0   31398.6 7561216.0 4572315.5 15379136.0  523729.9  51200.0 51146.2     79    1.525   0      0.000    1.525
63616.0 63360.0  0.0   31398.6 7561216.0 5583469.5 15379136.0  523729.9  51200.0 51146.2     79    1.525   0      0.000    1.525
63616.0 63360.0  0.0   31398.6 7561216.0 6239623.4 15379136.0  523729.9  51200.0 51146.5     79    1.525   0      0.000    1.525
63616.0 63360.0  0.0   31398.6 7561216.0 6576863.2 15379136.0  523729.9  51200.0 51146.5     79    1.525   0      0.000    1.525
63616.0 63360.0  0.0   31398.6 7561216.0 6953465.7 15379136.0  523729.9  51200.0 51146.5     79    1.525   0      0.000    1.525
63616.0 63360.0 32200.4  0.0   7562560.0 152624.2 15379136.0  524945.1  51200.0 51146.5     80    1.536   0      0.000    1.536
63616.0 63360.0 32200.4  0.0   7562560.0 875333.7 15379136.0  524945.1  51200.0 51146.5     80    1.536   0      0.000    1.536
63616.0 63360.0 32200.4  0.0   7562560.0 1483461.6 15379136.0  524945.1  51200.0 51146.5     80    1.536   0      0.000    1.536
63616.0 63360.0 32200.4  0.0   7562560.0 1967467.0 15379136.0  524945.1  51200.0 51146.5     80    1.536   0      0.000    1.536
63616.0 63360.0 32200.4  0.0   7562560.0 2650153.5 15379136.0  524945.1  51200.0 51146.5     80    1.536   0      0.000    1.536
63616.0 63360.0 32200.4  0.0   7562560.0 3110659.1 15379136.0  524945.1  51200.0 51146.5     80    1.536   0      0.000    1.536
63616.0 63360.0 32200.4  0.0   7562560.0 3322647.7 15379136.0  524945.1  51200.0 51146.5     80    1.536   0      0.000    1.536
63616.0 63360.0 32200.4  0.0   7562560.0 3502471.2 15379136.0  524945.1  51200.0 51146.5     80    1.536   0      0.000    1.536
63616.0 63360.0 32200.4  0.0   7562560.0 3649056.1 15379136.0  524945.1  51200.0 51146.5     80    1.536   0      0.000    1.536
63616.0 63360.0 32200.4  0.0   7562560.0 3780266.6 15379136.0  524945.1  51200.0 51146.5     80    1.536   0      0.000    1.536
63616.0 63360.0 32200.4  0.0   7562560.0 3990884.6 15379136.0  524945.1  51200.0 51146.5     80    1.536   0      0.000    1.536
63616.0 63360.0 32200.4  0.0   7562560.0 4277246.1 15379136.0  524945.1  51200.0 51146.5     80    1.536   0      0.000    1.536
63616.0 63360.0 32200.4  0.0   7562560.0 4477757.0 15379136.0  524945.1  51200.0 51146.5     80    1.536   0      0.000    1.536
63616.0 63360.0 32200.4  0.0   7562560.0 4582350.8 15379136.0  524945.1  51200.0 51146.5     80    1.536   0      0.000    1.536
63616.0 63360.0 32200.4  0.0   7562560.0 4793323.8 15379136.0  524945.1  51200.0 51146.5     80    1.536   0      0.000    1.536
63616.0 63360.0 32200.4  0.0   7562560.0 4980827.2 15379136.0  524945.1  51200.0 51146.5     80    1.536   0      0.000    1.536
63616.0 63360.0 32200.4  0.0   7562560.0 5043189.1 15379136.0  524945.1  51200.0 51146.5     80    1.536   0      0.000    1.536
63616.0 63360.0 32200.4  0.0   7562560.0 5206359.9 15379136.0  524945.1  51200.0 51146.5     80    1.536   0      0.000    1.536
63616.0 63360.0 32200.4  0.0   7562560.0 5308134.2 15379136.0  524945.1  51200.0 51146.5     80    1.536   0      0.000    1.536
63616.0 63360.0 32200.4  0.0   7562560.0 5692784.2 15379136.0  524945.1  51200.0 51146.5     80    1.536   0      0.000    1.536
63616.0 63360.0 32200.4  0.0   7562560.0 5730252.2 15379136.0  524945.1  51200.0 51146.5     80    1.536   0      0.000    1.536
63616.0 63360.0 32200.4  0.0   7562560.0 5831403.5 15379136.0  524945.1  51200.0 51146.5     80    1.536   0      0.000    1.536
63616.0 63360.0 32200.4  0.0   7562560.0 6025922.8 15379136.0  524945.1  51200.0 51146.5     80    1.536   0      0.000    1.536
63616.0 63360.0 32200.4  0.0   7562560.0 6203636.5 15379136.0  524945.1  51200.0 51146.5     80    1.536   0      0.000    1.536
63616.0 63360.0 32200.4  0.0   7562560.0 6313784.0 15379136.0  524945.1  51200.0 51146.5     80    1.536   0      0.000    1.536
63616.0 63360.0 32200.4  0.0   7562560.0 6548454.4 15379136.0  524945.1  51200.0 51146.5     80    1.536   0      0.000    1.536
63616.0 63360.0 32200.4  0.0   7562560.0 6741975.5 15379136.0  524945.1  51200.0 51146.5     80    1.536   0      0.000    1.536
63616.0 63360.0 32200.4  0.0   7562560.0 6907333.5 15379136.0  524945.1  51200.0 51146.5     80    1.536   0      0.000    1.536
63616.0 63360.0 32200.4  0.0   7562560.0 7063539.0 15379136.0  524945.1  51200.0 51146.5     80    1.536   0      0.000    1.536
63616.0 63360.0 32200.4  0.0   7562560.0 7250588.3 15379136.0  524945.1  51200.0 51146.5     80    1.536   0      0.000    1.536
64704.0 21312.0  0.0   21292.6 7562560.0 44481.9  15379136.0  525232.6  51200.0 51146.5     81    1.543   0      0.000    1.543
64704.0 21312.0  0.0   21292.6 7562560.0 160535.3 15379136.0  525232.6  51200.0 51146.5     81    1.543   0      0.000    1.543
64704.0 21312.0  0.0   21292.6 7562560.0 361271.6 15379136.0  525232.6  51200.0 51146.5     81    1.543   0      0.000    1.543
64704.0 21312.0  0.0   21292.6 7562560.0 457541.4 15379136.0  525232.6  51200.0 51146.5     81    1.543   0      0.000    1.543
64704.0 21312.0  0.0   21292.6 7562560.0 555931.6 15379136.0  525232.6  51200.0 51146.5     81    1.543   0      0.000    1.543
64704.0 21312.0  0.0   21292.6 7562560.0 667015.1 15379136.0  525232.6  51200.0 51146.5     81    1.543   0      0.000    1.543
64704.0 21312.0  0.0   21292.6 7562560.0 820635.3 15379136.0  525232.6  51200.0 51146.5     81    1.543   0      0.000    1.543
64704.0 21312.0  0.0   21292.6 7562560.0 961664.7 15379136.0  525232.6  51200.0 51146.5     81    1.543   0      0.000    1.543
64704.0 21312.0  0.0   21292.6 7562560.0 1102464.3 15379136.0  525232.6  51200.0 51146.5     81    1.543   0      0.000    1.543
64704.0 21312.0  0.0   21292.6 7562560.0 1320695.5 15379136.0  525232.6  51200.0 51146.5     81    1.543   0      0.000    1.543
64704.0 21312.0  0.0   21292.6 7562560.0 1440032.0 15379136.0  525232.6  51200.0 51146.5     81    1.543   0      0.000    1.543
64704.0 21312.0  0.0   21292.6 7562560.0 1572191.7 15379136.0  525232.6  51200.0 51146.5     81    1.543   0      0.000    1.543
64704.0 21312.0  0.0   21292.6 7562560.0 1772320.4 15379136.0  525232.6  51200.0 51146.5     81    1.543   0      0.000    1.543
64704.0 21312.0  0.0   21292.6 7562560.0 1968818.3 15379136.0  525232.6  51200.0 51146.5     81    1.543   0      0.000    1.543
64704.0 21312.0  0.0   21292.6 7562560.0 2100474.6 15379136.0  525232.6  51200.0 51146.5     81    1.543   0      0.000    1.543
64704.0 21312.0  0.0   21292.6 7562560.0 2241614.3 15379136.0  525232.6  51200.0 51146.5     81    1.543   0      0.000    1.543
64704.0 21312.0  0.0   21292.6 7562560.0 2438800.5 15379136.0  525232.6  51200.0 51146.5     81    1.543   0      0.000    1.543
64704.0 21312.0  0.0   21292.6 7562560.0 2505637.3 15379136.0  525232.6  51200.0 51146.5     81    1.543   0      0.000    1.543
64704.0 21312.0  0.0   21292.6 7562560.0 2530349.5 15379136.0  525232.6  51200.0 51146.5     81    1.543   0      0.000    1.543
64704.0 21312.0  0.0   21292.6 7562560.0 2567520.4 15379136.0  525232.6  51200.0 51146.5     81    1.543   0      0.000    1.543
64704.0 21312.0  0.0   21292.6 7562560.0 2580345.5 15379136.0  525232.6  51200.0 51146.5     81    1.543   0      0.000    1.543
64704.0 21312.0  0.0   21292.6 7562560.0 2605042.0 15379136.0  525232.6  51200.0 51146.5     81    1.543   0      0.000    1.543
64704.0 21312.0  0.0   21292.6 7562560.0 2617326.1 15379136.0  525232.6  51200.0 51146.5     81    1.543   0      0.000    1.543
64704.0 21312.0  0.0   21292.6 7562560.0 2650234.5 15379136.0  525232.6  51200.0 51146.5     81    1.543   0      0.000    1.543
64704.0 21312.0  0.0   21292.6 7562560.0 2724168.4 15379136.0  525232.6  51200.0 51146.5     81    1.543   0      0.000    1.543
64704.0 21312.0  0.0   21292.6 7562560.0 2773363.3 15379136.0  525232.6  51200.0 51146.5     81    1.543   0      0.000    1.543
64704.0 21312.0  0.0   21292.6 7562560.0 2810194.5 15379136.0  525232.6  51200.0 51146.5     81    1.543   0      0.000    1.543
64704.0 21312.0  0.0   21292.6 7562560.0 2834706.0 15379136.0  525232.6  51200.0 51146.5     81    1.543   0      0.000    1.543
64704.0 21312.0  0.0   21292.6 7562560.0 2920848.6 15379136.0  525232.6  51200.0 51146.5     81    1.543   0      0.000    1.543
64704.0 21312.0  0.0   21292.6 7562560.0 2994606.1 15379136.0  525232.6  51200.0 51146.5     81    1.543   0      0.000    1.543
64704.0 21312.0  0.0   21292.6 7562560.0 3080706.3 15379136.0  525232.6  51200.0 51146.5     81    1.543   0      0.000    1.543
64704.0 21312.0  0.0   21292.6 7562560.0 3081504.4 15379136.0  525232.6  51200.0 51146.5     81    1.543   0      0.000    1.543
64704.0 21312.0  0.0   21292.6 7562560.0 3081708.4 15379136.0  525232.6  51200.0 51146.5     81    1.543   0      0.000    1.543
64704.0 21312.0  0.0   21292.6 7562560.0 3081727.0 15379136.0  525232.6  51200.0 51146.5     81    1.543   0      0.000    1.543
64704.0 21312.0  0.0   21292.6 7562560.0 3081773.1 15379136.0  525232.6  51200.0 51146.5     81    1.543   0      0.000    1.543
64704.0 21312.0  0.0   21292.6 7562560.0 3081791.9 15379136.0  525232.6  51200.0 51146.5     81    1.543   0      0.000    1.543
64704.0 21312.0  0.0   21292.6 7562560.0 3081813.1 15379136.0  525232.6  51200.0 51146.5     81    1.543   0      0.000    1.543
64704.0 21312.0  0.0   21292.6 7562560.0 3081831.8 15379136.0  525232.6  51200.0 51146.5     81    1.543   0      0.000    1.543
64704.0 21312.0  0.0   21292.6 7562560.0 3081853.0 15379136.0  525232.6  51200.0 51146.5     81    1.543   0      0.000    1.543
64704.0 21312.0  0.0   21292.6 7562560.0 3081896.8 15379136.0  525232.6  51200.0 51146.5     81    1.543   0      0.000    1.543
64704.0 21312.0  0.0   21292.6 7562560.0 3081917.6 15379136.0  525232.6  51200.0 51146.5     81    1.543   0      0.000    1.543
64704.0 21312.0  0.0   21292.6 7562560.0 3132618.5 15379136.0  525232.6  51200.0 51146.5     81    1.543   0      0.000    1.543
64704.0 21312.0  0.0   21292.6 7562560.0 3132637.1 15379136.0  525232.6  51200.0 51146.5     81    1.543   0      0.000    1.543
64704.0 21312.0  0.0   21292.6 7562560.0 3132658.2 15379136.0  525232.6  51200.0 51146.5     81    1.543   0      0.000    1.543
64704.0 21312.0  0.0   21292.6 7562560.0 3132704.8 15379136.0  525232.6  51200.0 51146.5     81    1.543   0      0.000    1.543
64704.0 21312.0  0.0   21292.6 7562560.0 3132723.4 15379136.0  525232.6  51200.0 51146.5     81    1.543   0      0.000    1.543
64704.0 21312.0  0.0   21292.6 7562560.0 3132742.1 15379136.0  525232.6  51200.0 51146.5     81    1.543   0      0.000    1.543
64704.0 21312.0  0.0   21292.6 7562560.0 3132763.2 15379136.0  525232.6  51200.0 51146.5     81    1.543   0      0.000    1.543
64704.0 21312.0  0.0   21292.6 7562560.0 3132786.4 15379136.0  525232.6  51200.0 51146.5     81    1.543   0      0.000    1.543
64704.0 21312.0  0.0   21292.6 7562560.0 3132827.4 15379136.0  525232.6  51200.0 51146.5     81    1.543   0      0.000    1.543
64704.0 21312.0  0.0   21292.6 7562560.0 3132846.1 15379136.0  525232.6  51200.0 51146.5     81    1.543   0      0.000    1.543
64704.0 21312.0  0.0   21292.6 7562560.0 3132867.3 15379136.0  525232.6  51200.0 51146.5     81    1.543   0      0.000    1.543
64704.0 21312.0  0.0   21292.6 7562560.0 3132886.1 15379136.0  525232.6  51200.0 51146.5     81    1.543   0      0.000    1.543
64704.0 21312.0  0.0   21292.6 7562560.0 3132904.8 15379136.0  525232.6  51200.0 51146.5     81    1.543   0      0.000    1.543
64704.0 21312.0  0.0   21292.6 7562560.0 3132949.5 15379136.0  525232.6  51200.0 51146.5     81    1.543   0      0.000    1.543
64704.0 21312.0  0.0   21292.6 7562560.0 3132971.9 15379136.0  525232.6  51200.0 51146.5     81    1.543   0      0.000    1.543
64704.0 21312.0  0.0   21292.6 7562560.0 3132989.0 15379136.0  525232.6  51200.0 51146.5     81    1.543   0      0.000    1.543
64704.0 21312.0  0.0   21292.6 7562560.0 3133010.0 15379136.0  525232.6  51200.0 51146.5     81    1.543   0      0.000    1.543
64704.0 21312.0  0.0   21292.6 7562560.0 3133031.2 15379136.0  525232.6  51200.0 51146.5     81    1.543   0      0.000    1.543
64704.0 21312.0  0.0   21292.6 7562560.0 3133074.2 15379136.0  525232.6  51200.0 51146.5     81    1.543   0      0.000    1.543
64704.0 21312.0  0.0   21292.6 7562560.0 3133093.0 15379136.0  525232.6  51200.0 51146.5     81    1.543   0      0.000    1.543
64704.0 21312.0  0.0   21292.6 7562560.0 3133114.3 15379136.0  525232.6  51200.0 51146.5     81    1.543   0      0.000    1.543
64704.0 21312.0  0.0   21292.6 7562560.0 3837567.7 15379136.0  525232.6  51392.0 51301.9     81    1.543   0      0.000    1.543
