 S0C    S1C    S0U    S1U      EC       EU        OC         OU       PC     PU    YGC     YGCT    FGC    FGCT     GCT   
961152.0 961152.0  0.0    0.0   5767232.0 115344.7 15379136.0    0.0     21248.0 3156.3      0    0.000   0      0.000    0.000
961152.0 961152.0  0.0    0.0   5767232.0 115344.7 15379136.0    0.0     21248.0 12499.8      0    0.000   0      0.000    0.000
961152.0 961152.0  0.0    0.0   5767232.0 692197.4 15379136.0    0.0     21824.0 21659.5      0    0.000   0      0.000    0.000
961152.0 961152.0  0.0    0.0   5767232.0 3922140.2 15379136.0    0.0     34112.0 33985.5      0    0.000   0      0.000    0.000
961152.0 961152.0  0.0    0.0   5767232.0 5421941.2 15379136.0    0.0     37376.0 37328.9      0    0.000   0      0.000    0.000
961152.0 961152.0  0.0   134993.9 5767232.0 1007576.3 15379136.0    0.0     48512.0 48333.0      1    0.075   0      0.000    0.075
961152.0 961152.0  0.0   134993.9 5767232.0 4858655.5 15379136.0    0.0     50432.0 50342.4      1    0.075   0      0.000    0.075
961152.0 961152.0 130770.9  0.0   5767232.0 4289356.1 15379136.0    0.0     50624.0 50487.6      2    0.113   0      0.000    0.113
961152.0 961152.0  0.0   134460.0 5767232.0 3604450.9 15379136.0    0.0     50624.0 50523.0      3    0.156   0      0.000    0.156
961152.0 961152.0 137484.8  0.0   5767232.0 2984229.9 15379136.0    0.0     50624.0 50527.5      4    0.204   0      0.000    0.204
140800.0 961152.0  0.0   138244.8 5767232.0 2200466.7 15379136.0    0.0     50624.0 50529.2      5    0.255   0      0.000    0.255
140800.0 140096.0 135570.2  0.0   7408640.0 1459544.8 15379136.0    0.0     50624.0 50530.7      6    0.302   0      0.000    0.302
140800.0 140096.0 135570.2  0.0   7408640.0 6733715.3 15379136.0    0.0     50624.0 50616.4      6    0.302   0      0.000    0.302
162624.0 30592.0  0.0   30553.4 7408640.0 4351347.5 15379136.0  106656.1  51008.0 50872.5      7    0.363   0      0.000    0.363
162624.0 174400.0 35148.3  0.0   7340736.0 709312.1 15379136.0  106845.9  51008.0 50903.9      8    0.386   0      0.000    0.386
162624.0 174400.0 35148.3  0.0   7340736.0 4834473.1 15379136.0  106845.9  51008.0 50949.6      8    0.386   0      0.000    0.386
174208.0 174400.0  0.0   72824.7 7340736.0 876241.5 15379136.0  106893.9  51008.0 50950.2      9    0.419   0      0.000    0.419
174208.0 174400.0  0.0   72824.7 7340736.0 4497280.7 15379136.0  106893.9  51008.0 50957.1      9    0.419   0      0.000    0.419
174208.0 174400.0  0.0   72824.7 7340736.0 7011738.8 15379136.0  106893.9  51008.0 50970.8      9    0.419   0      0.000    0.419
174208.0 172544.0 75936.2  0.0   7342784.0 1987069.8 15379136.0  108951.4  51008.0 50974.0     10    0.452   0      0.000    0.452
174208.0 172544.0 75936.2  0.0   7342784.0 4503632.9 15379136.0  108951.4  51008.0 50975.2     10    0.452   0      0.000    0.452
174208.0 172544.0 75936.2  0.0   7342784.0 6308132.7 15379136.0  108951.4  51200.0 51014.5     10    0.452   0      0.000    0.452
172736.0 172544.0  0.0   61363.0 7342784.0 1170962.3 15379136.0  123821.0  51200.0 51014.9     11    0.484   0      0.000    0.484
172736.0 172544.0  0.0   61363.0 7342784.0 3519171.2 15379136.0  123821.0  51200.0 51015.2     11    0.484   0      0.000    0.484
172736.0 172544.0  0.0   61363.0 7342784.0 4868069.5 15379136.0  123821.0  51200.0 51015.8     11    0.484   0      0.000    0.484
172736.0 172544.0  0.0   61363.0 7342784.0 5679153.3 15379136.0  123821.0  51200.0 51016.3     11    0.484   0      0.000    0.484
172736.0 172544.0  0.0   61363.0 7342784.0 7324217.4 15379136.0  123821.0  51200.0 51018.3     11    0.484   0      0.000    0.484
172736.0 171840.0 61090.0  0.0   7344960.0 2132274.3 15379136.0  125470.2  51200.0 51020.3     12    0.508   0      0.000    0.508
172736.0 171840.0 61090.0  0.0   7344960.0 4257496.2 15379136.0  125470.2  51200.0 51021.2     12    0.508   0      0.000    0.508
172736.0 171840.0 61090.0  0.0   7344960.0 5933779.4 15379136.0  125470.2  51200.0 51023.7     12    0.508   0      0.000    0.508
172736.0 171840.0 61090.0  0.0   7344960.0 6847624.4 15379136.0  125470.2  51200.0 51023.7     12    0.508   0      0.000    0.508
169088.0 171840.0  0.0   66202.5 7344960.0 535584.8 15379136.0  126158.3  51200.0 51023.7     13    0.537   0      0.000    0.537
169088.0 171840.0  0.0   66202.5 7344960.0 1240845.0 15379136.0  126158.3  51200.0 51023.7     13    0.537   0      0.000    0.537
169088.0 171840.0  0.0   66202.5 7344960.0 2174573.7 15379136.0  126158.3  51200.0 51023.7     13    0.537   0      0.000    0.537
169088.0 171840.0  0.0   66202.5 7344960.0 3126943.7 15379136.0  126158.3  51200.0 51023.7     13    0.537   0      0.000    0.537
169088.0 171840.0  0.0   66202.5 7344960.0 3794840.3 15379136.0  126158.3  51200.0 51023.7     13    0.537   0      0.000    0.537
169088.0 171840.0  0.0   66202.5 7344960.0 4668199.6 15379136.0  126158.3  51200.0 51023.7     13    0.537   0      0.000    0.537
169088.0 171840.0  0.0   66202.5 7344960.0 5470775.9 15379136.0  126158.3  51200.0 51023.9     13    0.537   0      0.000    0.537
169088.0 171840.0  0.0   66202.5 7344960.0 6131004.2 15379136.0  126158.3  51200.0 51024.0     13    0.537   0      0.000    0.537
169088.0 171840.0  0.0   66202.5 7344960.0 7189588.3 15379136.0  126158.3  51200.0 51024.6     13    0.537   0      0.000    0.537
169088.0 165824.0 66224.7  0.0   7354624.0 843919.7 15379136.0  128581.6  51200.0 51024.9     14    0.566   0      0.000    0.566
169088.0 165824.0 66224.7  0.0   7354624.0 1696803.0 15379136.0  128581.6  51200.0 51028.9     14    0.566   0      0.000    0.566
169088.0 165824.0 66224.7  0.0   7354624.0 2804238.9 15379136.0  128581.6  51200.0 51029.4     14    0.566   0      0.000    0.566
169088.0 165824.0 66224.7  0.0   7354624.0 3611262.1 15379136.0  128581.6  51200.0 51036.3     14    0.566   0      0.000    0.566
169088.0 165824.0 66224.7  0.0   7354624.0 5198646.7 15379136.0  128581.6  51200.0 51039.7     14    0.566   0      0.000    0.566
162304.0 165824.0  0.0   65834.8 7354624.0 598205.8 15379136.0  131118.3  51200.0 51040.7     15    0.594   0      0.000    0.594
162304.0 165824.0  0.0   65834.8 7354624.0 1895076.6 15379136.0  131118.3  51200.0 51040.7     15    0.594   0      0.000    0.594
162304.0 165824.0  0.0   65834.8 7354624.0 4155773.9 15379136.0  131118.3  51200.0 51041.7     15    0.594   0      0.000    0.594
162304.0 165824.0  0.0   65834.8 7354624.0 7007717.9 15379136.0  131118.3  51200.0 51042.1     15    0.594   0      0.000    0.594
162304.0 160768.0 52162.4  0.0   7366464.0 1459334.2 15379136.0  142551.5  51200.0 51042.3     16    0.618   0      0.000    0.618
162304.0 160768.0 52162.4  0.0   7366464.0 3339439.1 15379136.0  142551.5  51200.0 51051.4     16    0.618   0      0.000    0.618
162304.0 160768.0 52162.4  0.0   7366464.0 5438257.5 15379136.0  142551.5  51200.0 51051.8     16    0.618   0      0.000    0.618
157568.0 160768.0  0.0   57425.4 7366464.0 397007.9 15379136.0  144213.9  51200.0 51055.7     17    0.641   0      0.000    0.641
157568.0 160768.0  0.0   57425.4 7366464.0 2043833.3 15379136.0  144213.9  51200.0 51057.2     17    0.641   0      0.000    0.641
157568.0 160768.0  0.0   57425.4 7366464.0 3268075.6 15379136.0  144213.9  51200.0 51065.2     17    0.641   0      0.000    0.641
157568.0 160768.0  0.0   57425.4 7366464.0 4603612.8 15379136.0  144213.9  51200.0 51067.4     17    0.641   0      0.000    0.641
157568.0 160768.0  0.0   57425.4 7366464.0 5614800.2 15379136.0  144213.9  51200.0 51067.6     17    0.641   0      0.000    0.641
157568.0 160768.0  0.0   57425.4 7366464.0 6907494.3 15379136.0  144213.9  51200.0 51069.0     17    0.641   0      0.000    0.641
157568.0 152256.0 67618.6  0.0   7379712.0 826993.6 15379136.0  144994.4  51200.0 51069.2     18    0.671   0      0.000    0.671
157568.0 152256.0 67618.6  0.0   7379712.0 2048622.1 15379136.0  144994.4  51200.0 51069.6     18    0.671   0      0.000    0.671
157568.0 152256.0 67618.6  0.0   7379712.0 3160756.3 15379136.0  144994.4  51200.0 51071.2     18    0.671   0      0.000    0.671
157568.0 152256.0 67618.6  0.0   7379712.0 5546690.2 15379136.0  144994.4  51200.0 51071.8     18    0.671   0      0.000    0.671
147456.0 152256.0  0.0   65210.5 7379712.0 462108.2 15379136.0  159904.7  51200.0 51073.9     19    0.708   0      0.000    0.708
147456.0 152256.0  0.0   65210.5 7379712.0 2561415.9 15379136.0  159904.7  51200.0 51074.3     19    0.708   0      0.000    0.708
147456.0 152256.0  0.0   65210.5 7379712.0 3907560.0 15379136.0  159904.7  51200.0 51080.2     19    0.708   0      0.000    0.708
147456.0 152256.0  0.0   65210.5 7379712.0 4779936.3 15379136.0  159904.7  51200.0 51080.2     19    0.708   0      0.000    0.708
147456.0 152256.0  0.0   65210.5 7379712.0 5661651.0 15379136.0  159904.7  51200.0 51080.2     19    0.708   0      0.000    0.708
147456.0 152256.0  0.0   65210.5 7379712.0 6683195.3 15379136.0  159904.7  51200.0 51080.2     19    0.708   0      0.000    0.708
147456.0 143680.0 59913.8  0.0   7398400.0 603568.2 15379136.0  172663.8  51200.0 51080.9     20    0.736   0      0.000    0.736
147456.0 143680.0 59913.8  0.0   7398400.0 1826916.4 15379136.0  172663.8  51200.0 51080.9     20    0.736   0      0.000    0.736
147456.0 143680.0 59913.8  0.0   7398400.0 2761538.3 15379136.0  172663.8  51200.0 51082.2     20    0.736   0      0.000    0.736
147456.0 143680.0 59913.8  0.0   7398400.0 3740589.4 15379136.0  172663.8  51200.0 51083.1     20    0.736   0      0.000    0.736
147456.0 143680.0 59913.8  0.0   7398400.0 4512047.3 15379136.0  172663.8  51200.0 51083.6     20    0.736   0      0.000    0.736
147456.0 143680.0 59913.8  0.0   7398400.0 5575057.3 15379136.0  172663.8  51200.0 51083.6     20    0.736   0      0.000    0.736
147456.0 143680.0 59913.8  0.0   7398400.0 6558022.7 15379136.0  172663.8  51200.0 51084.2     20    0.736   0      0.000    0.736
139328.0 143680.0  0.0   62534.8 7398400.0 394817.9 15379136.0  175181.4  51200.0 51084.2     21    0.766   0      0.000    0.766
139328.0 143680.0  0.0   62534.8 7398400.0 1389110.5 15379136.0  175181.4  51200.0 51084.2     21    0.766   0      0.000    0.766
139328.0 143680.0  0.0   62534.8 7398400.0 2434011.4 15379136.0  175181.4  51200.0 51084.2     21    0.766   0      0.000    0.766
139328.0 143680.0  0.0   62534.8 7398400.0 3311551.5 15379136.0  175181.4  51200.0 51084.3     21    0.766   0      0.000    0.766
139328.0 143680.0  0.0   62534.8 7398400.0 4447192.1 15379136.0  175181.4  51200.0 51084.3     21    0.766   0      0.000    0.766
139328.0 143680.0  0.0   62534.8 7398400.0 5299421.7 15379136.0  175181.4  51200.0 51084.3     21    0.766   0      0.000    0.766
139328.0 143680.0  0.0   62534.8 7398400.0 6128072.8 15379136.0  175181.4  51200.0 51084.3     21    0.766   0      0.000    0.766
139328.0 134400.0 66655.3  0.0   7415808.0 31814.5  15379136.0  180086.1  51200.0 51084.3     22    0.790   0      0.000    0.790
139328.0 134400.0 66655.3  0.0   7415808.0 1398245.8 15379136.0  180086.1  51200.0 51084.3     22    0.790   0      0.000    0.790
139328.0 134400.0 66655.3  0.0   7415808.0 2639728.8 15379136.0  180086.1  51200.0 51084.3     22    0.790   0      0.000    0.790
139328.0 134400.0 66655.3  0.0   7415808.0 3892174.5 15379136.0  180086.1  51200.0 51084.3     22    0.790   0      0.000    0.790
139328.0 134400.0 66655.3  0.0   7415808.0 4783739.8 15379136.0  180086.1  51200.0 51084.6     22    0.790   0      0.000    0.790
139328.0 134400.0 66655.3  0.0   7415808.0 5612502.2 15379136.0  180086.1  51200.0 51084.8     22    0.790   0      0.000    0.790
139328.0 134400.0 66655.3  0.0   7415808.0 6111548.3 15379136.0  180086.1  51200.0 51085.5     22    0.790   0      0.000    0.790
139328.0 134400.0 66655.3  0.0   7415808.0 7173572.9 15379136.0  180086.1  51200.0 51085.5     22    0.790   0      0.000    0.790
131328.0 134400.0  0.0   56688.9 7415808.0 787615.2 15379136.0  184285.3  51200.0 51085.5     23    0.819   0      0.000    0.819
131328.0 134400.0  0.0   56688.9 7415808.0 1497384.8 15379136.0  184285.3  51200.0 51085.5     23    0.819   0      0.000    0.819
131328.0 134400.0  0.0   56688.9 7415808.0 2453787.8 15379136.0  184285.3  51200.0 51085.6     23    0.819   0      0.000    0.819
131328.0 134400.0  0.0   56688.9 7415808.0 3548927.3 15379136.0  184285.3  51200.0 51085.7     23    0.819   0      0.000    0.819
131328.0 134400.0  0.0   56688.9 7415808.0 4063195.9 15379136.0  184285.3  51200.0 51085.8     23    0.819   0      0.000    0.819
131328.0 134400.0  0.0   56688.9 7415808.0 4967916.3 15379136.0  184285.3  51200.0 51085.8     23    0.819   0      0.000    0.819
131328.0 134400.0  0.0   56688.9 7415808.0 5603478.6 15379136.0  184285.3  51200.0 51085.8     23    0.819   0      0.000    0.819
131328.0 134400.0  0.0   56688.9 7415808.0 6376515.2 15379136.0  184285.3  51200.0 51085.8     23    0.819   0      0.000    0.819
131328.0 134400.0  0.0   56688.9 7415808.0 7025033.7 15379136.0  184285.3  51200.0 51086.0     23    0.819   0      0.000    0.819
131328.0 126720.0 75853.7  0.0   7431488.0 619748.1 15379136.0  184627.0  51200.0 51086.2     24    0.850   0      0.000    0.850
131328.0 126720.0 75853.7  0.0   7431488.0 1795257.1 15379136.0  184627.0  51200.0 51086.4     24    0.850   0      0.000    0.850
131328.0 126720.0 75853.7  0.0   7431488.0 2590128.0 15379136.0  184627.0  51200.0 51086.4     24    0.850   0      0.000    0.850
131328.0 126720.0 75853.7  0.0   7431488.0 3616080.8 15379136.0  184627.0  51200.0 51088.9     24    0.850   0      0.000    0.850
131328.0 126720.0 75853.7  0.0   7431488.0 4570290.8 15379136.0  184627.0  51200.0 51090.2     24    0.850   0      0.000    0.850
131328.0 126720.0 75853.7  0.0   7431488.0 5112461.0 15379136.0  184627.0  51200.0 51090.5     24    0.850   0      0.000    0.850
131328.0 126720.0 75853.7  0.0   7431488.0 5792823.7 15379136.0  184627.0  51200.0 51090.5     24    0.850   0      0.000    0.850
131328.0 126720.0 75853.7  0.0   7431488.0 6833205.5 15379136.0  184627.0  51200.0 51090.5     24    0.850   0      0.000    0.850
123520.0 126720.0  0.0   60071.8 7431488.0 191029.6 15379136.0  199817.6  51200.0 51090.5     25    0.884   0      0.000    0.884
123520.0 126720.0  0.0   60071.8 7431488.0 1367516.9 15379136.0  199817.6  51200.0 51091.1     25    0.884   0      0.000    0.884
123520.0 126720.0  0.0   60071.8 7431488.0 2000984.0 15379136.0  199817.6  51200.0 51091.1     25    0.884   0      0.000    0.884
123520.0 126720.0  0.0   60071.8 7431488.0 2790638.1 15379136.0  199817.6  51200.0 51091.1     25    0.884   0      0.000    0.884
123520.0 126720.0  0.0   60071.8 7431488.0 3296281.4 15379136.0  199817.6  51200.0 51091.5     25    0.884   0      0.000    0.884
123520.0 126720.0  0.0   60071.8 7431488.0 3900231.2 15379136.0  199817.6  51200.0 51091.5     25    0.884   0      0.000    0.884
123520.0 126720.0  0.0   60071.8 7431488.0 4091467.1 15379136.0  199817.6  51200.0 51091.7     25    0.884   0      0.000    0.884
123520.0 126720.0  0.0   60071.8 7431488.0 4559181.0 15379136.0  199817.6  51200.0 51092.8     25    0.884   0      0.000    0.884
123520.0 126720.0  0.0   60071.8 7431488.0 5076935.9 15379136.0  199817.6  51200.0 51093.3     25    0.884   0      0.000    0.884
123520.0 126720.0  0.0   60071.8 7431488.0 5882731.4 15379136.0  199817.6  51200.0 51096.2     25    0.884   0      0.000    0.884
123520.0 126720.0  0.0   60071.8 7431488.0 6598479.2 15379136.0  199817.6  51200.0 51096.4     25    0.884   0      0.000    0.884
123520.0 126720.0  0.0   60071.8 7431488.0 6860074.6 15379136.0  199817.6  51200.0 51098.8     25    0.884   0      0.000    0.884
123520.0 126720.0  0.0   60071.8 7431488.0 7278733.4 15379136.0  199817.6  51200.0 51098.8     25    0.884   0      0.000    0.884
123520.0 118784.0 68938.5  0.0   7447232.0 675527.1 15379136.0  202333.3  51200.0 51098.9     26    0.911   0      0.000    0.911
123520.0 118784.0 68938.5  0.0   7447232.0 1279953.9 15379136.0  202333.3  51200.0 51098.9     26    0.911   0      0.000    0.911
123520.0 118784.0 68938.5  0.0   7447232.0 1678386.2 15379136.0  202333.3  51200.0 51098.9     26    0.911   0      0.000    0.911
123520.0 118784.0 68938.5  0.0   7447232.0 2208836.1 15379136.0  202333.3  51200.0 51098.9     26    0.911   0      0.000    0.911
123520.0 118784.0 68938.5  0.0   7447232.0 2551428.2 15379136.0  202333.3  51200.0 51100.9     26    0.911   0      0.000    0.911
123520.0 118784.0 68938.5  0.0   7447232.0 3619611.8 15379136.0  202333.3  51200.0 51103.1     26    0.911   0      0.000    0.911
123520.0 118784.0 68938.5  0.0   7447232.0 4110321.7 15379136.0  202333.3  51200.0 51103.5     26    0.911   0      0.000    0.911
123520.0 118784.0 68938.5  0.0   7447232.0 4892917.7 15379136.0  202333.3  51200.0 51105.3     26    0.911   0      0.000    0.911
123520.0 118784.0 68938.5  0.0   7447232.0 5490771.0 15379136.0  202333.3  51200.0 51106.6     26    0.911   0      0.000    0.911
123520.0 118784.0 68938.5  0.0   7447232.0 6224963.1 15379136.0  202333.3  51200.0 51106.6     26    0.911   0      0.000    0.911
123520.0 118784.0 68938.5  0.0   7447232.0 6756699.5 15379136.0  202333.3  51200.0 51108.2     26    0.911   0      0.000    0.911
123520.0 118784.0 68938.5  0.0   7447232.0 7361436.5 15379136.0  202333.3  51200.0 51108.2     26    0.911   0      0.000    0.911
115520.0 118784.0  0.0   62354.7 7447232.0 506556.9 15379136.0  207536.2  51200.0 51108.4     27    0.969   0      0.000    0.969
115520.0 118784.0  0.0   62354.7 7447232.0 855236.6 15379136.0  207536.2  51200.0 51108.6     27    0.969   0      0.000    0.969
115520.0 118784.0  0.0   62354.7 7447232.0 1281027.2 15379136.0  207536.2  51200.0 51108.8     27    0.969   0      0.000    0.969
115520.0 118784.0  0.0   62354.7 7447232.0 1704088.0 15379136.0  207536.2  51200.0 51108.8     27    0.969   0      0.000    0.969
115520.0 118784.0  0.0   62354.7 7447232.0 2208133.0 15379136.0  207536.2  51200.0 51109.4     27    0.969   0      0.000    0.969
115520.0 118784.0  0.0   62354.7 7447232.0 2661141.4 15379136.0  207536.2  51200.0 51109.4     27    0.969   0      0.000    0.969
115520.0 118784.0  0.0   62354.7 7447232.0 3203584.2 15379136.0  207536.2  51200.0 51109.9     27    0.969   0      0.000    0.969
115520.0 118784.0  0.0   62354.7 7447232.0 3789968.1 15379136.0  207536.2  51200.0 51110.4     27    0.969   0      0.000    0.969
115520.0 118784.0  0.0   62354.7 7447232.0 4325257.4 15379136.0  207536.2  51200.0 51111.0     27    0.969   0      0.000    0.969
115520.0 118784.0  0.0   62354.7 7447232.0 4942955.8 15379136.0  207536.2  51200.0 51111.0     27    0.969   0      0.000    0.969
115520.0 118784.0  0.0   62354.7 7447232.0 5457923.2 15379136.0  207536.2  51200.0 51111.5     27    0.969   0      0.000    0.969
115520.0 118784.0  0.0   62354.7 7447232.0 5683482.6 15379136.0  207536.2  51200.0 51111.5     27    0.969   0      0.000    0.969
115520.0 118784.0  0.0   62354.7 7447232.0 6167963.4 15379136.0  207536.2  51200.0 51111.9     27    0.969   0      0.000    0.969
115520.0 118784.0  0.0   62354.7 7447232.0 6944300.0 15379136.0  207536.2  51200.0 51114.7     27    0.969   0      0.000    0.969
115520.0 111744.0 66036.9  0.0   7462272.0 212968.0 15379136.0  210010.4  51200.0 51115.1     28    0.993   0      0.000    0.993
115520.0 111744.0 66036.9  0.0   7462272.0 931552.8 15379136.0  210010.4  51200.0 51115.3     28    0.993   0      0.000    0.993
115520.0 111744.0 66036.9  0.0   7462272.0 1427918.0 15379136.0  210010.4  51200.0 51115.5     28    0.993   0      0.000    0.993
115520.0 111744.0 66036.9  0.0   7462272.0 2458850.5 15379136.0  210010.4  51200.0 51118.2     28    0.993   0      0.000    0.993
115520.0 111744.0 66036.9  0.0   7462272.0 3009291.8 15379136.0  210010.4  51200.0 51118.6     28    0.993   0      0.000    0.993
115520.0 111744.0 66036.9  0.0   7462272.0 3479732.5 15379136.0  210010.4  51200.0 51119.4     28    0.993   0      0.000    0.993
115520.0 111744.0 66036.9  0.0   7462272.0 4117673.4 15379136.0  210010.4  51200.0 51119.4     28    0.993   0      0.000    0.993
115520.0 111744.0 66036.9  0.0   7462272.0 4311444.1 15379136.0  210010.4  51200.0 51119.8     28    0.993   0      0.000    0.993
115520.0 111744.0 66036.9  0.0   7462272.0 5077000.4 15379136.0  210010.4  51200.0 51121.2     28    0.993   0      0.000    0.993
115520.0 111744.0 66036.9  0.0   7462272.0 5925889.7 15379136.0  210010.4  51200.0 51121.2     28    0.993   0      0.000    0.993
115520.0 111744.0 66036.9  0.0   7462272.0 6877303.4 15379136.0  210010.4  51200.0 51121.4     28    0.993   0      0.000    0.993
108160.0 111744.0  0.0   66524.5 7462272.0 44608.3  15379136.0  212503.5  51200.0 51122.2     29    1.020   0      0.000    1.020
108160.0 111744.0  0.0   66524.5 7462272.0 654962.9 15379136.0  212503.5  51200.0 51122.2     29    1.020   0      0.000    1.020
108160.0 111744.0  0.0   66524.5 7462272.0 1190221.1 15379136.0  212503.5  51200.0 51123.2     29    1.020   0      0.000    1.020
108160.0 111744.0  0.0   66524.5 7462272.0 1602173.4 15379136.0  212503.5  51200.0 51124.4     29    1.020   0      0.000    1.020
108160.0 111744.0  0.0   66524.5 7462272.0 1891301.3 15379136.0  212503.5  51200.0 51124.6     29    1.020   0      0.000    1.020
108160.0 111744.0  0.0   66524.5 7462272.0 2048755.6 15379136.0  212503.5  51200.0 51124.6     29    1.020   0      0.000    1.020
108160.0 111744.0  0.0   66524.5 7462272.0 2295294.2 15379136.0  212503.5  51200.0 51125.0     29    1.020   0      0.000    1.020
108160.0 111744.0  0.0   66524.5 7462272.0 2857013.6 15379136.0  212503.5  51200.0 51126.6     29    1.020   0      0.000    1.020
108160.0 111744.0  0.0   66524.5 7462272.0 3275130.9 15379136.0  212503.5  51200.0 51126.6     29    1.020   0      0.000    1.020
108160.0 111744.0  0.0   66524.5 7462272.0 3688532.4 15379136.0  212503.5  51200.0 51126.6     29    1.020   0      0.000    1.020
108160.0 111744.0  0.0   66524.5 7462272.0 4246963.4 15379136.0  212503.5  51200.0 51127.2     29    1.020   0      0.000    1.020
108160.0 111744.0  0.0   66524.5 7462272.0 4879419.6 15379136.0  212503.5  51200.0 51128.5     29    1.020   0      0.000    1.020
108160.0 111744.0  0.0   66524.5 7462272.0 5697534.8 15379136.0  212503.5  51200.0 51128.7     29    1.020   0      0.000    1.020
108160.0 111744.0  0.0   66524.5 7462272.0 6595383.3 15379136.0  212503.5  51200.0 51128.7     29    1.020   0      0.000    1.020
108160.0 111744.0  0.0   66524.5 7462272.0 7118598.8 15379136.0  212503.5  51200.0 51128.7     29    1.020   0      0.000    1.020
108160.0 105024.0 71482.4  0.0   7476352.0 434273.4 15379136.0  214996.1  51200.0 51130.2     30    1.046   0      0.000    1.046
108160.0 105024.0 71482.4  0.0   7476352.0 1021862.0 15379136.0  214996.1  51200.0 51131.1     30    1.046   0      0.000    1.046
108160.0 105024.0 71482.4  0.0   7476352.0 1588972.6 15379136.0  214996.1  51200.0 51131.1     30    1.046   0      0.000    1.046
108160.0 105024.0 71482.4  0.0   7476352.0 2138532.3 15379136.0  214996.1  51200.0 51131.1     30    1.046   0      0.000    1.046
108160.0 105024.0 71482.4  0.0   7476352.0 2790600.1 15379136.0  214996.1  51200.0 51131.1     30    1.046   0      0.000    1.046
108160.0 105024.0 71482.4  0.0   7476352.0 3514473.2 15379136.0  214996.1  51200.0 51131.1     30    1.046   0      0.000    1.046
108160.0 105024.0 71482.4  0.0   7476352.0 3946175.1 15379136.0  214996.1  51200.0 51131.1     30    1.046   0      0.000    1.046
108160.0 105024.0 71482.4  0.0   7476352.0 4476603.1 15379136.0  214996.1  51200.0 51131.1     30    1.046   0      0.000    1.046
108160.0 105024.0 71482.4  0.0   7476352.0 5573695.2 15379136.0  214996.1  51200.0 51131.1     30    1.046   0      0.000    1.046
108160.0 105024.0 71482.4  0.0   7476352.0 6126687.8 15379136.0  214996.1  51200.0 51132.8     30    1.046   0      0.000    1.046
108160.0 105024.0 71482.4  0.0   7476352.0 6972068.9 15379136.0  214996.1  51200.0 51134.9     30    1.046   0      0.000    1.046
102016.0 105024.0  0.0   66652.2 7476352.0 204754.2 15379136.0  224565.6  51200.0 51134.9     31    1.075   0      0.000    1.075
102016.0 105024.0  0.0   66652.2 7476352.0 589670.6 15379136.0  224565.6  51200.0 51135.1     31    1.075   0      0.000    1.075
102016.0 105024.0  0.0   66652.2 7476352.0 1140688.1 15379136.0  224565.6  51200.0 51135.3     31    1.075   0      0.000    1.075
102016.0 105024.0  0.0   66652.2 7476352.0 1521039.4 15379136.0  224565.6  51200.0 51135.3     31    1.075   0      0.000    1.075
102016.0 105024.0  0.0   66652.2 7476352.0 1840982.4 15379136.0  224565.6  51200.0 51135.8     31    1.075   0      0.000    1.075
102016.0 105024.0  0.0   66652.2 7476352.0 2253110.5 15379136.0  224565.6  51392.0 51214.7     31    1.075   0      0.000    1.075
102016.0 105024.0  0.0   66652.2 7476352.0 2687163.8 15379136.0  224565.6  51392.0 51214.7     31    1.075   0      0.000    1.075
102016.0 105024.0  0.0   66652.2 7476352.0 3157080.9 15379136.0  224565.6  51392.0 51214.7     31    1.075   0      0.000    1.075
102016.0 105024.0  0.0   66652.2 7476352.0 3725355.1 15379136.0  224565.6  51392.0 51214.7     31    1.075   0      0.000    1.075
102016.0 105024.0  0.0   66652.2 7476352.0 4237454.5 15379136.0  224565.6  51392.0 51215.3     31    1.075   0      0.000    1.075
102016.0 105024.0  0.0   66652.2 7476352.0 4859056.9 15379136.0  224565.6  51392.0 51218.1     31    1.075   0      0.000    1.075
102016.0 105024.0  0.0   66652.2 7476352.0 5201589.0 15379136.0  224565.6  51392.0 51218.1     31    1.075   0      0.000    1.075
102016.0 105024.0  0.0   66652.2 7476352.0 5690200.2 15379136.0  224565.6  51392.0 51218.1     31    1.075   0      0.000    1.075
102016.0 105024.0  0.0   66652.2 7476352.0 6475401.5 15379136.0  224565.6  51392.0 51218.1     31    1.075   0      0.000    1.075
102016.0 105024.0  0.0   66652.2 7476352.0 7040724.8 15379136.0  224565.6  51392.0 51218.3     31    1.075   0      0.000    1.075
102016.0 99456.0 65451.2  0.0   7488064.0 195588.4 15379136.0  229422.8  51392.0 51218.3     32    1.100   0      0.000    1.100
102016.0 99456.0 65451.2  0.0   7488064.0 852939.5 15379136.0  229422.8  51392.0 51218.3     32    1.100   0      0.000    1.100
102016.0 99456.0 65451.2  0.0   7488064.0 1422490.9 15379136.0  229422.8  51392.0 51218.3     32    1.100   0      0.000    1.100
102016.0 99456.0 65451.2  0.0   7488064.0 1925455.2 15379136.0  229422.8  51392.0 51218.3     32    1.100   0      0.000    1.100
102016.0 99456.0 65451.2  0.0   7488064.0 2372497.0 15379136.0  229422.8  51392.0 51218.3     32    1.100   0      0.000    1.100
102016.0 99456.0 65451.2  0.0   7488064.0 3021847.5 15379136.0  229422.8  51392.0 51218.3     32    1.100   0      0.000    1.100
102016.0 99456.0 65451.2  0.0   7488064.0 3512126.0 15379136.0  229422.8  51392.0 51218.5     32    1.100   0      0.000    1.100
102016.0 99456.0 65451.2  0.0   7488064.0 4685608.9 15379136.0  229422.8  51392.0 51218.9     32    1.100   0      0.000    1.100
102016.0 99456.0 65451.2  0.0   7488064.0 5157494.1 15379136.0  229422.8  51392.0 51218.9     32    1.100   0      0.000    1.100
102016.0 99456.0 65451.2  0.0   7488064.0 6040007.2 15379136.0  229422.8  51392.0 51219.0     32    1.100   0      0.000    1.100
102016.0 99456.0 65451.2  0.0   7488064.0 6476565.6 15379136.0  229422.8  51392.0 51219.0     32    1.100   0      0.000    1.100
102016.0 99456.0 65451.2  0.0   7488064.0 7372563.2 15379136.0  229422.8  51392.0 51221.3     32    1.100   0      0.000    1.100
99520.0 99456.0  0.0   50861.7 7488064.0 1014807.1 15379136.0  236364.5  51392.0 51221.3     33    1.133   0      0.000    1.133
99520.0 99456.0  0.0   50861.7 7488064.0 1494068.8 15379136.0  236364.5  51392.0 51222.6     33    1.133   0      0.000    1.133
99520.0 99456.0  0.0   50861.7 7488064.0 2041174.3 15379136.0  236364.5  51392.0 51222.9     33    1.133   0      0.000    1.133
99520.0 99456.0  0.0   50861.7 7488064.0 2592886.0 15379136.0  236364.5  51392.0 51222.9     33    1.133   0      0.000    1.133
99520.0 99456.0  0.0   50861.7 7488064.0 2964482.3 15379136.0  236364.5  51392.0 51224.7     33    1.133   0      0.000    1.133
99520.0 99456.0  0.0   50861.7 7488064.0 3396494.0 15379136.0  236364.5  51392.0 51225.0     33    1.133   0      0.000    1.133
99520.0 99456.0  0.0   50861.7 7488064.0 4157353.5 15379136.0  236364.5  51392.0 51225.0     33    1.133   0      0.000    1.133
99520.0 99456.0  0.0   50861.7 7488064.0 4736752.2 15379136.0  236364.5  51392.0 51225.0     33    1.133   0      0.000    1.133
99520.0 99456.0  0.0   50861.7 7488064.0 5150693.9 15379136.0  236364.5  51392.0 51225.2     33    1.133   0      0.000    1.133
99520.0 99456.0  0.0   50861.7 7488064.0 6203709.0 15379136.0  236364.5  51392.0 51225.2     33    1.133   0      0.000    1.133
99520.0 99456.0  0.0   50861.7 7488064.0 6878765.4 15379136.0  236364.5  51392.0 51225.2     33    1.133   0      0.000    1.133
99520.0 96640.0 65372.5  0.0   7493376.0 24661.8  15379136.0  239462.2  51392.0 51225.2     34    1.158   0      0.000    1.158
99520.0 96640.0 65372.5  0.0   7493376.0 564423.3 15379136.0  239462.2  51392.0 51225.2     34    1.158   0      0.000    1.158
99520.0 96640.0 65372.5  0.0   7493376.0 1267316.0 15379136.0  239462.2  51392.0 51225.2     34    1.158   0      0.000    1.158
99520.0 96640.0 65372.5  0.0   7493376.0 2138629.8 15379136.0  239462.2  51392.0 51225.2     34    1.158   0      0.000    1.158
99520.0 96640.0 65372.5  0.0   7493376.0 2478432.9 15379136.0  239462.2  51392.0 51225.2     34    1.158   0      0.000    1.158
99520.0 96640.0 65372.5  0.0   7493376.0 3126067.7 15379136.0  239462.2  51392.0 51225.2     34    1.158   0      0.000    1.158
99520.0 96640.0 65372.5  0.0   7493376.0 3500991.9 15379136.0  239462.2  51392.0 51225.2     34    1.158   0      0.000    1.158
99520.0 96640.0 65372.5  0.0   7493376.0 3842503.3 15379136.0  239462.2  51392.0 51225.2     34    1.158   0      0.000    1.158
99520.0 96640.0 65372.5  0.0   7493376.0 4375600.9 15379136.0  239462.2  51392.0 51225.2     34    1.158   0      0.000    1.158
99520.0 96640.0 65372.5  0.0   7493376.0 4975857.9 15379136.0  239462.2  51392.0 51225.2     34    1.158   0      0.000    1.158
99520.0 96640.0 65372.5  0.0   7493376.0 5697355.5 15379136.0  239462.2  51392.0 51225.2     34    1.158   0      0.000    1.158
99520.0 96640.0 65372.5  0.0   7493376.0 5994940.4 15379136.0  239462.2  51392.0 51225.2     34    1.158   0      0.000    1.158
99520.0 96640.0 65372.5  0.0   7493376.0 6488600.1 15379136.0  239462.2  51392.0 51227.3     34    1.158   0      0.000    1.158
99520.0 96640.0 65372.5  0.0   7493376.0 7373578.3 15379136.0  239462.2  51392.0 51227.6     34    1.158   0      0.000    1.158
93760.0 96640.0  0.0   66522.2 7493376.0 410798.1 15379136.0  241850.0  51392.0 51227.6     35    1.205   0      0.000    1.205
93760.0 96640.0  0.0   66522.2 7493376.0 1208833.3 15379136.0  241850.0  51392.0 51227.6     35    1.205   0      0.000    1.205
93760.0 96640.0  0.0   66522.2 7493376.0 1911269.8 15379136.0  241850.0  51392.0 51227.6     35    1.205   0      0.000    1.205
93760.0 96640.0  0.0   66522.2 7493376.0 2697915.7 15379136.0  241850.0  51392.0 51227.6     35    1.205   0      0.000    1.205
93760.0 96640.0  0.0   66522.2 7493376.0 3251114.3 15379136.0  241850.0  51392.0 51227.6     35    1.205   0      0.000    1.205
93760.0 96640.0  0.0   66522.2 7493376.0 3955924.3 15379136.0  241850.0  51392.0 51227.6     35    1.205   0      0.000    1.205
93760.0 96640.0  0.0   66522.2 7493376.0 4594550.7 15379136.0  241850.0  51392.0 51227.6     35    1.205   0      0.000    1.205
93760.0 96640.0  0.0   66522.2 7493376.0 4942585.5 15379136.0  241850.0  51392.0 51227.6     35    1.205   0      0.000    1.205
93760.0 96640.0  0.0   66522.2 7493376.0 5571873.6 15379136.0  241850.0  51392.0 51227.6     35    1.205   0      0.000    1.205
93760.0 96640.0  0.0   66522.2 7493376.0 6280374.0 15379136.0  241850.0  51392.0 51229.0     35    1.205   0      0.000    1.205
93760.0 96640.0  0.0   66522.2 7493376.0 7289682.2 15379136.0  241850.0  51392.0 51232.1     35    1.205   0      0.000    1.205
93760.0 93440.0 73422.5  0.0   7502336.0 196280.9 15379136.0  249151.5  51392.0 51232.2     36    1.249   0      0.000    1.249
93760.0 93440.0 73422.5  0.0   7502336.0 816091.6 15379136.0  249151.5  51392.0 51232.2     36    1.249   0      0.000    1.249
93760.0 93440.0 73422.5  0.0   7502336.0 1289475.7 15379136.0  249151.5  51392.0 51232.2     36    1.249   0      0.000    1.249
93760.0 93440.0 73422.5  0.0   7502336.0 1892297.1 15379136.0  249151.5  51392.0 51232.4     36    1.249   0      0.000    1.249
93760.0 93440.0 73422.5  0.0   7502336.0 2423184.9 15379136.0  249151.5  51392.0 51232.4     36    1.249   0      0.000    1.249
93760.0 93440.0 73422.5  0.0   7502336.0 3093762.7 15379136.0  249151.5  51392.0 51232.4     36    1.249   0      0.000    1.249
93760.0 93440.0 73422.5  0.0   7502336.0 3562233.6 15379136.0  249151.5  51392.0 51232.4     36    1.249   0      0.000    1.249
93760.0 93440.0 73422.5  0.0   7502336.0 4046069.1 15379136.0  249151.5  51392.0 51232.6     36    1.249   0      0.000    1.249
93760.0 93440.0 73422.5  0.0   7502336.0 4805609.6 15379136.0  249151.5  51392.0 51232.6     36    1.249   0      0.000    1.249
93760.0 93440.0 73422.5  0.0   7502336.0 5475785.8 15379136.0  249151.5  51392.0 51232.6     36    1.249   0      0.000    1.249
93760.0 93440.0 73422.5  0.0   7502336.0 5860765.5 15379136.0  249151.5  51392.0 51232.6     36    1.249   0      0.000    1.249
93760.0 93440.0 73422.5  0.0   7502336.0 6069637.6 15379136.0  249151.5  51392.0 51232.6     36    1.249   0      0.000    1.249
93760.0 93440.0 73422.5  0.0   7502336.0 6456267.6 15379136.0  249151.5  51392.0 51232.6     36    1.249   0      0.000    1.249
93760.0 93440.0 73422.5  0.0   7502336.0 6826761.8 15379136.0  249151.5  51392.0 51232.6     36    1.249   0      0.000    1.249
93760.0 93440.0 73422.5  0.0   7502336.0 7050223.6 15379136.0  249151.5  51392.0 51232.8     36    1.249   0      0.000    1.249
91328.0 93440.0  0.0   65145.5 7502336.0 96953.4  15379136.0  258871.0  51392.0 51233.1     37    1.279   0      0.000    1.279
91328.0 93440.0  0.0   65145.5 7502336.0 594883.5 15379136.0  258871.0  51392.0 51233.1     37    1.279   0      0.000    1.279
91328.0 93440.0  0.0   65145.5 7502336.0 1029243.4 15379136.0  258871.0  51392.0 51233.1     37    1.279   0      0.000    1.279
91328.0 93440.0  0.0   65145.5 7502336.0 1521139.3 15379136.0  258871.0  51392.0 51233.3     37    1.279   0      0.000    1.279
91328.0 93440.0  0.0   65145.5 7502336.0 2020351.7 15379136.0  258871.0  51392.0 51233.3     37    1.279   0      0.000    1.279
91328.0 93440.0  0.0   65145.5 7502336.0 2498877.9 15379136.0  258871.0  51392.0 51233.3     37    1.279   0      0.000    1.279
91328.0 93440.0  0.0   65145.5 7502336.0 3176398.6 15379136.0  258871.0  51392.0 51233.3     37    1.279   0      0.000    1.279
91328.0 93440.0  0.0   65145.5 7502336.0 3574607.8 15379136.0  258871.0  51392.0 51233.3     37    1.279   0      0.000    1.279
91328.0 93440.0  0.0   65145.5 7502336.0 3679955.2 15379136.0  258871.0  51392.0 51233.3     37    1.279   0      0.000    1.279
91328.0 93440.0  0.0   65145.5 7502336.0 4131627.0 15379136.0  258871.0  51392.0 51233.8     37    1.279   0      0.000    1.279
91328.0 93440.0  0.0   65145.5 7502336.0 4379160.9 15379136.0  258871.0  51392.0 51233.8     37    1.279   0      0.000    1.279
91328.0 93440.0  0.0   65145.5 7502336.0 4878588.3 15379136.0  258871.0  51392.0 51233.8     37    1.279   0      0.000    1.279
91328.0 93440.0  0.0   65145.5 7502336.0 5139828.1 15379136.0  258871.0  51392.0 51233.8     37    1.279   0      0.000    1.279
91328.0 93440.0  0.0   65145.5 7502336.0 5392827.0 15379136.0  258871.0  51392.0 51235.2     37    1.279   0      0.000    1.279
91328.0 93440.0  0.0   65145.5 7502336.0 6080176.4 15379136.0  258871.0  51392.0 51235.2     37    1.279   0      0.000    1.279
91328.0 93440.0  0.0   65145.5 7502336.0 6320918.0 15379136.0  258871.0  51392.0 51235.2     37    1.279   0      0.000    1.279
91328.0 93440.0  0.0   65145.5 7502336.0 6897173.0 15379136.0  258871.0  51392.0 51235.2     37    1.279   0      0.000    1.279
91328.0 89600.0 63561.4  0.0   7508608.0 26891.6  15379136.0  261322.7  51392.0 51235.2     38    1.303   0      0.000    1.303
91328.0 89600.0 63561.4  0.0   7508608.0 203922.9 15379136.0  261322.7  51392.0 51235.2     38    1.303   0      0.000    1.303
91328.0 89600.0 63561.4  0.0   7508608.0 532212.2 15379136.0  261322.7  51392.0 51235.2     38    1.303   0      0.000    1.303
91328.0 89600.0 63561.4  0.0   7508608.0 995941.4 15379136.0  261322.7  51392.0 51235.2     38    1.303   0      0.000    1.303
91328.0 89600.0 63561.4  0.0   7508608.0 1433462.0 15379136.0  261322.7  51392.0 51235.2     38    1.303   0      0.000    1.303
91328.0 89600.0 63561.4  0.0   7508608.0 1700079.6 15379136.0  261322.7  51392.0 51235.2     38    1.303   0      0.000    1.303
91328.0 89600.0 63561.4  0.0   7508608.0 2172233.3 15379136.0  261322.7  51392.0 51235.2     38    1.303   0      0.000    1.303
91328.0 89600.0 63561.4  0.0   7508608.0 2824784.6 15379136.0  261322.7  51392.0 51235.2     38    1.303   0      0.000    1.303
91328.0 89600.0 63561.4  0.0   7508608.0 3313624.8 15379136.0  261322.7  51392.0 51235.2     38    1.303   0      0.000    1.303
91328.0 89600.0 63561.4  0.0   7508608.0 3473607.3 15379136.0  261322.7  51392.0 51235.5     38    1.303   0      0.000    1.303
91328.0 89600.0 63561.4  0.0   7508608.0 4664087.3 15379136.0  261322.7  51392.0 51235.5     38    1.303   0      0.000    1.303
91328.0 89600.0 63561.4  0.0   7508608.0 5162512.0 15379136.0  261322.7  51392.0 51235.5     38    1.303   0      0.000    1.303
91328.0 89600.0 63561.4  0.0   7508608.0 5684914.5 15379136.0  261322.7  51392.0 51235.5     38    1.303   0      0.000    1.303
91328.0 89600.0 63561.4  0.0   7508608.0 6289364.2 15379136.0  261322.7  51392.0 51236.7     38    1.303   0      0.000    1.303
91328.0 89600.0 63561.4  0.0   7508608.0 6918309.4 15379136.0  261322.7  51392.0 51237.0     38    1.303   0      0.000    1.303
91328.0 89600.0 63561.4  0.0   7508608.0 7327027.4 15379136.0  261322.7  51392.0 51237.0     38    1.303   0      0.000    1.303
89280.0 89600.0  0.0   72343.2 7508608.0 505145.8 15379136.0  261338.7  51392.0 51237.0     39    1.333   0      0.000    1.333
89280.0 89600.0  0.0   72343.2 7508608.0 1042716.6 15379136.0  261338.7  51392.0 51237.0     39    1.333   0      0.000    1.333
89280.0 89600.0  0.0   72343.2 7508608.0 1686697.2 15379136.0  261338.7  51392.0 51237.0     39    1.333   0      0.000    1.333
89280.0 89600.0  0.0   72343.2 7508608.0 2137183.6 15379136.0  261338.7  51392.0 51237.0     39    1.333   0      0.000    1.333
89280.0 89600.0  0.0   72343.2 7508608.0 2682381.4 15379136.0  261338.7  51392.0 51237.0     39    1.333   0      0.000    1.333
89280.0 89600.0  0.0   72343.2 7508608.0 3426224.5 15379136.0  261338.7  51392.0 51237.0     39    1.333   0      0.000    1.333
89280.0 89600.0  0.0   72343.2 7508608.0 3809030.5 15379136.0  261338.7  51392.0 51237.0     39    1.333   0      0.000    1.333
89280.0 89600.0  0.0   72343.2 7508608.0 4446814.9 15379136.0  261338.7  51392.0 51237.0     39    1.333   0      0.000    1.333
89280.0 89600.0  0.0   72343.2 7508608.0 4610679.6 15379136.0  261338.7  51392.0 51237.0     39    1.333   0      0.000    1.333
89280.0 89600.0  0.0   72343.2 7508608.0 5274429.5 15379136.0  261338.7  51392.0 51237.0     39    1.333   0      0.000    1.333
89280.0 89600.0  0.0   72343.2 7508608.0 5858189.2 15379136.0  261338.7  51392.0 51237.0     39    1.333   0      0.000    1.333
89280.0 89600.0  0.0   72343.2 7508608.0 6102386.7 15379136.0  261338.7  51392.0 51237.0     39    1.333   0      0.000    1.333
89280.0 89600.0  0.0   72343.2 7508608.0 6575492.9 15379136.0  261338.7  51392.0 51237.0     39    1.333   0      0.000    1.333
89280.0 89600.0  0.0   72343.2 7508608.0 7002613.6 15379136.0  261338.7  51392.0 51237.0     39    1.333   0      0.000    1.333
89280.0 89600.0  0.0   72343.2 7508608.0 7227532.5 15379136.0  261338.7  51392.0 51237.0     39    1.333   0      0.000    1.333
89280.0 88192.0 61142.2  0.0   7512064.0 498134.5 15379136.0  268733.1  51392.0 51238.8     40    1.361   0      0.000    1.361
89280.0 88192.0 61142.2  0.0   7512064.0 1010544.9 15379136.0  268733.1  51392.0 51238.8     40    1.361   0      0.000    1.361
89280.0 88192.0 61142.2  0.0   7512064.0 1737015.4 15379136.0  268733.1  51392.0 51238.8     40    1.361   0      0.000    1.361
89280.0 88192.0 61142.2  0.0   7512064.0 1887232.2 15379136.0  268733.1  51392.0 51238.8     40    1.361   0      0.000    1.361
89280.0 88192.0 61142.2  0.0   7512064.0 2305148.0 15379136.0  268733.1  51392.0 51238.8     40    1.361   0      0.000    1.361
89280.0 88192.0 61142.2  0.0   7512064.0 2473627.1 15379136.0  268733.1  51392.0 51238.8     40    1.361   0      0.000    1.361
89280.0 88192.0 61142.2  0.0   7512064.0 2781344.2 15379136.0  268733.1  51392.0 51238.8     40    1.361   0      0.000    1.361
89280.0 88192.0 61142.2  0.0   7512064.0 3099743.7 15379136.0  268733.1  51392.0 51238.8     40    1.361   0      0.000    1.361
89280.0 88192.0 61142.2  0.0   7512064.0 3323813.2 15379136.0  268733.1  51392.0 51238.8     40    1.361   0      0.000    1.361
89280.0 88192.0 61142.2  0.0   7512064.0 3696761.6 15379136.0  268733.1  51392.0 51238.8     40    1.361   0      0.000    1.361
89280.0 88192.0 61142.2  0.0   7512064.0 4392195.1 15379136.0  268733.1  51392.0 51238.8     40    1.361   0      0.000    1.361
89280.0 88192.0 61142.2  0.0   7512064.0 4863671.0 15379136.0  268733.1  51392.0 51238.8     40    1.361   0      0.000    1.361
89280.0 88192.0 61142.2  0.0   7512064.0 5466078.5 15379136.0  268733.1  51392.0 51238.8     40    1.361   0      0.000    1.361
89280.0 88192.0 61142.2  0.0   7512064.0 6214912.6 15379136.0  268733.1  51392.0 51238.8     40    1.361   0      0.000    1.361
89280.0 88192.0 61142.2  0.0   7512064.0 7212105.7 15379136.0  268733.1  51392.0 51240.1     40    1.361   0      0.000    1.361
89280.0 88192.0 61142.2  0.0   7512064.0 7485852.7 15379136.0  268733.1  51392.0 51240.1     40    1.361   0      0.000    1.361
86336.0 88192.0  0.0   65497.4 7512064.0 460475.1 15379136.0  271208.5  51392.0 51240.1     41    1.387   0      0.000    1.387
86336.0 88192.0  0.0   65497.4 7512064.0 788639.1 15379136.0  271208.5  51392.0 51240.1     41    1.387   0      0.000    1.387
86336.0 88192.0  0.0   65497.4 7512064.0 1051984.9 15379136.0  271208.5  51392.0 51240.1     41    1.387   0      0.000    1.387
86336.0 88192.0  0.0   65497.4 7512064.0 1724886.1 15379136.0  271208.5  51392.0 51240.1     41    1.387   0      0.000    1.387
86336.0 88192.0  0.0   65497.4 7512064.0 2521916.1 15379136.0  271208.5  51392.0 51240.1     41    1.387   0      0.000    1.387
86336.0 88192.0  0.0   65497.4 7512064.0 3361747.8 15379136.0  271208.5  51392.0 51240.7     41    1.387   0      0.000    1.387
86336.0 88192.0  0.0   65497.4 7512064.0 4062260.1 15379136.0  271208.5  51392.0 51240.7     41    1.387   0      0.000    1.387
86336.0 88192.0  0.0   65497.4 7512064.0 4474560.8 15379136.0  271208.5  51392.0 51241.0     41    1.387   0      0.000    1.387
86336.0 88192.0  0.0   65497.4 7512064.0 5581569.2 15379136.0  271208.5  51392.0 51241.0     41    1.387   0      0.000    1.387
86336.0 88192.0  0.0   65497.4 7512064.0 5921422.9 15379136.0  271208.5  51392.0 51241.0     41    1.387   0      0.000    1.387
86336.0 88192.0  0.0   65497.4 7512064.0 6454454.1 15379136.0  271208.5  51392.0 51241.0     41    1.387   0      0.000    1.387
86336.0 88192.0  0.0   65497.4 7512064.0 6894776.2 15379136.0  271208.5  51392.0 51241.0     41    1.387   0      0.000    1.387
86336.0 85120.0 68814.5  0.0   7518080.0 340159.8 15379136.0  273610.4  51392.0 51241.4     42    1.434   0      0.000    1.434
86336.0 85120.0 68814.5  0.0   7518080.0 732666.9 15379136.0  273610.4  51392.0 51260.8     42    1.434   0      0.000    1.434
86336.0 85120.0 68814.5  0.0   7518080.0 1692305.6 15379136.0  273610.4  51392.0 51260.8     42    1.434   0      0.000    1.434
86336.0 85120.0 68814.5  0.0   7518080.0 2441663.1 15379136.0  273610.4  51392.0 51260.8     42    1.434   0      0.000    1.434
86336.0 85120.0 68814.5  0.0   7518080.0 2884327.9 15379136.0  273610.4  51392.0 51260.9     42    1.434   0      0.000    1.434
86336.0 85120.0 68814.5  0.0   7518080.0 4188768.7 15379136.0  273610.4  51392.0 51261.2     42    1.434   0      0.000    1.434
86336.0 85120.0 68814.5  0.0   7518080.0 4561829.7 15379136.0  273610.4  51392.0 51261.2     42    1.434   0      0.000    1.434
86336.0 85120.0 68814.5  0.0   7518080.0 5283425.7 15379136.0  273610.4  51392.0 51261.2     42    1.434   0      0.000    1.434
86336.0 85120.0 68814.5  0.0   7518080.0 5952521.6 15379136.0  273610.4  51392.0 51261.2     42    1.434   0      0.000    1.434
86336.0 85120.0 68814.5  0.0   7518080.0 6545583.7 15379136.0  273610.4  51392.0 51261.2     42    1.434   0      0.000    1.434
86336.0 85120.0 68814.5  0.0   7518080.0 6973999.2 15379136.0  273610.4  51392.0 51261.2     42    1.434   0      0.000    1.434
85632.0 85120.0  0.0   73294.0 7518080.0 75640.7  15379136.0  279759.9  51392.0 51261.2     43    1.466   0      0.000    1.466
85632.0 85120.0  0.0   73294.0 7518080.0 663135.2 15379136.0  279759.9  51392.0 51261.2     43    1.466   0      0.000    1.466
85632.0 85120.0  0.0   73294.0 7518080.0 866180.5 15379136.0  279759.9  51392.0 51261.2     43    1.466   0      0.000    1.466
85632.0 85120.0  0.0   73294.0 7518080.0 1552562.1 15379136.0  279759.9  51392.0 51261.2     43    1.466   0      0.000    1.466
85632.0 85120.0  0.0   73294.0 7518080.0 1901727.1 15379136.0  279759.9  51392.0 51261.2     43    1.466   0      0.000    1.466
85632.0 85120.0  0.0   73294.0 7518080.0 2342790.2 15379136.0  279759.9  51392.0 51261.2     43    1.466   0      0.000    1.466
85632.0 85120.0  0.0   73294.0 7518080.0 2837808.1 15379136.0  279759.9  51392.0 51261.2     43    1.466   0      0.000    1.466
85632.0 85120.0  0.0   73294.0 7518080.0 3135738.9 15379136.0  279759.9  51392.0 51261.2     43    1.466   0      0.000    1.466
85632.0 85120.0  0.0   73294.0 7518080.0 3510126.1 15379136.0  279759.9  51392.0 51261.2     43    1.466   0      0.000    1.466
85632.0 85120.0  0.0   73294.0 7518080.0 4394632.2 15379136.0  279759.9  51392.0 51261.2     43    1.466   0      0.000    1.466
85632.0 85120.0  0.0   73294.0 7518080.0 4606775.8 15379136.0  279759.9  51392.0 51261.2     43    1.466   0      0.000    1.466
85632.0 85120.0  0.0   73294.0 7518080.0 5349168.5 15379136.0  279759.9  51392.0 51261.2     43    1.466   0      0.000    1.466
85632.0 85120.0  0.0   73294.0 7518080.0 5596057.0 15379136.0  279759.9  51392.0 51261.2     43    1.466   0      0.000    1.466
85632.0 85120.0  0.0   73294.0 7518080.0 6330051.7 15379136.0  279759.9  51392.0 51261.2     43    1.466   0      0.000    1.466
85632.0 85120.0  0.0   73294.0 7518080.0 6876562.8 15379136.0  279759.9  51392.0 51261.6     43    1.466   0      0.000    1.466
85632.0 85120.0  0.0   73294.0 7518080.0 7196461.1 15379136.0  279759.9  51392.0 51261.6     43    1.466   0      0.000    1.466
85632.0 84480.0 63858.2  0.0   7519424.0 634625.9 15379136.0  289473.7  51392.0 51261.6     44    1.504   0      0.000    1.504
85632.0 84480.0 63858.2  0.0   7519424.0 1112775.0 15379136.0  289473.7  51392.0 51263.3     44    1.504   0      0.000    1.504
85632.0 84480.0 63858.2  0.0   7519424.0 1405439.6 15379136.0  289473.7  51392.0 51263.3     44    1.504   0      0.000    1.504
85632.0 84480.0 63858.2  0.0   7519424.0 1514402.6 15379136.0  289473.7  51392.0 51263.3     44    1.504   0      0.000    1.504
85632.0 84480.0 63858.2  0.0   7519424.0 2159461.2 15379136.0  289473.7  51392.0 51263.3     44    1.504   0      0.000    1.504
85632.0 84480.0 63858.2  0.0   7519424.0 2836123.9 15379136.0  289473.7  51392.0 51263.3     44    1.504   0      0.000    1.504
85632.0 84480.0 63858.2  0.0   7519424.0 3268711.9 15379136.0  289473.7  51392.0 51263.3     44    1.504   0      0.000    1.504
85632.0 84480.0 63858.2  0.0   7519424.0 3785681.4 15379136.0  289473.7  51392.0 51263.3     44    1.504   0      0.000    1.504
85632.0 84480.0 63858.2  0.0   7519424.0 4138550.5 15379136.0  289473.7  51392.0 51263.3     44    1.504   0      0.000    1.504
85632.0 84480.0 63858.2  0.0   7519424.0 4641212.9 15379136.0  289473.7  51392.0 51263.3     44    1.504   0      0.000    1.504
85632.0 84480.0 63858.2  0.0   7519424.0 4806140.4 15379136.0  289473.7  51392.0 51263.3     44    1.504   0      0.000    1.504
85632.0 84480.0 63858.2  0.0   7519424.0 5609392.3 15379136.0  289473.7  51392.0 51263.3     44    1.504   0      0.000    1.504
85632.0 84480.0 63858.2  0.0   7519424.0 6003865.8 15379136.0  289473.7  51392.0 51263.3     44    1.504   0      0.000    1.504
85632.0 84480.0 63858.2  0.0   7519424.0 6392671.0 15379136.0  289473.7  51392.0 51263.3     44    1.504   0      0.000    1.504
85632.0 84480.0 63858.2  0.0   7519424.0 7064594.4 15379136.0  289473.7  51392.0 51263.3     44    1.504   0      0.000    1.504
85632.0 84480.0 63858.2  0.0   7519424.0 7232075.3 15379136.0  289473.7  51392.0 51263.3     44    1.504   0      0.000    1.504
83328.0 84480.0  0.0   63978.1 7519424.0 347039.6 15379136.0  291966.4  51392.0 51263.3     45    1.531   0      0.000    1.531
83328.0 84480.0  0.0   63978.1 7519424.0 914062.0 15379136.0  291966.4  51392.0 51263.3     45    1.531   0      0.000    1.531
83328.0 84480.0  0.0   63978.1 7519424.0 1238658.6 15379136.0  291966.4  51392.0 51263.3     45    1.531   0      0.000    1.531
83328.0 84480.0  0.0   63978.1 7519424.0 1661861.5 15379136.0  291966.4  51392.0 51263.3     45    1.531   0      0.000    1.531
83328.0 84480.0  0.0   63978.1 7519424.0 2724617.0 15379136.0  291966.4  51392.0 51263.3     45    1.531   0      0.000    1.531
83328.0 84480.0  0.0   63978.1 7519424.0 2960222.8 15379136.0  291966.4  51392.0 51263.3     45    1.531   0      0.000    1.531
83328.0 84480.0  0.0   63978.1 7519424.0 3520940.9 15379136.0  291966.4  51392.0 51263.3     45    1.531   0      0.000    1.531
83328.0 84480.0  0.0   63978.1 7519424.0 3940383.7 15379136.0  291966.4  51392.0 51263.3     45    1.531   0      0.000    1.531
83328.0 84480.0  0.0   63978.1 7519424.0 4353549.3 15379136.0  291966.4  51392.0 51263.3     45    1.531   0      0.000    1.531
83328.0 84480.0  0.0   63978.1 7519424.0 4997925.2 15379136.0  291966.4  51392.0 51263.3     45    1.531   0      0.000    1.531
83328.0 84480.0  0.0   63978.1 7519424.0 6004444.7 15379136.0  291966.4  51392.0 51263.3     45    1.531   0      0.000    1.531
83328.0 84480.0  0.0   63978.1 7519424.0 6488728.1 15379136.0  291966.4  51392.0 51263.3     45    1.531   0      0.000    1.531
83328.0 84480.0  0.0   63978.1 7519424.0 7212237.0 15379136.0  291966.4  51392.0 51263.3     45    1.531   0      0.000    1.531
83328.0 81920.0 65613.9  0.0   7524288.0 214442.3 15379136.0  294450.6  51392.0 51263.3     46    1.558   0      0.000    1.558
83328.0 81920.0 65613.9  0.0   7524288.0 963762.3 15379136.0  294450.6  51392.0 51263.3     46    1.558   0      0.000    1.558
83328.0 81920.0 65613.9  0.0   7524288.0 1994851.0 15379136.0  294450.6  51392.0 51263.3     46    1.558   0      0.000    1.558
83328.0 81920.0 65613.9  0.0   7524288.0 2029891.9 15379136.0  294450.6  51392.0 51263.3     46    1.558   0      0.000    1.558
83328.0 81920.0 65613.9  0.0   7524288.0 2626279.5 15379136.0  294450.6  51392.0 51263.3     46    1.558   0      0.000    1.558
83328.0 81920.0 65613.9  0.0   7524288.0 3394211.5 15379136.0  294450.6  51392.0 51263.3     46    1.558   0      0.000    1.558
83328.0 81920.0 65613.9  0.0   7524288.0 3716746.6 15379136.0  294450.6  51392.0 51263.3     46    1.558   0      0.000    1.558
83328.0 81920.0 65613.9  0.0   7524288.0 4485673.1 15379136.0  294450.6  51392.0 51263.3     46    1.558   0      0.000    1.558
83328.0 81920.0 65613.9  0.0   7524288.0 4790120.6 15379136.0  294450.6  51392.0 51263.3     46    1.558   0      0.000    1.558
83328.0 81920.0 65613.9  0.0   7524288.0 5595074.4 15379136.0  294450.6  51392.0 51263.3     46    1.558   0      0.000    1.558
83328.0 81920.0 65613.9  0.0   7524288.0 6132825.4 15379136.0  294450.6  51392.0 51263.3     46    1.558   0      0.000    1.558
83328.0 81920.0 65613.9  0.0   7524288.0 6984577.0 15379136.0  294450.6  51392.0 51263.3     46    1.558   0      0.000    1.558
83328.0 81920.0 65613.9  0.0   7524288.0 7474994.1 15379136.0  294450.6  51392.0 51263.3     46    1.558   0      0.000    1.558
81600.0 81920.0  0.0   59814.7 7524288.0 217470.5 15379136.0  299333.2  51392.0 51263.3     47    1.601   0      0.000    1.601
81600.0 81920.0  0.0   59814.7 7524288.0 1036823.3 15379136.0  299333.2  51392.0 51263.5     47    1.601   0      0.000    1.601
81600.0 81920.0  0.0   59814.7 7524288.0 1415503.4 15379136.0  299333.2  51392.0 51263.5     47    1.601   0      0.000    1.601
81600.0 81920.0  0.0   59814.7 7524288.0 2248982.9 15379136.0  299333.2  51392.0 51263.5     47    1.601   0      0.000    1.601
81600.0 81920.0  0.0   59814.7 7524288.0 2998187.3 15379136.0  299333.2  51392.0 51263.5     47    1.601   0      0.000    1.601
81600.0 81920.0  0.0   59814.7 7524288.0 3468552.7 15379136.0  299333.2  51392.0 51263.5     47    1.601   0      0.000    1.601
81600.0 81920.0  0.0   59814.7 7524288.0 4347027.9 15379136.0  299333.2  51392.0 51263.5     47    1.601   0      0.000    1.601
81600.0 81920.0  0.0   59814.7 7524288.0 4657609.3 15379136.0  299333.2  51392.0 51263.5     47    1.601   0      0.000    1.601
81600.0 81920.0  0.0   59814.7 7524288.0 5128568.4 15379136.0  299333.2  51392.0 51263.5     47    1.601   0      0.000    1.601
81600.0 81920.0  0.0   59814.7 7524288.0 5415142.6 15379136.0  299333.2  51392.0 51263.5     47    1.601   0      0.000    1.601
81600.0 81920.0  0.0   59814.7 7524288.0 5676252.2 15379136.0  299333.2  51392.0 51263.5     47    1.601   0      0.000    1.601
81600.0 81920.0  0.0   59814.7 7524288.0 6288834.6 15379136.0  299333.2  51392.0 51263.5     47    1.601   0      0.000    1.601
81600.0 81920.0  0.0   59814.7 7524288.0 7198771.6 15379136.0  299333.2  51392.0 51268.0     47    1.601   0      0.000    1.601
81600.0 80960.0 68564.1  0.0   7526976.0 270607.3 15379136.0  301952.9  51392.0 51268.0     48    1.631   0      0.000    1.631
81600.0 80960.0 68564.1  0.0   7526976.0 949799.4 15379136.0  301952.9  51392.0 51270.8     48    1.631   0      0.000    1.631
81600.0 80960.0 68564.1  0.0   7526976.0 1355794.1 15379136.0  301952.9  51392.0 51270.8     48    1.631   0      0.000    1.631
81600.0 80960.0 68564.1  0.0   7526976.0 1999997.6 15379136.0  301952.9  51392.0 51270.8     48    1.631   0      0.000    1.631
81600.0 80960.0 68564.1  0.0   7526976.0 2265131.4 15379136.0  301952.9  51392.0 51270.8     48    1.631   0      0.000    1.631
81600.0 80960.0 68564.1  0.0   7526976.0 2553679.7 15379136.0  301952.9  51392.0 51270.8     48    1.631   0      0.000    1.631
81600.0 80960.0 68564.1  0.0   7526976.0 3516546.6 15379136.0  301952.9  51392.0 51270.8     48    1.631   0      0.000    1.631
81600.0 80960.0 68564.1  0.0   7526976.0 4531813.7 15379136.0  301952.9  51392.0 51270.8     48    1.631   0      0.000    1.631
81600.0 80960.0 68564.1  0.0   7526976.0 4828364.2 15379136.0  301952.9  51392.0 51270.8     48    1.631   0      0.000    1.631
81600.0 80960.0 68564.1  0.0   7526976.0 5327419.7 15379136.0  301952.9  51392.0 51270.8     48    1.631   0      0.000    1.631
81600.0 80960.0 68564.1  0.0   7526976.0 5924249.5 15379136.0  301952.9  51392.0 51270.8     48    1.631   0      0.000    1.631
81600.0 80960.0 68564.1  0.0   7526976.0 6178892.2 15379136.0  301952.9  51392.0 51270.8     48    1.631   0      0.000    1.631
81600.0 80960.0 68564.1  0.0   7526976.0 6535829.4 15379136.0  301952.9  51392.0 51270.8     48    1.631   0      0.000    1.631
81600.0 80960.0 68564.1  0.0   7526976.0 6960363.6 15379136.0  301952.9  51392.0 51270.8     48    1.631   0      0.000    1.631
79744.0 80960.0  0.0   64903.8 7526976.0 19860.2  15379136.0  309681.7  51392.0 51270.8     49    1.688   0      0.000    1.688
79744.0 80960.0  0.0   64903.8 7526976.0 456037.2 15379136.0  309681.7  51392.0 51270.8     49    1.688   0      0.000    1.688
79744.0 80960.0  0.0   64903.8 7526976.0 803352.6 15379136.0  309681.7  51392.0 51270.8     49    1.688   0      0.000    1.688
79744.0 80960.0  0.0   64903.8 7526976.0 1237720.0 15379136.0  309681.7  51392.0 51270.8     49    1.688   0      0.000    1.688
79744.0 80960.0  0.0   64903.8 7526976.0 1793337.9 15379136.0  309681.7  51392.0 51270.8     49    1.688   0      0.000    1.688
79744.0 80960.0  0.0   64903.8 7526976.0 2170810.5 15379136.0  309681.7  51392.0 51270.8     49    1.688   0      0.000    1.688
79744.0 80960.0  0.0   64903.8 7526976.0 2887331.2 15379136.0  309681.7  51392.0 51270.8     49    1.688   0      0.000    1.688
79744.0 80960.0  0.0   64903.8 7526976.0 3463779.7 15379136.0  309681.7  51392.0 51270.8     49    1.688   0      0.000    1.688
79744.0 80960.0  0.0   64903.8 7526976.0 4085338.5 15379136.0  309681.7  51392.0 51270.8     49    1.688   0      0.000    1.688
79744.0 80960.0  0.0   64903.8 7526976.0 4407035.7 15379136.0  309681.7  51392.0 51270.8     49    1.688   0      0.000    1.688
79744.0 80960.0  0.0   64903.8 7526976.0 5179121.7 15379136.0  309681.7  51392.0 51270.8     49    1.688   0      0.000    1.688
79744.0 80960.0  0.0   64903.8 7526976.0 5851507.1 15379136.0  309681.7  51392.0 51270.8     49    1.688   0      0.000    1.688
79744.0 80960.0  0.0   64903.8 7526976.0 6342659.6 15379136.0  309681.7  51392.0 51270.8     49    1.688   0      0.000    1.688
79744.0 80960.0  0.0   64903.8 7526976.0 6684272.1 15379136.0  309681.7  51392.0 51270.8     49    1.688   0      0.000    1.688
79744.0 80960.0  0.0   64903.8 7526976.0 7313945.4 15379136.0  309681.7  51392.0 51270.8     49    1.688   0      0.000    1.688
79744.0 81280.0 73948.9  0.0   7526976.0 79377.9  15379136.0  314602.4  51392.0 51270.8     50    1.723   0      0.000    1.723
79744.0 81280.0 73948.9  0.0   7526976.0 990019.3 15379136.0  314602.4  51392.0 51270.8     50    1.723   0      0.000    1.723
79744.0 81280.0 73948.9  0.0   7526976.0 1359103.5 15379136.0  314602.4  51392.0 51270.8     50    1.723   0      0.000    1.723
79744.0 81280.0 73948.9  0.0   7526976.0 2119450.5 15379136.0  314602.4  51392.0 51270.8     50    1.723   0      0.000    1.723
79744.0 81280.0 73948.9  0.0   7526976.0 2814576.9 15379136.0  314602.4  51392.0 51270.8     50    1.723   0      0.000    1.723
79744.0 81280.0 73948.9  0.0   7526976.0 3549565.9 15379136.0  314602.4  51392.0 51270.8     50    1.723   0      0.000    1.723
79744.0 81280.0 73948.9  0.0   7526976.0 4052566.5 15379136.0  314602.4  51392.0 51270.8     50    1.723   0      0.000    1.723
79744.0 81280.0 73948.9  0.0   7526976.0 4701979.6 15379136.0  314602.4  51392.0 51270.8     50    1.723   0      0.000    1.723
79744.0 81280.0 73948.9  0.0   7526976.0 5094474.5 15379136.0  314602.4  51392.0 51270.8     50    1.723   0      0.000    1.723
79744.0 81280.0 73948.9  0.0   7526976.0 5890556.0 15379136.0  314602.4  51392.0 51270.8     50    1.723   0      0.000    1.723
79744.0 81280.0 73948.9  0.0   7526976.0 6322298.6 15379136.0  314602.4  51392.0 51270.8     50    1.723   0      0.000    1.723
79744.0 81280.0 73948.9  0.0   7526976.0 6557276.4 15379136.0  314602.4  51392.0 51270.8     50    1.723   0      0.000    1.723
79744.0 81280.0 73948.9  0.0   7526976.0 7321513.7 15379136.0  314602.4  51392.0 51270.8     50    1.723   0      0.000    1.723
80320.0 81280.0  0.0   64262.9 7526976.0 499912.2 15379136.0  324254.0  51392.0 51270.8     51    1.756   0      0.000    1.756
80320.0 81280.0  0.0   64262.9 7526976.0 879739.8 15379136.0  324254.0  51392.0 51270.8     51    1.756   0      0.000    1.756
80320.0 81280.0  0.0   64262.9 7526976.0 1770659.5 15379136.0  324254.0  51392.0 51270.8     51    1.756   0      0.000    1.756
80320.0 81280.0  0.0   64262.9 7526976.0 2260541.6 15379136.0  324254.0  51392.0 51270.8     51    1.756   0      0.000    1.756
80320.0 81280.0  0.0   64262.9 7526976.0 2724433.7 15379136.0  324254.0  51392.0 51270.8     51    1.756   0      0.000    1.756
80320.0 81280.0  0.0   64262.9 7526976.0 3206080.1 15379136.0  324254.0  51392.0 51270.8     51    1.756   0      0.000    1.756
80320.0 81280.0  0.0   64262.9 7526976.0 4197081.5 15379136.0  324254.0  51392.0 51270.8     51    1.756   0      0.000    1.756
80320.0 81280.0  0.0   64262.9 7526976.0 4396922.2 15379136.0  324254.0  51392.0 51270.8     51    1.756   0      0.000    1.756
80320.0 81280.0  0.0   64262.9 7526976.0 4862649.2 15379136.0  324254.0  51392.0 51270.8     51    1.756   0      0.000    1.756
80320.0 81280.0  0.0   64262.9 7526976.0 5448196.6 15379136.0  324254.0  51392.0 51270.8     51    1.756   0      0.000    1.756
80320.0 81280.0  0.0   64262.9 7526976.0 5632774.3 15379136.0  324254.0  51392.0 51270.8     51    1.756   0      0.000    1.756
80320.0 81280.0  0.0   64262.9 7526976.0 6129769.5 15379136.0  324254.0  51392.0 51270.8     51    1.756   0      0.000    1.756
80320.0 81280.0  0.0   64262.9 7526976.0 6752560.7 15379136.0  324254.0  51392.0 51270.8     51    1.756   0      0.000    1.756
80320.0 81280.0  0.0   64262.9 7526976.0 7002895.6 15379136.0  324254.0  51392.0 51270.8     51    1.756   0      0.000    1.756
80320.0 79488.0 63566.6  0.0   7529728.0 372503.4 15379136.0  324278.0  51392.0 51270.8     52    1.781   0      0.000    1.781
80320.0 79488.0 63566.6  0.0   7529728.0 903508.8 15379136.0  324278.0  51392.0 51270.8     52    1.781   0      0.000    1.781
80320.0 79488.0 63566.6  0.0   7529728.0 1354607.6 15379136.0  324278.0  51392.0 51270.8     52    1.781   0      0.000    1.781
80320.0 79488.0 63566.6  0.0   7529728.0 2112045.5 15379136.0  324278.0  51392.0 51270.8     52    1.781   0      0.000    1.781
80320.0 79488.0 63566.6  0.0   7529728.0 2663045.9 15379136.0  324278.0  51392.0 51270.8     52    1.781   0      0.000    1.781
80320.0 79488.0 63566.6  0.0   7529728.0 3098954.9 15379136.0  324278.0  51392.0 51270.8     52    1.781   0      0.000    1.781
80320.0 79488.0 63566.6  0.0   7529728.0 3805821.2 15379136.0  324278.0  51392.0 51271.8     52    1.781   0      0.000    1.781
80320.0 79488.0 63566.6  0.0   7529728.0 4088772.7 15379136.0  324278.0  51392.0 51271.8     52    1.781   0      0.000    1.781
80320.0 79488.0 63566.6  0.0   7529728.0 4734074.7 15379136.0  324278.0  51392.0 51271.8     52    1.781   0      0.000    1.781
80320.0 79488.0 63566.6  0.0   7529728.0 5073927.1 15379136.0  324278.0  51392.0 51271.8     52    1.781   0      0.000    1.781
80320.0 79488.0 63566.6  0.0   7529728.0 5611972.2 15379136.0  324278.0  51392.0 51271.8     52    1.781   0      0.000    1.781
80320.0 79488.0 63566.6  0.0   7529728.0 6021102.9 15379136.0  324278.0  51392.0 51271.8     52    1.781   0      0.000    1.781
80320.0 79488.0 63566.6  0.0   7529728.0 6128778.6 15379136.0  324278.0  51392.0 51271.8     52    1.781   0      0.000    1.781
80320.0 79488.0 63566.6  0.0   7529728.0 6624564.9 15379136.0  324278.0  51392.0 51271.8     52    1.781   0      0.000    1.781
80320.0 79488.0 63566.6  0.0   7529728.0 7148783.2 15379136.0  324278.0  51392.0 51271.8     52    1.781   0      0.000    1.781
79040.0 79488.0  0.0   68844.0 7529728.0 340705.6 15379136.0  324302.0  51392.0 51271.8     53    1.809   0      0.000    1.809
79040.0 79488.0  0.0   68844.0 7529728.0 1139284.4 15379136.0  324302.0  51392.0 51271.8     53    1.809   0      0.000    1.809
79040.0 79488.0  0.0   68844.0 7529728.0 1482091.4 15379136.0  324302.0  51392.0 51271.8     53    1.809   0      0.000    1.809
79040.0 79488.0  0.0   68844.0 7529728.0 2157407.6 15379136.0  324302.0  51392.0 51272.1     53    1.809   0      0.000    1.809
79040.0 79488.0  0.0   68844.0 7529728.0 2878560.2 15379136.0  324302.0  51392.0 51272.1     53    1.809   0      0.000    1.809
79040.0 79488.0  0.0   68844.0 7529728.0 3192762.8 15379136.0  324302.0  51392.0 51272.1     53    1.809   0      0.000    1.809
79040.0 79488.0  0.0   68844.0 7529728.0 3439735.1 15379136.0  324302.0  51392.0 51272.1     53    1.809   0      0.000    1.809
79040.0 79488.0  0.0   68844.0 7529728.0 3818287.3 15379136.0  324302.0  51392.0 51272.1     53    1.809   0      0.000    1.809
79040.0 79488.0  0.0   68844.0 7529728.0 4277236.0 15379136.0  324302.0  51392.0 51272.1     53    1.809   0      0.000    1.809
79040.0 79488.0  0.0   68844.0 7529728.0 4732055.5 15379136.0  324302.0  51392.0 51272.1     53    1.809   0      0.000    1.809
79040.0 79488.0  0.0   68844.0 7529728.0 4847903.8 15379136.0  324302.0  51392.0 51272.1     53    1.809   0      0.000    1.809
79040.0 79488.0  0.0   68844.0 7529728.0 5196102.7 15379136.0  324302.0  51392.0 51272.1     53    1.809   0      0.000    1.809
79040.0 79488.0  0.0   68844.0 7529728.0 5723162.5 15379136.0  324302.0  51392.0 51272.1     53    1.809   0      0.000    1.809
79040.0 79488.0  0.0   68844.0 7529728.0 6371978.4 15379136.0  324302.0  51392.0 51272.1     53    1.809   0      0.000    1.809
79040.0 79488.0  0.0   68844.0 7529728.0 6691154.0 15379136.0  324302.0  51392.0 51272.1     53    1.809   0      0.000    1.809
79040.0 79488.0  0.0   68844.0 7529728.0 7450597.7 15379136.0  324302.0  51392.0 51272.1     53    1.809   0      0.000    1.809
79040.0 79040.0 69924.7  0.0   7531456.0 718278.4 15379136.0  331114.6  51392.0 51272.1     54    1.841   0      0.000    1.841
79040.0 79040.0 69924.7  0.0   7531456.0 1135160.2 15379136.0  331114.6  51392.0 51272.1     54    1.841   0      0.000    1.841
79040.0 79040.0 69924.7  0.0   7531456.0 1495764.3 15379136.0  331114.6  51392.0 51272.1     54    1.841   0      0.000    1.841
79040.0 79040.0 69924.7  0.0   7531456.0 2586476.6 15379136.0  331114.6  51392.0 51272.1     54    1.841   0      0.000    1.841
79040.0 79040.0 69924.7  0.0   7531456.0 3128799.3 15379136.0  331114.6  51392.0 51272.1     54    1.841   0      0.000    1.841
79040.0 79040.0 69924.7  0.0   7531456.0 3843520.8 15379136.0  331114.6  51392.0 51272.1     54    1.841   0      0.000    1.841
79040.0 79040.0 69924.7  0.0   7531456.0 4232801.6 15379136.0  331114.6  51392.0 51272.1     54    1.841   0      0.000    1.841
79040.0 79040.0 69924.7  0.0   7531456.0 4624858.4 15379136.0  331114.6  51392.0 51272.1     54    1.841   0      0.000    1.841
79040.0 79040.0 69924.7  0.0   7531456.0 5412817.8 15379136.0  331114.6  51392.0 51272.1     54    1.841   0      0.000    1.841
79040.0 79040.0 69924.7  0.0   7531456.0 6182421.5 15379136.0  331114.6  51392.0 51272.1     54    1.841   0      0.000    1.841
79040.0 79040.0 69924.7  0.0   7531456.0 6676610.2 15379136.0  331114.6  51392.0 51272.1     54    1.841   0      0.000    1.841
79040.0 79040.0 69924.7  0.0   7531456.0 7480952.1 15379136.0  331114.6  51392.0 51272.1     54    1.841   0      0.000    1.841
78528.0 79040.0  0.0   62952.8 7531456.0 621705.0 15379136.0  338414.6  51392.0 51272.1     55    1.872   0      0.000    1.872
78528.0 79040.0  0.0   62952.8 7531456.0 1158946.0 15379136.0  338414.6  51392.0 51272.1     55    1.872   0      0.000    1.872
78528.0 79040.0  0.0   62952.8 7531456.0 1957101.9 15379136.0  338414.6  51392.0 51272.1     55    1.872   0      0.000    1.872
78528.0 79040.0  0.0   62952.8 7531456.0 2832695.9 15379136.0  338414.6  51392.0 51272.1     55    1.872   0      0.000    1.872
78528.0 79040.0  0.0   62952.8 7531456.0 3158914.6 15379136.0  338414.6  51392.0 51272.1     55    1.872   0      0.000    1.872
78528.0 79040.0  0.0   62952.8 7531456.0 3323550.4 15379136.0  338414.6  51392.0 51272.1     55    1.872   0      0.000    1.872
78528.0 79040.0  0.0   62952.8 7531456.0 3881710.8 15379136.0  338414.6  51392.0 51272.1     55    1.872   0      0.000    1.872
78528.0 79040.0  0.0   62952.8 7531456.0 4619676.1 15379136.0  338414.6  51392.0 51272.1     55    1.872   0      0.000    1.872
78528.0 79040.0  0.0   62952.8 7531456.0 5146165.7 15379136.0  338414.6  51392.0 51272.1     55    1.872   0      0.000    1.872
78528.0 79040.0  0.0   62952.8 7531456.0 5642150.1 15379136.0  338414.6  51392.0 51272.1     55    1.872   0      0.000    1.872
78528.0 79040.0  0.0   62952.8 7531456.0 6085046.2 15379136.0  338414.6  51392.0 51272.1     55    1.872   0      0.000    1.872
78528.0 79040.0  0.0   62952.8 7531456.0 6494690.8 15379136.0  338414.6  51392.0 51272.1     55    1.872   0      0.000    1.872
78528.0 79040.0  0.0   62952.8 7531456.0 7272174.6 15379136.0  338414.6  51392.0 51272.1     55    1.872   0      0.000    1.872
78528.0 81536.0 41807.6  0.0   7526464.0 126113.7 15379136.0  343389.0  51392.0 51272.1     56    1.899   0      0.000    1.899
78528.0 81536.0 41807.6  0.0   7526464.0 544347.5 15379136.0  343389.0  51392.0 51272.1     56    1.899   0      0.000    1.899
78528.0 81536.0 41807.6  0.0   7526464.0 872531.6 15379136.0  343389.0  51392.0 51272.1     56    1.899   0      0.000    1.899
78528.0 81536.0 41807.6  0.0   7526464.0 1322312.7 15379136.0  343389.0  51392.0 51272.1     56    1.899   0      0.000    1.899
78528.0 81536.0 41807.6  0.0   7526464.0 1857769.7 15379136.0  343389.0  51392.0 51272.1     56    1.899   0      0.000    1.899
78528.0 81536.0 41807.6  0.0   7526464.0 2548616.0 15379136.0  343389.0  51392.0 51272.1     56    1.899   0      0.000    1.899
78528.0 81536.0 41807.6  0.0   7526464.0 2922267.6 15379136.0  343389.0  51392.0 51272.1     56    1.899   0      0.000    1.899
78528.0 81536.0 41807.6  0.0   7526464.0 3372110.5 15379136.0  343389.0  51392.0 51272.1     56    1.899   0      0.000    1.899
78528.0 81536.0 41807.6  0.0   7526464.0 3751797.9 15379136.0  343389.0  51392.0 51272.1     56    1.899   0      0.000    1.899
78528.0 81536.0 41807.6  0.0   7526464.0 4134799.1 15379136.0  343389.0  51392.0 51272.1     56    1.899   0      0.000    1.899
78528.0 81536.0 41807.6  0.0   7526464.0 4601366.2 15379136.0  343389.0  51392.0 51272.1     56    1.899   0      0.000    1.899
78528.0 81536.0 41807.6  0.0   7526464.0 5069221.3 15379136.0  343389.0  51392.0 51272.1     56    1.899   0      0.000    1.899
78528.0 81536.0 41807.6  0.0   7526464.0 5597353.3 15379136.0  343389.0  51392.0 51272.1     56    1.899   0      0.000    1.899
78528.0 81536.0 41807.6  0.0   7526464.0 5931637.8 15379136.0  343389.0  51392.0 51272.1     56    1.899   0      0.000    1.899
78528.0 81536.0 41807.6  0.0   7526464.0 6125839.2 15379136.0  343389.0  51392.0 51272.1     56    1.899   0      0.000    1.899
78528.0 81536.0 41807.6  0.0   7526464.0 6419625.7 15379136.0  343389.0  51392.0 51272.1     56    1.899   0      0.000    1.899
78528.0 81536.0 41807.6  0.0   7526464.0 6783340.7 15379136.0  343389.0  51392.0 51272.1     56    1.899   0      0.000    1.899
78528.0 81536.0 41807.6  0.0   7526464.0 7455338.2 15379136.0  343389.0  51392.0 51272.1     56    1.899   0      0.000    1.899
84992.0 33408.0  0.0   33351.5 7526464.0 620934.9 15379136.0  343612.2  51392.0 51272.1     57    1.913   0      0.000    1.913
84992.0 33408.0  0.0   33351.5 7526464.0 1214675.4 15379136.0  343612.2  51392.0 51272.1     57    1.913   0      0.000    1.913
84992.0 33408.0  0.0   33351.5 7526464.0 1549634.4 15379136.0  343612.2  51392.0 51272.1     57    1.913   0      0.000    1.913
84992.0 33408.0  0.0   33351.5 7526464.0 2156354.1 15379136.0  343612.2  51392.0 51272.1     57    1.913   0      0.000    1.913
84992.0 33408.0  0.0   33351.5 7526464.0 2538958.8 15379136.0  343612.2  51392.0 51272.1     57    1.913   0      0.000    1.913
84992.0 33408.0  0.0   33351.5 7526464.0 3022256.5 15379136.0  343612.2  51392.0 51272.1     57    1.913   0      0.000    1.913
84992.0 33408.0  0.0   33351.5 7526464.0 3410436.1 15379136.0  343612.2  51392.0 51272.1     57    1.913   0      0.000    1.913
84992.0 33408.0  0.0   33351.5 7526464.0 4127551.3 15379136.0  343612.2  51392.0 51272.1     57    1.913   0      0.000    1.913
84992.0 33408.0  0.0   33351.5 7526464.0 4394149.1 15379136.0  343612.2  51392.0 51272.1     57    1.913   0      0.000    1.913
84992.0 33408.0  0.0   33351.5 7526464.0 4913055.5 15379136.0  343612.2  51392.0 51272.1     57    1.913   0      0.000    1.913
84992.0 33408.0  0.0   33351.5 7526464.0 5073785.7 15379136.0  343612.2  51392.0 51272.1     57    1.913   0      0.000    1.913
84992.0 33408.0  0.0   33351.5 7526464.0 5530394.3 15379136.0  343612.2  51392.0 51272.1     57    1.913   0      0.000    1.913
84992.0 33408.0  0.0   33351.5 7526464.0 5693215.3 15379136.0  343612.2  51392.0 51272.1     57    1.913   0      0.000    1.913
84992.0 33408.0  0.0   33351.5 7526464.0 5917210.0 15379136.0  343612.2  51392.0 51272.1     57    1.913   0      0.000    1.913
84992.0 33408.0  0.0   33351.5 7526464.0 6561713.9 15379136.0  343612.2  51392.0 51272.1     57    1.913   0      0.000    1.913
84992.0 33408.0  0.0   33351.5 7526464.0 7118568.8 15379136.0  343612.2  51392.0 51272.1     57    1.913   0      0.000    1.913
84992.0 33408.0  0.0   33351.5 7526464.0 7133942.1 15379136.0  343612.2  51392.0 51272.1     57    1.913   0      0.000    1.913
84992.0 33408.0  0.0   33351.5 7526464.0 7444140.5 15379136.0  343612.2  51392.0 51272.1     57    1.913   0      0.000    1.913
84992.0 88512.0 26275.8  0.0   7512512.0 314029.3 15379136.0  343714.4  51392.0 51272.1     58    1.924   0      0.000    1.924
84992.0 88512.0 26275.8  0.0   7512512.0 532455.8 15379136.0  343714.4  51392.0 51272.1     58    1.924   0      0.000    1.924
84992.0 88512.0 26275.8  0.0   7512512.0 665083.8 15379136.0  343714.4  51392.0 51272.1     58    1.924   0      0.000    1.924
84992.0 88512.0 26275.8  0.0   7512512.0 737261.4 15379136.0  343714.4  51392.0 51272.1     58    1.924   0      0.000    1.924
84992.0 88512.0 26275.8  0.0   7512512.0 742381.1 15379136.0  343714.4  51392.0 51272.1     58    1.924   0      0.000    1.924
84992.0 88512.0 26275.8  0.0   7512512.0 911538.7 15379136.0  343714.4  51392.0 51272.1     58    1.924   0      0.000    1.924
84992.0 88512.0 26275.8  0.0   7512512.0 928386.7 15379136.0  343714.4  51392.0 51272.1     58    1.924   0      0.000    1.924
84992.0 88512.0 26275.8  0.0   7512512.0 1030373.3 15379136.0  343714.4  51392.0 51272.1     58    1.924   0      0.000    1.924
84992.0 88512.0 26275.8  0.0   7512512.0 1064040.2 15379136.0  343714.4  51392.0 51272.1     58    1.924   0      0.000    1.924
84992.0 88512.0 26275.8  0.0   7512512.0 1250359.5 15379136.0  343714.4  51392.0 51272.1     58    1.924   0      0.000    1.924
84992.0 88512.0 26275.8  0.0   7512512.0 1368949.2 15379136.0  343714.4  51392.0 51272.5     58    1.924   0      0.000    1.924
84992.0 88512.0 26275.8  0.0   7512512.0 1538104.4 15379136.0  343714.4  51392.0 51272.5     58    1.924   0      0.000    1.924
84992.0 88512.0 26275.8  0.0   7512512.0 1639554.6 15379136.0  343714.4  51392.0 51272.5     58    1.924   0      0.000    1.924
84992.0 88512.0 26275.8  0.0   7512512.0 1809068.1 15379136.0  343714.4  51392.0 51272.5     58    1.924   0      0.000    1.924
84992.0 88512.0 26275.8  0.0   7512512.0 1809088.6 15379136.0  343714.4  51392.0 51272.5     58    1.924   0      0.000    1.924
84992.0 88512.0 26275.8  0.0   7512512.0 1814492.5 15379136.0  343714.4  51392.0 51272.5     58    1.924   0      0.000    1.924
84992.0 88512.0 26275.8  0.0   7512512.0 1814512.6 15379136.0  343714.4  51392.0 51272.5     58    1.924   0      0.000    1.924
84992.0 88512.0 26275.8  0.0   7512512.0 1814533.1 15379136.0  343714.4  51392.0 51272.5     58    1.924   0      0.000    1.924
84992.0 88512.0 26275.8  0.0   7512512.0 1814557.2 15379136.0  343714.4  51392.0 51272.5     58    1.924   0      0.000    1.924
84992.0 88512.0 26275.8  0.0   7512512.0 1814575.5 15379136.0  343714.4  51392.0 51272.5     58    1.924   0      0.000    1.924
84992.0 88512.0 26275.8  0.0   7512512.0 1814621.9 15379136.0  343714.4  51392.0 51272.5     58    1.924   0      0.000    1.924
84992.0 88512.0 26275.8  0.0   7512512.0 1814640.1 15379136.0  343714.4  51392.0 51272.5     58    1.924   0      0.000    1.924
84992.0 88512.0 26275.8  0.0   7512512.0 1814660.4 15379136.0  343714.4  51392.0 51272.5     58    1.924   0      0.000    1.924
84992.0 88512.0 26275.8  0.0   7512512.0 1814680.7 15379136.0  343714.4  51392.0 51272.5     58    1.924   0      0.000    1.924
84992.0 88512.0 26275.8  0.0   7512512.0 1814703.2 15379136.0  343714.4  51392.0 51272.5     58    1.924   0      0.000    1.924
84992.0 88512.0 26275.8  0.0   7512512.0 1814747.0 15379136.0  343714.4  51392.0 51272.5     58    1.924   0      0.000    1.924
84992.0 88512.0 26275.8  0.0   7512512.0 1814767.5 15379136.0  343714.4  51392.0 51272.5     58    1.924   0      0.000    1.924
84992.0 88512.0 26275.8  0.0   7512512.0 1814783.3 15379136.0  343714.4  51392.0 51272.5     58    1.924   0      0.000    1.924
84992.0 88512.0 26275.8  0.0   7512512.0 1814803.7 15379136.0  343714.4  51392.0 51272.5     58    1.924   0      0.000    1.924
84992.0 88512.0 26275.8  0.0   7512512.0 1814824.2 15379136.0  343714.4  51392.0 51272.5     58    1.924   0      0.000    1.924
84992.0 88512.0 26275.8  0.0   7512512.0 1814872.5 15379136.0  343714.4  51392.0 51272.5     58    1.924   0      0.000    1.924
84992.0 88512.0 26275.8  0.0   7512512.0 1814890.6 15379136.0  343714.4  51392.0 51272.5     58    1.924   0      0.000    1.924
84992.0 88512.0 26275.8  0.0   7512512.0 1814913.0 15379136.0  343714.4  51392.0 51272.5     58    1.924   0      0.000    1.924
84992.0 88512.0 26275.8  0.0   7512512.0 1814931.1 15379136.0  343714.4  51392.0 51272.5     58    1.924   0      0.000    1.924
84992.0 88512.0 26275.8  0.0   7512512.0 1814951.6 15379136.0  343714.4  51392.0 51272.5     58    1.924   0      0.000    1.924
84992.0 88512.0 26275.8  0.0   7512512.0 1814993.7 15379136.0  343714.4  51392.0 51272.5     58    1.924   0      0.000    1.924
84992.0 88512.0 26275.8  0.0   7512512.0 1815014.2 15379136.0  343714.4  51392.0 51272.5     58    1.924   0      0.000    1.924
84992.0 88512.0 26275.8  0.0   7512512.0 1815036.9 15379136.0  343714.4  51392.0 51272.5     58    1.924   0      0.000    1.924
84992.0 88512.0 26275.8  0.0   7512512.0 1815055.2 15379136.0  343714.4  51392.0 51272.5     58    1.924   0      0.000    1.924
84992.0 88512.0 26275.8  0.0   7512512.0 1815075.6 15379136.0  343714.4  51392.0 51272.5     58    1.924   0      0.000    1.924
84992.0 88512.0 26275.8  0.0   7512512.0 1815120.9 15379136.0  343714.4  51392.0 51272.5     58    1.924   0      0.000    1.924
84992.0 88512.0 26275.8  0.0   7512512.0 1815141.4 15379136.0  343714.4  51392.0 51272.5     58    1.924   0      0.000    1.924
84992.0 88512.0 26275.8  0.0   7512512.0 1815165.4 15379136.0  343714.4  51392.0 51272.5     58    1.924   0      0.000    1.924
84992.0 88512.0 26275.8  0.0   7512512.0 1815183.5 15379136.0  343714.4  51392.0 51272.5     58    1.924   0      0.000    1.924
84992.0 88512.0 26275.8  0.0   7512512.0 1815201.6 15379136.0  343714.4  51392.0 51272.5     58    1.924   0      0.000    1.924
84992.0 88512.0 26275.8  0.0   7512512.0 1815251.9 15379136.0  343714.4  51392.0 51272.5     58    1.924   0      0.000    1.924
84992.0 88512.0 26275.8  0.0   7512512.0 1815270.0 15379136.0  343714.4  51392.0 51272.5     58    1.924   0      0.000    1.924
84992.0 88512.0 26275.8  0.0   7512512.0 1815288.1 15379136.0  343714.4  51392.0 51272.5     58    1.924   0      0.000    1.924
84992.0 88512.0 26275.8  0.0   7512512.0 1815308.4 15379136.0  343714.4  51392.0 51272.5     58    1.924   0      0.000    1.924
84992.0 88512.0 26275.8  0.0   7512512.0 1815331.1 15379136.0  343714.4  51392.0 51272.5     58    1.924   0      0.000    1.924
84992.0 88512.0 26275.8  0.0   7512512.0 1815373.9 15379136.0  343714.4  51392.0 51272.5     58    1.924   0      0.000    1.924
84992.0 88512.0 26275.8  0.0   7512512.0 1815392.0 15379136.0  343714.4  51392.0 51272.5     58    1.924   0      0.000    1.924
84992.0 88512.0 26275.8  0.0   7512512.0 1815414.8 15379136.0  343714.4  51392.0 51272.5     58    1.924   0      0.000    1.924
84992.0 88512.0 26275.8  0.0   7512512.0 1815430.6 15379136.0  343714.4  51392.0 51272.5     58    1.924   0      0.000    1.924
84992.0 88512.0 26275.8  0.0   7512512.0 1815454.8 15379136.0  343714.4  51392.0 51272.5     58    1.924   0      0.000    1.924
84992.0 88512.0 26275.8  0.0   7512512.0 1815499.1 15379136.0  343714.4  51392.0 51272.5     58    1.924   0      0.000    1.924
84992.0 88512.0 26275.8  0.0   7512512.0 1815519.2 15379136.0  343714.4  51392.0 51272.5     58    1.924   0      0.000    1.924
84992.0 88512.0 26275.8  0.0   7512512.0 1815539.7 15379136.0  343714.4  51392.0 51272.5     58    1.924   0      0.000    1.924
84992.0 88512.0 26275.8  0.0   7512512.0 1815560.1 15379136.0  343714.4  51392.0 51272.7     58    1.924   0      0.000    1.924
84992.0 88512.0 26275.8  0.0   7512512.0 1815578.3 15379136.0  343714.4  51392.0 51272.7     58    1.924   0      0.000    1.924
84992.0 88512.0 26275.8  0.0   7512512.0 1815623.5 15379136.0  343714.4  51392.0 51272.7     58    1.924   0      0.000    1.924
84992.0 88512.0 26275.8  0.0   7512512.0 1815641.6 15379136.0  343714.4  51392.0 51272.7     58    1.924   0      0.000    1.924
84992.0 88512.0 26275.8  0.0   7512512.0 1815662.1 15379136.0  343714.4  51392.0 51272.7     58    1.924   0      0.000    1.924
84992.0 88512.0 26275.8  0.0   7512512.0 1900935.9 15379136.0  343714.4  51392.0 51278.9     58    1.924   0      0.000    1.924
