 S0C    S1C    S0U    S1U      EC       EU        OC         OU       PC     PU    YGC     YGCT    FGC    FGCT     GCT   
961152.0 961152.0  0.0    0.0   5767232.0 115344.7 15379136.0    0.0     21248.0 4901.2      0    0.000   0      0.000    0.000
961152.0 961152.0  0.0    0.0   5767232.0 230689.5 15379136.0    0.0     21248.0 13982.0      0    0.000   0      0.000    0.000
961152.0 961152.0  0.0    0.0   5767232.0 230689.5 15379136.0    0.0     21248.0 13983.7      0    0.000   0      0.000    0.000
961152.0 961152.0  0.0    0.0   5767232.0 230689.5 15379136.0    0.0     21248.0 13983.7      0    0.000   0      0.000    0.000
961152.0 961152.0  0.0    0.0   5767232.0 230689.5 15379136.0    0.0     21248.0 13983.7      0    0.000   0      0.000    0.000
961152.0 961152.0  0.0    0.0   5767232.0 230689.5 15379136.0    0.0     21248.0 13983.7      0    0.000   0      0.000    0.000
961152.0 961152.0  0.0    0.0   5767232.0 230689.5 15379136.0    0.0     21248.0 13983.7      0    0.000   0      0.000    0.000
961152.0 961152.0  0.0    0.0   5767232.0 230689.5 15379136.0    0.0     21248.0 13983.7      0    0.000   0      0.000    0.000
961152.0 961152.0  0.0    0.0   5767232.0 230689.5 15379136.0    0.0     21248.0 13983.7      0    0.000   0      0.000    0.000
961152.0 961152.0  0.0    0.0   5767232.0 230689.5 15379136.0    0.0     21248.0 18430.2      0    0.000   0      0.000    0.000
961152.0 961152.0  0.0    0.0   5767232.0 5421941.3 15379136.0    0.0     37184.0 36830.9      0    0.000   0      0.000    0.000
961152.0 961152.0  0.0    0.0   5767232.0 5537286.0 15379136.0    0.0     39680.0 39478.7      0    0.000   0      0.000    0.000
961152.0 961152.0  0.0    0.0   5767232.0 5537286.0 15379136.0    0.0     41024.0 40978.5      0    0.000   0      0.000    0.000
961152.0 961152.0  0.0    0.0   5767232.0 5767232.0 15379136.0    0.0     46976.0 46505.6      0    0.000   0      0.000    0.000
961152.0 961152.0  0.0   118505.8 5767232.0 3154865.4 15379136.0    0.0     50816.0 50688.8      1    0.070   0      0.000    0.070
961152.0 961152.0 144277.1  0.0   5767232.0 2093878.4 15379136.0    0.0     51008.0 50836.4      2    0.112   0      0.000    0.112
961152.0 961152.0  0.0   140324.0 5767232.0 882162.0 15379136.0    0.0     51008.0 50911.9      3    0.145   0      0.000    0.145
961152.0 961152.0  0.0   140324.0 5767232.0 5474191.9 15379136.0    0.0     51008.0 50927.5      3    0.145   0      0.000    0.145
961152.0 961152.0 140846.3  0.0   5767232.0 3594558.6 15379136.0    0.0     51392.0 51289.5      4    0.177   0      0.000    0.177
156032.0 961152.0  0.0   144477.1 5767232.0 460774.2 15379136.0    0.0     51392.0 51293.4      5    0.219   0      0.000    0.219
156032.0 961152.0  0.0   144477.1 5767232.0 3923858.9 15379136.0    0.0     51392.0 51293.5      5    0.219   0      0.000    0.219
156032.0 156800.0 144174.5  0.0   7375936.0 1695971.1 15379136.0    8.0     51392.0 51294.2      6    0.263   0      0.000    0.263
156032.0 156800.0 144174.5  0.0   7375936.0 4785962.6 15379136.0    8.0     51392.0 51305.3      6    0.263   0      0.000    0.263
156032.0 156800.0 144174.5  0.0   7375936.0 6512275.7 15379136.0    8.0     51392.0 51321.9      6    0.263   0      0.000    0.263
170368.0 65856.0  0.0   65843.3 7375936.0 1470567.6 15379136.0  83254.1   51392.0 51328.7      7    0.305   0      0.000    0.305
170368.0 65856.0  0.0   65843.3 7375936.0 3838303.6 15379136.0  83254.1   51392.0 51332.3      7    0.305   0      0.000    0.305
170368.0 65856.0  0.0   65843.3 7375936.0 6546503.8 15379136.0  83254.1   51392.0 51333.3      7    0.305   0      0.000    0.305
170368.0 177792.0 65110.6  0.0   7333952.0 1162887.2 15379136.0  84326.9   51392.0 51363.0      8    0.317   0      0.000    0.317
170368.0 177792.0 65110.6  0.0   7333952.0 2513796.6 15379136.0  84326.9   51392.0 51363.0      8    0.317   0      0.000    0.317
170368.0 177792.0 65110.6  0.0   7333952.0 4005040.8 15379136.0  84326.9   51584.0 51405.2      8    0.317   0      0.000    0.317
170368.0 177792.0 65110.6  0.0   7333952.0 5095317.3 15379136.0  84326.9   51584.0 51405.8      8    0.317   0      0.000    0.317
170368.0 177792.0 65110.6  0.0   7333952.0 6411392.6 15379136.0  84326.9   51584.0 51406.3      8    0.317   0      0.000    0.317
181376.0 67584.0  0.0   67548.8 7333952.0 150367.6 15379136.0  87997.9   51584.0 51406.6      9    0.330   0      0.000    0.330
181376.0 67584.0  0.0   67548.8 7333952.0 1808643.9 15379136.0  87997.9   51584.0 51408.3      9    0.330   0      0.000    0.330
181376.0 67584.0  0.0   67548.8 7333952.0 3486418.0 15379136.0  87997.9   51584.0 51408.8      9    0.330   0      0.000    0.330
181376.0 67584.0  0.0   67548.8 7333952.0 4777578.6 15379136.0  87997.9   51584.0 51409.5      9    0.330   0      0.000    0.330
181376.0 67584.0  0.0   67548.8 7333952.0 6117554.2 15379136.0  87997.9   51584.0 51409.5      9    0.330   0      0.000    0.330
181376.0 182912.0 66818.7  0.0   7323712.0 112656.1 15379136.0  92841.6   51584.0 51410.0     10    0.343   0      0.000    0.343
181376.0 182912.0 66818.7  0.0   7323712.0 1308492.6 15379136.0  92841.6   51584.0 51410.5     10    0.343   0      0.000    0.343
181376.0 182912.0 66818.7  0.0   7323712.0 2685763.0 15379136.0  92841.6   51584.0 51410.5     10    0.343   0      0.000    0.343
181376.0 182912.0 66818.7  0.0   7323712.0 3808428.6 15379136.0  92841.6   51584.0 51410.5     10    0.343   0      0.000    0.343
181376.0 182912.0 66818.7  0.0   7323712.0 4808361.3 15379136.0  92841.6   51584.0 51416.6     10    0.343   0      0.000    0.343
181376.0 182912.0 66818.7  0.0   7323712.0 6544349.5 15379136.0  92841.6   51584.0 51416.8     10    0.343   0      0.000    0.343
184256.0 59776.0  0.0   59731.4 7323712.0 1698603.3 15379136.0  103188.0  51584.0 51420.3     11    0.358   0      0.000    0.358
184256.0 59776.0  0.0   59731.4 7323712.0 3718551.5 15379136.0  103188.0  51584.0 51420.5     11    0.358   0      0.000    0.358
184256.0 59776.0  0.0   59731.4 7323712.0 5141270.4 15379136.0  103188.0  51584.0 51422.9     11    0.358   0      0.000    0.358
184256.0 59776.0  0.0   59731.4 7323712.0 5892173.9 15379136.0  103188.0  51584.0 51422.9     11    0.358   0      0.000    0.358
184256.0 186496.0 45249.6  0.0   7316544.0 598953.8 15379136.0  115052.5  51584.0 51422.9     12    0.369   0      0.000    0.369
184256.0 186496.0 45249.6  0.0   7316544.0 2454925.4 15379136.0  115052.5  51584.0 51423.9     12    0.369   0      0.000    0.369
184256.0 186496.0 45249.6  0.0   7316544.0 4289784.8 15379136.0  115052.5  51584.0 51425.7     12    0.369   0      0.000    0.369
184256.0 186496.0 45249.6  0.0   7316544.0 5697412.2 15379136.0  115052.5  51584.0 51434.3     12    0.369   0      0.000    0.369
185728.0 186496.0  0.0   52310.7 7316544.0 901765.1 15379136.0  120956.8  51584.0 51434.9     13    0.382   0      0.000    0.382
185728.0 186496.0  0.0   52310.7 7316544.0 4270844.8 15379136.0  120956.8  51584.0 51434.9     13    0.382   0      0.000    0.382
185728.0 186624.0 35767.3  0.0   7316288.0 250642.7 15379136.0  140105.1  51584.0 51435.9     14    0.394   0      0.000    0.394
185728.0 186624.0 35767.3  0.0   7316288.0 2916154.7 15379136.0  140105.1  51584.0 51439.6     14    0.394   0      0.000    0.394
185728.0 186624.0 35767.3  0.0   7316288.0 5170874.3 15379136.0  140105.1  51584.0 51446.2     14    0.394   0      0.000    0.394
185728.0 186624.0 35767.3  0.0   7316288.0 7267055.8 15379136.0  140105.1  51584.0 51446.4     14    0.394   0      0.000    0.394
183616.0 186624.0  0.0   48556.0 7316288.0 2071145.6 15379136.0  145562.5  51584.0 51454.9     15    0.405   0      0.000    0.405
183616.0 186624.0  0.0   48556.0 7316288.0 4069319.2 15379136.0  145562.5  51584.0 51457.0     15    0.405   0      0.000    0.405
183616.0 186624.0  0.0   48556.0 7316288.0 5935318.3 15379136.0  145562.5  51584.0 51457.2     15    0.405   0      0.000    0.405
183616.0 180608.0 44326.3  0.0   7325312.0 528227.1 15379136.0  158058.9  51584.0 51458.8     16    0.417   0      0.000    0.417
183616.0 180608.0 44326.3  0.0   7325312.0 2715426.9 15379136.0  158058.9  51584.0 51469.8     16    0.417   0      0.000    0.417
183616.0 180608.0 44326.3  0.0   7325312.0 5100348.1 15379136.0  158058.9  51584.0 51470.1     16    0.417   0      0.000    0.417
176640.0 180608.0  0.0   44857.5 7325312.0 356887.8 15379136.0  169863.0  51584.0 51471.9     17    0.430   0      0.000    0.430
176640.0 180608.0  0.0   44857.5 7325312.0 3739411.0 15379136.0  169863.0  51584.0 51473.6     17    0.430   0      0.000    0.430
176640.0 173824.0 34935.0  0.0   7339072.0 600507.8 15379136.0  185492.4  51584.0 51474.6     18    0.443   0      0.000    0.443
176640.0 173824.0 34935.0  0.0   7339072.0 4687963.5 15379136.0  185492.4  51584.0 51477.9     18    0.443   0      0.000    0.443
170368.0 173824.0  0.0   33641.1 7339072.0 1397704.4 15379136.0  196471.7  51584.0 51477.9     19    0.454   0      0.000    0.454
170368.0 173824.0  0.0   33641.1 7339072.0 5435048.6 15379136.0  196471.7  51584.0 51478.4     19    0.454   0      0.000    0.454
170368.0 167040.0 28771.6  0.0   7352128.0 1573313.0 15379136.0  205372.7  51584.0 51483.9     20    0.463   0      0.000    0.463
170368.0 167040.0 28771.6  0.0   7352128.0 4124186.4 15379136.0  205372.7  51584.0 51485.1     20    0.463   0      0.000    0.463
170368.0 167040.0 28771.6  0.0   7352128.0 6797215.8 15379136.0  205372.7  51584.0 51491.7     20    0.463   0      0.000    0.463
160448.0 167040.0  0.0   43846.6 7352128.0 2380267.4 15379136.0  214257.7  51584.0 51492.4     21    0.480   0      0.000    0.480
160448.0 167040.0  0.0   43846.6 7352128.0 5288498.1 15379136.0  214257.7  51584.0 51493.6     21    0.480   0      0.000    0.480
160448.0 155136.0 36525.7  0.0   7373952.0 1449041.3 15379136.0  236827.9  51584.0 51494.4     22    0.495   0      0.000    0.495
160448.0 155136.0 36525.7  0.0   7373952.0 4835335.1 15379136.0  236827.9  51584.0 51494.4     22    0.495   0      0.000    0.495
160448.0 155136.0 36525.7  0.0   7373952.0 6867297.1 15379136.0  236827.9  51584.0 51495.4     22    0.495   0      0.000    0.495
149312.0 155136.0  0.0   38367.8 7373952.0 2917090.5 15379136.0  249910.1  51584.0 51495.8     23    0.505   0      0.000    0.505
149312.0 155136.0  0.0   38367.8 7373952.0 6176987.1 15379136.0  249910.1  51584.0 51495.8     23    0.505   0      0.000    0.505
149312.0 143616.0 37784.4  0.0   7396608.0 2392854.3 15379136.0  263652.4  51584.0 51495.8     24    0.516   0      0.000    0.516
149312.0 143616.0 37784.4  0.0   7396608.0 5143085.1 15379136.0  263652.4  51584.0 51496.0     24    0.516   0      0.000    0.516
135168.0 143616.0  0.0   56753.2 7396608.0 298007.0 15379136.0  274625.2  51584.0 51496.0     25    0.529   0      0.000    0.529
135168.0 143616.0  0.0   56753.2 7396608.0 2389862.1 15379136.0  274625.2  51584.0 51496.0     25    0.529   0      0.000    0.529
135168.0 143616.0  0.0   56753.2 7396608.0 4628411.6 15379136.0  274625.2  51584.0 51496.0     25    0.529   0      0.000    0.529
135168.0 143616.0  0.0   56753.2 7396608.0 6688380.1 15379136.0  274625.2  51584.0 51496.0     25    0.529   0      0.000    0.529
135168.0 128768.0 47202.7  0.0   7425600.0 431550.6 15379136.0  289579.8  51584.0 51496.0     26    0.542   0      0.000    0.542
135168.0 128768.0 47202.7  0.0   7425600.0 1865457.2 15379136.0  289579.8  51584.0 51496.6     26    0.542   0      0.000    0.542
135168.0 128768.0 47202.7  0.0   7425600.0 3233036.7 15379136.0  289579.8  51584.0 51497.2     26    0.542   0      0.000    0.542
135168.0 128768.0 47202.7  0.0   7425600.0 4620142.1 15379136.0  289579.8  51584.0 51497.2     26    0.542   0      0.000    0.542
135168.0 128768.0 47202.7  0.0   7425600.0 6004403.4 15379136.0  289579.8  51584.0 51497.2     26    0.542   0      0.000    0.542
135168.0 128768.0 47202.7  0.0   7425600.0 7310566.6 15379136.0  289579.8  51584.0 51497.9     26    0.542   0      0.000    0.542
122944.0 128768.0  0.0   59408.4 7425600.0 2382007.6 15379136.0  296143.4  51584.0 51497.9     27    0.556   0      0.000    0.556
122944.0 128768.0  0.0   59408.4 7425600.0 4350007.4 15379136.0  296143.4  51584.0 51497.9     27    0.556   0      0.000    0.556
122944.0 128768.0  0.0   59408.4 7425600.0 6204457.2 15379136.0  296143.4  51584.0 51498.8     27    0.556   0      0.000    0.556
122944.0 118528.0 42223.6  0.0   7448064.0 1220564.1 15379136.0  317361.2  51584.0 51499.8     28    0.570   0      0.000    0.570
122944.0 118528.0 42223.6  0.0   7448064.0 4304215.7 15379136.0  317361.2  51584.0 51500.3     28    0.570   0      0.000    0.570
122944.0 118528.0 42223.6  0.0   7448064.0 7304911.7 15379136.0  317361.2  51584.0 51500.6     28    0.570   0      0.000    0.570
116480.0 118528.0  0.0   28334.2 7448064.0 1744497.8 15379136.0  341762.1  51584.0 51502.9     29    0.580   0      0.000    0.580
116480.0 118528.0  0.0   28334.2 7448064.0 2676011.7 15379136.0  341762.1  51584.0 51502.9     29    0.580   0      0.000    0.580
116480.0 118528.0  0.0   28334.2 7448064.0 4339962.7 15379136.0  341762.1  51584.0 51502.9     29    0.580   0      0.000    0.580
116480.0 118528.0  0.0   28334.2 7448064.0 5700371.1 15379136.0  341762.1  51584.0 51502.9     29    0.580   0      0.000    0.580
116480.0 118528.0  0.0   28334.2 7448064.0 6863160.8 15379136.0  341762.1  51584.0 51502.9     29    0.580   0      0.000    0.580
116480.0 114432.0 63538.9  0.0   7458624.0 417770.6 15379136.0  345829.6  51584.0 51502.9     30    0.593   0      0.000    0.593
116480.0 114432.0 63538.9  0.0   7458624.0 1650215.6 15379136.0  345829.6  51584.0 51502.9     30    0.593   0      0.000    0.593
116480.0 114432.0 63538.9  0.0   7458624.0 2748018.4 15379136.0  345829.6  51584.0 51502.9     30    0.593   0      0.000    0.593
116480.0 114432.0 63538.9  0.0   7458624.0 3252063.6 15379136.0  345829.6  51584.0 51503.3     30    0.593   0      0.000    0.593
116480.0 114432.0 63538.9  0.0   7458624.0 4079188.3 15379136.0  345829.6  51584.0 51503.3     30    0.593   0      0.000    0.593
116480.0 114432.0 63538.9  0.0   7458624.0 4720526.4 15379136.0  345829.6  51584.0 51503.9     30    0.593   0      0.000    0.593
116480.0 114432.0 63538.9  0.0   7458624.0 6481524.2 15379136.0  345829.6  51584.0 51503.9     30    0.593   0      0.000    0.593
116480.0 114432.0 63538.9  0.0   7458624.0 6859240.2 15379136.0  345829.6  51584.0 51503.9     30    0.593   0      0.000    0.593
116480.0 114432.0 63538.9  0.0   7458624.0 7210736.8 15379136.0  345829.6  51584.0 51503.9     30    0.593   0      0.000    0.593
112128.0 114432.0  0.0   63293.0 7458624.0 90973.7  15379136.0  348974.8  51584.0 51503.9     31    0.605   0      0.000    0.605
112128.0 114432.0  0.0   63293.0 7458624.0 1463311.7 15379136.0  348974.8  51584.0 51504.1     31    0.605   0      0.000    0.605
112128.0 114432.0  0.0   63293.0 7458624.0 3084070.4 15379136.0  348974.8  51584.0 51504.1     31    0.605   0      0.000    0.605
112128.0 114432.0  0.0   63293.0 7458624.0 4921863.9 15379136.0  348974.8  51584.0 51504.1     31    0.605   0      0.000    0.605
112128.0 114432.0  0.0   63293.0 7458624.0 7211304.2 15379136.0  348974.8  51584.0 51504.1     31    0.605   0      0.000    0.605
112128.0 107968.0 43921.4  0.0   7469440.0 1035953.8 15379136.0  368694.7  51584.0 51504.1     32    0.617   0      0.000    0.617
112128.0 107968.0 43921.4  0.0   7469440.0 2434117.4 15379136.0  368694.7  51584.0 51506.9     32    0.617   0      0.000    0.617
112128.0 107968.0 43921.4  0.0   7469440.0 5118602.7 15379136.0  368694.7  51584.0 51506.9     32    0.617   0      0.000    0.617
104960.0 107968.0  0.0   38223.2 7469440.0 511727.3 15379136.0  385519.6  51584.0 51508.2     33    0.629   0      0.000    0.629
104960.0 107968.0  0.0   38223.2 7469440.0 3563710.5 15379136.0  385519.6  51584.0 51508.2     33    0.629   0      0.000    0.629
104960.0 107968.0  0.0   38223.2 7469440.0 4352877.8 15379136.0  385519.6  51584.0 51508.6     33    0.629   0      0.000    0.629
104960.0 107968.0  0.0   38223.2 7469440.0 6100884.0 15379136.0  385519.6  51584.0 51509.7     33    0.629   0      0.000    0.629
104960.0 99840.0 52041.3  0.0   7484736.0 184485.1 15379136.0  391829.6  51584.0 51509.9     34    0.642   0      0.000    0.642
104960.0 99840.0 52041.3  0.0   7484736.0 1733854.1 15379136.0  391829.6  51584.0 51509.9     34    0.642   0      0.000    0.642
104960.0 99840.0 52041.3  0.0   7484736.0 3080559.8 15379136.0  391829.6  51584.0 51513.5     34    0.642   0      0.000    0.642
104960.0 99840.0 52041.3  0.0   7484736.0 4326685.1 15379136.0  391829.6  51584.0 51513.8     34    0.642   0      0.000    0.642
104960.0 99840.0 52041.3  0.0   7484736.0 5636931.3 15379136.0  391829.6  51584.0 51513.9     34    0.642   0      0.000    0.642
104960.0 99840.0 52041.3  0.0   7484736.0 6914183.4 15379136.0  391829.6  51584.0 51513.9     34    0.642   0      0.000    0.642
96192.0 99840.0  0.0   44662.9 7484736.0 846069.7 15379136.0  404444.8  51584.0 51513.9     35    0.653   0      0.000    0.653
96192.0 99840.0  0.0   44662.9 7484736.0 2112628.7 15379136.0  404444.8  51584.0 51514.3     35    0.653   0      0.000    0.653
96192.0 99840.0  0.0   44662.9 7484736.0 3816153.6 15379136.0  404444.8  51584.0 51514.7     35    0.653   0      0.000    0.653
96192.0 99840.0  0.0   44662.9 7484736.0 5164476.7 15379136.0  404444.8  51584.0 51517.0     35    0.653   0      0.000    0.653
96192.0 99840.0  0.0   44662.9 7484736.0 6612191.7 15379136.0  404444.8  51584.0 51519.0     35    0.653   0      0.000    0.653
96192.0 92992.0 42959.3  0.0   7500352.0 238749.1 15379136.0  412868.0  51584.0 51519.7     36    0.664   0      0.000    0.664
96192.0 92992.0 42959.3  0.0   7500352.0 1289651.5 15379136.0  412868.0  51584.0 51519.7     36    0.664   0      0.000    0.664
96192.0 92992.0 42959.3  0.0   7500352.0 2285319.2 15379136.0  412868.0  51584.0 51519.7     36    0.664   0      0.000    0.664
96192.0 92992.0 42959.3  0.0   7500352.0 4428480.9 15379136.0  412868.0  51584.0 51523.7     36    0.664   0      0.000    0.664
96192.0 92992.0 42959.3  0.0   7500352.0 5818737.7 15379136.0  412868.0  51584.0 51523.7     36    0.664   0      0.000    0.664
89280.0 92992.0  0.0   46590.3 7500352.0 462276.6 15379136.0  418859.0  51584.0 51524.1     37    0.674   0      0.000    0.674
89280.0 92992.0  0.0   46590.3 7500352.0 2322462.2 15379136.0  418859.0  51584.0 51524.1     37    0.674   0      0.000    0.674
89280.0 92992.0  0.0   46590.3 7500352.0 3424169.1 15379136.0  418859.0  51584.0 51524.1     37    0.674   0      0.000    0.674
89280.0 92992.0  0.0   46590.3 7500352.0 4436943.9 15379136.0  418859.0  51584.0 51525.5     37    0.674   0      0.000    0.674
89280.0 92992.0  0.0   46590.3 7500352.0 5155829.2 15379136.0  418859.0  51584.0 51526.1     37    0.674   0      0.000    0.674
89280.0 92992.0  0.0   46590.3 7500352.0 5871002.8 15379136.0  418859.0  51584.0 51527.9     37    0.674   0      0.000    0.674
89280.0 92992.0  0.0   46590.3 7500352.0 6399042.5 15379136.0  418859.0  51584.0 51528.7     37    0.674   0      0.000    0.674
89280.0 92992.0  0.0   46590.3 7500352.0 6850684.6 15379136.0  418859.0  51584.0 51529.1     37    0.674   0      0.000    0.674
89280.0 92992.0  0.0   46590.3 7500352.0 7247621.8 15379136.0  418859.0  51584.0 51529.5     37    0.674   0      0.000    0.674
89280.0 90944.0 64852.1  0.0   7507648.0 105599.3 15379136.0  422636.9  51584.0 51529.5     38    0.687   0      0.000    0.687
89280.0 90944.0 64852.1  0.0   7507648.0 414443.2 15379136.0  422636.9  51584.0 51530.5     38    0.687   0      0.000    0.687
89280.0 90944.0 64852.1  0.0   7507648.0 842561.1 15379136.0  422636.9  51584.0 51534.1     38    0.687   0      0.000    0.687
89280.0 90944.0 64852.1  0.0   7507648.0 1252858.6 15379136.0  422636.9  51584.0 51534.4     38    0.687   0      0.000    0.687
89280.0 90944.0 64852.1  0.0   7507648.0 1696451.3 15379136.0  422636.9  51584.0 51537.1     38    0.687   0      0.000    0.687
89280.0 90944.0 64852.1  0.0   7507648.0 2005658.4 15379136.0  422636.9  51584.0 51537.1     38    0.687   0      0.000    0.687
89280.0 90944.0 64852.1  0.0   7507648.0 3029378.1 15379136.0  422636.9  51584.0 51539.7     38    0.687   0      0.000    0.687
89280.0 90944.0 64852.1  0.0   7507648.0 4539772.1 15379136.0  422636.9  51584.0 51540.9     38    0.687   0      0.000    0.687
89280.0 90944.0 64852.1  0.0   7507648.0 5803163.7 15379136.0  422636.9  51584.0 51541.2     38    0.687   0      0.000    0.687
89280.0 90944.0 64852.1  0.0   7507648.0 7352161.0 15379136.0  422636.9  51584.0 51542.8     38    0.687   0      0.000    0.687
87616.0 90944.0  0.0   47342.5 7507648.0 1234668.7 15379136.0  442219.9  51584.0 51545.5     39    0.700   0      0.000    0.700
87616.0 90944.0  0.0   47342.5 7507648.0 4094407.5 15379136.0  442219.9  51584.0 51546.0     39    0.700   0      0.000    0.700
87616.0 90944.0  0.0   47342.5 7507648.0 6979934.5 15379136.0  442219.9  51584.0 51546.3     39    0.700   0      0.000    0.700
87616.0 88448.0 24145.6  0.0   7512640.0 810080.0 15379136.0  470553.2  51584.0 51548.2     40    0.715   0      0.000    0.715
87616.0 88448.0 24145.6  0.0   7512640.0 1703732.6 15379136.0  470553.2  51584.0 51548.2     40    0.715   0      0.000    0.715
87616.0 88448.0 24145.6  0.0   7512640.0 3201817.5 15379136.0  470553.2  51584.0 51548.6     40    0.715   0      0.000    0.715
87616.0 88448.0 24145.6  0.0   7512640.0 4525377.6 15379136.0  470553.2  51584.0 51550.6     40    0.715   0      0.000    0.715
87616.0 88448.0 24145.6  0.0   7512640.0 6950832.7 15379136.0  470553.2  51584.0 51551.5     40    0.715   0      0.000    0.715
85248.0 88448.0  0.0   50321.3 7512640.0 1355605.7 15379136.0  478806.8  51584.0 51551.7     41    0.738   0      0.000    0.738
85248.0 88448.0  0.0   50321.3 7512640.0 2313519.6 15379136.0  478806.8  51584.0 51552.0     41    0.738   0      0.000    0.738
85248.0 88448.0  0.0   50321.3 7512640.0 3327257.0 15379136.0  478806.8  51584.0 51552.0     41    0.738   0      0.000    0.738
85248.0 88448.0  0.0   50321.3 7512640.0 4524518.7 15379136.0  478806.8  51584.0 51552.1     41    0.738   0      0.000    0.738
85248.0 88448.0  0.0   50321.3 7512640.0 5437937.1 15379136.0  478806.8  51584.0 51553.2     41    0.738   0      0.000    0.738
85248.0 88448.0  0.0   50321.3 7512640.0 6662873.9 15379136.0  478806.8  51584.0 51553.2     41    0.738   0      0.000    0.738
85248.0 82240.0 50253.2  0.0   7522048.0 1184719.1 15379136.0  490319.5  51584.0 51553.4     42    0.752   0      0.000    0.752
85248.0 82240.0 50253.2  0.0   7522048.0 2562646.8 15379136.0  490319.5  51584.0 51553.4     42    0.752   0      0.000    0.752
85248.0 82240.0 50253.2  0.0   7522048.0 3238978.8 15379136.0  490319.5  51584.0 51553.4     42    0.752   0      0.000    0.752
85248.0 82240.0 50253.2  0.0   7522048.0 3977458.9 15379136.0  490319.5  51584.0 51553.9     42    0.752   0      0.000    0.752
85248.0 82240.0 50253.2  0.0   7522048.0 4534528.6 15379136.0  490319.5  51584.0 51554.1     42    0.752   0      0.000    0.752
85248.0 82240.0 50253.2  0.0   7522048.0 5904960.8 15379136.0  490319.5  51584.0 51554.1     42    0.752   0      0.000    0.752
85248.0 82240.0 50253.2  0.0   7522048.0 6851730.4 15379136.0  490319.5  51584.0 51554.1     42    0.752   0      0.000    0.752
81728.0 82240.0  0.0   56282.4 7522048.0 359886.8 15379136.0  500302.0  51584.0 51554.3     43    0.767   0      0.000    0.767
81728.0 82240.0  0.0   56282.4 7522048.0 1791727.4 15379136.0  500302.0  51584.0 51554.5     43    0.767   0      0.000    0.767
81728.0 82240.0  0.0   56282.4 7522048.0 2738579.3 15379136.0  500302.0  51584.0 51555.4     43    0.767   0      0.000    0.767
81728.0 82240.0  0.0   56282.4 7522048.0 3640729.1 15379136.0  500302.0  51584.0 51555.4     43    0.767   0      0.000    0.767
81728.0 82240.0  0.0   56282.4 7522048.0 4574427.0 15379136.0  500302.0  51584.0 51555.4     43    0.767   0      0.000    0.767
81728.0 82240.0  0.0   56282.4 7522048.0 5178304.8 15379136.0  500302.0  51584.0 51557.0     43    0.767   0      0.000    0.767
81728.0 82240.0  0.0   56282.4 7522048.0 6021997.6 15379136.0  500302.0  51584.0 51557.0     43    0.767   0      0.000    0.767
81728.0 82240.0  0.0   56282.4 7522048.0 7315955.8 15379136.0  500302.0  51584.0 51557.1     43    0.767   0      0.000    0.767
81728.0 80128.0 53689.1  0.0   7527680.0 882114.9 15379136.0  507568.9  51584.0 51557.1     44    0.779   0      0.000    0.779
81728.0 80128.0 53689.1  0.0   7527680.0 1901951.4 15379136.0  507568.9  51776.0 51635.9     44    0.779   0      0.000    0.779
81728.0 80128.0 53689.1  0.0   7527680.0 3335755.0 15379136.0  507568.9  51776.0 51635.9     44    0.779   0      0.000    0.779
81728.0 80128.0 53689.1  0.0   7527680.0 4494132.1 15379136.0  507568.9  51776.0 51636.6     44    0.779   0      0.000    0.779
81728.0 80128.0 53689.1  0.0   7527680.0 5405317.1 15379136.0  507568.9  51776.0 51637.6     44    0.779   0      0.000    0.779
81728.0 80128.0 53689.1  0.0   7527680.0 6448546.0 15379136.0  507568.9  51776.0 51637.8     44    0.779   0      0.000    0.779
78848.0 80128.0  0.0   54539.5 7527680.0 789046.9 15379136.0  516288.5  51776.0 51638.2     45    0.794   0      0.000    0.794
78848.0 80128.0  0.0   54539.5 7527680.0 3657522.9 15379136.0  516288.5  51776.0 51639.3     45    0.794   0      0.000    0.794
78848.0 78464.0 35865.8  0.0   7532224.0 128385.5 15379136.0  537873.6  51776.0 51639.7     46    0.810   0      0.000    0.810
78848.0 78464.0 35865.8  0.0   7532224.0 3723948.8 15379136.0  537873.6  51776.0 51639.9     46    0.810   0      0.000    0.810
78848.0 78464.0 35865.8  0.0   7532224.0 5481153.9 15379136.0  537873.6  51776.0 51640.1     46    0.810   0      0.000    0.810
78848.0 78464.0 35865.8  0.0   7532224.0 6817046.3 15379136.0  537873.6  51776.0 51640.1     46    0.810   0      0.000    0.810
78848.0 78464.0 35865.8  0.0   7532224.0 7372775.5 15379136.0  537873.6  51776.0 51640.1     46    0.810   0      0.000    0.810
75776.0 78464.0  0.0   49640.8 7532224.0 1117624.5 15379136.0  553907.4  51776.0 51640.1     47    0.825   0      0.000    0.825
75776.0 78464.0  0.0   49640.8 7532224.0 2480972.1 15379136.0  553907.4  51776.0 51640.1     47    0.825   0      0.000    0.825
75776.0 78464.0  0.0   49640.8 7532224.0 4152580.8 15379136.0  553907.4  51776.0 51640.1     47    0.825   0      0.000    0.825
75776.0 78464.0  0.0   49640.8 7532224.0 5870834.0 15379136.0  553907.4  51776.0 51640.1     47    0.825   0      0.000    0.825
75776.0 74880.0 38480.8  0.0   7538880.0 891324.0 15379136.0  566760.3  51776.0 51643.4     48    0.835   0      0.000    0.835
75776.0 74880.0 38480.8  0.0   7538880.0 4125904.1 15379136.0  566760.3  51776.0 51643.4     48    0.835   0      0.000    0.835
75776.0 74880.0 38480.8  0.0   7538880.0 5901822.2 15379136.0  566760.3  51776.0 51643.4     48    0.835   0      0.000    0.835
73280.0 74880.0  0.0   41263.4 7538880.0 243467.6 15379136.0  575049.9  51776.0 51643.4     49    0.846   0      0.000    0.846
73280.0 74880.0  0.0   41263.4 7538880.0 1231206.6 15379136.0  575049.9  51776.0 51643.4     49    0.846   0      0.000    0.846
73280.0 74880.0  0.0   41263.4 7538880.0 3134254.2 15379136.0  575049.9  51776.0 51646.5     49    0.846   0      0.000    0.846
73280.0 74880.0  0.0   41263.4 7538880.0 4947077.6 15379136.0  575049.9  51776.0 51646.5     49    0.846   0      0.000    0.846
73280.0 74880.0  0.0   41263.4 7538880.0 6089698.2 15379136.0  575049.9  51776.0 51646.5     49    0.846   0      0.000    0.846
73280.0 72640.0 35638.0  0.0   7543616.0 978754.6 15379136.0  580997.2  51776.0 51646.5     50    0.858   0      0.000    0.858
73280.0 72640.0 35638.0  0.0   7543616.0 2638677.9 15379136.0  580997.2  51776.0 51646.5     50    0.858   0      0.000    0.858
73280.0 72640.0 35638.0  0.0   7543616.0 6505383.0 15379136.0  580997.2  51776.0 51646.7     50    0.858   0      0.000    0.858
71744.0 72640.0  0.0   50754.3 7543616.0 1314645.1 15379136.0  593186.9  51776.0 51646.9     51    0.879   0      0.000    0.879
71744.0 72640.0  0.0   50754.3 7543616.0 2490732.0 15379136.0  593186.9  51776.0 51646.9     51    0.879   0      0.000    0.879
71744.0 72640.0  0.0   50754.3 7543616.0 4197739.4 15379136.0  593186.9  51776.0 51646.9     51    0.879   0      0.000    0.879
71744.0 72640.0  0.0   50754.3 7543616.0 5757395.1 15379136.0  593186.9  51776.0 51646.9     51    0.879   0      0.000    0.879
71744.0 72640.0  0.0   50754.3 7543616.0 6867816.0 15379136.0  593186.9  51776.0 51646.9     51    0.879   0      0.000    0.879
71744.0 71680.0 53164.9  0.0   7546112.0 1467890.7 15379136.0  608068.7  51776.0 51646.9     52    0.896   0      0.000    0.896
71744.0 71680.0 53164.9  0.0   7546112.0 3110633.0 15379136.0  608068.7  51776.0 51646.9     52    0.896   0      0.000    0.896
71744.0 71680.0 53164.9  0.0   7546112.0 4601049.5 15379136.0  608068.7  51776.0 51647.9     52    0.896   0      0.000    0.896
71744.0 71680.0 53164.9  0.0   7546112.0 6365597.0 15379136.0  608068.7  51776.0 51647.9     52    0.896   0      0.000    0.896
70400.0 71680.0  0.0   40396.0 7546112.0 568905.0 15379136.0  615419.2  51776.0 51647.9     53    0.908   0      0.000    0.908
70400.0 71680.0  0.0   40396.0 7546112.0 2122677.0 15379136.0  615419.2  51776.0 51648.2     53    0.908   0      0.000    0.908
70400.0 71680.0  0.0   40396.0 7546112.0 3795559.5 15379136.0  615419.2  51776.0 51648.5     53    0.908   0      0.000    0.908
70400.0 71680.0  0.0   40396.0 7546112.0 5251260.1 15379136.0  615419.2  51776.0 51649.9     53    0.908   0      0.000    0.908
70400.0 71680.0  0.0   40396.0 7546112.0 6056370.2 15379136.0  615419.2  51776.0 51649.9     53    0.908   0      0.000    0.908
70400.0 71680.0  0.0   40396.0 7546112.0 7233650.2 15379136.0  615419.2  51776.0 51650.2     53    0.908   0      0.000    0.908
70400.0 73216.0 60622.7  0.0   7543104.0 1294584.7 15379136.0  625865.9  51776.0 51650.2     54    0.923   0      0.000    0.923
70400.0 73216.0 60622.7  0.0   7543104.0 2436971.2 15379136.0  625865.9  51776.0 51650.2     54    0.923   0      0.000    0.923
70400.0 73216.0 60622.7  0.0   7543104.0 4336208.7 15379136.0  625865.9  51776.0 51650.2     54    0.923   0      0.000    0.923
70400.0 73216.0 60622.7  0.0   7543104.0 5773863.3 15379136.0  625865.9  51776.0 51650.2     54    0.923   0      0.000    0.923
70400.0 73216.0 60622.7  0.0   7543104.0 7194826.0 15379136.0  625865.9  51776.0 51650.2     54    0.923   0      0.000    0.923
72896.0 73216.0  0.0   53833.8 7543104.0 916084.3 15379136.0  645202.2  51776.0 51650.2     55    0.938   0      0.000    0.938
72896.0 73216.0  0.0   53833.8 7543104.0 2208675.0 15379136.0  645202.2  51776.0 51650.2     55    0.938   0      0.000    0.938
72896.0 73216.0  0.0   53833.8 7543104.0 3566555.3 15379136.0  645202.2  51776.0 51650.2     55    0.938   0      0.000    0.938
72896.0 73216.0  0.0   53833.8 7543104.0 4502753.3 15379136.0  645202.2  51776.0 51650.2     55    0.938   0      0.000    0.938
72896.0 73216.0  0.0   53833.8 7543104.0 5239332.9 15379136.0  645202.2  51776.0 51650.2     55    0.938   0      0.000    0.938
72896.0 73216.0  0.0   53833.8 7543104.0 7183424.0 15379136.0  645202.2  51776.0 51650.2     55    0.938   0      0.000    0.938
72896.0 72000.0 52609.7  0.0   7544640.0 1098976.5 15379136.0  652888.5  51776.0 51650.2     56    0.950   0      0.000    0.950
72896.0 72000.0 52609.7  0.0   7544640.0 2450644.1 15379136.0  652888.5  51776.0 51650.2     56    0.950   0      0.000    0.950
72896.0 72000.0 52609.7  0.0   7544640.0 4180209.0 15379136.0  652888.5  51776.0 51650.3     56    0.950   0      0.000    0.950
72896.0 72000.0 52609.7  0.0   7544640.0 5610227.4 15379136.0  652888.5  51776.0 51650.3     56    0.950   0      0.000    0.950
72896.0 72000.0 52609.7  0.0   7544640.0 6942246.0 15379136.0  652888.5  51776.0 51650.3     56    0.950   0      0.000    0.950
70144.0 72000.0  0.0   50116.9 7544640.0 620426.2 15379136.0  663266.9  51776.0 51650.3     57    0.962   0      0.000    0.962
70144.0 72000.0  0.0   50116.9 7544640.0 2031063.3 15379136.0  663266.9  51776.0 51650.7     57    0.962   0      0.000    0.962
70144.0 72000.0  0.0   50116.9 7544640.0 3924328.4 15379136.0  663266.9  51776.0 51650.7     57    0.962   0      0.000    0.962
70144.0 72000.0  0.0   50116.9 7544640.0 6141472.1 15379136.0  663266.9  51776.0 51650.7     57    0.962   0      0.000    0.962
70144.0 68096.0 48641.3  0.0   7551296.0 648658.8 15379136.0  672033.7  51776.0 51650.9     58    0.976   0      0.000    0.976
70144.0 68096.0 48641.3  0.0   7551296.0 2705788.9 15379136.0  672033.7  51776.0 51650.9     58    0.976   0      0.000    0.976
70144.0 68096.0 48641.3  0.0   7551296.0 4866754.4 15379136.0  672033.7  51776.0 51650.9     58    0.976   0      0.000    0.976
70144.0 68096.0 48641.3  0.0   7551296.0 6119058.3 15379136.0  672033.7  51776.0 51650.9     58    0.976   0      0.000    0.976
70144.0 68096.0 48641.3  0.0   7551296.0 7547773.2 15379136.0  672033.7  51776.0 51655.1     58    0.976   0      0.000    0.976
67264.0 68096.0  0.0   42574.4 7551296.0 714128.4 15379136.0  691282.6  51776.0 51655.1     59    0.989   0      0.000    0.989
67264.0 68096.0  0.0   42574.4 7551296.0 1347842.8 15379136.0  691282.6  51776.0 51655.8     59    0.989   0      0.000    0.989
67264.0 68096.0  0.0   42574.4 7551296.0 3406741.6 15379136.0  691282.6  51776.0 51655.8     59    0.989   0      0.000    0.989
67264.0 68096.0  0.0   42574.4 7551296.0 4466876.8 15379136.0  691282.6  51776.0 51655.8     59    0.989   0      0.000    0.989
67264.0 68096.0  0.0   42574.4 7551296.0 6003132.1 15379136.0  691282.6  51776.0 51655.8     59    0.989   0      0.000    0.989
67264.0 68032.0 32640.0  0.0   7553472.0 975035.4 15379136.0  706529.0  51776.0 51659.8     60    1.002   0      0.000    1.002
67264.0 68032.0 32640.0  0.0   7553472.0 3298993.0 15379136.0  706529.0  51776.0 51659.8     60    1.002   0      0.000    1.002
67264.0 68032.0 32640.0  0.0   7553472.0 4501255.0 15379136.0  706529.0  51776.0 51659.8     60    1.002   0      0.000    1.002
67264.0 68032.0 32640.0  0.0   7553472.0 5090364.3 15379136.0  706529.0  51776.0 51660.2     60    1.002   0      0.000    1.002
67264.0 68032.0 32640.0  0.0   7553472.0 7186890.3 15379136.0  706529.0  51776.0 51660.2     60    1.002   0      0.000    1.002
68096.0 33920.0  0.0   33883.8 7553472.0 1387136.9 15379136.0  727146.4  51776.0 51663.2     61    1.014   0      0.000    1.014
68096.0 33920.0  0.0   33883.8 7553472.0 3562483.3 15379136.0  727146.4  51776.0 51663.2     61    1.014   0      0.000    1.014
68096.0 33920.0  0.0   33883.8 7553472.0 5911771.2 15379136.0  727146.4  51776.0 51666.3     61    1.014   0      0.000    1.014
68096.0 66240.0 43118.0  0.0   7555200.0 243149.2 15379136.0  742724.1  51776.0 51666.3     62    1.028   0      0.000    1.028
68096.0 66240.0 43118.0  0.0   7555200.0 2479643.1 15379136.0  742724.1  51776.0 51666.3     62    1.028   0      0.000    1.028
68096.0 66240.0 43118.0  0.0   7555200.0 4100862.0 15379136.0  742724.1  51776.0 51666.3     62    1.028   0      0.000    1.028
68096.0 66240.0 43118.0  0.0   7555200.0 4909966.8 15379136.0  742724.1  51776.0 51666.3     62    1.028   0      0.000    1.028
68096.0 66240.0 43118.0  0.0   7555200.0 6435080.2 15379136.0  742724.1  51776.0 51666.3     62    1.028   0      0.000    1.028
68096.0 66240.0 43118.0  0.0   7555200.0 7248908.9 15379136.0  742724.1  51776.0 51666.3     62    1.028   0      0.000    1.028
68608.0 57344.0  0.0   57338.0 7555200.0 558967.7 15379136.0  757308.7  51776.0 51666.3     63    1.044   0      0.000    1.044
68608.0 57344.0  0.0   57338.0 7555200.0 1212897.0 15379136.0  757308.7  51776.0 51666.3     63    1.044   0      0.000    1.044
68608.0 57344.0  0.0   57338.0 7555200.0 1855754.4 15379136.0  757308.7  51776.0 51666.3     63    1.044   0      0.000    1.044
68608.0 57344.0  0.0   57338.0 7555200.0 2422188.3 15379136.0  757308.7  51776.0 51666.3     63    1.044   0      0.000    1.044
68608.0 57344.0  0.0   57338.0 7555200.0 3038314.8 15379136.0  757308.7  51776.0 51666.3     63    1.044   0      0.000    1.044
68608.0 57344.0  0.0   57338.0 7555200.0 3708232.8 15379136.0  757308.7  51776.0 51666.3     63    1.044   0      0.000    1.044
68608.0 57344.0  0.0   57338.0 7555200.0 4936544.2 15379136.0  757308.7  51776.0 51666.6     63    1.044   0      0.000    1.044
68608.0 57344.0  0.0   57338.0 7555200.0 5867965.4 15379136.0  757308.7  51776.0 51666.6     63    1.044   0      0.000    1.044
68608.0 57344.0  0.0   57338.0 7555200.0 6879737.0 15379136.0  757308.7  51776.0 51666.6     63    1.044   0      0.000    1.044
68608.0 70336.0 56981.5  0.0   7548864.0 850914.8 15379136.0  769672.9  51776.0 51667.1     64    1.060   0      0.000    1.060
68608.0 70336.0 56981.5  0.0   7548864.0 2815126.7 15379136.0  769672.9  51776.0 51667.1     64    1.060   0      0.000    1.060
68608.0 70336.0 56981.5  0.0   7548864.0 5899150.6 15379136.0  769672.9  51776.0 51667.1     64    1.060   0      0.000    1.060
69952.0 70336.0  0.0   36340.2 7548864.0   0.0    15379136.0  798171.6  51776.0 51667.1     65    1.079   0      0.000    1.079
69952.0 70336.0  0.0   36340.2 7548864.0 1379845.0 15379136.0  798171.6  51776.0 51667.1     65    1.079   0      0.000    1.079
69952.0 70336.0  0.0   36340.2 7548864.0 4244010.8 15379136.0  798171.6  51776.0 51667.1     65    1.079   0      0.000    1.079
69952.0 70336.0  0.0   36340.2 7548864.0 6794634.6 15379136.0  798171.6  51776.0 51667.1     65    1.079   0      0.000    1.079
69952.0 69632.0 34257.2  0.0   7549952.0 879082.6 15379136.0  817557.9  51776.0 51667.1     66    1.091   0      0.000    1.091
69952.0 69632.0 34257.2  0.0   7549952.0 2089841.4 15379136.0  817557.9  51776.0 51667.1     66    1.091   0      0.000    1.091
69952.0 69632.0 34257.2  0.0   7549952.0 4147767.1 15379136.0  817557.9  51776.0 51667.1     66    1.091   0      0.000    1.091
69952.0 69632.0 34257.2  0.0   7549952.0 6877777.2 15379136.0  817557.9  51776.0 51667.1     66    1.091   0      0.000    1.091
68736.0 69632.0  0.0   36189.8 7549952.0 2168543.9 15379136.0  829705.0  51776.0 51667.5     67    1.102   0      0.000    1.102
68736.0 69632.0  0.0   36189.8 7549952.0 4173989.6 15379136.0  829705.0  51776.0 51667.5     67    1.102   0      0.000    1.102
68736.0 69632.0  0.0   36189.8 7549952.0 5675729.2 15379136.0  829705.0  51776.0 51667.5     67    1.102   0      0.000    1.102
68736.0 69120.0 27648.8  0.0   7551296.0 432098.1 15379136.0  846562.9  51776.0 51667.5     68    1.116   0      0.000    1.116
68736.0 69120.0 27648.8  0.0   7551296.0 2684703.5 15379136.0  846562.9  51776.0 51667.5     68    1.116   0      0.000    1.116
68736.0 69120.0 27648.8  0.0   7551296.0 5153289.4 15379136.0  846562.9  51776.0 51667.5     68    1.116   0      0.000    1.116
68736.0 69120.0 27648.8  0.0   7551296.0 7011389.3 15379136.0  846562.9  51776.0 51667.7     68    1.116   0      0.000    1.116
66880.0 69120.0  0.0   40163.7 7551296.0 1825803.9 15379136.0  860560.3  51776.0 51667.7     69    1.131   0      0.000    1.131
66880.0 69120.0  0.0   40163.7 7551296.0 3150402.9 15379136.0  860560.3  51776.0 51667.7     69    1.131   0      0.000    1.131
66880.0 69120.0  0.0   40163.7 7551296.0 4655039.7 15379136.0  860560.3  51776.0 51667.7     69    1.131   0      0.000    1.131
66880.0 69120.0  0.0   40163.7 7551296.0 6054788.1 15379136.0  860560.3  51776.0 51667.7     69    1.131   0      0.000    1.131
66880.0 69120.0  0.0   40163.7 7551296.0 7374049.6 15379136.0  860560.3  51776.0 51667.7     69    1.131   0      0.000    1.131
66880.0 65984.0 33138.3  0.0   7556672.0 999374.7 15379136.0  884376.1  51776.0 51667.7     70    1.144   0      0.000    1.144
66880.0 65984.0 33138.3  0.0   7556672.0 2424780.0 15379136.0  884376.1  51776.0 51667.7     70    1.144   0      0.000    1.144
66880.0 65984.0 33138.3  0.0   7556672.0 3529591.2 15379136.0  884376.1  51776.0 51676.0     70    1.144   0      0.000    1.144
66880.0 65984.0 33138.3  0.0   7556672.0 4706735.6 15379136.0  884376.1  51776.0 51676.0     70    1.144   0      0.000    1.144
66880.0 65984.0 33138.3  0.0   7556672.0 5416597.6 15379136.0  884376.1  51776.0 51676.0     70    1.144   0      0.000    1.144
66880.0 65984.0 33138.3  0.0   7556672.0 6622478.1 15379136.0  884376.1  51776.0 51676.0     70    1.144   0      0.000    1.144
68416.0 54656.0  0.0   54637.7 7556672.0 366010.4 15379136.0  894296.7  51776.0 51676.0     71    1.159   0      0.000    1.159
68416.0 54656.0  0.0   54637.7 7556672.0 1192533.5 15379136.0  894296.7  51776.0 51676.0     71    1.159   0      0.000    1.159
68416.0 54656.0  0.0   54637.7 7556672.0 2940677.9 15379136.0  894296.7  51776.0 51676.0     71    1.159   0      0.000    1.159
68416.0 54656.0  0.0   54637.7 7556672.0 5549255.2 15379136.0  894296.7  51776.0 51676.0     71    1.159   0      0.000    1.159
68416.0 67456.0 33613.9  0.0   7553664.0 273530.3 15379136.0  921749.5  51776.0 51676.0     72    1.173   0      0.000    1.173
68416.0 67456.0 33613.9  0.0   7553664.0 3067056.4 15379136.0  921749.5  51776.0 51676.0     72    1.173   0      0.000    1.173
68416.0 67456.0 33613.9  0.0   7553664.0 5452807.1 15379136.0  921749.5  51776.0 51676.0     72    1.173   0      0.000    1.173
68416.0 67456.0 33613.9  0.0   7553664.0 6593239.7 15379136.0  921749.5  51776.0 51676.0     72    1.173   0      0.000    1.173
69824.0 55360.0  0.0   55308.6 7553664.0 347011.6 15379136.0  931922.2  51776.0 51676.0     73    1.187   0      0.000    1.187
69824.0 55360.0  0.0   55308.6 7553664.0 1125097.8 15379136.0  931922.2  51776.0 51676.0     73    1.187   0      0.000    1.187
69824.0 55360.0  0.0   55308.6 7553664.0 2235209.8 15379136.0  931922.2  51776.0 51676.0     73    1.187   0      0.000    1.187
69824.0 55360.0  0.0   55308.6 7553664.0 3011583.0 15379136.0  931922.2  51776.0 51676.0     73    1.187   0      0.000    1.187
69824.0 55360.0  0.0   55308.6 7553664.0 3632438.1 15379136.0  931922.2  51776.0 51676.0     73    1.187   0      0.000    1.187
69824.0 55360.0  0.0   55308.6 7553664.0 4467939.3 15379136.0  931922.2  51776.0 51676.0     73    1.187   0      0.000    1.187
69824.0 55360.0  0.0   55308.6 7553664.0 5816662.7 15379136.0  931922.2  51776.0 51676.0     73    1.187   0      0.000    1.187
69824.0 55360.0  0.0   55308.6 7553664.0 7255198.4 15379136.0  931922.2  51776.0 51676.0     73    1.187   0      0.000    1.187
69824.0 70848.0 53116.4  0.0   7547840.0 1286987.5 15379136.0  942954.9  51776.0 51676.0     74    1.200   0      0.000    1.200
69824.0 70848.0 53116.4  0.0   7547840.0 3179373.1 15379136.0  942954.9  51776.0 51676.0     74    1.200   0      0.000    1.200
69824.0 70848.0 53116.4  0.0   7547840.0 4966755.6 15379136.0  942954.9  51776.0 51676.0     74    1.200   0      0.000    1.200
69824.0 70848.0 53116.4  0.0   7547840.0 5700209.4 15379136.0  942954.9  51776.0 51676.3     74    1.200   0      0.000    1.200
69824.0 70848.0 53116.4  0.0   7547840.0 6178690.2 15379136.0  942954.9  51776.0 51676.3     74    1.200   0      0.000    1.200
69824.0 70848.0 53116.4  0.0   7547840.0 7049995.3 15379136.0  942954.9  51776.0 51676.3     74    1.200   0      0.000    1.200
72704.0 56512.0  0.0   56454.7 7547840.0 389868.8 15379136.0  956745.6  51776.0 51676.3     75    1.216   0      0.000    1.216
72704.0 56512.0  0.0   56454.7 7547840.0 1114546.4 15379136.0  956745.6  51776.0 51676.3     75    1.216   0      0.000    1.216
72704.0 56512.0  0.0   56454.7 7547840.0 1860463.6 15379136.0  956745.6  51776.0 51676.3     75    1.216   0      0.000    1.216
72704.0 56512.0  0.0   56454.7 7547840.0 2500798.0 15379136.0  956745.6  51776.0 51676.3     75    1.216   0      0.000    1.216
72704.0 56512.0  0.0   56454.7 7547840.0 3139644.2 15379136.0  956745.6  51776.0 51676.3     75    1.216   0      0.000    1.216
72704.0 56512.0  0.0   56454.7 7547840.0 3838356.2 15379136.0  956745.6  51776.0 51676.3     75    1.216   0      0.000    1.216
72704.0 56512.0  0.0   56454.7 7547840.0 4408462.7 15379136.0  956745.6  51776.0 51676.3     75    1.216   0      0.000    1.216
72704.0 56512.0  0.0   56454.7 7547840.0 5199505.6 15379136.0  956745.6  51776.0 51676.3     75    1.216   0      0.000    1.216
72704.0 56512.0  0.0   56454.7 7547840.0 5660205.7 15379136.0  956745.6  51776.0 51676.3     75    1.216   0      0.000    1.216
72704.0 56512.0  0.0   56454.7 7547840.0 6251998.4 15379136.0  956745.6  51776.0 51676.3     75    1.216   0      0.000    1.216
72704.0 73536.0 54877.0  0.0   7542464.0 240190.0 15379136.0  969830.9  51776.0 51676.3     76    1.230   0      0.000    1.230
72704.0 73536.0 54877.0  0.0   7542464.0 1663283.6 15379136.0  969830.9  51776.0 51676.3     76    1.230   0      0.000    1.230
72704.0 73536.0 54877.0  0.0   7542464.0 2870501.9 15379136.0  969830.9  51776.0 51676.3     76    1.230   0      0.000    1.230
72704.0 73536.0 54877.0  0.0   7542464.0 3675405.2 15379136.0  969830.9  51776.0 51676.3     76    1.230   0      0.000    1.230
72704.0 73536.0 54877.0  0.0   7542464.0 4741833.1 15379136.0  969830.9  51776.0 51676.3     76    1.230   0      0.000    1.230
72704.0 73536.0 54877.0  0.0   7542464.0 5518443.1 15379136.0  969830.9  51776.0 51676.3     76    1.230   0      0.000    1.230
72704.0 73536.0 54877.0  0.0   7542464.0 6017232.9 15379136.0  969830.9  51776.0 51676.3     76    1.230   0      0.000    1.230
72704.0 73536.0 54877.0  0.0   7542464.0 6323744.2 15379136.0  969830.9  51776.0 51676.3     76    1.230   0      0.000    1.230
72704.0 73536.0 54877.0  0.0   7542464.0 6722388.9 15379136.0  969830.9  51776.0 51676.3     76    1.230   0      0.000    1.230
72704.0 73536.0 54877.0  0.0   7542464.0 7125688.6 15379136.0  969830.9  51776.0 51676.3     76    1.230   0      0.000    1.230
72704.0 73536.0 54877.0  0.0   7542464.0 7519333.7 15379136.0  969830.9  51776.0 51676.3     76    1.230   0      0.000    1.230
76864.0 62720.0  0.0   62682.9 7542464.0 572085.9 15379136.0  973299.0  51776.0 51678.0     77    1.242   0      0.000    1.242
76864.0 62720.0  0.0   62682.9 7542464.0 1487318.8 15379136.0  973299.0  51776.0 51678.0     77    1.242   0      0.000    1.242
76864.0 62720.0  0.0   62682.9 7542464.0 2352568.1 15379136.0  973299.0  51776.0 51678.0     77    1.242   0      0.000    1.242
76864.0 62720.0  0.0   62682.9 7542464.0 3387629.6 15379136.0  973299.0  51776.0 51678.0     77    1.242   0      0.000    1.242
76864.0 62720.0  0.0   62682.9 7542464.0 4122143.6 15379136.0  973299.0  51776.0 51678.0     77    1.242   0      0.000    1.242
76864.0 62720.0  0.0   62682.9 7542464.0 5399512.6 15379136.0  973299.0  51776.0 51678.0     77    1.242   0      0.000    1.242
76864.0 62720.0  0.0   62682.9 7542464.0 6005105.4 15379136.0  973299.0  51776.0 51678.0     77    1.242   0      0.000    1.242
76864.0 62720.0  0.0   62682.9 7542464.0 7270680.2 15379136.0  973299.0  51776.0 51678.0     77    1.242   0      0.000    1.242
76864.0 79168.0 62137.2  0.0   7531200.0 112858.4 15379136.0  982575.5  51776.0 51678.3     78    1.258   0      0.000    1.258
76864.0 79168.0 62137.2  0.0   7531200.0 743103.8 15379136.0  982575.5  51776.0 51678.3     78    1.258   0      0.000    1.258
76864.0 79168.0 62137.2  0.0   7531200.0 1411324.5 15379136.0  982575.5  51776.0 51678.3     78    1.258   0      0.000    1.258
76864.0 79168.0 62137.2  0.0   7531200.0 1794692.8 15379136.0  982575.5  51776.0 51678.3     78    1.258   0      0.000    1.258
76864.0 79168.0 62137.2  0.0   7531200.0 2392121.8 15379136.0  982575.5  51776.0 51678.3     78    1.258   0      0.000    1.258
76864.0 79168.0 62137.2  0.0   7531200.0 2949184.9 15379136.0  982575.5  51776.0 51678.3     78    1.258   0      0.000    1.258
76864.0 79168.0 62137.2  0.0   7531200.0 3332520.3 15379136.0  982575.5  51776.0 51678.3     78    1.258   0      0.000    1.258
76864.0 79168.0 62137.2  0.0   7531200.0 4064324.4 15379136.0  982575.5  51776.0 51678.3     78    1.258   0      0.000    1.258
76864.0 79168.0 62137.2  0.0   7531200.0 5127500.5 15379136.0  982575.5  51776.0 51678.3     78    1.258   0      0.000    1.258
76864.0 79168.0 62137.2  0.0   7531200.0 5793501.6 15379136.0  982575.5  51776.0 51678.8     78    1.258   0      0.000    1.258
76864.0 79168.0 62137.2  0.0   7531200.0 7490528.6 15379136.0  982575.5  51776.0 51678.8     78    1.258   0      0.000    1.258
79360.0 58048.0  0.0   57990.2 7531200.0 1906453.6 15379136.0  988446.5  51776.0 51679.0     79    1.272   0      0.000    1.272
79360.0 58048.0  0.0   57990.2 7531200.0 3893976.4 15379136.0  988446.5  51776.0 51679.0     79    1.272   0      0.000    1.272
79360.0 58048.0  0.0   57990.2 7531200.0 5903779.8 15379136.0  988446.5  51776.0 51679.2     79    1.272   0      0.000    1.272
79360.0 58048.0  0.0   57990.2 7531200.0 7125268.2 15379136.0  988446.5  51776.0 51679.2     79    1.272   0      0.000    1.272
79360.0 78208.0 40240.7  0.0   7531968.0 1786830.5 15379136.0 1014760.6  51776.0 51679.2     80    1.286   0      0.000    1.286
79360.0 78208.0 40240.7  0.0   7531968.0 4391496.5 15379136.0 1014760.6  51776.0 51679.4     80    1.286   0      0.000    1.286
79360.0 78208.0 40240.7  0.0   7531968.0 6479854.4 15379136.0 1014760.6  51776.0 51679.4     80    1.286   0      0.000    1.286
76352.0 78208.0  0.0   43157.2 7531968.0 1062623.7 15379136.0 1033518.1  51776.0 51679.4     81    1.300   0      0.000    1.300
76352.0 78208.0  0.0   43157.2 7531968.0 2171747.9 15379136.0 1033518.1  51776.0 51679.4     81    1.300   0      0.000    1.300
76352.0 78208.0  0.0   43157.2 7531968.0 2783047.1 15379136.0 1033518.1  51776.0 51679.4     81    1.300   0      0.000    1.300
76352.0 78208.0  0.0   43157.2 7531968.0 3326247.9 15379136.0 1033518.1  51776.0 51679.4     81    1.300   0      0.000    1.300
76352.0 78208.0  0.0   43157.2 7531968.0 4515958.4 15379136.0 1033518.1  51776.0 51679.4     81    1.300   0      0.000    1.300
76352.0 78208.0  0.0   43157.2 7531968.0 5339870.9 15379136.0 1033518.1  51776.0 51679.4     81    1.300   0      0.000    1.300
76352.0 78208.0  0.0   43157.2 7531968.0 6058728.3 15379136.0 1033518.1  51776.0 51679.4     81    1.300   0      0.000    1.300
76352.0 78208.0  0.0   43157.2 7531968.0 6790390.9 15379136.0 1033518.1  51776.0 51680.0     81    1.300   0      0.000    1.300
76352.0 76608.0 56849.8  0.0   7536320.0 230674.6 15379136.0 1043669.3  51776.0 51680.5     82    1.322   0      0.000    1.322
76352.0 76608.0 56849.8  0.0   7536320.0 1282308.4 15379136.0 1043669.3  51776.0 51680.7     82    1.322   0      0.000    1.322
76352.0 76608.0 56849.8  0.0   7536320.0 2772357.5 15379136.0 1043669.3  51776.0 51680.7     82    1.322   0      0.000    1.322
76352.0 76608.0 56849.8  0.0   7536320.0 3869653.5 15379136.0 1043669.3  51776.0 51680.7     82    1.322   0      0.000    1.322
76352.0 76608.0 56849.8  0.0   7536320.0 5379937.6 15379136.0 1043669.3  51776.0 51680.7     82    1.322   0      0.000    1.322
76352.0 76608.0 56849.8  0.0   7536320.0 6609731.1 15379136.0 1043669.3  51776.0 51680.7     82    1.322   0      0.000    1.322
76352.0 76608.0 56849.8  0.0   7536320.0 7162821.0 15379136.0 1043669.3  51776.0 51681.0     82    1.322   0      0.000    1.322
77184.0 58304.0  0.0   58293.4 7536320.0 524578.1 15379136.0 1053795.4  51776.0 51681.0     83    1.335   0      0.000    1.335
77184.0 58304.0  0.0   58293.4 7536320.0 1231137.1 15379136.0 1053795.4  51776.0 51681.0     83    1.335   0      0.000    1.335
77184.0 58304.0  0.0   58293.4 7536320.0 2520948.9 15379136.0 1053795.4  51776.0 51681.9     83    1.335   0      0.000    1.335
77184.0 58304.0  0.0   58293.4 7536320.0 4237786.3 15379136.0 1053795.4  51776.0 51681.9     83    1.335   0      0.000    1.335
77184.0 58304.0  0.0   58293.4 7536320.0 6193153.5 15379136.0 1053795.4  51776.0 51681.9     83    1.335   0      0.000    1.335
77184.0 75712.0 42945.2  0.0   7536640.0 731379.4 15379136.0 1068263.1  51776.0 51681.9     84    1.348   0      0.000    1.348
77184.0 75712.0 42945.2  0.0   7536640.0 2026315.7 15379136.0 1068263.1  51776.0 51682.3     84    1.348   0      0.000    1.348
77184.0 75712.0 42945.2  0.0   7536640.0 3552202.9 15379136.0 1068263.1  51776.0 51683.1     84    1.348   0      0.000    1.348
77184.0 75712.0 42945.2  0.0   7536640.0 5374806.5 15379136.0 1068263.1  51776.0 51683.1     84    1.348   0      0.000    1.348
77184.0 75712.0 42945.2  0.0   7536640.0 7084783.7 15379136.0 1068263.1  51776.0 51683.1     84    1.348   0      0.000    1.348
73920.0 75712.0  0.0   51714.8 7536640.0 1302801.5 15379136.0 1087594.9  51776.0 51683.1     85    1.365   0      0.000    1.365
73920.0 75712.0  0.0   51714.8 7536640.0 1899798.4 15379136.0 1087594.9  51776.0 51683.1     85    1.365   0      0.000    1.365
73920.0 75712.0  0.0   51714.8 7536640.0 2610588.2 15379136.0 1087594.9  51776.0 51684.1     85    1.365   0      0.000    1.365
73920.0 75712.0  0.0   51714.8 7536640.0 3348971.3 15379136.0 1087594.9  51776.0 51684.1     85    1.365   0      0.000    1.365
73920.0 75712.0  0.0   51714.8 7536640.0 4094800.6 15379136.0 1087594.9  51776.0 51684.1     85    1.365   0      0.000    1.365
73920.0 75712.0  0.0   51714.8 7536640.0 4867807.1 15379136.0 1087594.9  51776.0 51684.1     85    1.365   0      0.000    1.365
73920.0 75712.0  0.0   51714.8 7536640.0 5365756.2 15379136.0 1087594.9  51776.0 51684.1     85    1.365   0      0.000    1.365
73920.0 75712.0  0.0   51714.8 7536640.0 5854627.4 15379136.0 1087594.9  51776.0 51684.1     85    1.365   0      0.000    1.365
73920.0 75712.0  0.0   51714.8 7536640.0 6352581.8 15379136.0 1087594.9  51776.0 51684.2     85    1.365   0      0.000    1.365
73920.0 75712.0  0.0   51714.8 7536640.0 7273201.5 15379136.0 1087594.9  51776.0 51684.2     85    1.365   0      0.000    1.365
73920.0 74752.0 58608.6  0.0   7540032.0 1755353.0 15379136.0 1097765.5  51776.0 51684.4     86    1.380   0      0.000    1.380
73920.0 74752.0 58608.6  0.0   7540032.0 3571913.9 15379136.0 1097765.5  51776.0 51684.4     86    1.380   0      0.000    1.380
73920.0 74752.0 58608.6  0.0   7540032.0 5343315.4 15379136.0 1097765.5  51776.0 51684.4     86    1.380   0      0.000    1.380
73920.0 74752.0 58608.6  0.0   7540032.0 6037651.9 15379136.0 1097765.5  51776.0 51684.4     86    1.380   0      0.000    1.380
74688.0 74752.0  0.0   37124.8 7540032.0 383789.7 15379136.0 1116798.8  51776.0 51684.4     87    1.395   0      0.000    1.395
74688.0 74752.0  0.0   37124.8 7540032.0 1633861.9 15379136.0 1116798.8  51776.0 51684.4     87    1.395   0      0.000    1.395
74688.0 74752.0  0.0   37124.8 7540032.0 2445112.5 15379136.0 1116798.8  51776.0 51684.4     87    1.395   0      0.000    1.395
74688.0 74752.0  0.0   37124.8 7540032.0 3614650.7 15379136.0 1116798.8  51776.0 51684.4     87    1.395   0      0.000    1.395
74688.0 74752.0  0.0   37124.8 7540032.0 4393659.9 15379136.0 1116798.8  51776.0 51684.4     87    1.395   0      0.000    1.395
74688.0 74752.0  0.0   37124.8 7540032.0 5035634.4 15379136.0 1116798.8  51776.0 51684.4     87    1.395   0      0.000    1.395
74688.0 74752.0  0.0   37124.8 7540032.0 5858570.0 15379136.0 1116798.8  51776.0 51684.4     87    1.395   0      0.000    1.395
74688.0 74752.0  0.0   37124.8 7540032.0 6320923.8 15379136.0 1116798.8  51776.0 51684.4     87    1.395   0      0.000    1.395
74688.0 74752.0  0.0   37124.8 7540032.0 7248999.6 15379136.0 1116798.8  51776.0 51684.8     87    1.395   0      0.000    1.395
74688.0 77632.0 64187.1  0.0   7534272.0 305125.8 15379136.0 1125895.3  51776.0 51684.8     88    1.412   0      0.000    1.412
74688.0 77632.0 64187.1  0.0   7534272.0 963052.4 15379136.0 1125895.3  51776.0 51684.8     88    1.412   0      0.000    1.412
74688.0 77632.0 64187.1  0.0   7534272.0 1586380.8 15379136.0 1125895.3  51776.0 51684.8     88    1.412   0      0.000    1.412
74688.0 77632.0 64187.1  0.0   7534272.0 1738076.1 15379136.0 1125895.3  51776.0 51684.8     88    1.412   0      0.000    1.412
74688.0 77632.0 64187.1  0.0   7534272.0 2193986.3 15379136.0 1125895.3  51776.0 51686.3     88    1.412   0      0.000    1.412
74688.0 77632.0 64187.1  0.0   7534272.0 2621808.8 15379136.0 1125895.3  51776.0 51686.3     88    1.412   0      0.000    1.412
74688.0 77632.0 64187.1  0.0   7534272.0 2961520.3 15379136.0 1125895.3  51776.0 51686.3     88    1.412   0      0.000    1.412
74688.0 77632.0 64187.1  0.0   7534272.0 3474761.1 15379136.0 1125895.3  51776.0 51686.3     88    1.412   0      0.000    1.412
74688.0 77632.0 64187.1  0.0   7534272.0 4214176.5 15379136.0 1125895.3  51776.0 51686.8     88    1.412   0      0.000    1.412
74688.0 77632.0 64187.1  0.0   7534272.0 4508215.1 15379136.0 1125895.3  51776.0 51686.8     88    1.412   0      0.000    1.412
74688.0 77632.0 64187.1  0.0   7534272.0 4659790.5 15379136.0 1125895.3  51776.0 51686.8     88    1.412   0      0.000    1.412
74688.0 77632.0 64187.1  0.0   7534272.0 5449878.5 15379136.0 1125895.3  51776.0 51686.8     88    1.412   0      0.000    1.412
74688.0 77632.0 64187.1  0.0   7534272.0 5965333.6 15379136.0 1125895.3  51776.0 51686.8     88    1.412   0      0.000    1.412
74688.0 77632.0 64187.1  0.0   7534272.0 6534703.7 15379136.0 1125895.3  51776.0 51686.8     88    1.412   0      0.000    1.412
80000.0 64576.0  0.0   64568.0 7534272.0 195873.1 15379136.0 1131434.8  51776.0 51686.8     89    1.429   0      0.000    1.429
80000.0 64576.0  0.0   64568.0 7534272.0 1234224.4 15379136.0 1131434.8  51776.0 51686.8     89    1.429   0      0.000    1.429
80000.0 64576.0  0.0   64568.0 7534272.0 2293162.9 15379136.0 1131434.8  51776.0 51686.8     89    1.429   0      0.000    1.429
80000.0 64576.0  0.0   64568.0 7534272.0 2825466.9 15379136.0 1131434.8  51776.0 51686.8     89    1.429   0      0.000    1.429
80000.0 64576.0  0.0   64568.0 7534272.0 3517613.5 15379136.0 1131434.8  51776.0 51686.8     89    1.429   0      0.000    1.429
80000.0 64576.0  0.0   64568.0 7534272.0 4136081.7 15379136.0 1131434.8  51776.0 51686.8     89    1.429   0      0.000    1.429
80000.0 64576.0  0.0   64568.0 7534272.0 4686408.0 15379136.0 1131434.8  51776.0 51688.6     89    1.429   0      0.000    1.429
80000.0 64576.0  0.0   64568.0 7534272.0 5140623.8 15379136.0 1131434.8  51776.0 51688.6     89    1.429   0      0.000    1.429
80000.0 64576.0  0.0   64568.0 7534272.0 5484847.6 15379136.0 1131434.8  51776.0 51688.6     89    1.429   0      0.000    1.429
80000.0 64576.0  0.0   64568.0 7534272.0 5957966.9 15379136.0 1131434.8  51776.0 51688.6     89    1.429   0      0.000    1.429
80000.0 64576.0  0.0   64568.0 7534272.0 6170523.2 15379136.0 1131434.8  51776.0 51688.6     89    1.429   0      0.000    1.429
80000.0 64576.0  0.0   64568.0 7534272.0 6718530.8 15379136.0 1131434.8  51776.0 51688.6     89    1.429   0      0.000    1.429
80000.0 64576.0  0.0   64568.0 7534272.0 7384461.6 15379136.0 1131434.8  51776.0 51688.6     89    1.429   0      0.000    1.429
80000.0 77440.0 51219.2  0.0   7532096.0 501965.9 15379136.0 1145245.0  51776.0 51689.0     90    1.442   0      0.000    1.442
80000.0 77440.0 51219.2  0.0   7532096.0 1281894.9 15379136.0 1145245.0  51776.0 51689.0     90    1.442   0      0.000    1.442
80000.0 77440.0 51219.2  0.0   7532096.0 1720553.3 15379136.0 1145245.0  51776.0 51689.0     90    1.442   0      0.000    1.442
80000.0 77440.0 51219.2  0.0   7532096.0 1889006.4 15379136.0 1145245.0  51776.0 51689.0     90    1.442   0      0.000    1.442
80000.0 77440.0 51219.2  0.0   7532096.0 2898981.8 15379136.0 1145245.0  51776.0 51689.0     90    1.442   0      0.000    1.442
80000.0 77440.0 51219.2  0.0   7532096.0 3694667.2 15379136.0 1145245.0  51776.0 51693.9     90    1.442   0      0.000    1.442
80000.0 77440.0 51219.2  0.0   7532096.0 4348099.6 15379136.0 1145245.0  51776.0 51693.9     90    1.442   0      0.000    1.442
80000.0 77440.0 51219.2  0.0   7532096.0 5043256.7 15379136.0 1145245.0  51776.0 51693.9     90    1.442   0      0.000    1.442
80000.0 77440.0 51219.2  0.0   7532096.0 5603608.1 15379136.0 1145245.0  51776.0 51693.9     90    1.442   0      0.000    1.442
80000.0 77440.0 51219.2  0.0   7532096.0 6050050.1 15379136.0 1145245.0  51776.0 51694.4     90    1.442   0      0.000    1.442
80000.0 77440.0 51219.2  0.0   7532096.0 6423982.7 15379136.0 1145245.0  51776.0 51694.4     90    1.442   0      0.000    1.442
80000.0 77440.0 51219.2  0.0   7532096.0 6851509.4 15379136.0 1145245.0  51776.0 51694.4     90    1.442   0      0.000    1.442
80000.0 77440.0 51219.2  0.0   7532096.0 7184410.9 15379136.0 1145245.0  51776.0 51694.4     90    1.442   0      0.000    1.442
80000.0 77440.0 51219.2  0.0   7532096.0 7511623.5 15379136.0 1145245.0  51776.0 51694.4     90    1.442   0      0.000    1.442
79168.0 77440.0  0.0   63622.9 7532096.0 645662.4 15379136.0 1148029.6  51776.0 51694.9     91    1.458   0      0.000    1.458
79168.0 77440.0  0.0   63622.9 7532096.0 1018173.2 15379136.0 1148029.6  51776.0 51694.9     91    1.458   0      0.000    1.458
79168.0 77440.0  0.0   63622.9 7532096.0 1380777.0 15379136.0 1148029.6  51776.0 51694.9     91    1.458   0      0.000    1.458
79168.0 77440.0  0.0   63622.9 7532096.0 1801372.5 15379136.0 1148029.6  51776.0 51694.9     91    1.458   0      0.000    1.458
79168.0 77440.0  0.0   63622.9 7532096.0 2386193.2 15379136.0 1148029.6  51776.0 51694.9     91    1.458   0      0.000    1.458
79168.0 77440.0  0.0   63622.9 7532096.0 2987807.7 15379136.0 1148029.6  51776.0 51694.9     91    1.458   0      0.000    1.458
79168.0 77440.0  0.0   63622.9 7532096.0 3426951.6 15379136.0 1148029.6  51776.0 51694.9     91    1.458   0      0.000    1.458
79168.0 77440.0  0.0   63622.9 7532096.0 3816847.8 15379136.0 1148029.6  51776.0 51694.9     91    1.458   0      0.000    1.458
79168.0 77440.0  0.0   63622.9 7532096.0 4792639.6 15379136.0 1148029.6  51776.0 51697.2     91    1.458   0      0.000    1.458
79168.0 77440.0  0.0   63622.9 7532096.0 6353450.2 15379136.0 1148029.6  51776.0 51697.2     91    1.458   0      0.000    1.458
79168.0 77632.0 56103.5  0.0   7532736.0 340505.2 15379136.0 1159710.4  51776.0 51697.2     92    1.474   0      0.000    1.474
79168.0 77632.0 56103.5  0.0   7532736.0 800615.4 15379136.0 1159710.4  51776.0 51697.2     92    1.474   0      0.000    1.474
79168.0 77632.0 56103.5  0.0   7532736.0 1406600.4 15379136.0 1159710.4  51776.0 51697.2     92    1.474   0      0.000    1.474
79168.0 77632.0 56103.5  0.0   7532736.0 2319200.7 15379136.0 1159710.4  51776.0 51697.2     92    1.474   0      0.000    1.474
79168.0 77632.0 56103.5  0.0   7532736.0 3003569.7 15379136.0 1159710.4  51776.0 51697.2     92    1.474   0      0.000    1.474
79168.0 77632.0 56103.5  0.0   7532736.0 4497848.2 15379136.0 1159710.4  51776.0 51697.2     92    1.474   0      0.000    1.474
79168.0 77632.0 56103.5  0.0   7532736.0 5696692.1 15379136.0 1159710.4  51776.0 51697.2     92    1.474   0      0.000    1.474
79168.0 77632.0 56103.5  0.0   7532736.0 6810242.0 15379136.0 1159710.4  51776.0 51697.2     92    1.474   0      0.000    1.474
75840.0 77632.0  0.0   49801.8 7532736.0 889583.1 15379136.0 1172651.6  51776.0 51697.2     93    1.489   0      0.000    1.489
75840.0 77632.0  0.0   49801.8 7532736.0 2470391.9 15379136.0 1172651.6  51776.0 51697.2     93    1.489   0      0.000    1.489
75840.0 77632.0  0.0   49801.8 7532736.0 3510875.6 15379136.0 1172651.6  51776.0 51697.2     93    1.489   0      0.000    1.489
75840.0 77632.0  0.0   49801.8 7532736.0 4104311.8 15379136.0 1172651.6  51776.0 51697.2     93    1.489   0      0.000    1.489
75840.0 77632.0  0.0   49801.8 7532736.0 4880282.0 15379136.0 1172651.6  51776.0 51697.2     93    1.489   0      0.000    1.489
75840.0 77632.0  0.0   49801.8 7532736.0 6243635.1 15379136.0 1172651.6  51776.0 51697.2     93    1.489   0      0.000    1.489
75840.0 77632.0  0.0   49801.8 7532736.0 7224791.2 15379136.0 1172651.6  51776.0 51697.2     93    1.489   0      0.000    1.489
75840.0 74816.0 46047.4  0.0   7538880.0 1099916.5 15379136.0 1192960.0  51776.0 51697.2     94    1.506   0      0.000    1.506
75840.0 74816.0 46047.4  0.0   7538880.0 3084588.8 15379136.0 1192960.0  51776.0 51697.2     94    1.506   0      0.000    1.506
75840.0 74816.0 46047.4  0.0   7538880.0 4564749.6 15379136.0 1192960.0  51776.0 51697.2     94    1.506   0      0.000    1.506
75840.0 74816.0 46047.4  0.0   7538880.0 5952488.7 15379136.0 1192960.0  51776.0 51697.2     94    1.506   0      0.000    1.506
75840.0 74816.0 46047.4  0.0   7538880.0 7341726.2 15379136.0 1192960.0  51776.0 51697.2     94    1.506   0      0.000    1.506
76224.0 30848.0  0.0   30847.2 7538880.0 1465440.8 15379136.0 1219902.0  51776.0 51697.2     95    1.521   0      0.000    1.521
76224.0 30848.0  0.0   30847.2 7538880.0 2417943.6 15379136.0 1219902.0  51776.0 51697.2     95    1.521   0      0.000    1.521
76224.0 30848.0  0.0   30847.2 7538880.0 3704503.5 15379136.0 1219902.0  51776.0 51697.8     95    1.521   0      0.000    1.521
76224.0 30848.0  0.0   30847.2 7538880.0 5279229.0 15379136.0 1219902.0  51776.0 51697.8     95    1.521   0      0.000    1.521
76224.0 30848.0  0.0   30847.2 7538880.0 6849250.9 15379136.0 1219902.0  51776.0 51697.8     95    1.521   0      0.000    1.521
76224.0 75968.0 56637.8  0.0   7537344.0 217522.2 15379136.0 1228131.4  51776.0 51697.8     96    1.535   0      0.000    1.535
76224.0 75968.0 56637.8  0.0   7537344.0 1344375.8 15379136.0 1228131.4  51776.0 51697.8     96    1.535   0      0.000    1.535
76224.0 75968.0 56637.8  0.0   7537344.0 2663338.3 15379136.0 1228131.4  51776.0 51697.9     96    1.535   0      0.000    1.535
76224.0 75968.0 56637.8  0.0   7537344.0 3453082.3 15379136.0 1228131.4  51776.0 51697.9     96    1.535   0      0.000    1.535
76224.0 75968.0 56637.8  0.0   7537344.0 4237678.3 15379136.0 1228131.4  51776.0 51697.9     96    1.535   0      0.000    1.535
76224.0 75968.0 56637.8  0.0   7537344.0 4931343.3 15379136.0 1228131.4  51776.0 51697.9     96    1.535   0      0.000    1.535
76224.0 75968.0 56637.8  0.0   7537344.0 5637702.7 15379136.0 1228131.4  51776.0 51697.9     96    1.535   0      0.000    1.535
76224.0 75968.0 56637.8  0.0   7537344.0 7227599.4 15379136.0 1228131.4  51776.0 51697.9     96    1.535   0      0.000    1.535
73920.0 75968.0  0.0   52058.1 7537344.0 1112769.3 15379136.0 1241838.1  51776.0 51697.9     97    1.550   0      0.000    1.550
73920.0 75968.0  0.0   52058.1 7537344.0 3187800.6 15379136.0 1241838.1  51776.0 51697.9     97    1.550   0      0.000    1.550
73920.0 75968.0  0.0   52058.1 7537344.0 4646190.0 15379136.0 1241838.1  51776.0 51697.9     97    1.550   0      0.000    1.550
73920.0 75968.0  0.0   52058.1 7537344.0 6096449.4 15379136.0 1241838.1  51776.0 51697.9     97    1.550   0      0.000    1.550
73920.0 72448.0 46064.8  0.0   7543168.0 472914.4 15379136.0 1258798.7  51776.0 51697.9     98    1.564   0      0.000    1.564
73920.0 72448.0 46064.8  0.0   7543168.0 1217592.6 15379136.0 1258798.7  51776.0 51697.9     98    1.564   0      0.000    1.564
73920.0 72448.0 46064.8  0.0   7543168.0 2508898.9 15379136.0 1258798.7  51776.0 51697.9     98    1.564   0      0.000    1.564
73920.0 72448.0 46064.8  0.0   7543168.0 3402626.3 15379136.0 1258798.7  51776.0 51697.9     98    1.564   0      0.000    1.564
73920.0 72448.0 46064.8  0.0   7543168.0 3844654.3 15379136.0 1258798.7  51776.0 51697.9     98    1.564   0      0.000    1.564
73920.0 72448.0 46064.8  0.0   7543168.0 4132190.9 15379136.0 1258798.7  51776.0 51697.9     98    1.564   0      0.000    1.564
73920.0 72448.0 46064.8  0.0   7543168.0 4584006.9 15379136.0 1258798.7  51776.0 51697.9     98    1.564   0      0.000    1.564
73920.0 72448.0 46064.8  0.0   7543168.0 5009560.7 15379136.0 1258798.7  51776.0 51697.9     98    1.564   0      0.000    1.564
73920.0 72448.0 46064.8  0.0   7543168.0 5583886.2 15379136.0 1258798.7  51776.0 51697.9     98    1.564   0      0.000    1.564
73920.0 72448.0 46064.8  0.0   7543168.0 6076376.8 15379136.0 1258798.7  51776.0 51697.9     98    1.564   0      0.000    1.564
73920.0 72448.0 46064.8  0.0   7543168.0 6965630.2 15379136.0 1258798.7  51776.0 51697.9     98    1.564   0      0.000    1.564
73920.0 72448.0 46064.8  0.0   7543168.0 7526730.2 15379136.0 1258798.7  51776.0 51697.9     98    1.564   0      0.000    1.564
71936.0 72448.0  0.0   54986.6 7543168.0 775053.3 15379136.0 1260014.7  51776.0 51697.9     99    1.575   0      0.000    1.575
71936.0 72448.0  0.0   54986.6 7543168.0 1098781.5 15379136.0 1260014.7  51776.0 51697.9     99    1.575   0      0.000    1.575
71936.0 72448.0  0.0   54986.6 7543168.0 1351070.1 15379136.0 1260014.7  51776.0 51697.9     99    1.575   0      0.000    1.575
71936.0 72448.0  0.0   54986.6 7543168.0 1579309.0 15379136.0 1260014.7  51776.0 51697.9     99    1.575   0      0.000    1.575
71936.0 72448.0  0.0   54986.6 7543168.0 1772439.7 15379136.0 1260014.7  51776.0 51697.9     99    1.575   0      0.000    1.575
71936.0 72448.0  0.0   54986.6 7543168.0 2004794.8 15379136.0 1260014.7  51776.0 51697.9     99    1.575   0      0.000    1.575
71936.0 72448.0  0.0   54986.6 7543168.0 2153915.8 15379136.0 1260014.7  51776.0 51697.9     99    1.575   0      0.000    1.575
71936.0 72448.0  0.0   54986.6 7543168.0 2317658.4 15379136.0 1260014.7  51776.0 51697.9     99    1.575   0      0.000    1.575
71936.0 72448.0  0.0   54986.6 7543168.0 2491990.6 15379136.0 1260014.7  51776.0 51697.9     99    1.575   0      0.000    1.575
71936.0 72448.0  0.0   54986.6 7543168.0 2646578.3 15379136.0 1260014.7  51776.0 51697.9     99    1.575   0      0.000    1.575
71936.0 72448.0  0.0   54986.6 7543168.0 2871718.2 15379136.0 1260014.7  51776.0 51697.9     99    1.575   0      0.000    1.575
71936.0 72448.0  0.0   54986.6 7543168.0 3200641.6 15379136.0 1260014.7  51776.0 51697.9     99    1.575   0      0.000    1.575
71936.0 72448.0  0.0   54986.6 7543168.0 3415632.6 15379136.0 1260014.7  51776.0 51697.9     99    1.575   0      0.000    1.575
71936.0 72448.0  0.0   54986.6 7543168.0 3590982.2 15379136.0 1260014.7  51776.0 51697.9     99    1.575   0      0.000    1.575
71936.0 72448.0  0.0   54986.6 7543168.0 3919749.8 15379136.0 1260014.7  51776.0 51697.9     99    1.575   0      0.000    1.575
71936.0 72448.0  0.0   54986.6 7543168.0 4005415.8 15379136.0 1260014.7  51776.0 51697.9     99    1.575   0      0.000    1.575
71936.0 72448.0  0.0   54986.6 7543168.0 4184261.2 15379136.0 1260014.7  51776.0 51697.9     99    1.575   0      0.000    1.575
71936.0 72448.0  0.0   54986.6 7543168.0 4277072.2 15379136.0 1260014.7  51776.0 51697.9     99    1.575   0      0.000    1.575
71936.0 72448.0  0.0   54986.6 7543168.0 4437748.0 15379136.0 1260014.7  51776.0 51697.9     99    1.575   0      0.000    1.575
71936.0 72448.0  0.0   54986.6 7543168.0 4638482.6 15379136.0 1260014.7  51776.0 51697.9     99    1.575   0      0.000    1.575
71936.0 72448.0  0.0   54986.6 7543168.0 4699830.2 15379136.0 1260014.7  51776.0 51697.9     99    1.575   0      0.000    1.575
71936.0 72448.0  0.0   54986.6 7543168.0 4787851.8 15379136.0 1260014.7  51776.0 51697.9     99    1.575   0      0.000    1.575
71936.0 72448.0  0.0   54986.6 7543168.0 4882579.3 15379136.0 1260014.7  51776.0 51697.9     99    1.575   0      0.000    1.575
71936.0 72448.0  0.0   54986.6 7543168.0 5142461.6 15379136.0 1260014.7  51776.0 51697.9     99    1.575   0      0.000    1.575
71936.0 72448.0  0.0   54986.6 7543168.0 5211745.9 15379136.0 1260014.7  51776.0 51697.9     99    1.575   0      0.000    1.575
71936.0 72448.0  0.0   54986.6 7543168.0 5250512.7 15379136.0 1260014.7  51776.0 51697.9     99    1.575   0      0.000    1.575
71936.0 72448.0  0.0   54986.6 7543168.0 5397494.9 15379136.0 1260014.7  51776.0 51697.9     99    1.575   0      0.000    1.575
71936.0 72448.0  0.0   54986.6 7543168.0 5608776.1 15379136.0 1260014.7  51776.0 51697.9     99    1.575   0      0.000    1.575
71936.0 72448.0  0.0   54986.6 7543168.0 5645364.6 15379136.0 1260014.7  51776.0 51697.9     99    1.575   0      0.000    1.575
71936.0 72448.0  0.0   54986.6 7543168.0 5856829.2 15379136.0 1260014.7  51776.0 51697.9     99    1.575   0      0.000    1.575
71936.0 72448.0  0.0   54986.6 7543168.0 6237775.5 15379136.0 1260014.7  51776.0 51697.9     99    1.575   0      0.000    1.575
71936.0 72448.0  0.0   54986.6 7543168.0 6358074.7 15379136.0 1260014.7  51776.0 51697.9     99    1.575   0      0.000    1.575
71936.0 72448.0  0.0   54986.6 7543168.0 6449087.0 15379136.0 1260014.7  51776.0 51697.9     99    1.575   0      0.000    1.575
71936.0 72448.0  0.0   54986.6 7543168.0 6527278.2 15379136.0 1260014.7  51776.0 51697.9     99    1.575   0      0.000    1.575
71936.0 72448.0  0.0   54986.6 7543168.0 6765324.4 15379136.0 1260014.7  51776.0 51697.9     99    1.575   0      0.000    1.575
71936.0 72448.0  0.0   54986.6 7543168.0 6905057.3 15379136.0 1260014.7  51776.0 51697.9     99    1.575   0      0.000    1.575
71936.0 72448.0  0.0   54986.6 7543168.0 7080541.8 15379136.0 1260014.7  51776.0 51697.9     99    1.575   0      0.000    1.575
71936.0 72448.0  0.0   54986.6 7543168.0 7201421.3 15379136.0 1260014.7  51776.0 51697.9     99    1.575   0      0.000    1.575
71936.0 72448.0  0.0   54986.6 7543168.0 7510020.4 15379136.0 1260014.7  51776.0 51697.9     99    1.575   0      0.000    1.575
71936.0 74560.0 23231.2  0.0   7540416.0 296934.7 15379136.0 1260179.5  51776.0 51697.9    100    1.583   0      0.000    1.583
71936.0 74560.0 23231.2  0.0   7540416.0 432099.8 15379136.0 1260179.5  51776.0 51697.9    100    1.583   0      0.000    1.583
71936.0 74560.0 23231.2  0.0   7540416.0 525397.2 15379136.0 1260179.5  51776.0 51697.9    100    1.583   0      0.000    1.583
71936.0 74560.0 23231.2  0.0   7540416.0 899691.9 15379136.0 1260179.5  51776.0 51697.9    100    1.583   0      0.000    1.583
71936.0 74560.0 23231.2  0.0   7540416.0 1012937.3 15379136.0 1260179.5  51776.0 51697.9    100    1.583   0      0.000    1.583
71936.0 74560.0 23231.2  0.0   7540416.0 1229716.8 15379136.0 1260179.5  51776.0 51697.9    100    1.583   0      0.000    1.583
71936.0 74560.0 23231.2  0.0   7540416.0 1433467.1 15379136.0 1260179.5  51776.0 51697.9    100    1.583   0      0.000    1.583
71936.0 74560.0 23231.2  0.0   7540416.0 1648783.2 15379136.0 1260179.5  51776.0 51697.9    100    1.583   0      0.000    1.583
71936.0 74560.0 23231.2  0.0   7540416.0 1980248.4 15379136.0 1260179.5  51776.0 51697.9    100    1.583   0      0.000    1.583
71936.0 74560.0 23231.2  0.0   7540416.0 2426079.3 15379136.0 1260179.5  51776.0 51697.9    100    1.583   0      0.000    1.583
71936.0 74560.0 23231.2  0.0   7540416.0 2584050.5 15379136.0 1260179.5  51776.0 51697.9    100    1.583   0      0.000    1.583
71936.0 74560.0 23231.2  0.0   7540416.0 2667547.0 15379136.0 1260179.5  51776.0 51697.9    100    1.583   0      0.000    1.583
71936.0 74560.0 23231.2  0.0   7540416.0 2794192.6 15379136.0 1260179.5  51776.0 51697.9    100    1.583   0      0.000    1.583
71936.0 74560.0 23231.2  0.0   7540416.0 2922389.1 15379136.0 1260179.5  51776.0 51697.9    100    1.583   0      0.000    1.583
71936.0 74560.0 23231.2  0.0   7540416.0 3022570.4 15379136.0 1260179.5  51776.0 51697.9    100    1.583   0      0.000    1.583
71936.0 74560.0 23231.2  0.0   7540416.0 3120096.9 15379136.0 1260179.5  51776.0 51697.9    100    1.583   0      0.000    1.583
71936.0 74560.0 23231.2  0.0   7540416.0 3217763.3 15379136.0 1260179.5  51776.0 51697.9    100    1.583   0      0.000    1.583
71936.0 74560.0 23231.2  0.0   7540416.0 3279296.3 15379136.0 1260179.5  51776.0 51697.9    100    1.583   0      0.000    1.583
71936.0 74560.0 23231.2  0.0   7540416.0 3347075.2 15379136.0 1260179.5  51776.0 51697.9    100    1.583   0      0.000    1.583
71936.0 74560.0 23231.2  0.0   7540416.0 3549785.4 15379136.0 1260179.5  51776.0 51697.9    100    1.583   0      0.000    1.583
71936.0 74560.0 23231.2  0.0   7540416.0 3702104.0 15379136.0 1260179.5  51776.0 51698.0    100    1.583   0      0.000    1.583
71936.0 74560.0 23231.2  0.0   7540416.0 3959764.7 15379136.0 1260179.5  51776.0 51698.0    100    1.583   0      0.000    1.583
71936.0 74560.0 23231.2  0.0   7540416.0 3991594.6 15379136.0 1260179.5  51776.0 51698.0    100    1.583   0      0.000    1.583
71936.0 74560.0 23231.2  0.0   7540416.0 4036879.8 15379136.0 1260179.5  51776.0 51698.0    100    1.583   0      0.000    1.583
71936.0 74560.0 23231.2  0.0   7540416.0 4082690.6 15379136.0 1260179.5  51776.0 51698.0    100    1.583   0      0.000    1.583
71936.0 74560.0 23231.2  0.0   7540416.0 4114625.7 15379136.0 1260179.5  51776.0 51698.0    100    1.583   0      0.000    1.583
71936.0 74560.0 23231.2  0.0   7540416.0 4146243.2 15379136.0 1260179.5  51776.0 51698.0    100    1.583   0      0.000    1.583
71936.0 74560.0 23231.2  0.0   7540416.0 4171441.0 15379136.0 1260179.5  51776.0 51698.0    100    1.583   0      0.000    1.583
71936.0 74560.0 23231.2  0.0   7540416.0 4209573.2 15379136.0 1260179.5  51776.0 51698.0    100    1.583   0      0.000    1.583
71936.0 74560.0 23231.2  0.0   7540416.0 4247475.8 15379136.0 1260179.5  51776.0 51698.0    100    1.583   0      0.000    1.583
71936.0 74560.0 23231.2  0.0   7540416.0 4298183.0 15379136.0 1260179.5  51776.0 51698.0    100    1.583   0      0.000    1.583
71936.0 74560.0 23231.2  0.0   7540416.0 4342453.7 15379136.0 1260179.5  51776.0 51698.0    100    1.583   0      0.000    1.583
71936.0 74560.0 23231.2  0.0   7540416.0 4380569.7 15379136.0 1260179.5  51776.0 51698.0    100    1.583   0      0.000    1.583
71936.0 74560.0 23231.2  0.0   7540416.0 4437899.0 15379136.0 1260179.5  51776.0 51698.0    100    1.583   0      0.000    1.583
71936.0 74560.0 23231.2  0.0   7540416.0 4494773.0 15379136.0 1260179.5  51776.0 51698.0    100    1.583   0      0.000    1.583
71936.0 74560.0 23231.2  0.0   7540416.0 4563914.0 15379136.0 1260179.5  51776.0 51698.0    100    1.583   0      0.000    1.583
71936.0 74560.0 23231.2  0.0   7540416.0 4633711.9 15379136.0 1260179.5  51776.0 51698.0    100    1.583   0      0.000    1.583
71936.0 74560.0 23231.2  0.0   7540416.0 4671476.8 15379136.0 1260179.5  51776.0 51698.0    100    1.583   0      0.000    1.583
71936.0 74560.0 23231.2  0.0   7540416.0 4728732.3 15379136.0 1260179.5  51776.0 51698.0    100    1.583   0      0.000    1.583
71936.0 74560.0 23231.2  0.0   7540416.0 4798375.7 15379136.0 1260179.5  51776.0 51698.0    100    1.583   0      0.000    1.583
71936.0 74560.0 23231.2  0.0   7540416.0 4925413.5 15379136.0 1260179.5  51776.0 51698.0    100    1.583   0      0.000    1.583
71936.0 74560.0 23231.2  0.0   7540416.0 5077251.9 15379136.0 1260179.5  51776.0 51698.0    100    1.583   0      0.000    1.583
71936.0 74560.0 23231.2  0.0   7540416.0 5184851.8 15379136.0 1260179.5  51776.0 51698.0    100    1.583   0      0.000    1.583
71936.0 74560.0 23231.2  0.0   7540416.0 5315645.3 15379136.0 1260179.5  51776.0 51698.0    100    1.583   0      0.000    1.583
71936.0 74560.0 23231.2  0.0   7540416.0 5423258.6 15379136.0 1260179.5  51776.0 51698.0    100    1.583   0      0.000    1.583
71936.0 74560.0 23231.2  0.0   7540416.0 5499150.1 15379136.0 1260179.5  51776.0 51698.0    100    1.583   0      0.000    1.583
71936.0 74560.0 23231.2  0.0   7540416.0 5581625.8 15379136.0 1260179.5  51776.0 51698.0    100    1.583   0      0.000    1.583
71936.0 74560.0 23231.2  0.0   7540416.0 5638681.2 15379136.0 1260179.5  51776.0 51698.0    100    1.583   0      0.000    1.583
71936.0 74560.0 23231.2  0.0   7540416.0 5752708.1 15379136.0 1260179.5  51776.0 51698.0    100    1.583   0      0.000    1.583
71936.0 74560.0 23231.2  0.0   7540416.0 5885824.8 15379136.0 1260179.5  51776.0 51698.0    100    1.583   0      0.000    1.583
71936.0 74560.0 23231.2  0.0   7540416.0 5894666.6 15379136.0 1260179.5  51776.0 51698.0    100    1.583   0      0.000    1.583
71936.0 74560.0 23231.2  0.0   7540416.0 5894707.6 15379136.0 1260179.5  51776.0 51698.0    100    1.583   0      0.000    1.583
71936.0 74560.0 23231.2  0.0   7540416.0 5894731.9 15379136.0 1260179.5  51776.0 51698.0    100    1.583   0      0.000    1.583
71936.0 74560.0 23231.2  0.0   7540416.0 5894746.3 15379136.0 1260179.5  51776.0 51698.0    100    1.583   0      0.000    1.583
71936.0 74560.0 23231.2  0.0   7540416.0 5894767.8 15379136.0 1260179.5  51776.0 51698.0    100    1.583   0      0.000    1.583
71936.0 74560.0 23231.2  0.0   7540416.0 5894789.4 15379136.0 1260179.5  51776.0 51698.0    100    1.583   0      0.000    1.583
71936.0 74560.0 23231.2  0.0   7540416.0 5894830.5 15379136.0 1260179.5  51776.0 51698.0    100    1.583   0      0.000    1.583
71936.0 74560.0 23231.2  0.0   7540416.0 5894852.0 15379136.0 1260179.5  51776.0 51698.0    100    1.583   0      0.000    1.583
71936.0 74560.0 23231.2  0.0   7540416.0 5894875.8 15379136.0 1260179.5  51776.0 51698.0    100    1.583   0      0.000    1.583
71936.0 74560.0 23231.2  0.0   7540416.0 5894893.2 15379136.0 1260179.5  51776.0 51698.2    100    1.583   0      0.000    1.583
