 S0C    S1C    S0U    S1U      EC       EU        OC         OU       PC     PU    YGC     YGCT    FGC    FGCT     GCT   
961152.0 961152.0  0.0    0.0   5767232.0 115344.7 15379136.0    0.0     21248.0 6964.5      0    0.000   0      0.000    0.000
961152.0 961152.0  0.0    0.0   5767232.0 230689.5 15379136.0    0.0     21248.0 14315.7      0    0.000   0      0.000    0.000
961152.0 961152.0  0.0    0.0   5767232.0 3345352.8 15379136.0    0.0     31616.0 30798.8      0    0.000   0      0.000    0.000
961152.0 961152.0  0.0    0.0   5767232.0 3922140.2 15379136.0    0.0     33920.0 33889.7      0    0.000   0      0.000    0.000
961152.0 961152.0  0.0    0.0   5767232.0 5306596.4 15379136.0    0.0     34304.0 34150.3      0    0.000   0      0.000    0.000
961152.0 961152.0  0.0    0.0   5767232.0 5421941.2 15379136.0    0.0     39104.0 38913.0      0    0.000   0      0.000    0.000
961152.0 961152.0  0.0   88176.6 5767232.0 2179164.4 15379136.0    0.0     48896.0 48723.5      1    0.064   0      0.000    0.064
961152.0 961152.0 114605.3  0.0   5767232.0   0.0    15379136.0    0.0     50048.0 50027.8      2    0.102   0      0.000    0.102
961152.0 961152.0 114605.3  0.0   5767232.0 4738208.9 15379136.0    0.0     50240.0 50169.0      2    0.102   0      0.000    0.102
961152.0 961152.0  0.0   112269.0 5767232.0 3549077.1 15379136.0    0.0     50240.0 50175.9      3    0.142   0      0.000    0.142
961152.0 961152.0 115771.3  0.0   5767232.0 1589697.2 15379136.0    0.0     50240.0 50191.6      4    0.186   0      0.000    0.186
961152.0 961152.0 115771.3  0.0   5767232.0 5675025.0 15379136.0    0.0     50624.0 50536.3      4    0.186   0      0.000    0.186
130816.0 961152.0  0.0   116447.1 5767232.0 2693497.7 15379136.0    0.0     50624.0 50541.5      5    0.236   0      0.000    0.236
130816.0 961152.0  0.0   116447.1 5767232.0 4678585.5 15379136.0    0.0     50624.0 50541.9      5    0.236   0      0.000    0.236
130816.0 134720.0 122379.6  0.0   7420096.0 1173260.2 15379136.0    0.0     50624.0 50542.5      6    0.278   0      0.000    0.278
130816.0 134720.0 122379.6  0.0   7420096.0 2839356.9 15379136.0    0.0     50624.0 50542.9      6    0.278   0      0.000    0.278
130816.0 134720.0 122379.6  0.0   7420096.0 4692678.1 15379136.0    0.0     50624.0 50545.5      6    0.278   0      0.000    0.278
130816.0 134720.0 122379.6  0.0   7420096.0 6645014.9 15379136.0    0.0     50624.0 50547.0      6    0.278   0      0.000    0.278
140672.0 69760.0  0.0   69743.5 7420096.0 1198188.0 15379136.0  52461.8   50624.0 50547.2      7    0.320   0      0.000    0.320
140672.0 69760.0  0.0   69743.5 7420096.0 2690356.5 15379136.0  52461.8   50624.0 50547.8      7    0.320   0      0.000    0.320
140672.0 69760.0  0.0   69743.5 7420096.0 4081542.6 15379136.0  52461.8   50624.0 50548.5      7    0.320   0      0.000    0.320
140672.0 69760.0  0.0   69743.5 7420096.0 5443113.1 15379136.0  52461.8   50624.0 50568.9      7    0.320   0      0.000    0.320
140672.0 69760.0  0.0   69743.5 7420096.0 7362472.0 15379136.0  52461.8   50624.0 50588.1      7    0.320   0      0.000    0.320
140672.0 143616.0 69582.7  0.0   7402304.0 1884784.5 15379136.0  52509.8   50624.0 50589.5      8    0.339   0      0.000    0.339
140672.0 143616.0 69582.7  0.0   7402304.0 3383422.0 15379136.0  52509.8   50624.0 50611.4      8    0.339   0      0.000    0.339
140672.0 143616.0 69582.7  0.0   7402304.0 5191709.8 15379136.0  52509.8   50816.0 50634.3      8    0.339   0      0.000    0.339
146944.0 57728.0  0.0   57682.2 7402304.0 1263875.3 15379136.0  57494.6   50816.0 50643.9      9    0.360   0      0.000    0.360
146944.0 57728.0  0.0   57682.2 7402304.0 5008837.5 15379136.0  57494.6   50816.0 50645.8      9    0.360   0      0.000    0.360
146944.0 147648.0 62881.4  0.0   7394240.0 1560120.7 15379136.0  57566.7   50816.0 50647.1     10    0.378   0      0.000    0.378
146944.0 147648.0 62881.4  0.0   7394240.0 3971793.9 15379136.0  57566.7   50816.0 50660.8     10    0.378   0      0.000    0.378
146944.0 147648.0 62881.4  0.0   7394240.0 5102193.2 15379136.0  57566.7   50816.0 50662.4     10    0.378   0      0.000    0.378
146944.0 147648.0 62881.4  0.0   7394240.0 6387612.2 15379136.0  57566.7   50816.0 50670.1     10    0.378   0      0.000    0.378
146752.0 147648.0  0.0   66342.8 7394240.0 844519.0 15379136.0  61517.0   50816.0 50677.1     11    0.402   0      0.000    0.402
146752.0 147648.0  0.0   66342.8 7394240.0 3805879.7 15379136.0  61517.0   50816.0 50679.0     11    0.402   0      0.000    0.402
146752.0 148032.0 49965.5  0.0   7393472.0 722093.8 15379136.0  74434.1   50816.0 50679.4     12    0.423   0      0.000    0.423
146752.0 148032.0 49965.5  0.0   7393472.0 4950632.0 15379136.0  74434.1   50816.0 50682.3     12    0.423   0      0.000    0.423
149376.0 42304.0  0.0   42289.8 7393472.0 2074823.3 15379136.0  86062.5   50816.0 50683.9     13    0.444   0      0.000    0.444
149376.0 42304.0  0.0   42289.8 7393472.0 5528575.6 15379136.0  86062.5   50816.0 50689.5     13    0.444   0      0.000    0.444
149376.0 146752.0 57859.8  0.0   7393408.0 599757.6 15379136.0  90453.9   50816.0 50700.1     14    0.463   0      0.000    0.463
149376.0 146752.0 57859.8  0.0   7393408.0 3283421.6 15379136.0  90453.9   50816.0 50704.4     14    0.463   0      0.000    0.463
149376.0 146752.0 57859.8  0.0   7393408.0 6371277.3 15379136.0  90453.9   50816.0 50712.1     14    0.463   0      0.000    0.463
144064.0 146752.0  0.0   56046.4 7393408.0 2665461.4 15379136.0  98134.6   50816.0 50712.6     15    0.482   0      0.000    0.482
144064.0 146752.0  0.0   56046.4 7393408.0 6070836.8 15379136.0  98134.6   50816.0 50712.7     15    0.482   0      0.000    0.482
144064.0 141632.0 52293.4  0.0   7403840.0 789819.5 15379136.0  104650.2  50816.0 50715.3     16    0.499   0      0.000    0.499
144064.0 141632.0 52293.4  0.0   7403840.0 2001047.7 15379136.0  104650.2  50816.0 50715.6     16    0.499   0      0.000    0.499
144064.0 141632.0 52293.4  0.0   7403840.0 3324608.3 15379136.0  104650.2  50816.0 50716.4     16    0.499   0      0.000    0.499
144064.0 141632.0 52293.4  0.0   7403840.0 5059408.0 15379136.0  104650.2  50816.0 50718.1     16    0.499   0      0.000    0.499
144064.0 141632.0 52293.4  0.0   7403840.0 6639769.4 15379136.0  104650.2  50816.0 50719.0     16    0.499   0      0.000    0.499
136704.0 141632.0  0.0   64267.6 7403840.0 1256072.8 15379136.0  104751.4  50816.0 50720.7     17    0.518   0      0.000    0.518
136704.0 141632.0  0.0   64267.6 7403840.0 2924592.9 15379136.0  104751.4  50816.0 50721.9     17    0.518   0      0.000    0.518
136704.0 141632.0  0.0   64267.6 7403840.0 4477633.7 15379136.0  104751.4  50816.0 50722.1     17    0.518   0      0.000    0.518
136704.0 141632.0  0.0   64267.6 7403840.0 6028509.7 15379136.0  104751.4  50816.0 50723.3     17    0.518   0      0.000    0.518
136704.0 141632.0  0.0   64267.6 7403840.0 7118673.6 15379136.0  104751.4  50816.0 50724.8     17    0.518   0      0.000    0.518
136704.0 131584.0 66902.8  0.0   7421248.0 1191602.7 15379136.0  109711.1  50816.0 50724.8     18    0.539   0      0.000    0.539
136704.0 131584.0 66902.8  0.0   7421248.0 2287782.9 15379136.0  109711.1  50816.0 50724.8     18    0.539   0      0.000    0.539
136704.0 131584.0 66902.8  0.0   7421248.0 4253237.9 15379136.0  109711.1  50816.0 50725.3     18    0.539   0      0.000    0.539
136704.0 131584.0 66902.8  0.0   7421248.0 5591406.9 15379136.0  109711.1  50816.0 50731.0     18    0.539   0      0.000    0.539
136704.0 131584.0 66902.8  0.0   7421248.0 6346713.7 15379136.0  109711.1  50816.0 50731.6     18    0.539   0      0.000    0.539
126464.0 131584.0  0.0   68754.0 7421248.0 90711.2  15379136.0  112091.5  50816.0 50735.3     19    0.561   0      0.000    0.561
126464.0 131584.0  0.0   68754.0 7421248.0 1309734.1 15379136.0  112091.5  50816.0 50736.5     19    0.561   0      0.000    0.561
126464.0 131584.0  0.0   68754.0 7421248.0 2084774.1 15379136.0  112091.5  50816.0 50736.6     19    0.561   0      0.000    0.561
126464.0 131584.0  0.0   68754.0 7421248.0 3062873.5 15379136.0  112091.5  50816.0 50739.2     19    0.561   0      0.000    0.561
126464.0 131584.0  0.0   68754.0 7421248.0 3934303.1 15379136.0  112091.5  50816.0 50739.2     19    0.561   0      0.000    0.561
126464.0 131584.0  0.0   68754.0 7421248.0 4826553.8 15379136.0  112091.5  50816.0 50740.1     19    0.561   0      0.000    0.561
126464.0 131584.0  0.0   68754.0 7421248.0 5800353.4 15379136.0  112091.5  50816.0 50740.3     19    0.561   0      0.000    0.561
126464.0 131584.0  0.0   68754.0 7421248.0 6874038.5 15379136.0  112091.5  50816.0 50747.7     19    0.561   0      0.000    0.561
126464.0 121664.0 69085.1  0.0   7441408.0 704691.1 15379136.0  119261.6  50816.0 50749.0     20    0.584   0      0.000    0.584
126464.0 121664.0 69085.1  0.0   7441408.0 1898822.1 15379136.0  119261.6  50816.0 50749.0     20    0.584   0      0.000    0.584
126464.0 121664.0 69085.1  0.0   7441408.0 2795855.0 15379136.0  119261.6  50816.0 50749.1     20    0.584   0      0.000    0.584
126464.0 121664.0 69085.1  0.0   7441408.0 4016851.2 15379136.0  119261.6  50816.0 50749.1     20    0.584   0      0.000    0.584
126464.0 121664.0 69085.1  0.0   7441408.0 5109360.3 15379136.0  119261.6  50816.0 50749.5     20    0.584   0      0.000    0.584
126464.0 121664.0 69085.1  0.0   7441408.0 5934392.5 15379136.0  119261.6  50816.0 50749.6     20    0.584   0      0.000    0.584
126464.0 121664.0 69085.1  0.0   7441408.0 6524993.6 15379136.0  119261.6  50816.0 50749.6     20    0.584   0      0.000    0.584
126464.0 121664.0 69085.1  0.0   7441408.0 7153346.8 15379136.0  119261.6  50816.0 50749.6     20    0.584   0      0.000    0.584
119040.0 121664.0  0.0   58691.8 7441408.0 683491.4 15379136.0  127601.1  50816.0 50750.5     21    0.603   0      0.000    0.603
119040.0 121664.0  0.0   58691.8 7441408.0 1410079.8 15379136.0  127601.1  50816.0 50750.5     21    0.603   0      0.000    0.603
119040.0 121664.0  0.0   58691.8 7441408.0 2204339.5 15379136.0  127601.1  50816.0 50750.5     21    0.603   0      0.000    0.603
119040.0 121664.0  0.0   58691.8 7441408.0 3346465.3 15379136.0  127601.1  50816.0 50750.5     21    0.603   0      0.000    0.603
119040.0 121664.0  0.0   58691.8 7441408.0 4584865.9 15379136.0  127601.1  50816.0 50750.9     21    0.603   0      0.000    0.603
119040.0 121664.0  0.0   58691.8 7441408.0 5478470.4 15379136.0  127601.1  50816.0 50750.9     21    0.603   0      0.000    0.603
119040.0 121664.0  0.0   58691.8 7441408.0 6577195.9 15379136.0  127601.1  50816.0 50750.9     21    0.603   0      0.000    0.603
119040.0 121664.0  0.0   58691.8 7441408.0 7331865.6 15379136.0  127601.1  50816.0 50752.3     21    0.603   0      0.000    0.603
119040.0 114816.0 67417.9  0.0   7455680.0 733170.5 15379136.0  129354.2  50816.0 50752.7     22    0.624   0      0.000    0.624
119040.0 114816.0 67417.9  0.0   7455680.0 1379228.1 15379136.0  129354.2  50816.0 50752.7     22    0.624   0      0.000    0.624
119040.0 114816.0 67417.9  0.0   7455680.0 2118414.4 15379136.0  129354.2  50816.0 50752.7     22    0.624   0      0.000    0.624
119040.0 114816.0 67417.9  0.0   7455680.0 2854892.1 15379136.0  129354.2  50816.0 50752.7     22    0.624   0      0.000    0.624
119040.0 114816.0 67417.9  0.0   7455680.0 3489754.5 15379136.0  129354.2  50816.0 50752.7     22    0.624   0      0.000    0.624
119040.0 114816.0 67417.9  0.0   7455680.0 3845546.0 15379136.0  129354.2  50816.0 50752.7     22    0.624   0      0.000    0.624
119040.0 114816.0 67417.9  0.0   7455680.0 4338692.9 15379136.0  129354.2  50816.0 50752.7     22    0.624   0      0.000    0.624
119040.0 114816.0 67417.9  0.0   7455680.0 4858194.6 15379136.0  129354.2  50816.0 50752.7     22    0.624   0      0.000    0.624
119040.0 114816.0 67417.9  0.0   7455680.0 5473277.7 15379136.0  129354.2  50816.0 50752.7     22    0.624   0      0.000    0.624
119040.0 114816.0 67417.9  0.0   7455680.0 6097934.5 15379136.0  129354.2  50816.0 50753.1     22    0.624   0      0.000    0.624
119040.0 114816.0 67417.9  0.0   7455680.0 7149657.7 15379136.0  129354.2  50816.0 50753.7     22    0.624   0      0.000    0.624
111808.0 114816.0  0.0   62142.5 7455680.0 519160.6 15379136.0  134171.5  50816.0 50754.0     23    0.645   0      0.000    0.645
111808.0 114816.0  0.0   62142.5 7455680.0 2251794.0 15379136.0  134171.5  50816.0 50754.0     23    0.645   0      0.000    0.645
111808.0 114816.0  0.0   62142.5 7455680.0 5429797.9 15379136.0  134171.5  50816.0 50754.2     23    0.645   0      0.000    0.645
111808.0 110336.0 53536.1  0.0   7467392.0 1006168.7 15379136.0  152652.5  50816.0 50754.4     24    0.668   0      0.000    0.668
111808.0 110336.0 53536.1  0.0   7467392.0 4525697.5 15379136.0  152652.5  50816.0 50754.4     24    0.668   0      0.000    0.668
110720.0 110336.0  0.0   41068.9 7467392.0 355683.0 15379136.0  172671.5  50816.0 50754.6     25    0.685   0      0.000    0.685
110720.0 110336.0  0.0   41068.9 7467392.0 4301940.0 15379136.0  172671.5  50816.0 50755.7     25    0.685   0      0.000    0.685
110720.0 111168.0 35900.3  0.0   7467200.0 774908.8 15379136.0  187605.2  50816.0 50755.8     26    0.700   0      0.000    0.700
110720.0 111168.0 35900.3  0.0   7467200.0 4918599.9 15379136.0  187605.2  50816.0 50755.9     26    0.700   0      0.000    0.700
110848.0 111168.0  0.0   36004.4 7467200.0 1070177.2 15379136.0  196883.5  50816.0 50756.1     27    0.715   0      0.000    0.715
110848.0 111168.0  0.0   36004.4 7467200.0 4458371.0 15379136.0  196883.5  50816.0 50760.9     27    0.715   0      0.000    0.715
110848.0 110016.0 34620.0  0.0   7468672.0 1061855.4 15379136.0  216968.9  50816.0 50761.0     28    0.733   0      0.000    0.733
110848.0 110016.0 34620.0  0.0   7468672.0 4565524.0 15379136.0  216968.9  50816.0 50762.0     28    0.733   0      0.000    0.733
110848.0 110016.0 34620.0  0.0   7468672.0 7430277.3 15379136.0  216968.9  50816.0 50765.4     28    0.733   0      0.000    0.733
107648.0 110016.0  0.0   39955.8 7468672.0 2887557.2 15379136.0  240359.0  50816.0 50765.6     29    0.752   0      0.000    0.752
107648.0 110016.0  0.0   39955.8 7468672.0 5732599.2 15379136.0  240359.0  50816.0 50765.6     29    0.752   0      0.000    0.752
107648.0 105344.0 38411.5  0.0   7476544.0 790388.3 15379136.0  259726.7  50816.0 50765.8     30    0.771   0      0.000    0.771
107648.0 105344.0 38411.5  0.0   7476544.0 2706902.8 15379136.0  259726.7  50816.0 50767.5     30    0.771   0      0.000    0.771
107648.0 105344.0 38411.5  0.0   7476544.0 3979080.7 15379136.0  259726.7  50816.0 50767.6     30    0.771   0      0.000    0.771
107648.0 105344.0 38411.5  0.0   7476544.0 4652375.8 15379136.0  259726.7  50816.0 50768.0     30    0.771   0      0.000    0.771
107648.0 105344.0 38411.5  0.0   7476544.0 5458603.2 15379136.0  259726.7  50816.0 50769.8     30    0.771   0      0.000    0.771
107648.0 105344.0 38411.5  0.0   7476544.0 6110534.2 15379136.0  259726.7  50816.0 50770.5     30    0.771   0      0.000    0.771
107648.0 105344.0 38411.5  0.0   7476544.0 6682053.1 15379136.0  259726.7  50816.0 50771.0     30    0.771   0      0.000    0.771
107648.0 105344.0 38411.5  0.0   7476544.0 7417808.1 15379136.0  259726.7  50816.0 50771.0     30    0.771   0      0.000    0.771
102208.0 105344.0  0.0   59191.3 7476544.0 473994.9 15379136.0  265867.5  50816.0 50771.0     31    0.789   0      0.000    0.789
102208.0 105344.0  0.0   59191.3 7476544.0 1048441.1 15379136.0  265867.5  50816.0 50771.0     31    0.789   0      0.000    0.789
102208.0 105344.0  0.0   59191.3 7476544.0 1627486.8 15379136.0  265867.5  50816.0 50774.4     31    0.789   0      0.000    0.789
102208.0 105344.0  0.0   59191.3 7476544.0 3123671.1 15379136.0  265867.5  50816.0 50774.9     31    0.789   0      0.000    0.789
102208.0 105344.0  0.0   59191.3 7476544.0 4562017.8 15379136.0  265867.5  50816.0 50775.1     31    0.789   0      0.000    0.789
102208.0 105344.0  0.0   59191.3 7476544.0 6372093.2 15379136.0  265867.5  50816.0 50775.7     31    0.789   0      0.000    0.789
102208.0 97920.0 51532.3  0.0   7489408.0 677268.2 15379136.0  276081.6  50816.0 50775.9     32    0.808   0      0.000    0.808
102208.0 97920.0 51532.3  0.0   7489408.0 2534138.7 15379136.0  276081.6  50816.0 50779.7     32    0.808   0      0.000    0.808
102208.0 97920.0 51532.3  0.0   7489408.0 4173808.4 15379136.0  276081.6  50816.0 50779.9     32    0.808   0      0.000    0.808
102208.0 97920.0 51532.3  0.0   7489408.0 6966138.1 15379136.0  276081.6  50816.0 50780.3     32    0.808   0      0.000    0.808
94656.0 97920.0  0.0   47268.1 7489408.0 1440173.1 15379136.0  292407.9  50816.0 50780.3     33    0.831   0      0.000    0.831
94656.0 97920.0  0.0   47268.1 7489408.0 4107969.5 15379136.0  292407.9  50816.0 50780.8     33    0.831   0      0.000    0.831
94656.0 97920.0  0.0   47268.1 7489408.0 5127926.1 15379136.0  292407.9  50816.0 50782.7     33    0.831   0      0.000    0.831
94656.0 97920.0  0.0   47268.1 7489408.0 5727002.8 15379136.0  292407.9  50816.0 50782.7     33    0.831   0      0.000    0.831
94656.0 97920.0  0.0   47268.1 7489408.0 6375609.4 15379136.0  292407.9  50816.0 50782.7     33    0.831   0      0.000    0.831
94656.0 97920.0  0.0   47268.1 7489408.0 6982359.7 15379136.0  292407.9  50816.0 50783.6     33    0.831   0      0.000    0.831
94656.0 92864.0 59628.0  0.0   7502016.0 159201.9 15379136.0  299393.8  50816.0 50785.0     34    0.852   0      0.000    0.852
94656.0 92864.0 59628.0  0.0   7502016.0 678167.9 15379136.0  299393.8  50816.0 50786.4     34    0.852   0      0.000    0.852
94656.0 92864.0 59628.0  0.0   7502016.0 1255486.6 15379136.0  299393.8  50816.0 50805.9     34    0.852   0      0.000    0.852
94656.0 92864.0 59628.0  0.0   7502016.0 1778661.8 15379136.0  299393.8  50816.0 50806.2     34    0.852   0      0.000    0.852
94656.0 92864.0 59628.0  0.0   7502016.0 2361066.1 15379136.0  299393.8  50816.0 50807.3     34    0.852   0      0.000    0.852
94656.0 92864.0 59628.0  0.0   7502016.0 3154419.8 15379136.0  299393.8  50816.0 50809.8     34    0.852   0      0.000    0.852
94656.0 92864.0 59628.0  0.0   7502016.0 4379575.5 15379136.0  299393.8  50816.0 50811.1     34    0.852   0      0.000    0.852
94656.0 92864.0 59628.0  0.0   7502016.0 6092417.7 15379136.0  299393.8  50816.0 50811.1     34    0.852   0      0.000    0.852
90112.0 92864.0  0.0   47306.3 7502016.0 415460.3 15379136.0  312135.3  50816.0 50811.3     35    0.872   0      0.000    0.872
90112.0 92864.0  0.0   47306.3 7502016.0 2782143.1 15379136.0  312135.3  50816.0 50814.6     35    0.872   0      0.000    0.872
90112.0 92864.0  0.0   47306.3 7502016.0 5388600.4 15379136.0  312135.3  50816.0 50814.6     35    0.872   0      0.000    0.872
90112.0 90624.0 28828.7  0.0   7508288.0 718606.8 15379136.0  333616.8  51008.0 50817.6     36    0.888   0      0.000    0.888
90112.0 90624.0 28828.7  0.0   7508288.0 4269322.4 15379136.0  333616.8  51008.0 50818.1     36    0.888   0      0.000    0.888
90112.0 90624.0 28828.7  0.0   7508288.0 7167567.9 15379136.0  333616.8  51008.0 50819.3     36    0.888   0      0.000    0.888
89344.0 90624.0  0.0   35008.9 7508288.0 2487041.4 15379136.0  347748.2  51008.0 50819.3     37    0.908   0      0.000    0.908
89344.0 90624.0  0.0   35008.9 7508288.0 5194955.3 15379136.0  347748.2  51008.0 50819.6     37    0.908   0      0.000    0.908
89344.0 90624.0  0.0   35008.9 7508288.0 7392168.9 15379136.0  347748.2  51008.0 50820.6     37    0.908   0      0.000    0.908
89344.0 88512.0 30642.2  0.0   7511680.0 1789390.7 15379136.0  364375.5  51008.0 50822.0     38    0.925   0      0.000    0.925
89344.0 88512.0 30642.2  0.0   7511680.0 3111317.0 15379136.0  364375.5  51008.0 50824.8     38    0.925   0      0.000    0.925
89344.0 88512.0 30642.2  0.0   7511680.0 4704334.1 15379136.0  364375.5  51008.0 50825.5     38    0.925   0      0.000    0.925
89344.0 88512.0 30642.2  0.0   7511680.0 6633689.0 15379136.0  364375.5  51008.0 50825.9     38    0.925   0      0.000    0.925
85248.0 88512.0  0.0   42415.2 7511680.0 1659697.8 15379136.0  376585.8  51008.0 50826.9     39    0.943   0      0.000    0.943
85248.0 88512.0  0.0   42415.2 7511680.0 4276294.0 15379136.0  376585.8  51008.0 50826.9     39    0.943   0      0.000    0.943
85248.0 88512.0  0.0   42415.2 7511680.0 7107798.0 15379136.0  376585.8  51008.0 50828.6     39    0.943   0      0.000    0.943
85248.0 84992.0 26087.4  0.0   7519296.0 2465068.7 15379136.0  398990.6  51008.0 50835.0     40    0.958   0      0.000    0.958
85248.0 84992.0 26087.4  0.0   7519296.0 5464599.6 15379136.0  398990.6  51008.0 50836.3     40    0.958   0      0.000    0.958
83776.0 84992.0  0.0   28525.6 7519296.0 1566907.3 15379136.0  415628.6  51008.0 50836.3     41    0.975   0      0.000    0.975
83776.0 84992.0  0.0   28525.6 7519296.0 5405497.0 15379136.0  415628.6  51008.0 50836.7     41    0.975   0      0.000    0.975
83776.0 82432.0 27361.8  0.0   7523328.0 199863.3 15379136.0  435911.7  51008.0 50839.0     42    0.989   0      0.000    0.989
83776.0 82432.0 27361.8  0.0   7523328.0 1554137.7 15379136.0  435911.7  51008.0 50839.6     42    0.989   0      0.000    0.989
83776.0 82432.0 27361.8  0.0   7523328.0 2861975.7 15379136.0  435911.7  51008.0 50839.9     42    0.989   0      0.000    0.989
83776.0 82432.0 27361.8  0.0   7523328.0 3809351.8 15379136.0  435911.7  51008.0 50840.8     42    0.989   0      0.000    0.989
83776.0 82432.0 27361.8  0.0   7523328.0 5482867.1 15379136.0  435911.7  51008.0 50840.8     42    0.989   0      0.000    0.989
83776.0 82432.0 27361.8  0.0   7523328.0 6799936.2 15379136.0  435911.7  51008.0 50840.8     42    0.989   0      0.000    0.989
82752.0 82432.0  0.0   53630.5 7523328.0 523599.8 15379136.0  441622.8  51008.0 50841.3     43    1.010   0      0.000    1.010
82752.0 82432.0  0.0   53630.5 7523328.0 2140494.5 15379136.0  441622.8  51008.0 50841.4     43    1.010   0      0.000    1.010
82752.0 82432.0  0.0   53630.5 7523328.0 3719957.0 15379136.0  441622.8  51008.0 50841.4     43    1.010   0      0.000    1.010
82752.0 82432.0  0.0   53630.5 7523328.0 4753693.9 15379136.0  441622.8  51008.0 50842.5     43    1.010   0      0.000    1.010
82752.0 82432.0  0.0   53630.5 7523328.0 5955283.5 15379136.0  441622.8  51008.0 50842.5     43    1.010   0      0.000    1.010
82752.0 82432.0  0.0   53630.5 7523328.0 7174167.6 15379136.0  441622.8  51008.0 50842.5     43    1.010   0      0.000    1.010
82752.0 79616.0 37826.7  0.0   7527168.0 1355256.8 15379136.0  460114.2  51008.0 50842.8     44    1.026   0      0.000    1.026
82752.0 79616.0 37826.7  0.0   7527168.0 3582870.0 15379136.0  460114.2  51008.0 50842.8     44    1.026   0      0.000    1.026
82752.0 79616.0 37826.7  0.0   7527168.0 5122801.1 15379136.0  460114.2  51008.0 50842.8     44    1.026   0      0.000    1.026
82752.0 79616.0 37826.7  0.0   7527168.0 6371150.6 15379136.0  460114.2  51008.0 50842.8     44    1.026   0      0.000    1.026
82752.0 79616.0 37826.7  0.0   7527168.0 6957965.2 15379136.0  460114.2  51008.0 50842.8     44    1.026   0      0.000    1.026
82752.0 79616.0 37826.7  0.0   7527168.0 7457078.4 15379136.0  460114.2  51008.0 50842.8     44    1.026   0      0.000    1.026
81472.0 79616.0  0.0   57407.5 7527168.0 365521.3 15379136.0  471273.4  51008.0 50842.8     45    1.048   0      0.000    1.048
81472.0 79616.0  0.0   57407.5 7527168.0 982525.0 15379136.0  471273.4  51008.0 50842.8     45    1.048   0      0.000    1.048
81472.0 79616.0  0.0   57407.5 7527168.0 1279913.0 15379136.0  471273.4  51008.0 50843.0     45    1.048   0      0.000    1.048
81472.0 79616.0  0.0   57407.5 7527168.0 1698499.9 15379136.0  471273.4  51008.0 50843.0     45    1.048   0      0.000    1.048
81472.0 79616.0  0.0   57407.5 7527168.0 2800579.8 15379136.0  471273.4  51008.0 50843.0     45    1.048   0      0.000    1.048
81472.0 79616.0  0.0   57407.5 7527168.0 4075090.4 15379136.0  471273.4  51008.0 50843.0     45    1.048   0      0.000    1.048
81472.0 79616.0  0.0   57407.5 7527168.0 6324840.9 15379136.0  471273.4  51008.0 50845.9     45    1.048   0      0.000    1.048
81472.0 78144.0 45077.5  0.0   7529920.0 1129521.4 15379136.0  490335.8  51008.0 50845.9     46    1.067   0      0.000    1.067
81472.0 78144.0 45077.5  0.0   7529920.0 3039348.6 15379136.0  490335.8  51008.0 50849.4     46    1.067   0      0.000    1.067
81472.0 78144.0 45077.5  0.0   7529920.0 5439198.2 15379136.0  490335.8  51008.0 50931.9     46    1.067   0      0.000    1.067
77504.0 78144.0  0.0   27911.4 7529920.0 384741.7 15379136.0  512944.1  51008.0 50931.9     47    1.083   0      0.000    1.083
77504.0 78144.0  0.0   27911.4 7529920.0 3154526.7 15379136.0  512944.1  51008.0 50932.7     47    1.083   0      0.000    1.083
77504.0 78144.0  0.0   27911.4 7529920.0 5687918.0 15379136.0  512944.1  51008.0 50932.9     47    1.083   0      0.000    1.083
77504.0 76288.0 28801.2  0.0   7535744.0 58094.4  15379136.0  532705.4  51008.0 50933.1     48    1.098   0      0.000    1.098
77504.0 76288.0 28801.2  0.0   7535744.0 2467402.6 15379136.0  532705.4  51008.0 50933.1     48    1.098   0      0.000    1.098
77504.0 76288.0 28801.2  0.0   7535744.0 4551608.0 15379136.0  532705.4  51008.0 50933.1     48    1.098   0      0.000    1.098
77504.0 76288.0 28801.2  0.0   7535744.0 6880426.3 15379136.0  532705.4  51008.0 50934.0     48    1.098   0      0.000    1.098
75648.0 76288.0  0.0   24089.6 7535744.0 1724481.5 15379136.0  552578.5  51008.0 50934.0     49    1.112   0      0.000    1.112
75648.0 76288.0  0.0   24089.6 7535744.0 3056190.9 15379136.0  552578.5  51008.0 50934.0     49    1.112   0      0.000    1.112
75648.0 76288.0  0.0   24089.6 7535744.0 6374721.8 15379136.0  552578.5  51008.0 50934.0     49    1.112   0      0.000    1.112
75648.0 73344.0 31566.1  0.0   7540544.0 1310426.8 15379136.0  571250.3  51008.0 50934.0     50    1.127   0      0.000    1.127
75648.0 73344.0 31566.1  0.0   7540544.0 3719462.9 15379136.0  571250.3  51008.0 50934.0     50    1.127   0      0.000    1.127
75648.0 73344.0 31566.1  0.0   7540544.0 5506718.1 15379136.0  571250.3  51008.0 50934.0     50    1.127   0      0.000    1.127
75648.0 73344.0 31566.1  0.0   7540544.0 6756287.6 15379136.0  571250.3  51008.0 50934.0     50    1.127   0      0.000    1.127
72384.0 73344.0  0.0   23713.4 7540544.0 292597.9 15379136.0  597458.8  51008.0 50934.0     51    1.144   0      0.000    1.144
72384.0 73344.0  0.0   23713.4 7540544.0 834781.0 15379136.0  597458.8  51008.0 50934.0     51    1.144   0      0.000    1.144
72384.0 73344.0  0.0   23713.4 7540544.0 1589935.4 15379136.0  597458.8  51008.0 50934.0     51    1.144   0      0.000    1.144
72384.0 73344.0  0.0   23713.4 7540544.0 2269276.6 15379136.0  597458.8  51008.0 50934.0     51    1.144   0      0.000    1.144
72384.0 73344.0  0.0   23713.4 7540544.0 2803949.2 15379136.0  597458.8  51008.0 50934.0     51    1.144   0      0.000    1.144
72384.0 73344.0  0.0   23713.4 7540544.0 3265792.9 15379136.0  597458.8  51008.0 50934.0     51    1.144   0      0.000    1.144
72384.0 73344.0  0.0   23713.4 7540544.0 3667461.2 15379136.0  597458.8  51008.0 50934.2     51    1.144   0      0.000    1.144
72384.0 73344.0  0.0   23713.4 7540544.0 4072182.8 15379136.0  597458.8  51008.0 50934.2     51    1.144   0      0.000    1.144
72384.0 73344.0  0.0   23713.4 7540544.0 4707739.7 15379136.0  597458.8  51008.0 50934.2     51    1.144   0      0.000    1.144
72384.0 73344.0  0.0   23713.4 7540544.0 5483848.1 15379136.0  597458.8  51008.0 50934.2     51    1.144   0      0.000    1.144
72384.0 73344.0  0.0   23713.4 7540544.0 6292090.1 15379136.0  597458.8  51008.0 50934.5     51    1.144   0      0.000    1.144
72384.0 73344.0  0.0   23713.4 7540544.0 6896520.4 15379136.0  597458.8  51008.0 50934.5     51    1.144   0      0.000    1.144
72384.0 79040.0 64651.3  0.0   7531456.0 132318.4 15379136.0  603206.4  51008.0 50934.9     52    1.164   0      0.000    1.164
72384.0 79040.0 64651.3  0.0   7531456.0 623233.6 15379136.0  603206.4  51008.0 50934.9     52    1.164   0      0.000    1.164
72384.0 79040.0 64651.3  0.0   7531456.0 1549989.4 15379136.0  603206.4  51008.0 50935.1     52    1.164   0      0.000    1.164
72384.0 79040.0 64651.3  0.0   7531456.0 2987059.7 15379136.0  603206.4  51008.0 50935.1     52    1.164   0      0.000    1.164
72384.0 79040.0 64651.3  0.0   7531456.0 4660875.8 15379136.0  603206.4  51008.0 50935.1     52    1.164   0      0.000    1.164
72384.0 79040.0 64651.3  0.0   7531456.0 5887009.8 15379136.0  603206.4  51008.0 50936.5     52    1.164   0      0.000    1.164
72384.0 79040.0 64651.3  0.0   7531456.0 6780367.8 15379136.0  603206.4  51008.0 50936.5     52    1.164   0      0.000    1.164
72384.0 79040.0 64651.3  0.0   7531456.0 7469556.5 15379136.0  603206.4  51008.0 50936.9     52    1.164   0      0.000    1.164
76224.0 79040.0  0.0   42736.1 7531456.0 2109004.3 15379136.0  617116.5  51008.0 50937.7     53    1.181   0      0.000    1.181
76224.0 79040.0  0.0   42736.1 7531456.0 4768519.9 15379136.0  617116.5  51008.0 50937.7     53    1.181   0      0.000    1.181
76224.0 72960.0 38032.9  0.0   7540352.0 154665.4 15379136.0  642373.3  51008.0 50937.7     54    1.201   0      0.000    1.201
76224.0 72960.0 38032.9  0.0   7540352.0 2587960.5 15379136.0  642373.3  51008.0 50937.7     54    1.201   0      0.000    1.201
76224.0 72960.0 38032.9  0.0   7540352.0 4396743.8 15379136.0  642373.3  51008.0 50937.7     54    1.201   0      0.000    1.201
76224.0 72960.0 38032.9  0.0   7540352.0 6372194.5 15379136.0  642373.3  51008.0 50937.9     54    1.201   0      0.000    1.201
69888.0 72960.0  0.0   38523.9 7540352.0 975041.1 15379136.0  656619.7  51008.0 50937.9     55    1.216   0      0.000    1.216
69888.0 72960.0  0.0   38523.9 7540352.0 2537511.0 15379136.0  656619.7  51008.0 50937.9     55    1.216   0      0.000    1.216
69888.0 72960.0  0.0   38523.9 7540352.0 4344122.2 15379136.0  656619.7  51008.0 50938.1     55    1.216   0      0.000    1.216
69888.0 72960.0  0.0   38523.9 7540352.0 5718030.3 15379136.0  656619.7  51008.0 50938.2     55    1.216   0      0.000    1.216
69888.0 72960.0  0.0   38523.9 7540352.0 6711400.9 15379136.0  656619.7  51008.0 50938.2     55    1.216   0      0.000    1.216
69888.0 68608.0 44504.3  0.0   7551040.0 284330.4 15379136.0  666013.6  51008.0 50938.2     56    1.233   0      0.000    1.233
69888.0 68608.0 44504.3  0.0   7551040.0 1089363.6 15379136.0  666013.6  51008.0 50938.2     56    1.233   0      0.000    1.233
69888.0 68608.0 44504.3  0.0   7551040.0 1797786.4 15379136.0  666013.6  51008.0 50938.3     56    1.233   0      0.000    1.233
69888.0 68608.0 44504.3  0.0   7551040.0 3445965.7 15379136.0  666013.6  51008.0 50938.6     56    1.233   0      0.000    1.233
69888.0 68608.0 44504.3  0.0   7551040.0 5283032.7 15379136.0  666013.6  51008.0 50938.6     56    1.233   0      0.000    1.233
67136.0 68608.0  0.0   43932.7 7551040.0 469507.5 15379136.0  678398.4  51008.0 50938.6     57    1.252   0      0.000    1.252
67136.0 68608.0  0.0   43932.7 7551040.0 3165915.7 15379136.0  678398.4  51008.0 50938.9     57    1.252   0      0.000    1.252
67136.0 68608.0  0.0   43932.7 7551040.0 5225896.1 15379136.0  678398.4  51008.0 50938.9     57    1.252   0      0.000    1.252
67136.0 68608.0  0.0   43932.7 7551040.0 6626225.9 15379136.0  678398.4  51008.0 50939.7     57    1.252   0      0.000    1.252
67136.0 64832.0 41475.2  0.0   7557568.0 1856367.3 15379136.0  697164.4  51008.0 50939.7     58    1.271   0      0.000    1.271
67136.0 64832.0 41475.2  0.0   7557568.0 4979133.9 15379136.0  697164.4  51008.0 50939.7     58    1.271   0      0.000    1.271
63616.0 64832.0  0.0   33507.2 7557568.0 150684.8 15379136.0  711338.8  51008.0 50939.7     59    1.286   0      0.000    1.286
63616.0 64832.0  0.0   33507.2 7557568.0 3184507.8 15379136.0  711338.8  51008.0 50942.8     59    1.286   0      0.000    1.286
63616.0 64832.0  0.0   33507.2 7557568.0 6098515.7 15379136.0  711338.8  51008.0 50943.6     59    1.286   0      0.000    1.286
63616.0 62912.0 30405.6  0.0   7563008.0 1901953.6 15379136.0  719349.4  51008.0 50945.7     60    1.302   0      0.000    1.302
63616.0 62912.0 30405.6  0.0   7563008.0 4229314.3 15379136.0  719349.4  51008.0 50945.7     60    1.302   0      0.000    1.302
63616.0 62912.0 30405.6  0.0   7563008.0 6498085.2 15379136.0  719349.4  51008.0 50945.7     60    1.302   0      0.000    1.302
63424.0 62912.0  0.0   22057.4 7563008.0 418319.5 15379136.0  731340.9  51008.0 50945.9     61    1.316   0      0.000    1.316
63424.0 62912.0  0.0   22057.4 7563008.0 2561564.9 15379136.0  731340.9  51008.0 50945.9     61    1.316   0      0.000    1.316
63424.0 62912.0  0.0   22057.4 7563008.0 4859637.0 15379136.0  731340.9  51008.0 50946.2     61    1.316   0      0.000    1.316
63424.0 61632.0 32538.9  0.0   7564480.0 328867.7 15379136.0  738903.4  51008.0 50947.3     62    1.330   0      0.000    1.330
63424.0 61632.0 32538.9  0.0   7564480.0 2196693.4 15379136.0  738903.4  51008.0 50947.3     62    1.330   0      0.000    1.330
63424.0 61632.0 32538.9  0.0   7564480.0 3868227.9 15379136.0  738903.4  51008.0 50947.3     62    1.330   0      0.000    1.330
63424.0 61632.0 32538.9  0.0   7564480.0 4843561.9 15379136.0  738903.4  51008.0 50947.3     62    1.330   0      0.000    1.330
59456.0 61632.0  0.0   35036.2 7564480.0 121215.7 15379136.0  753528.4  51008.0 50947.3     63    1.347   0      0.000    1.347
59456.0 61632.0  0.0   35036.2 7564480.0 1941977.8 15379136.0  753528.4  51008.0 50947.7     63    1.347   0      0.000    1.347
59456.0 61632.0  0.0   35036.2 7564480.0 3380233.9 15379136.0  753528.4  51008.0 50947.7     63    1.347   0      0.000    1.347
59456.0 61632.0  0.0   35036.2 7564480.0 5580625.9 15379136.0  753528.4  51008.0 50947.7     63    1.347   0      0.000    1.347
59456.0 61632.0  0.0   35036.2 7564480.0 7009882.9 15379136.0  753528.4  51008.0 50947.7     63    1.347   0      0.000    1.347
59456.0 59392.0 42621.7  0.0   7570688.0 1498262.8 15379136.0  765651.0  51008.0 50947.7     64    1.364   0      0.000    1.364
59456.0 59392.0 42621.7  0.0   7570688.0 4020014.2 15379136.0  765651.0  51008.0 50947.7     64    1.364   0      0.000    1.364
59456.0 59392.0 42621.7  0.0   7570688.0 6152437.1 15379136.0  765651.0  51008.0 50947.7     64    1.364   0      0.000    1.364
59456.0 59392.0 42621.7  0.0   7570688.0 7382944.2 15379136.0  765651.0  51008.0 50947.7     64    1.364   0      0.000    1.364
58368.0 59392.0  0.0   40502.9 7570688.0 2787670.3 15379136.0  779311.0  51008.0 50947.7     65    1.383   0      0.000    1.383
58368.0 59392.0  0.0   40502.9 7570688.0 5158713.7 15379136.0  779311.0  51008.0 50948.1     65    1.383   0      0.000    1.383
58368.0 59392.0  0.0   40502.9 7570688.0 7411796.1 15379136.0  779311.0  51008.0 50950.2     65    1.383   0      0.000    1.383
58368.0 57408.0 40543.7  0.0   7573760.0 2013850.6 15379136.0  790077.5  51008.0 50950.2     66    1.401   0      0.000    1.401
58368.0 57408.0 40543.7  0.0   7573760.0 3213993.6 15379136.0  790077.5  51008.0 50950.2     66    1.401   0      0.000    1.401
58368.0 57408.0 40543.7  0.0   7573760.0 6252101.7 15379136.0  790077.5  51008.0 50950.2     66    1.401   0      0.000    1.401
56384.0 57408.0  0.0   32181.7 7573760.0 1635349.4 15379136.0  807580.7  51008.0 50950.4     67    1.419   0      0.000    1.419
56384.0 57408.0  0.0   32181.7 7573760.0 5000099.6 15379136.0  807580.7  51008.0 50950.4     67    1.419   0      0.000    1.419
56384.0 57408.0  0.0   32181.7 7573760.0 6321361.2 15379136.0  807580.7  51008.0 50950.4     67    1.419   0      0.000    1.419
56384.0 56192.0 41895.7  0.0   7576960.0   0.0    15379136.0  818264.9  51008.0 50950.4     68    1.437   0      0.000    1.437
56384.0 56192.0 41895.7  0.0   7576960.0 1965730.9 15379136.0  818264.9  51008.0 50950.4     68    1.437   0      0.000    1.437
56384.0 56192.0 41895.7  0.0   7576960.0 4600438.4 15379136.0  818264.9  51008.0 50950.4     68    1.437   0      0.000    1.437
56384.0 56192.0 41895.7  0.0   7576960.0 6730355.6 15379136.0  818264.9  51008.0 50950.4     68    1.437   0      0.000    1.437
56064.0 56192.0  0.0   42369.9 7576960.0 1036914.5 15379136.0  831840.4  51008.0 50950.4     69    1.456   0      0.000    1.456
56064.0 56192.0  0.0   42369.9 7576960.0 2661791.2 15379136.0  831840.4  51008.0 50950.4     69    1.456   0      0.000    1.456
56064.0 56192.0  0.0   42369.9 7576960.0 4041237.9 15379136.0  831840.4  51008.0 50950.4     69    1.456   0      0.000    1.456
56064.0 56192.0  0.0   42369.9 7576960.0 5736543.5 15379136.0  831840.4  51008.0 50950.4     69    1.456   0      0.000    1.456
56064.0 56192.0  0.0   42369.9 7576960.0 6451748.6 15379136.0  831840.4  51008.0 50950.4     69    1.456   0      0.000    1.456
56064.0 55360.0 41189.7  0.0   7578112.0 123968.8 15379136.0  850171.6  51008.0 50950.4     70    1.473   0      0.000    1.473
56064.0 55360.0 41189.7  0.0   7578112.0 2904976.7 15379136.0  850171.6  51008.0 50950.4     70    1.473   0      0.000    1.473
56064.0 55360.0 41189.7  0.0   7578112.0 4738351.6 15379136.0  850171.6  51008.0 50950.4     70    1.473   0      0.000    1.473
56064.0 55360.0 41189.7  0.0   7578112.0 7374925.3 15379136.0  850171.6  51008.0 50958.1     70    1.473   0      0.000    1.473
55616.0 55360.0  0.0   43705.9 7578112.0 1577558.0 15379136.0  867610.3  51008.0 50958.1     71    1.493   0      0.000    1.493
55616.0 55360.0  0.0   43705.9 7578112.0 2767288.4 15379136.0  867610.3  51008.0 50958.7     71    1.493   0      0.000    1.493
55616.0 55360.0  0.0   43705.9 7578112.0 4685322.2 15379136.0  867610.3  51008.0 50958.7     71    1.493   0      0.000    1.493
55616.0 55360.0  0.0   43705.9 7578112.0 6356076.6 15379136.0  867610.3  51008.0 50958.7     71    1.493   0      0.000    1.493
55616.0 54336.0 40105.7  0.0   7579584.0 312239.8 15379136.0  884498.9  51008.0 50958.7     72    1.511   0      0.000    1.511
55616.0 54336.0 40105.7  0.0   7579584.0 2283925.5 15379136.0  884498.9  51008.0 50958.7     72    1.511   0      0.000    1.511
55616.0 54336.0 40105.7  0.0   7579584.0 3393133.3 15379136.0  884498.9  51008.0 50958.7     72    1.511   0      0.000    1.511
55616.0 54336.0 40105.7  0.0   7579584.0 4877238.0 15379136.0  884498.9  51008.0 50958.7     72    1.511   0      0.000    1.511
55616.0 54336.0 40105.7  0.0   7579584.0 7160824.0 15379136.0  884498.9  51008.0 50958.7     72    1.511   0      0.000    1.511
53568.0 54336.0  0.0   34692.2 7579584.0 1590912.8 15379136.0  900460.1  51008.0 50958.7     73    1.528   0      0.000    1.528
53568.0 54336.0  0.0   34692.2 7579584.0 3634487.5 15379136.0  900460.1  51008.0 50958.7     73    1.528   0      0.000    1.528
53568.0 54336.0  0.0   34692.2 7579584.0 6483997.0 15379136.0  900460.1  51008.0 50958.7     73    1.528   0      0.000    1.528
53568.0 52480.0 36375.5  0.0   7583488.0 1631990.7 15379136.0  915982.0  51008.0 50958.7     74    1.545   0      0.000    1.545
53568.0 52480.0 36375.5  0.0   7583488.0 3192990.2 15379136.0  915982.0  51008.0 50959.2     74    1.545   0      0.000    1.545
53568.0 52480.0 36375.5  0.0   7583488.0 5438490.8 15379136.0  915982.0  51008.0 50959.2     74    1.545   0      0.000    1.545
53568.0 52480.0 36375.5  0.0   7583488.0 7506857.1 15379136.0  915982.0  51008.0 50959.2     74    1.545   0      0.000    1.545
51904.0 52480.0  0.0   33622.6 7583488.0 1925852.4 15379136.0  929611.7  51008.0 50959.2     75    1.563   0      0.000    1.563
51904.0 52480.0  0.0   33622.6 7583488.0 4732895.5 15379136.0  929611.7  51008.0 50959.2     75    1.563   0      0.000    1.563
51904.0 52480.0  0.0   33622.6 7583488.0 7008328.9 15379136.0  929611.7  51008.0 50959.7     75    1.563   0      0.000    1.563
51904.0 50688.0 36947.0  0.0   7586944.0 703033.2 15379136.0  946464.9  51008.0 50959.7     76    1.582   0      0.000    1.582
51904.0 50688.0 36947.0  0.0   7586944.0 2029611.2 15379136.0  946464.9  51008.0 50959.7     76    1.582   0      0.000    1.582
51904.0 50688.0 36947.0  0.0   7586944.0 3730623.4 15379136.0  946464.9  51008.0 50959.7     76    1.582   0      0.000    1.582
51904.0 50688.0 36947.0  0.0   7586944.0 5028823.0 15379136.0  946464.9  51008.0 50959.7     76    1.582   0      0.000    1.582
51904.0 50688.0 36947.0  0.0   7586944.0 6028751.9 15379136.0  946464.9  51008.0 50959.7     76    1.582   0      0.000    1.582
51904.0 50688.0 36947.0  0.0   7586944.0 7390869.7 15379136.0  946464.9  51008.0 50960.3     76    1.582   0      0.000    1.582
52160.0 45312.0  0.0   45256.0 7586944.0 1422052.6 15379136.0  965068.5  51008.0 50960.3     77    1.605   0      0.000    1.605
52160.0 45312.0  0.0   45256.0 7586944.0 2725927.1 15379136.0  965068.5  51008.0 50960.3     77    1.605   0      0.000    1.605
52160.0 45312.0  0.0   45256.0 7586944.0 5257641.3 15379136.0  965068.5  51008.0 50960.3     77    1.605   0      0.000    1.605
52160.0 45312.0  0.0   45256.0 7586944.0 7236414.7 15379136.0  965068.5  51008.0 50960.3     77    1.605   0      0.000    1.605
52160.0 51584.0 34238.7  0.0   7585792.0 2320754.5 15379136.0  989312.0  51008.0 50961.4     78    1.623   0      0.000    1.623
52160.0 51584.0 34238.7  0.0   7585792.0 5617813.5 15379136.0  989312.0  51008.0 50961.4     78    1.623   0      0.000    1.623
52608.0 24320.0  0.0   24274.2 7585792.0 1569255.4 15379136.0 1006888.6  51008.0 50961.4     79    1.639   0      0.000    1.639
52608.0 24320.0  0.0   24274.2 7585792.0 4597461.3 15379136.0 1006888.6  51008.0 50961.4     79    1.639   0      0.000    1.639
52608.0 52480.0 28219.6  0.0   7584448.0 126425.9 15379136.0 1017314.9  51008.0 50961.6     80    1.654   0      0.000    1.654
52608.0 52480.0 28219.6  0.0   7584448.0 1475619.3 15379136.0 1017314.9  51008.0 50961.6     80    1.654   0      0.000    1.654
52608.0 52480.0 28219.6  0.0   7584448.0 2508813.4 15379136.0 1017314.9  51008.0 50961.6     80    1.654   0      0.000    1.654
52608.0 52480.0 28219.6  0.0   7584448.0 3927202.6 15379136.0 1017314.9  51008.0 50961.6     80    1.654   0      0.000    1.654
52608.0 52480.0 28219.6  0.0   7584448.0 5275189.0 15379136.0 1017314.9  51008.0 50961.6     80    1.654   0      0.000    1.654
52608.0 52480.0 28219.6  0.0   7584448.0 6555500.4 15379136.0 1017314.9  51008.0 50961.6     80    1.654   0      0.000    1.654
52608.0 52480.0 28219.6  0.0   7584448.0 7284039.0 15379136.0 1017314.9  51008.0 50961.6     80    1.654   0      0.000    1.654
54912.0 47104.0  0.0   47055.2 7584448.0 1767852.3 15379136.0 1027068.0  51008.0 50961.6     81    1.674   0      0.000    1.674
54912.0 47104.0  0.0   47055.2 7584448.0 2370113.1 15379136.0 1027068.0  51008.0 50961.9     81    1.674   0      0.000    1.674
54912.0 47104.0  0.0   47055.2 7584448.0 3563243.0 15379136.0 1027068.0  51008.0 50961.9     81    1.674   0      0.000    1.674
54912.0 47104.0  0.0   47055.2 7584448.0 4114616.3 15379136.0 1027068.0  51008.0 50961.9     81    1.674   0      0.000    1.674
54912.0 47104.0  0.0   47055.2 7584448.0 4277673.7 15379136.0 1027068.0  51008.0 50961.9     81    1.674   0      0.000    1.674
54912.0 47104.0  0.0   47055.2 7584448.0 5059256.7 15379136.0 1027068.0  51008.0 50961.9     81    1.674   0      0.000    1.674
54912.0 47104.0  0.0   47055.2 7584448.0 5563241.6 15379136.0 1027068.0  51008.0 50961.9     81    1.674   0      0.000    1.674
54912.0 47104.0  0.0   47055.2 7584448.0 6646117.8 15379136.0 1027068.0  51008.0 50961.9     81    1.674   0      0.000    1.674
54912.0 47104.0  0.0   47055.2 7584448.0 7270849.0 15379136.0 1027068.0  51008.0 50961.9     81    1.674   0      0.000    1.674
54912.0 64384.0 54904.1  0.0   7560768.0 467186.0 15379136.0 1039558.5  51008.0 50961.9     82    1.695   0      0.000    1.695
54912.0 64384.0 54904.1  0.0   7560768.0 1363437.6 15379136.0 1039558.5  51008.0 50961.9     82    1.695   0      0.000    1.695
54912.0 64384.0 54904.1  0.0   7560768.0 2122147.1 15379136.0 1039558.5  51008.0 50961.9     82    1.695   0      0.000    1.695
54912.0 64384.0 54904.1  0.0   7560768.0 2687975.1 15379136.0 1039558.5  51008.0 50961.9     82    1.695   0      0.000    1.695
54912.0 64384.0 54904.1  0.0   7560768.0 3015113.8 15379136.0 1039558.5  51008.0 50961.9     82    1.695   0      0.000    1.695
54912.0 64384.0 54904.1  0.0   7560768.0 3448715.5 15379136.0 1039558.5  51008.0 50961.9     82    1.695   0      0.000    1.695
54912.0 64384.0 54904.1  0.0   7560768.0 3846078.1 15379136.0 1039558.5  51008.0 50962.1     82    1.695   0      0.000    1.695
54912.0 64384.0 54904.1  0.0   7560768.0 4642050.5 15379136.0 1039558.5  51008.0 50962.1     82    1.695   0      0.000    1.695
54912.0 64384.0 54904.1  0.0   7560768.0 5893565.7 15379136.0 1039558.5  51008.0 50962.1     82    1.695   0      0.000    1.695
67520.0 55168.0  0.0   55108.1 7560768.0 709046.2 15379136.0 1045996.2  51008.0 50962.1     83    1.717   0      0.000    1.717
67520.0 55168.0  0.0   55108.1 7560768.0 1765971.6 15379136.0 1045996.2  51008.0 50962.1     83    1.717   0      0.000    1.717
67520.0 55168.0  0.0   55108.1 7560768.0 4345453.5 15379136.0 1045996.2  51008.0 50962.1     83    1.717   0      0.000    1.717
67520.0 55168.0  0.0   55108.1 7560768.0 5209297.8 15379136.0 1045996.2  51008.0 50962.1     83    1.717   0      0.000    1.717
67520.0 55168.0  0.0   55108.1 7560768.0 5556629.6 15379136.0 1045996.2  51008.0 50962.1     83    1.717   0      0.000    1.717
67520.0 55168.0  0.0   55108.1 7560768.0 6609159.8 15379136.0 1045996.2  51008.0 50962.1     83    1.717   0      0.000    1.717
67520.0 55168.0  0.0   55108.1 7560768.0 7077370.0 15379136.0 1045996.2  51008.0 50962.1     83    1.717   0      0.000    1.717
67520.0 65792.0 43883.0  0.0   7556224.0 1451839.4 15379136.0 1063220.6  51008.0 50962.1     84    1.735   0      0.000    1.735
67520.0 65792.0 43883.0  0.0   7556224.0 3430963.5 15379136.0 1063220.6  51008.0 50962.1     84    1.735   0      0.000    1.735
67520.0 65792.0 43883.0  0.0   7556224.0 5630396.2 15379136.0 1063220.6  51008.0 50962.1     84    1.735   0      0.000    1.735
67520.0 65792.0 43883.0  0.0   7556224.0 6983360.9 15379136.0 1063220.6  51008.0 50962.9     84    1.735   0      0.000    1.735
65152.0 65792.0  0.0   31384.6 7556224.0 780899.0 15379136.0 1084216.8  51008.0 50962.9     85    1.753   0      0.000    1.753
65152.0 65792.0  0.0   31384.6 7556224.0 2276937.5 15379136.0 1084216.8  51008.0 50962.9     85    1.753   0      0.000    1.753
65152.0 65792.0  0.0   31384.6 7556224.0 4020516.0 15379136.0 1084216.8  51008.0 50962.9     85    1.753   0      0.000    1.753
65152.0 65792.0  0.0   31384.6 7556224.0 5892576.4 15379136.0 1084216.8  51008.0 50962.9     85    1.753   0      0.000    1.753
65152.0 65792.0  0.0   31384.6 7556224.0 7526697.8 15379136.0 1084216.8  51008.0 50962.9     85    1.753   0      0.000    1.753
65152.0 63360.0 36822.4  0.0   7561024.0 1801024.5 15379136.0 1106924.9  51008.0 50962.9     86    1.774   0      0.000    1.774
65152.0 63360.0 36822.4  0.0   7561024.0 3172244.6 15379136.0 1106924.9  51008.0 50962.9     86    1.774   0      0.000    1.774
65152.0 63360.0 36822.4  0.0   7561024.0 5290515.8 15379136.0 1106924.9  51008.0 50963.3     86    1.774   0      0.000    1.774
65152.0 63360.0 36822.4  0.0   7561024.0 6628762.8 15379136.0 1106924.9  51008.0 50963.3     86    1.774   0      0.000    1.774
61568.0 63360.0  0.0   37497.5 7561024.0 1787648.6 15379136.0 1124077.9  51008.0 50963.3     87    1.793   0      0.000    1.793
61568.0 63360.0  0.0   37497.5 7561024.0 2920547.7 15379136.0 1124077.9  51008.0 50963.3     87    1.793   0      0.000    1.793
61568.0 63360.0  0.0   37497.5 7561024.0 4446032.8 15379136.0 1124077.9  51008.0 50963.3     87    1.793   0      0.000    1.793
61568.0 63360.0  0.0   37497.5 7561024.0 5865015.9 15379136.0 1124077.9  51008.0 50963.3     87    1.793   0      0.000    1.793
61568.0 63360.0  0.0   37497.5 7561024.0 7444577.6 15379136.0 1124077.9  51008.0 50963.3     87    1.793   0      0.000    1.793
61568.0 59968.0 36994.8  0.0   7568000.0 986638.0 15379136.0 1146295.5  51008.0 50963.3     88    1.811   0      0.000    1.811
61568.0 59968.0 36994.8  0.0   7568000.0 2274744.5 15379136.0 1146295.5  51008.0 50963.3     88    1.811   0      0.000    1.811
61568.0 59968.0 36994.8  0.0   7568000.0 2639409.1 15379136.0 1146295.5  51008.0 50963.3     88    1.811   0      0.000    1.811
61568.0 59968.0 36994.8  0.0   7568000.0 3436536.3 15379136.0 1146295.5  51008.0 50963.3     88    1.811   0      0.000    1.811
61568.0 59968.0 36994.8  0.0   7568000.0 4341310.9 15379136.0 1146295.5  51008.0 50963.3     88    1.811   0      0.000    1.811
61568.0 59968.0 36994.8  0.0   7568000.0 5550361.3 15379136.0 1146295.5  51008.0 50963.3     88    1.811   0      0.000    1.811
61568.0 59968.0 36994.8  0.0   7568000.0 6559811.7 15379136.0 1146295.5  51008.0 50963.3     88    1.811   0      0.000    1.811
61568.0 59968.0 36994.8  0.0   7568000.0 7248530.0 15379136.0 1146295.5  51008.0 50963.3     88    1.811   0      0.000    1.811
63040.0 53632.0  0.0   53569.8 7568000.0 457944.2 15379136.0 1156212.8  51008.0 50963.3     89    1.833   0      0.000    1.833
63040.0 53632.0  0.0   53569.8 7568000.0 1287031.5 15379136.0 1156212.8  51008.0 50963.3     89    1.833   0      0.000    1.833
63040.0 53632.0  0.0   53569.8 7568000.0 1835468.9 15379136.0 1156212.8  51008.0 50963.3     89    1.833   0      0.000    1.833
63040.0 53632.0  0.0   53569.8 7568000.0 2915649.1 15379136.0 1156212.8  51008.0 50963.3     89    1.833   0      0.000    1.833
63040.0 53632.0  0.0   53569.8 7568000.0 4267855.4 15379136.0 1156212.8  51008.0 50963.3     89    1.833   0      0.000    1.833
63040.0 53632.0  0.0   53569.8 7568000.0 5899800.6 15379136.0 1156212.8  51008.0 50963.3     89    1.833   0      0.000    1.833
63040.0 53632.0  0.0   53569.8 7568000.0 6572457.9 15379136.0 1156212.8  51008.0 50968.2     89    1.833   0      0.000    1.833
63040.0 61952.0 44139.6  0.0   7564544.0 677684.5 15379136.0 1175900.0  51008.0 50968.2     90    1.855   0      0.000    1.855
63040.0 61952.0 44139.6  0.0   7564544.0 1844318.8 15379136.0 1175900.0  51008.0 50968.2     90    1.855   0      0.000    1.855
63040.0 61952.0 44139.6  0.0   7564544.0 3219794.8 15379136.0 1175900.0  51008.0 50968.2     90    1.855   0      0.000    1.855
63040.0 61952.0 44139.6  0.0   7564544.0 4650825.1 15379136.0 1175900.0  51008.0 50968.2     90    1.855   0      0.000    1.855
63040.0 61952.0 44139.6  0.0   7564544.0 5780222.6 15379136.0 1175900.0  51008.0 50968.2     90    1.855   0      0.000    1.855
63040.0 61952.0 44139.6  0.0   7564544.0 6678977.3 15379136.0 1175900.0  51008.0 50968.2     90    1.855   0      0.000    1.855
61056.0 61952.0  0.0   34804.6 7564544.0 668347.1 15379136.0 1195961.3  51008.0 50969.8     91    1.876   0      0.000    1.876
61056.0 61952.0  0.0   34804.6 7564544.0 2161377.2 15379136.0 1195961.3  51008.0 50969.8     91    1.876   0      0.000    1.876
61056.0 61952.0  0.0   34804.6 7564544.0 3446897.7 15379136.0 1195961.3  51008.0 50969.8     91    1.876   0      0.000    1.876
61056.0 61952.0  0.0   34804.6 7564544.0 4585201.8 15379136.0 1195961.3  51008.0 50969.8     91    1.876   0      0.000    1.876
61056.0 61952.0  0.0   34804.6 7564544.0 6393444.3 15379136.0 1195961.3  51008.0 50970.4     91    1.876   0      0.000    1.876
61056.0 60352.0 32937.0  0.0   7568128.0 254777.4 15379136.0 1220646.1  51008.0 50970.4     92    1.896   0      0.000    1.896
61056.0 60352.0 32937.0  0.0   7568128.0 1823952.4 15379136.0 1220646.1  51008.0 50970.4     92    1.896   0      0.000    1.896
61056.0 60352.0 32937.0  0.0   7568128.0 2879904.9 15379136.0 1220646.1  51008.0 50970.4     92    1.896   0      0.000    1.896
61056.0 60352.0 32937.0  0.0   7568128.0 3229249.4 15379136.0 1220646.1  51008.0 50970.4     92    1.896   0      0.000    1.896
61056.0 60352.0 32937.0  0.0   7568128.0 3939706.7 15379136.0 1220646.1  51008.0 50970.4     92    1.896   0      0.000    1.896
61056.0 60352.0 32937.0  0.0   7568128.0 4718020.4 15379136.0 1220646.1  51008.0 50970.4     92    1.896   0      0.000    1.896
61056.0 60352.0 32937.0  0.0   7568128.0 5726473.7 15379136.0 1220646.1  51008.0 50970.4     92    1.896   0      0.000    1.896
61056.0 60352.0 32937.0  0.0   7568128.0 6802131.6 15379136.0 1220646.1  51008.0 50972.2     92    1.896   0      0.000    1.896
63296.0 53440.0  0.0   53414.1 7568128.0 157420.4 15379136.0 1228038.8  51008.0 50972.2     93    1.920   0      0.000    1.920
63296.0 53440.0  0.0   53414.1 7568128.0 1451866.9 15379136.0 1228038.8  51008.0 50972.2     93    1.920   0      0.000    1.920
63296.0 53440.0  0.0   53414.1 7568128.0 3073289.3 15379136.0 1228038.8  51008.0 50972.2     93    1.920   0      0.000    1.920
63296.0 53440.0  0.0   53414.1 7568128.0 4505856.9 15379136.0 1228038.8  51008.0 50972.2     93    1.920   0      0.000    1.920
63296.0 53440.0  0.0   53414.1 7568128.0 5787570.0 15379136.0 1228038.8  51008.0 50972.2     93    1.920   0      0.000    1.920
63296.0 53440.0  0.0   53414.1 7568128.0 7110073.0 15379136.0 1228038.8  51008.0 50972.2     93    1.920   0      0.000    1.920
63296.0 65984.0 54525.6  0.0   7557568.0 788484.4 15379136.0 1252024.0  51008.0 50972.2     94    1.946   0      0.000    1.946
63296.0 65984.0 54525.6  0.0   7557568.0 1518922.1 15379136.0 1252024.0  51008.0 50972.2     94    1.946   0      0.000    1.946
63296.0 65984.0 54525.6  0.0   7557568.0 3077387.4 15379136.0 1252024.0  51008.0 50972.2     94    1.946   0      0.000    1.946
63296.0 65984.0 54525.6  0.0   7557568.0 3862770.5 15379136.0 1252024.0  51008.0 50972.2     94    1.946   0      0.000    1.946
63296.0 65984.0 54525.6  0.0   7557568.0 4879481.9 15379136.0 1252024.0  51008.0 50972.2     94    1.946   0      0.000    1.946
63296.0 65984.0 54525.6  0.0   7557568.0 5600465.3 15379136.0 1252024.0  51008.0 50972.2     94    1.946   0      0.000    1.946
63296.0 65984.0 54525.6  0.0   7557568.0 6904358.5 15379136.0 1252024.0  51008.0 50972.2     94    1.946   0      0.000    1.946
68864.0 56768.0  0.0   56729.2 7557568.0 408858.9 15379136.0 1264843.7  51008.0 50972.2     95    1.969   0      0.000    1.969
68864.0 56768.0  0.0   56729.2 7557568.0 1331873.3 15379136.0 1264843.7  51008.0 50972.2     95    1.969   0      0.000    1.969
68864.0 56768.0  0.0   56729.2 7557568.0 1844934.3 15379136.0 1264843.7  51008.0 50972.2     95    1.969   0      0.000    1.969
68864.0 56768.0  0.0   56729.2 7557568.0 2579418.9 15379136.0 1264843.7  51008.0 50972.2     95    1.969   0      0.000    1.969
68864.0 56768.0  0.0   56729.2 7557568.0 3143955.2 15379136.0 1264843.7  51008.0 50972.2     95    1.969   0      0.000    1.969
68864.0 56768.0  0.0   56729.2 7557568.0 3589420.7 15379136.0 1264843.7  51008.0 50972.4     95    1.969   0      0.000    1.969
68864.0 56768.0  0.0   56729.2 7557568.0 4728700.3 15379136.0 1264843.7  51008.0 50972.4     95    1.969   0      0.000    1.969
68864.0 56768.0  0.0   56729.2 7557568.0 5659652.6 15379136.0 1264843.7  51008.0 50972.4     95    1.969   0      0.000    1.969
68864.0 56768.0  0.0   56729.2 7557568.0 6955284.5 15379136.0 1264843.7  51008.0 50972.4     95    1.969   0      0.000    1.969
68864.0 68544.0 49914.8  0.0   7552128.0 1082169.9 15379136.0 1278196.6  51008.0 50972.4     96    1.989   0      0.000    1.989
68864.0 68544.0 49914.8  0.0   7552128.0 2056683.5 15379136.0 1278196.6  51008.0 50972.4     96    1.989   0      0.000    1.989
68864.0 68544.0 49914.8  0.0   7552128.0 3463708.6 15379136.0 1278196.6  51008.0 50972.4     96    1.989   0      0.000    1.989
68864.0 68544.0 49914.8  0.0   7552128.0 4685394.5 15379136.0 1278196.6  51008.0 50972.4     96    1.989   0      0.000    1.989
68864.0 68544.0 49914.8  0.0   7552128.0 6030432.8 15379136.0 1278196.6  51008.0 50972.4     96    1.989   0      0.000    1.989
68864.0 68544.0 49914.8  0.0   7552128.0 6848530.3 15379136.0 1278196.6  51008.0 50972.4     96    1.989   0      0.000    1.989
67648.0 68544.0  0.0   48776.8 7552128.0 558997.9 15379136.0 1298346.1  51008.0 50972.6     97    2.012   0      0.000    2.012
67648.0 68544.0  0.0   48776.8 7552128.0 1704894.8 15379136.0 1298346.1  51008.0 50972.6     97    2.012   0      0.000    2.012
67648.0 68544.0  0.0   48776.8 7552128.0 3226937.9 15379136.0 1298346.1  51008.0 50972.6     97    2.012   0      0.000    2.012
67648.0 68544.0  0.0   48776.8 7552128.0 4722517.3 15379136.0 1298346.1  51008.0 50972.6     97    2.012   0      0.000    2.012
67648.0 68544.0  0.0   48776.8 7552128.0 5667412.4 15379136.0 1298346.1  51008.0 50972.6     97    2.012   0      0.000    2.012
67648.0 68544.0  0.0   48776.8 7552128.0 6571893.4 15379136.0 1298346.1  51008.0 50972.6     97    2.012   0      0.000    2.012
67648.0 65856.0 42415.0  0.0   7556032.0 371295.0 15379136.0 1319253.7  51008.0 50972.6     98    2.033   0      0.000    2.033
67648.0 65856.0 42415.0  0.0   7556032.0 1158036.8 15379136.0 1319253.7  51008.0 50972.6     98    2.033   0      0.000    2.033
67648.0 65856.0 42415.0  0.0   7556032.0 2014456.4 15379136.0 1319253.7  51008.0 50972.8     98    2.033   0      0.000    2.033
67648.0 65856.0 42415.0  0.0   7556032.0 3110607.1 15379136.0 1319253.7  51008.0 50972.8     98    2.033   0      0.000    2.033
67648.0 65856.0 42415.0  0.0   7556032.0 3897543.9 15379136.0 1319253.7  51008.0 50972.8     98    2.033   0      0.000    2.033
67648.0 65856.0 42415.0  0.0   7556032.0 4285004.4 15379136.0 1319253.7  51008.0 50972.8     98    2.033   0      0.000    2.033
67648.0 65856.0 42415.0  0.0   7556032.0 5607790.3 15379136.0 1319253.7  51008.0 50973.4     98    2.033   0      0.000    2.033
67648.0 65856.0 42415.0  0.0   7556032.0 6683283.0 15379136.0 1319253.7  51008.0 50973.4     98    2.033   0      0.000    2.033
67648.0 65856.0 42415.0  0.0   7556032.0 7322583.4 15379136.0 1319253.7  51008.0 50973.4     98    2.033   0      0.000    2.033
66688.0 65856.0  0.0   52756.6 7556032.0 1898406.7 15379136.0 1323879.6  51008.0 50973.4     99    2.054   0      0.000    2.054
66688.0 65856.0  0.0   52756.6 7556032.0 3534665.4 15379136.0 1323879.6  51008.0 50973.4     99    2.054   0      0.000    2.054
66688.0 65856.0  0.0   52756.6 7556032.0 4950080.7 15379136.0 1323879.6  51008.0 50973.4     99    2.054   0      0.000    2.054
66688.0 65856.0  0.0   52756.6 7556032.0 6813982.2 15379136.0 1323879.6  51008.0 50973.4     99    2.054   0      0.000    2.054
66688.0 64896.0 46369.9  0.0   7557952.0 876848.7 15379136.0 1340876.2  51008.0 50973.4    100    2.074   0      0.000    2.074
66688.0 64896.0 46369.9  0.0   7557952.0 2293582.1 15379136.0 1340876.2  51008.0 50973.4    100    2.074   0      0.000    2.074
66688.0 64896.0 46369.9  0.0   7557952.0 3126254.2 15379136.0 1340876.2  51008.0 50973.4    100    2.074   0      0.000    2.074
66688.0 64896.0 46369.9  0.0   7557952.0 4368874.3 15379136.0 1340876.2  51008.0 50973.4    100    2.074   0      0.000    2.074
66688.0 64896.0 46369.9  0.0   7557952.0 5609557.5 15379136.0 1340876.2  51008.0 50973.4    100    2.074   0      0.000    2.074
66688.0 64896.0 46369.9  0.0   7557952.0 7509561.7 15379136.0 1340876.2  51008.0 50973.4    101    2.074   0      0.000    2.074
65280.0 64896.0  0.0   51901.6 7557952.0 2053219.0 15379136.0 1350388.3  51008.0 50973.4    101    2.097   0      0.000    2.097
65280.0 64896.0  0.0   51901.6 7557952.0 4563678.0 15379136.0 1350388.3  51008.0 50973.4    101    2.097   0      0.000    2.097
65280.0 64896.0  0.0   51901.6 7557952.0 6824933.3 15379136.0 1350388.3  51008.0 50973.4    101    2.097   0      0.000    2.097
65280.0 65536.0 33628.8  0.0   7558464.0 683813.5 15379136.0 1376013.4  51008.0 50973.4    102    2.119   0      0.000    2.119
65280.0 65536.0 33628.8  0.0   7558464.0 2400316.5 15379136.0 1376013.4  51008.0 50973.4    102    2.119   0      0.000    2.119
65280.0 65536.0 33628.8  0.0   7558464.0 3781572.0 15379136.0 1376013.4  51008.0 50973.4    102    2.119   0      0.000    2.119
65280.0 65536.0 33628.8  0.0   7558464.0 5575587.3 15379136.0 1376013.4  51008.0 50973.4    102    2.119   0      0.000    2.119
65280.0 65536.0 33628.8  0.0   7558464.0 6952365.3 15379136.0 1376013.4  51008.0 50973.4    102    2.119   0      0.000    2.119
66112.0 29504.0  0.0   29474.1 7558464.0 1432695.5 15379136.0 1393053.8  51008.0 50973.4    103    2.138   0      0.000    2.138
66112.0 29504.0  0.0   29474.1 7558464.0 2860208.4 15379136.0 1393053.8  51008.0 50973.4    103    2.138   0      0.000    2.138
66112.0 29504.0  0.0   29474.1 7558464.0 4226304.8 15379136.0 1393053.8  51008.0 50973.4    103    2.138   0      0.000    2.138
66112.0 29504.0  0.0   29474.1 7558464.0 6587838.4 15379136.0 1393053.8  51008.0 50973.4    103    2.138   0      0.000    2.138
66112.0 64064.0 44042.7  0.0   7559360.0 116951.2 15379136.0 1407563.1  51008.0 50973.4    104    2.160   0      0.000    2.160
66112.0 64064.0 44042.7  0.0   7559360.0 2073159.4 15379136.0 1407563.1  51008.0 50973.4    104    2.160   0      0.000    2.160
66112.0 64064.0 44042.7  0.0   7559360.0 3286393.6 15379136.0 1407563.1  51008.0 50973.4    104    2.160   0      0.000    2.160
66112.0 64064.0 44042.7  0.0   7559360.0 4281120.5 15379136.0 1407563.1  51008.0 50973.4    104    2.160   0      0.000    2.160
66112.0 64064.0 44042.7  0.0   7559360.0 5237166.0 15379136.0 1407563.1  51008.0 50973.4    104    2.160   0      0.000    2.160
66112.0 64064.0 44042.7  0.0   7559360.0 6802257.1 15379136.0 1407563.1  51008.0 50973.4    104    2.160   0      0.000    2.160
62464.0 64064.0  0.0   40773.1 7559360.0 821577.7 15379136.0 1422432.8  51008.0 50973.4    105    2.179   0      0.000    2.179
62464.0 64064.0  0.0   40773.1 7559360.0 1818582.6 15379136.0 1422432.8  51008.0 50973.4    105    2.179   0      0.000    2.179
62464.0 64064.0  0.0   40773.1 7559360.0 2830704.5 15379136.0 1422432.8  51008.0 50973.4    105    2.179   0      0.000    2.179
62464.0 64064.0  0.0   40773.1 7559360.0 4269151.1 15379136.0 1422432.8  51008.0 50973.4    105    2.179   0      0.000    2.179
62464.0 64064.0  0.0   40773.1 7559360.0 5266409.3 15379136.0 1422432.8  51008.0 50973.4    105    2.179   0      0.000    2.179
62464.0 64064.0  0.0   40773.1 7559360.0 6406410.6 15379136.0 1422432.8  51008.0 50973.4    105    2.179   0      0.000    2.179
62464.0 64064.0  0.0   40773.1 7559360.0 7029986.1 15379136.0 1422432.8  51008.0 50973.4    105    2.179   0      0.000    2.179
62464.0 61760.0 36324.2  0.0   7565312.0 1455871.6 15379136.0 1428279.6  51008.0 50973.4    106    2.197   0      0.000    2.197
62464.0 61760.0 36324.2  0.0   7565312.0 2918952.4 15379136.0 1428279.6  51008.0 50973.4    106    2.197   0      0.000    2.197
62464.0 61760.0 36324.2  0.0   7565312.0 6280129.6 15379136.0 1428279.6  51008.0 50973.4    106    2.197   0      0.000    2.197
63552.0 20608.0  0.0   20569.3 7565312.0 933238.0 15379136.0 1456244.6  51008.0 50973.4    107    2.217   0      0.000    2.217
63552.0 20608.0  0.0   20569.3 7565312.0 2609943.3 15379136.0 1456244.6  51008.0 50973.4    107    2.217   0      0.000    2.217
63552.0 20608.0  0.0   20569.3 7565312.0 3986958.6 15379136.0 1456244.6  51008.0 50973.4    107    2.217   0      0.000    2.217
63552.0 20608.0  0.0   20569.3 7565312.0 6104659.0 15379136.0 1456244.6  51008.0 50973.4    107    2.217   0      0.000    2.217
63552.0 61504.0 39003.6  0.0   7564480.0 617766.7 15379136.0 1467231.5  51008.0 50973.4    108    2.232   0      0.000    2.232
63552.0 61504.0 39003.6  0.0   7564480.0 2571031.4 15379136.0 1467231.5  51008.0 50973.4    108    2.232   0      0.000    2.232
63552.0 61504.0 39003.6  0.0   7564480.0 3881470.7 15379136.0 1467231.5  51008.0 50973.4    108    2.232   0      0.000    2.232
63552.0 61504.0 39003.6  0.0   7564480.0 5568781.0 15379136.0 1467231.5  51008.0 50973.4    108    2.232   0      0.000    2.232
63552.0 61504.0 39003.6  0.0   7564480.0 6885601.5 15379136.0 1467231.5  51008.0 50973.4    108    2.232   0      0.000    2.232
62720.0 61504.0  0.0   49323.9 7564480.0 1677235.0 15379136.0 1479885.8  51008.0 50973.4    109    2.254   0      0.000    2.254
62720.0 61504.0  0.0   49323.9 7564480.0 2545175.1 15379136.0 1479885.8  51008.0 50973.4    109    2.254   0      0.000    2.254
62720.0 61504.0  0.0   49323.9 7564480.0 3303947.8 15379136.0 1479885.8  51008.0 50973.4    109    2.254   0      0.000    2.254
62720.0 61504.0  0.0   49323.9 7564480.0 4156491.0 15379136.0 1479885.8  51008.0 50973.4    109    2.254   0      0.000    2.254
62720.0 61504.0  0.0   49323.9 7564480.0 4780548.9 15379136.0 1479885.8  51008.0 50973.4    109    2.254   0      0.000    2.254
62720.0 61504.0  0.0   49323.9 7564480.0 5882216.6 15379136.0 1479885.8  51008.0 50973.4    109    2.254   0      0.000    2.254
62720.0 61504.0  0.0   49323.9 7564480.0 6868531.3 15379136.0 1479885.8  51008.0 50973.4    109    2.254   0      0.000    2.254
62720.0 65920.0 55502.0  0.0   7557696.0 919621.9 15379136.0 1496181.2  51008.0 50973.4    110    2.281   0      0.000    2.281
62720.0 65920.0 55502.0  0.0   7557696.0 1792797.6 15379136.0 1496181.2  51008.0 50973.4    110    2.281   0      0.000    2.281
62720.0 65920.0 55502.0  0.0   7557696.0 2991297.6 15379136.0 1496181.2  51008.0 50973.4    110    2.281   0      0.000    2.281
62720.0 65920.0 55502.0  0.0   7557696.0 3971604.2 15379136.0 1496181.2  51008.0 50973.4    110    2.281   0      0.000    2.281
62720.0 65920.0 55502.0  0.0   7557696.0 4520677.0 15379136.0 1496181.2  51008.0 50973.4    110    2.281   0      0.000    2.281
62720.0 65920.0 55502.0  0.0   7557696.0 5316711.3 15379136.0 1496181.2  51008.0 50973.4    110    2.281   0      0.000    2.281
62720.0 65920.0 55502.0  0.0   7557696.0 6460414.6 15379136.0 1496181.2  51008.0 50973.4    110    2.281   0      0.000    2.281
66496.0 50624.0  0.0   50569.7 7557696.0 160439.6 15379136.0 1509598.6  51008.0 50973.4    111    2.303   0      0.000    2.303
66496.0 50624.0  0.0   50569.7 7557696.0 1734044.4 15379136.0 1509598.6  51008.0 50974.5    111    2.303   0      0.000    2.303
66496.0 50624.0  0.0   50569.7 7557696.0 3403966.2 15379136.0 1509598.6  51008.0 50974.5    111    2.303   0      0.000    2.303
66496.0 50624.0  0.0   50569.7 7557696.0 4689165.0 15379136.0 1509598.6  51008.0 50974.5    111    2.303   0      0.000    2.303
66496.0 50624.0  0.0   50569.7 7557696.0 5481215.7 15379136.0 1509598.6  51008.0 50974.5    111    2.303   0      0.000    2.303
66496.0 50624.0  0.0   50569.7 7557696.0 6490266.5 15379136.0 1509598.6  51008.0 50974.6    111    2.303   0      0.000    2.303
66496.0 50624.0  0.0   50569.7 7557696.0 7358359.5 15379136.0 1509598.6  51008.0 50974.6    111    2.303   0      0.000    2.303
66496.0 69248.0 56939.1  0.0   7551040.0 649602.2 15379136.0 1517233.9  51008.0 50974.6    112    2.323   0      0.000    2.323
66496.0 69248.0 56939.1  0.0   7551040.0 1810837.0 15379136.0 1517233.9  51008.0 50974.6    112    2.323   0      0.000    2.323
66496.0 69248.0 56939.1  0.0   7551040.0 2590635.4 15379136.0 1517233.9  51008.0 50974.6    112    2.323   0      0.000    2.323
66496.0 69248.0 56939.1  0.0   7551040.0 3398210.5 15379136.0 1517233.9  51008.0 50974.6    112    2.323   0      0.000    2.323
66496.0 69248.0 56939.1  0.0   7551040.0 5413393.8 15379136.0 1517233.9  51008.0 50974.6    112    2.323   0      0.000    2.323
66496.0 69248.0 56939.1  0.0   7551040.0 6439141.0 15379136.0 1517233.9  51008.0 50974.6    112    2.323   0      0.000    2.323
66816.0 69248.0  0.0   44534.7 7551040.0 768437.1 15379136.0 1526398.8  51008.0 50974.6    113    2.343   0      0.000    2.343
66816.0 69248.0  0.0   44534.7 7551040.0 1443702.4 15379136.0 1526398.8  51008.0 50974.6    113    2.343   0      0.000    2.343
66816.0 69248.0  0.0   44534.7 7551040.0 1657087.0 15379136.0 1526398.8  51008.0 50974.6    113    2.343   0      0.000    2.343
66816.0 69248.0  0.0   44534.7 7551040.0 1796417.6 15379136.0 1526398.8  51008.0 50974.6    113    2.343   0      0.000    2.343
66816.0 69248.0  0.0   44534.7 7551040.0 1978842.2 15379136.0 1526398.8  51008.0 50974.6    113    2.343   0      0.000    2.343
66816.0 69248.0  0.0   44534.7 7551040.0 2183578.3 15379136.0 1526398.8  51008.0 50974.6    113    2.343   0      0.000    2.343
66816.0 69248.0  0.0   44534.7 7551040.0 2234810.4 15379136.0 1526398.8  51008.0 50974.6    113    2.343   0      0.000    2.343
66816.0 69248.0  0.0   44534.7 7551040.0 2363632.2 15379136.0 1526398.8  51008.0 50975.2    113    2.343   0      0.000    2.343
66816.0 69248.0  0.0   44534.7 7551040.0 2490175.9 15379136.0 1526398.8  51008.0 50975.2    113    2.343   0      0.000    2.343
66816.0 69248.0  0.0   44534.7 7551040.0 2558663.2 15379136.0 1526398.8  51008.0 50975.2    113    2.343   0      0.000    2.343
66816.0 69248.0  0.0   44534.7 7551040.0 2844054.9 15379136.0 1526398.8  51008.0 50975.2    113    2.343   0      0.000    2.343
66816.0 69248.0  0.0   44534.7 7551040.0 2955281.1 15379136.0 1526398.8  51008.0 50975.2    113    2.343   0      0.000    2.343
66816.0 69248.0  0.0   44534.7 7551040.0 2980291.4 15379136.0 1526398.8  51008.0 50975.2    113    2.343   0      0.000    2.343
66816.0 69248.0  0.0   44534.7 7551040.0 3288128.8 15379136.0 1526398.8  51008.0 50975.2    113    2.343   0      0.000    2.343
66816.0 69248.0  0.0   44534.7 7551040.0 3446812.7 15379136.0 1526398.8  51008.0 50975.2    113    2.343   0      0.000    2.343
66816.0 69248.0  0.0   44534.7 7551040.0 3469705.4 15379136.0 1526398.8  51008.0 50975.2    113    2.343   0      0.000    2.343
66816.0 69248.0  0.0   44534.7 7551040.0 3684537.8 15379136.0 1526398.8  51008.0 50975.2    113    2.343   0      0.000    2.343
66816.0 69248.0  0.0   44534.7 7551040.0 3701938.9 15379136.0 1526398.8  51008.0 50975.2    113    2.343   0      0.000    2.343
66816.0 69248.0  0.0   44534.7 7551040.0 3901707.7 15379136.0 1526398.8  51008.0 50975.2    113    2.343   0      0.000    2.343
66816.0 69248.0  0.0   44534.7 7551040.0 4069880.1 15379136.0 1526398.8  51008.0 50975.2    113    2.343   0      0.000    2.343
66816.0 69248.0  0.0   44534.7 7551040.0 4180332.9 15379136.0 1526398.8  51008.0 50975.2    113    2.343   0      0.000    2.343
66816.0 69248.0  0.0   44534.7 7551040.0 4291346.3 15379136.0 1526398.8  51008.0 50975.2    113    2.343   0      0.000    2.343
66816.0 69248.0  0.0   44534.7 7551040.0 4400532.1 15379136.0 1526398.8  51008.0 50975.2    113    2.343   0      0.000    2.343
66816.0 69248.0  0.0   44534.7 7551040.0 4554358.0 15379136.0 1526398.8  51008.0 50975.2    113    2.343   0      0.000    2.343
66816.0 69248.0  0.0   44534.7 7551040.0 4781515.7 15379136.0 1526398.8  51008.0 50975.6    113    2.343   0      0.000    2.343
66816.0 69248.0  0.0   44534.7 7551040.0 4922010.2 15379136.0 1526398.8  51008.0 50975.6    113    2.343   0      0.000    2.343
66816.0 69248.0  0.0   44534.7 7551040.0 4950648.9 15379136.0 1526398.8  51008.0 50975.6    113    2.343   0      0.000    2.343
66816.0 69248.0  0.0   44534.7 7551040.0 5114807.5 15379136.0 1526398.8  51008.0 50975.6    113    2.343   0      0.000    2.343
66816.0 69248.0  0.0   44534.7 7551040.0 5305607.0 15379136.0 1526398.8  51008.0 50975.6    113    2.343   0      0.000    2.343
66816.0 69248.0  0.0   44534.7 7551040.0 5385175.9 15379136.0 1526398.8  51008.0 50975.6    113    2.343   0      0.000    2.343
66816.0 69248.0  0.0   44534.7 7551040.0 5457801.0 15379136.0 1526398.8  51008.0 50975.6    113    2.343   0      0.000    2.343
66816.0 69248.0  0.0   44534.7 7551040.0 5491683.2 15379136.0 1526398.8  51008.0 50975.6    113    2.343   0      0.000    2.343
66816.0 69248.0  0.0   44534.7 7551040.0 5508093.2 15379136.0 1526398.8  51008.0 50975.6    113    2.343   0      0.000    2.343
66816.0 69248.0  0.0   44534.7 7551040.0 5981724.3 15379136.0 1526398.8  51008.0 50975.6    113    2.343   0      0.000    2.343
66816.0 69248.0  0.0   44534.7 7551040.0 6118088.1 15379136.0 1526398.8  51008.0 50975.6    113    2.343   0      0.000    2.343
66816.0 69248.0  0.0   44534.7 7551040.0 6263706.9 15379136.0 1526398.8  51008.0 50975.6    113    2.343   0      0.000    2.343
66816.0 69248.0  0.0   44534.7 7551040.0 6316763.6 15379136.0 1526398.8  51008.0 50975.6    113    2.343   0      0.000    2.343
66816.0 69248.0  0.0   44534.7 7551040.0 6446703.4 15379136.0 1526398.8  51008.0 50975.6    113    2.343   0      0.000    2.343
66816.0 69248.0  0.0   44534.7 7551040.0 6749629.0 15379136.0 1526398.8  51008.0 50975.6    113    2.343   0      0.000    2.343
66816.0 69248.0  0.0   44534.7 7551040.0 6927721.5 15379136.0 1526398.8  51008.0 50975.6    113    2.343   0      0.000    2.343
66816.0 69248.0  0.0   44534.7 7551040.0 6949469.1 15379136.0 1526398.8  51008.0 50975.6    113    2.343   0      0.000    2.343
66816.0 69248.0  0.0   44534.7 7551040.0 7090022.8 15379136.0 1526398.8  51008.0 50975.6    113    2.343   0      0.000    2.343
66816.0 69248.0  0.0   44534.7 7551040.0 7217258.0 15379136.0 1526398.8  51008.0 50975.6    113    2.343   0      0.000    2.343
66816.0 69248.0  0.0   44534.7 7551040.0 7469922.0 15379136.0 1526398.8  51008.0 50975.6    113    2.343   0      0.000    2.343
66816.0 68480.0 22064.3  0.0   7552576.0 130818.7 15379136.0 1527123.4  51008.0 50975.6    114    2.357   0      0.000    2.357
66816.0 68480.0 22064.3  0.0   7552576.0 292195.1 15379136.0 1527123.4  51008.0 50975.6    114    2.357   0      0.000    2.357
66816.0 68480.0 22064.3  0.0   7552576.0 499519.2 15379136.0 1527123.4  51008.0 50975.6    114    2.357   0      0.000    2.357
66816.0 68480.0 22064.3  0.0   7552576.0 615536.4 15379136.0 1527123.4  51008.0 50975.6    114    2.357   0      0.000    2.357
66816.0 68480.0 22064.3  0.0   7552576.0 784820.5 15379136.0 1527123.4  51008.0 50975.6    114    2.357   0      0.000    2.357
66816.0 68480.0 22064.3  0.0   7552576.0 860719.4 15379136.0 1527123.4  51008.0 50975.6    114    2.357   0      0.000    2.357
66816.0 68480.0 22064.3  0.0   7552576.0 1078409.8 15379136.0 1527123.4  51008.0 50977.4    114    2.357   0      0.000    2.357
66816.0 68480.0 22064.3  0.0   7552576.0 1277277.8 15379136.0 1527123.4  51008.0 50977.4    114    2.357   0      0.000    2.357
66816.0 68480.0 22064.3  0.0   7552576.0 1378527.0 15379136.0 1527123.4  51008.0 50977.4    114    2.357   0      0.000    2.357
66816.0 68480.0 22064.3  0.0   7552576.0 1658331.4 15379136.0 1527123.4  51008.0 50977.4    114    2.357   0      0.000    2.357
66816.0 68480.0 22064.3  0.0   7552576.0 1860795.8 15379136.0 1527123.4  51008.0 50977.4    114    2.357   0      0.000    2.357
66816.0 68480.0 22064.3  0.0   7552576.0 2158501.7 15379136.0 1527123.4  51008.0 50978.9    114    2.357   0      0.000    2.357
66816.0 68480.0 22064.3  0.0   7552576.0 2251180.8 15379136.0 1527123.4  51008.0 50978.9    114    2.357   0      0.000    2.357
66816.0 68480.0 22064.3  0.0   7552576.0 2296138.5 15379136.0 1527123.4  51008.0 50978.9    114    2.357   0      0.000    2.357
66816.0 68480.0 22064.3  0.0   7552576.0 2428076.8 15379136.0 1527123.4  51008.0 50978.9    114    2.357   0      0.000    2.357
66816.0 68480.0 22064.3  0.0   7552576.0 2586159.9 15379136.0 1527123.4  51008.0 50978.9    114    2.357   0      0.000    2.357
66816.0 68480.0 22064.3  0.0   7552576.0 2737213.9 15379136.0 1527123.4  51008.0 50978.9    114    2.357   0      0.000    2.357
66816.0 68480.0 22064.3  0.0   7552576.0 2765932.7 15379136.0 1527123.4  51008.0 50978.9    114    2.357   0      0.000    2.357
66816.0 68480.0 22064.3  0.0   7552576.0 2791962.6 15379136.0 1527123.4  51008.0 50978.9    114    2.357   0      0.000    2.357
66816.0 68480.0 22064.3  0.0   7552576.0 2817946.2 15379136.0 1527123.4  51008.0 50978.9    114    2.357   0      0.000    2.357
66816.0 68480.0 22064.3  0.0   7552576.0 2844067.0 15379136.0 1527123.4  51008.0 50978.9    114    2.357   0      0.000    2.357
66816.0 68480.0 22064.3  0.0   7552576.0 2876583.7 15379136.0 1527123.4  51008.0 50978.9    114    2.357   0      0.000    2.357
66816.0 68480.0 22064.3  0.0   7552576.0 2902750.6 15379136.0 1527123.4  51008.0 50978.9    114    2.357   0      0.000    2.357
66816.0 68480.0 22064.3  0.0   7552576.0 2928783.1 15379136.0 1527123.4  51008.0 50978.9    114    2.357   0      0.000    2.357
66816.0 68480.0 22064.3  0.0   7552576.0 2954855.6 15379136.0 1527123.4  51008.0 50978.9    114    2.357   0      0.000    2.357
66816.0 68480.0 22064.3  0.0   7552576.0 2987492.4 15379136.0 1527123.4  51008.0 50978.9    114    2.357   0      0.000    2.357
66816.0 68480.0 22064.3  0.0   7552576.0 3019975.1 15379136.0 1527123.4  51008.0 50978.9    114    2.357   0      0.000    2.357
66816.0 68480.0 22064.3  0.0   7552576.0 3059040.8 15379136.0 1527123.4  51008.0 50978.9    114    2.357   0      0.000    2.357
66816.0 68480.0 22064.3  0.0   7552576.0 3111375.7 15379136.0 1527123.4  51008.0 50978.9    114    2.357   0      0.000    2.357
66816.0 68480.0 22064.3  0.0   7552576.0 3163741.0 15379136.0 1527123.4  51008.0 50978.9    114    2.357   0      0.000    2.357
66816.0 68480.0 22064.3  0.0   7552576.0 3222359.6 15379136.0 1527123.4  51008.0 50978.9    114    2.357   0      0.000    2.357
66816.0 68480.0 22064.3  0.0   7552576.0 3287378.0 15379136.0 1527123.4  51008.0 50978.9    114    2.357   0      0.000    2.357
66816.0 68480.0 22064.3  0.0   7552576.0 3365482.7 15379136.0 1527123.4  51008.0 50978.9    114    2.357   0      0.000    2.357
66816.0 68480.0 22064.3  0.0   7552576.0 3423988.7 15379136.0 1527123.4  51008.0 50978.9    114    2.357   0      0.000    2.357
66816.0 68480.0 22064.3  0.0   7552576.0 3489142.4 15379136.0 1527123.4  51008.0 50978.9    114    2.357   0      0.000    2.357
66816.0 68480.0 22064.3  0.0   7552576.0 3567261.7 15379136.0 1527123.4  51008.0 50978.9    114    2.357   0      0.000    2.357
66816.0 68480.0 22064.3  0.0   7552576.0 3580725.1 15379136.0 1527123.4  51008.0 50978.9    114    2.357   0      0.000    2.357
66816.0 68480.0 22064.3  0.0   7552576.0 3585401.8 15379136.0 1527123.4  51008.0 50978.9    114    2.357   0      0.000    2.357
66816.0 68480.0 22064.3  0.0   7552576.0 3589751.8 15379136.0 1527123.4  51008.0 50978.9    114    2.357   0      0.000    2.357
66816.0 68480.0 22064.3  0.0   7552576.0 3589776.0 15379136.0 1527123.4  51008.0 50978.9    114    2.357   0      0.000    2.357
66816.0 68480.0 22064.3  0.0   7552576.0 3589818.8 15379136.0 1527123.4  51008.0 50978.9    114    2.357   0      0.000    2.357
66816.0 68480.0 22064.3  0.0   7552576.0 3589843.0 15379136.0 1527123.4  51008.0 50979.2    114    2.357   0      0.000    2.357
66816.0 68480.0 22064.3  0.0   7552576.0 3589861.6 15379136.0 1527123.4  51008.0 50979.2    114    2.357   0      0.000    2.357
66816.0 68480.0 22064.3  0.0   7552576.0 3589881.5 15379136.0 1527123.4  51008.0 50979.2    114    2.357   0      0.000    2.357
66816.0 68480.0 22064.3  0.0   7552576.0 3589900.0 15379136.0 1527123.4  51008.0 50979.4    114    2.357   0      0.000    2.357
66816.0 68480.0 22064.3  0.0   7552576.0 3589938.7 15379136.0 1527123.4  51008.0 50979.4    114    2.357   0      0.000    2.357
66816.0 68480.0 22064.3  0.0   7552576.0 3589960.0 15379136.0 1527123.4  51008.0 50979.7    114    2.357   0      0.000    2.357
66816.0 68480.0 22064.3  0.0   7552576.0 3589977.2 15379136.0 1527123.4  51008.0 50979.7    114    2.357   0      0.000    2.357
66816.0 68480.0 22064.3  0.0   7552576.0 3590000.5 15379136.0 1527123.4  51008.0 50979.7    114    2.357   0      0.000    2.357
66816.0 68480.0 22064.3  0.0   7552576.0 3590024.7 15379136.0 1527123.4  51008.0 50979.7    114    2.357   0      0.000    2.357
66816.0 68480.0 22064.3  0.0   7552576.0 3590065.8 15379136.0 1527123.4  51008.0 50979.7    114    2.357   0      0.000    2.357
66816.0 68480.0 22064.3  0.0   7552576.0 3590087.3 15379136.0 1527123.4  51008.0 50979.7    114    2.357   0      0.000    2.357
66816.0 68480.0 22064.3  0.0   7552576.0 3590106.3 15379136.0 1527123.4  51008.0 50980.1    114    2.357   0      0.000    2.357
66816.0 68480.0 22064.3  0.0   7552576.0 3590125.0 15379136.0 1527123.4  51008.0 50980.1    114    2.357   0      0.000    2.357
66816.0 68480.0 22064.3  0.0   7552576.0 3590144.8 15379136.0 1527123.4  51008.0 50980.1    114    2.357   0      0.000    2.357
66816.0 68480.0 22064.3  0.0   7552576.0 3590188.2 15379136.0 1527123.4  51008.0 50980.1    114    2.357   0      0.000    2.357
66816.0 68480.0 22064.3  0.0   7552576.0 3590204.6 15379136.0 1527123.4  51008.0 50980.1    114    2.357   0      0.000    2.357
66816.0 68480.0 22064.3  0.0   7552576.0 3590228.7 15379136.0 1527123.4  51008.0 50980.1    114    2.357   0      0.000    2.357
66816.0 68480.0 22064.3  0.0   7552576.0 3590247.3 15379136.0 1527123.4  51008.0 50980.1    114    2.357   0      0.000    2.357
66816.0 68480.0 22064.3  0.0   7552576.0 3590267.2 15379136.0 1527123.4  51008.0 50980.1    114    2.357   0      0.000    2.357
66816.0 68480.0 22064.3  0.0   7552576.0 3675556.3 15379136.0 1527123.4  51008.0 50986.1    114    2.357   0      0.000    2.357
