 S0C    S1C    S0U    S1U      EC       EU        OC         OU       PC     PU    YGC     YGCT    FGC    FGCT     GCT   
961152.0 961152.0  0.0    0.0   5767232.0 115344.7 15379136.0    0.0     21248.0 6106.6      0    0.000   0      0.000    0.000
961152.0 961152.0  0.0    0.0   5767232.0 230689.5 15379136.0    0.0     21248.0 14363.1      0    0.000   0      0.000    0.000
961152.0 961152.0  0.0    0.0   5767232.0 3345352.7 15379136.0    0.0     31232.0 30984.5      0    0.000   0      0.000    0.000
961152.0 961152.0  0.0    0.0   5767232.0 4383582.9 15379136.0    0.0     45632.0 45515.4      0    0.000   0      0.000    0.000
961152.0 961152.0  0.0   29533.6 5767232.0 5767232.0 15379136.0    0.0     48128.0 48029.0      1    0.000   0      0.000    0.000
961152.0 961152.0  0.0   57988.2 5767232.0 2990335.3 15379136.0    0.0     49472.0 49380.5      1    0.047   0      0.000    0.047
961152.0 961152.0 227047.8  0.0   5767232.0 2189988.6 15379136.0    0.0     50816.0 50722.6      2    0.122   0      0.000    0.122
961152.0 961152.0  0.0   208095.5 5767232.0 618185.3 15379136.0    0.0     50816.0 50793.7      3    0.166   0      0.000    0.166
961152.0 961152.0  0.0   208095.5 5767232.0 5296262.9 15379136.0    0.0     50816.0 50814.3      3    0.166   0      0.000    0.166
961152.0 961152.0 222494.5  0.0   5767232.0 4405730.8 15379136.0    0.0     51008.0 50819.6      4    0.215   0      0.000    0.215
313344.0 961152.0  0.0   224728.0 5767232.0 3054621.1 15379136.0    0.0     51008.0 50822.9      5    0.272   0      0.000    0.272
313344.0 317312.0 230536.8  0.0   7054912.0 1969196.5 15379136.0    0.0     51008.0 50867.8      6    0.329   0      0.000    0.329
313344.0 317312.0 230536.8  0.0   7054912.0 6388791.4 15379136.0    0.0     51008.0 50868.2      6    0.329   0      0.000    0.329
335808.0 33472.0  0.0   33449.1 7054912.0 3941222.4 15379136.0  190313.8  51008.0 50869.1      7    0.393   0      0.000    0.393
335808.0 33472.0  0.0   33449.1 7054912.0 6722782.5 15379136.0  190313.8  51008.0 50922.4      7    0.393   0      0.000    0.393
335808.0 343488.0 33462.9  0.0   7002560.0 1884985.1 15379136.0  190393.8  51200.0 51063.3      8    0.403   0      0.000    0.403
335808.0 343488.0 33462.9  0.0   7002560.0 4668903.4 15379136.0  190393.8  51200.0 51065.4      8    0.403   0      0.000    0.403
337600.0 343488.0  0.0   75167.7 7002560.0   0.0    15379136.0  190441.8  51200.0 51065.8      9    0.431   0      0.000    0.431
337600.0 343488.0  0.0   75167.7 7002560.0 2333240.4 15379136.0  190441.8  51200.0 51067.8      9    0.431   0      0.000    0.431
337600.0 343488.0  0.0   75167.7 7002560.0 5228551.9 15379136.0  190441.8  51200.0 51072.7      9    0.431   0      0.000    0.431
337600.0 329984.0 79086.2  0.0   7021952.0 756924.8 15379136.0  190842.8  51200.0 51111.8     10    0.456   0      0.000    0.456
337600.0 329984.0 79086.2  0.0   7021952.0 3283232.4 15379136.0  190842.8  51200.0 51112.3     10    0.456   0      0.000    0.456
337600.0 329984.0 79086.2  0.0   7021952.0 5330061.8 15379136.0  190842.8  51200.0 51112.3     10    0.456   0      0.000    0.456
337600.0 329984.0 79086.2  0.0   7021952.0 6855110.6 15379136.0  190842.8  51200.0 51113.8     10    0.456   0      0.000    0.456
324544.0 329984.0  0.0   60162.7 7021952.0 2452218.1 15379136.0  210452.0  51200.0 51113.8     11    0.484   0      0.000    0.484
324544.0 329984.0  0.0   60162.7 7021952.0 5123500.9 15379136.0  210452.0  51200.0 51114.3     11    0.484   0      0.000    0.484
324544.0 317952.0 57468.8  0.0   7047040.0 787930.6 15379136.0  214592.0  51200.0 51114.3     12    0.502   0      0.000    0.502
324544.0 317952.0 57468.8  0.0   7047040.0 3041940.5 15379136.0  214592.0  51200.0 51115.9     12    0.502   0      0.000    0.502
324544.0 317952.0 57468.8  0.0   7047040.0 5404415.7 15379136.0  214592.0  51200.0 51116.3     12    0.502   0      0.000    0.502
308992.0 317952.0  0.0   63461.7 7047040.0 622158.7 15379136.0  214973.8  51200.0 51116.3     13    0.523   0      0.000    0.523
308992.0 317952.0  0.0   63461.7 7047040.0 2577748.8 15379136.0  214973.8  51200.0 51119.4     13    0.523   0      0.000    0.523
308992.0 317952.0  0.0   63461.7 7047040.0 4618104.2 15379136.0  214973.8  51200.0 51119.9     13    0.523   0      0.000    0.523
308992.0 317952.0  0.0   63461.7 7047040.0 6847759.3 15379136.0  214973.8  51200.0 51119.9     13    0.523   0      0.000    0.523
308992.0 300480.0 56318.9  0.0   7080064.0 2633208.8 15379136.0  218583.3  51200.0 51120.4     14    0.542   0      0.000    0.542
308992.0 300480.0 56318.9  0.0   7080064.0 4457200.1 15379136.0  218583.3  51200.0 51120.5     14    0.542   0      0.000    0.542
308992.0 300480.0 56318.9  0.0   7080064.0 6322354.4 15379136.0  218583.3  51200.0 51120.7     14    0.542   0      0.000    0.542
290048.0 300480.0  0.0   62775.6 7080064.0 1304237.9 15379136.0  219758.1  51200.0 51120.7     15    0.561   0      0.000    0.561
290048.0 300480.0  0.0   62775.6 7080064.0 3828320.6 15379136.0  219758.1  51200.0 51128.9     15    0.561   0      0.000    0.561
290048.0 300480.0  0.0   62775.6 7080064.0 5573314.7 15379136.0  219758.1  51200.0 51135.7     15    0.561   0      0.000    0.561
290048.0 300480.0  0.0   62775.6 7080064.0 6827699.6 15379136.0  219758.1  51200.0 51136.0     15    0.561   0      0.000    0.561
290048.0 277824.0 71839.5  0.0   7121664.0 700999.5 15379136.0  222811.8  51200.0 51136.0     16    0.587   0      0.000    0.587
290048.0 277824.0 71839.5  0.0   7121664.0 2112243.5 15379136.0  222811.8  51200.0 51137.1     16    0.587   0      0.000    0.587
290048.0 277824.0 71839.5  0.0   7121664.0 3385287.0 15379136.0  222811.8  51200.0 51137.4     16    0.587   0      0.000    0.587
290048.0 277824.0 71839.5  0.0   7121664.0 4663566.9 15379136.0  222811.8  51200.0 51139.3     16    0.587   0      0.000    0.587
290048.0 277824.0 71839.5  0.0   7121664.0 6080482.5 15379136.0  222811.8  51200.0 51143.1     16    0.587   0      0.000    0.587
267072.0 277824.0  0.0   64235.9 7121664.0 218384.3 15379136.0  230044.4  51200.0 51144.1     17    0.605   0      0.000    0.605
267072.0 277824.0  0.0   64235.9 7121664.0 1465023.7 15379136.0  230044.4  51200.0 51145.1     17    0.605   0      0.000    0.605
267072.0 277824.0  0.0   64235.9 7121664.0 2731805.9 15379136.0  230044.4  51200.0 51145.7     17    0.605   0      0.000    0.605
267072.0 277824.0  0.0   64235.9 7121664.0 4073021.0 15379136.0  230044.4  51200.0 51146.5     17    0.605   0      0.000    0.605
267072.0 277824.0  0.0   64235.9 7121664.0 5270261.4 15379136.0  230044.4  51200.0 51146.5     17    0.605   0      0.000    0.605
267072.0 277824.0  0.0   64235.9 7121664.0 6528340.8 15379136.0  230044.4  51200.0 51147.5     17    0.605   0      0.000    0.605
267072.0 256384.0 64312.2  0.0   7166080.0 692044.0 15379136.0  230084.4  51200.0 51148.6     18    0.626   0      0.000    0.626
267072.0 256384.0 64312.2  0.0   7166080.0 1782154.5 15379136.0  230084.4  51200.0 51149.8     18    0.626   0      0.000    0.626
267072.0 256384.0 64312.2  0.0   7166080.0 3720763.9 15379136.0  230084.4  51200.0 51152.5     18    0.626   0      0.000    0.626
267072.0 256384.0 64312.2  0.0   7166080.0 6158365.5 15379136.0  230084.4  51200.0 51153.5     18    0.626   0      0.000    0.626
246272.0 256384.0  0.0   61592.1 7166080.0 2387131.9 15379136.0  230919.0  51200.0 51156.4     19    0.645   0      0.000    0.645
246272.0 256384.0  0.0   61592.1 7166080.0 5420315.3 15379136.0  230919.0  51200.0 51158.4     19    0.645   0      0.000    0.645
246272.0 236736.0 58639.2  0.0   7206528.0 673494.6 15379136.0  239723.0  51200.0 51158.4     20    0.668   0      0.000    0.668
246272.0 236736.0 58639.2  0.0   7206528.0 2203505.8 15379136.0  239723.0  51200.0 51158.6     20    0.668   0      0.000    0.668
246272.0 236736.0 58639.2  0.0   7206528.0 3787375.6 15379136.0  239723.0  51200.0 51159.0     20    0.668   0      0.000    0.668
246272.0 236736.0 58639.2  0.0   7206528.0 5286194.9 15379136.0  239723.0  51200.0 51160.1     20    0.668   0      0.000    0.668
227008.0 236736.0  0.0   59958.8 7206528.0 444462.7 15379136.0  248521.0  51200.0 51161.1     21    0.687   0      0.000    0.687
227008.0 236736.0  0.0   59958.8 7206528.0 2354271.2 15379136.0  248521.0  51200.0 51161.1     21    0.687   0      0.000    0.687
227008.0 236736.0  0.0   59958.8 7206528.0 3860339.2 15379136.0  248521.0  51200.0 51161.1     21    0.687   0      0.000    0.687
227008.0 236736.0  0.0   59958.8 7206528.0 6080462.8 15379136.0  248521.0  51200.0 51167.1     21    0.687   0      0.000    0.687
227008.0 217728.0 58067.0  0.0   7244800.0 553364.1 15379136.0  255123.6  51200.0 51167.3     22    0.709   0      0.000    0.709
227008.0 217728.0 58067.0  0.0   7244800.0 2780261.7 15379136.0  255123.6  51200.0 51168.7     22    0.709   0      0.000    0.709
227008.0 217728.0 58067.0  0.0   7244800.0 5263834.4 15379136.0  255123.6  51200.0 51168.7     22    0.709   0      0.000    0.709
209792.0 217728.0  0.0   51523.4 7244800.0 563414.1 15379136.0  260186.3  51200.0 51168.7     23    0.725   0      0.000    0.725
209792.0 217728.0  0.0   51523.4 7244800.0 3238943.7 15379136.0  260186.3  51200.0 51169.5     23    0.725   0      0.000    0.725
209792.0 217728.0  0.0   51523.4 7244800.0 5896398.5 15379136.0  260186.3  51200.0 51169.7     23    0.725   0      0.000    0.725
209792.0 199424.0 65189.1  0.0   7280320.0 538665.8 15379136.0  264964.9  51200.0 51171.2     24    0.750   0      0.000    0.750
209792.0 199424.0 65189.1  0.0   7280320.0 2294553.5 15379136.0  264964.9  51200.0 51171.2     24    0.750   0      0.000    0.750
209792.0 199424.0 65189.1  0.0   7280320.0 3949881.3 15379136.0  264964.9  51200.0 51171.4     24    0.750   0      0.000    0.750
209792.0 199424.0 65189.1  0.0   7280320.0 5705439.5 15379136.0  264964.9  51200.0 51171.4     24    0.750   0      0.000    0.750
190720.0 199424.0  0.0   59165.2 7280320.0 881093.7 15379136.0  277771.6  51200.0 51171.4     25    0.770   0      0.000    0.770
190720.0 199424.0  0.0   59165.2 7280320.0 3706389.3 15379136.0  277771.6  51200.0 51171.4     25    0.770   0      0.000    0.770
190720.0 199424.0  0.0   59165.2 7280320.0 5925578.8 15379136.0  277771.6  51200.0 51171.7     25    0.770   0      0.000    0.770
190720.0 184448.0 46889.9  0.0   7314368.0 738810.5 15379136.0  290957.1  51200.0 51171.7     26    0.789   0      0.000    0.789
190720.0 184448.0 46889.9  0.0   7314368.0 3425722.0 15379136.0  290957.1  51200.0 51171.7     26    0.789   0      0.000    0.789
190720.0 184448.0 46889.9  0.0   7314368.0 6081834.9 15379136.0  290957.1  51200.0 51171.7     26    0.789   0      0.000    0.789
177600.0 184448.0  0.0   49005.8 7314368.0 541685.5 15379136.0  302272.1  51200.0 51171.7     27    0.808   0      0.000    0.808
177600.0 184448.0  0.0   49005.8 7314368.0 1759156.5 15379136.0  302272.1  51200.0 51171.9     27    0.808   0      0.000    0.808
177600.0 184448.0  0.0   49005.8 7314368.0 4323387.3 15379136.0  302272.1  51200.0 51172.5     27    0.808   0      0.000    0.808
177600.0 184448.0  0.0   49005.8 7314368.0 6801569.9 15379136.0  302272.1  51200.0 51173.2     27    0.808   0      0.000    0.808
177600.0 169536.0 56575.2  0.0   7342400.0 2492106.1 15379136.0  311789.5  51200.0 51173.2     28    0.834   0      0.000    0.834
177600.0 169536.0 56575.2  0.0   7342400.0 6047679.0 15379136.0  311789.5  51200.0 51173.2     28    0.834   0      0.000    0.834
165568.0 169536.0  0.0   34569.2 7342400.0 2419151.8 15379136.0  335700.5  51200.0 51175.7     29    0.854   0      0.000    0.854
165568.0 169536.0  0.0   34569.2 7342400.0 5560070.5 15379136.0  335700.5  51200.0 51175.7     29    0.854   0      0.000    0.854
165568.0 160576.0 37212.4  0.0   7363392.0 1159210.0 15379136.0  353288.3  51200.0 51175.7     30    0.874   0      0.000    0.874
165568.0 160576.0 37212.4  0.0   7363392.0 4799423.3 15379136.0  353288.3  51200.0 51176.5     30    0.874   0      0.000    0.874
154880.0 160576.0  0.0   39862.8 7363392.0 879991.2 15379136.0  363508.3  51200.0 51179.2     31    0.893   0      0.000    0.893
154880.0 160576.0  0.0   39862.8 7363392.0 5070392.3 15379136.0  363508.3  51200.0 51181.5     31    0.893   0      0.000    0.893
154880.0 151296.0 27152.8  0.0   7383360.0 1469955.3 15379136.0  385340.0  51200.0 51181.5     32    0.912   0      0.000    0.912
154880.0 151296.0 27152.8  0.0   7383360.0 5441457.4 15379136.0  385340.0  51200.0 51181.5     32    0.912   0      0.000    0.912
149376.0 151296.0  0.0   13909.0 7383360.0 2005849.2 15379136.0  402527.3  51200.0 51182.9     33    0.926   0      0.000    0.926
149376.0 151296.0  0.0   13909.0 7383360.0 5072187.6 15379136.0  402527.3  51200.0 51184.5     33    0.926   0      0.000    0.926
149376.0 141824.0 41213.6  0.0   7398336.0 1508631.6 15379136.0  409318.3  51200.0 51184.5     34    0.948   0      0.000    0.948
149376.0 141824.0 41213.6  0.0   7398336.0 4882608.6 15379136.0  409318.3  51200.0 51189.3     34    0.948   0      0.000    0.948
135680.0 141824.0  0.0   35521.0 7398336.0 652754.6 15379136.0  429159.5  51200.0 51190.8     35    0.968   0      0.000    0.968
135680.0 141824.0  0.0   35521.0 7398336.0 3624674.6 15379136.0  429159.5  51200.0 51191.0     35    0.968   0      0.000    0.968
135680.0 141824.0  0.0   35521.0 7398336.0 6621606.6 15379136.0  429159.5  51200.0 51191.0     35    0.968   0      0.000    0.968
135680.0 128064.0 45194.1  0.0   7425792.0 2698870.3 15379136.0  442048.1  51200.0 51191.0     36    0.988   0      0.000    0.988
135680.0 128064.0 45194.1  0.0   7425792.0 5800166.3 15379136.0  442048.1  51200.0 51191.2     36    0.988   0      0.000    0.988
121792.0 128064.0  0.0   40889.6 7425792.0 512696.4 15379136.0  458136.3  51200.0 51191.2     37    1.006   0      0.000    1.006
121792.0 128064.0  0.0   40889.6 7425792.0 2036903.2 15379136.0  458136.3  51200.0 51192.1     37    1.006   0      0.000    1.006
121792.0 128064.0  0.0   40889.6 7425792.0 3872229.2 15379136.0  458136.3  51200.0 51192.1     37    1.006   0      0.000    1.006
121792.0 128064.0  0.0   40889.6 7425792.0 5943723.4 15379136.0  458136.3  51200.0 51192.5     37    1.006   0      0.000    1.006
121792.0 115776.0 52375.3  0.0   7451968.0 97148.7  15379136.0  465254.6  51200.0 51192.9     38    1.027   0      0.000    1.027
121792.0 115776.0 52375.3  0.0   7451968.0 1499332.5 15379136.0  465254.6  51200.0 51193.1     38    1.027   0      0.000    1.027
121792.0 115776.0 52375.3  0.0   7451968.0 4227728.1 15379136.0  465254.6  51200.0 51193.1     38    1.027   0      0.000    1.027
121792.0 115776.0 52375.3  0.0   7451968.0 6431277.9 15379136.0  465254.6  51200.0 51193.9     38    1.027   0      0.000    1.027
109440.0 115776.0  0.0   47568.4 7451968.0 745241.1 15379136.0  481528.2  51200.0 51193.9     39    1.049   0      0.000    1.049
109440.0 115776.0  0.0   47568.4 7451968.0 2688311.9 15379136.0  481528.2  51200.0 51193.9     39    1.049   0      0.000    1.049
109440.0 115776.0  0.0   47568.4 7451968.0 4489328.8 15379136.0  481528.2  51200.0 51193.9     39    1.049   0      0.000    1.049
109440.0 115776.0  0.0   47568.4 7451968.0 6135873.1 15379136.0  481528.2  51200.0 51195.5     39    1.049   0      0.000    1.049
109440.0 104192.0 44441.2  0.0   7475904.0 494361.9 15379136.0  496774.5  51200.0 51195.5     40    1.069   0      0.000    1.069
109440.0 104192.0 44441.2  0.0   7475904.0 1366453.8 15379136.0  496774.5  51200.0 51195.5     40    1.069   0      0.000    1.069
109440.0 104192.0 44441.2  0.0   7475904.0 1970993.5 15379136.0  496774.5  51200.0 51195.5     40    1.069   0      0.000    1.069
109440.0 104192.0 44441.2  0.0   7475904.0 2507427.8 15379136.0  496774.5  51392.0 51202.5     40    1.069   0      0.000    1.069
109440.0 104192.0 44441.2  0.0   7475904.0 4146411.3 15379136.0  496774.5  51392.0 51202.7     40    1.069   0      0.000    1.069
109440.0 104192.0 44441.2  0.0   7475904.0 5688371.0 15379136.0  496774.5  51392.0 51202.7     40    1.069   0      0.000    1.069
109440.0 104192.0 44441.2  0.0   7475904.0 7188447.4 15379136.0  496774.5  51392.0 51202.9     40    1.069   0      0.000    1.069
100608.0 104192.0  0.0   53969.2 7475904.0 1438908.0 15379136.0  507756.4  51392.0 51204.0     41    1.092   0      0.000    1.092
100608.0 104192.0  0.0   53969.2 7475904.0 3102320.2 15379136.0  507756.4  51392.0 51206.7     41    1.092   0      0.000    1.092
100608.0 104192.0  0.0   53969.2 7475904.0 4884118.7 15379136.0  507756.4  51392.0 51208.2     41    1.092   0      0.000    1.092
100608.0 104192.0  0.0   53969.2 7475904.0 6543814.4 15379136.0  507756.4  51392.0 51208.7     41    1.092   0      0.000    1.092
100608.0 96192.0 45061.5  0.0   7492736.0 453997.7 15379136.0  525589.9  51392.0 51208.7     42    1.111   0      0.000    1.111
100608.0 96192.0 45061.5  0.0   7492736.0 1064740.6 15379136.0  525589.9  51392.0 51208.7     42    1.111   0      0.000    1.111
100608.0 96192.0 45061.5  0.0   7492736.0 1631592.2 15379136.0  525589.9  51392.0 51209.2     42    1.111   0      0.000    1.111
100608.0 96192.0 45061.5  0.0   7492736.0 2182131.3 15379136.0  525589.9  51392.0 51209.2     42    1.111   0      0.000    1.111
100608.0 96192.0 45061.5  0.0   7492736.0 2758095.7 15379136.0  525589.9  51392.0 51209.2     42    1.111   0      0.000    1.111
100608.0 96192.0 45061.5  0.0   7492736.0 3205322.8 15379136.0  525589.9  51392.0 51209.4     42    1.111   0      0.000    1.111
100608.0 96192.0 45061.5  0.0   7492736.0 3654856.4 15379136.0  525589.9  51392.0 51209.5     42    1.111   0      0.000    1.111
100608.0 96192.0 45061.5  0.0   7492736.0 5047690.5 15379136.0  525589.9  51392.0 51209.5     42    1.111   0      0.000    1.111
100608.0 96192.0 45061.5  0.0   7492736.0 6775886.5 15379136.0  525589.9  51392.0 51210.0     42    1.111   0      0.000    1.111
94592.0 96192.0  0.0   57300.4 7492736.0 907826.2 15379136.0  532622.6  51392.0 51210.0     43    1.133   0      0.000    1.133
94592.0 96192.0  0.0   57300.4 7492736.0 2249256.0 15379136.0  532622.6  51392.0 51210.2     43    1.133   0      0.000    1.133
94592.0 96192.0  0.0   57300.4 7492736.0 3833257.6 15379136.0  532622.6  51392.0 51210.6     43    1.133   0      0.000    1.133
94592.0 96192.0  0.0   57300.4 7492736.0 5558405.9 15379136.0  532622.6  51392.0 51212.9     43    1.133   0      0.000    1.133
94592.0 96192.0  0.0   57300.4 7492736.0 7301756.7 15379136.0  532622.6  51392.0 51215.4     43    1.133   0      0.000    1.133
94592.0 91840.0 39509.5  0.0   7503104.0 1301532.5 15379136.0  557460.0  51392.0 51215.4     44    1.154   0      0.000    1.154
94592.0 91840.0 39509.5  0.0   7503104.0 2972486.7 15379136.0  557460.0  51392.0 51215.4     44    1.154   0      0.000    1.154
94592.0 91840.0 39509.5  0.0   7503104.0 4484387.3 15379136.0  557460.0  51392.0 51215.4     44    1.154   0      0.000    1.154
94592.0 91840.0 39509.5  0.0   7503104.0 6200949.1 15379136.0  557460.0  51392.0 51216.8     44    1.154   0      0.000    1.154
88384.0 91840.0  0.0   51086.7 7503104.0 290193.5 15379136.0  566714.9  51392.0 51217.2     45    1.176   0      0.000    1.176
88384.0 91840.0  0.0   51086.7 7503104.0 956069.5 15379136.0  566714.9  51392.0 51218.6     45    1.176   0      0.000    1.176
88384.0 91840.0  0.0   51086.7 7503104.0 1932786.8 15379136.0  566714.9  51392.0 51219.5     45    1.176   0      0.000    1.176
88384.0 91840.0  0.0   51086.7 7503104.0 2909230.5 15379136.0  566714.9  51392.0 51220.8     45    1.176   0      0.000    1.176
88384.0 91840.0  0.0   51086.7 7503104.0 4027277.9 15379136.0  566714.9  51392.0 51221.7     45    1.176   0      0.000    1.176
88384.0 91840.0  0.0   51086.7 7503104.0 5286012.1 15379136.0  566714.9  51392.0 51221.9     45    1.176   0      0.000    1.176
88384.0 91840.0  0.0   51086.7 7503104.0 7359999.7 15379136.0  566714.9  51392.0 51222.6     45    1.176   0      0.000    1.176
88384.0 89280.0 61821.1  0.0   7510976.0 1840914.2 15379136.0  573971.8  51392.0 51223.0     46    1.199   0      0.000    1.199
88384.0 89280.0 61821.1  0.0   7510976.0 4277437.5 15379136.0  573971.8  51392.0 51223.7     46    1.199   0      0.000    1.199
88384.0 89280.0 61821.1  0.0   7510976.0 5822164.4 15379136.0  573971.8  51392.0 51223.9     46    1.199   0      0.000    1.199
87040.0 89280.0  0.0   40396.7 7510976.0 238306.2 15379136.0  595571.9  51392.0 51227.0     47    1.220   0      0.000    1.220
87040.0 89280.0  0.0   40396.7 7510976.0 1817178.4 15379136.0  595571.9  51392.0 51227.4     47    1.220   0      0.000    1.220
87040.0 89280.0  0.0   40396.7 7510976.0 3032349.7 15379136.0  595571.9  51392.0 51232.7     47    1.220   0      0.000    1.220
87040.0 89280.0  0.0   40396.7 7510976.0 4793679.9 15379136.0  595571.9  51392.0 51234.6     47    1.220   0      0.000    1.220
87040.0 89280.0  0.0   40396.7 7510976.0 6453084.6 15379136.0  595571.9  51392.0 51234.6     47    1.220   0      0.000    1.220
87040.0 83264.0 49371.9  0.0   7519232.0 462511.3 15379136.0  607817.5  51392.0 51235.1     48    1.241   0      0.000    1.241
87040.0 83264.0 49371.9  0.0   7519232.0 1823311.5 15379136.0  607817.5  51392.0 51240.1     48    1.241   0      0.000    1.241
87040.0 83264.0 49371.9  0.0   7519232.0 3082919.9 15379136.0  607817.5  51392.0 51240.1     48    1.241   0      0.000    1.241
87040.0 83264.0 49371.9  0.0   7519232.0 4349509.8 15379136.0  607817.5  51392.0 51240.3     48    1.241   0      0.000    1.241
87040.0 83264.0 49371.9  0.0   7519232.0 5924176.1 15379136.0  607817.5  51392.0 51244.3     48    1.241   0      0.000    1.241
80256.0 83264.0  0.0   47082.2 7519232.0 745967.0 15379136.0  620189.8  51392.0 51244.3     49    1.261   0      0.000    1.261
80256.0 83264.0  0.0   47082.2 7519232.0 3126272.9 15379136.0  620189.8  51392.0 51244.4     49    1.261   0      0.000    1.261
80256.0 83264.0  0.0   47082.2 7519232.0 4430241.2 15379136.0  620189.8  51392.0 51245.0     49    1.261   0      0.000    1.261
80256.0 83264.0  0.0   47082.2 7519232.0 6799783.3 15379136.0  620189.8  51392.0 51245.0     49    1.261   0      0.000    1.261
80256.0 79040.0 37854.5  0.0   7530240.0 1382995.3 15379136.0  635123.1  51392.0 51245.0     50    1.280   0      0.000    1.280
80256.0 79040.0 37854.5  0.0   7530240.0 4350232.3 15379136.0  635123.1  51392.0 51245.0     50    1.280   0      0.000    1.280
80256.0 79040.0 37854.5  0.0   7530240.0 7026576.2 15379136.0  635123.1  51392.0 51246.0     50    1.280   0      0.000    1.280
79104.0 79040.0  0.0   29245.1 7530240.0 2764323.2 15379136.0  648410.5  51392.0 51246.0     51    1.296   0      0.000    1.296
79104.0 79040.0  0.0   29245.1 7530240.0 4907141.6 15379136.0  648410.5  51392.0 51246.0     51    1.296   0      0.000    1.296
79104.0 79040.0  0.0   29245.1 7530240.0 6147617.6 15379136.0  648410.5  51392.0 51247.3     51    1.296   0      0.000    1.296
79104.0 76736.0 40539.7  0.0   7533696.0 572777.6 15379136.0  664135.7  51392.0 51250.4     52    1.315   0      0.000    1.315
79104.0 76736.0 40539.7  0.0   7533696.0 3622796.5 15379136.0  664135.7  51392.0 51250.7     52    1.315   0      0.000    1.315
79104.0 76736.0 40539.7  0.0   7533696.0 5267133.8 15379136.0  664135.7  51392.0 51250.7     52    1.315   0      0.000    1.315
75648.0 76736.0  0.0   33483.1 7533696.0 447675.1 15379136.0  678880.5  51392.0 51250.7     53    1.333   0      0.000    1.333
75648.0 76736.0  0.0   33483.1 7533696.0 2181684.1 15379136.0  678880.5  51392.0 51250.7     53    1.333   0      0.000    1.333
75648.0 76736.0  0.0   33483.1 7533696.0 4118105.3 15379136.0  678880.5  51392.0 51250.7     53    1.333   0      0.000    1.333
75648.0 76736.0  0.0   33483.1 7533696.0 6438130.8 15379136.0  678880.5  51392.0 51251.2     53    1.333   0      0.000    1.333
75648.0 72768.0 42789.0  0.0   7541120.0 1571042.9 15379136.0  689983.2  51392.0 51251.9     54    1.357   0      0.000    1.357
75648.0 72768.0 42789.0  0.0   7541120.0 4863410.3 15379136.0  689983.2  51392.0 51252.8     54    1.357   0      0.000    1.357
75648.0 72768.0 42789.0  0.0   7541120.0 6804435.1 15379136.0  689983.2  51392.0 51253.3     54    1.357   0      0.000    1.357
71552.0 72768.0  0.0   34384.9 7541120.0 1589407.9 15379136.0  709986.7  51392.0 51253.7     55    1.376   0      0.000    1.376
71552.0 72768.0  0.0   34384.9 7541120.0 3489847.4 15379136.0  709986.7  51392.0 51255.9     55    1.376   0      0.000    1.376
71552.0 72768.0  0.0   34384.9 7541120.0 5970558.3 15379136.0  709986.7  51392.0 51255.9     55    1.376   0      0.000    1.376
71552.0 69568.0 37981.8  0.0   7548416.0 554002.2 15379136.0  721310.8  51392.0 51341.9     56    1.397   0      0.000    1.397
71552.0 69568.0 37981.8  0.0   7548416.0 1439869.3 15379136.0  721310.8  51392.0 51341.9     56    1.397   0      0.000    1.397
71552.0 69568.0 37981.8  0.0   7548416.0 2330777.2 15379136.0  721310.8  51392.0 51341.9     56    1.397   0      0.000    1.397
71552.0 69568.0 37981.8  0.0   7548416.0 3446793.4 15379136.0  721310.8  51392.0 51341.9     56    1.397   0      0.000    1.397
71552.0 69568.0 37981.8  0.0   7548416.0 4396858.6 15379136.0  721310.8  51392.0 51341.9     56    1.397   0      0.000    1.397
71552.0 69568.0 37981.8  0.0   7548416.0 5640237.3 15379136.0  721310.8  51392.0 51341.9     56    1.397   0      0.000    1.397
71552.0 69568.0 37981.8  0.0   7548416.0 6797577.2 15379136.0  721310.8  51392.0 51342.7     56    1.397   0      0.000    1.397
72960.0 59008.0  0.0   58975.6 7548416.0 232047.1 15379136.0  732348.9  51392.0 51342.7     57    1.421   0      0.000    1.421
72960.0 59008.0  0.0   58975.6 7548416.0 1208482.8 15379136.0  732348.9  51392.0 51342.7     57    1.421   0      0.000    1.421
72960.0 59008.0  0.0   58975.6 7548416.0 1862614.0 15379136.0  732348.9  51392.0 51342.7     57    1.421   0      0.000    1.421
72960.0 59008.0  0.0   58975.6 7548416.0 2453604.5 15379136.0  732348.9  51392.0 51342.7     57    1.421   0      0.000    1.421
72960.0 59008.0  0.0   58975.6 7548416.0 2995999.9 15379136.0  732348.9  51392.0 51342.7     57    1.421   0      0.000    1.421
72960.0 59008.0  0.0   58975.6 7548416.0 3369605.1 15379136.0  732348.9  51392.0 51342.7     57    1.421   0      0.000    1.421
72960.0 59008.0  0.0   58975.6 7548416.0 3681317.4 15379136.0  732348.9  51392.0 51342.7     57    1.421   0      0.000    1.421
72960.0 59008.0  0.0   58975.6 7548416.0 4023274.6 15379136.0  732348.9  51392.0 51342.7     57    1.421   0      0.000    1.421
72960.0 59008.0  0.0   58975.6 7548416.0 4347637.9 15379136.0  732348.9  51392.0 51342.7     57    1.421   0      0.000    1.421
72960.0 59008.0  0.0   58975.6 7548416.0 4823861.8 15379136.0  732348.9  51392.0 51342.7     57    1.421   0      0.000    1.421
72960.0 59008.0  0.0   58975.6 7548416.0 5038406.8 15379136.0  732348.9  51392.0 51342.7     57    1.421   0      0.000    1.421
72960.0 59008.0  0.0   58975.6 7548416.0 5320931.5 15379136.0  732348.9  51392.0 51342.7     57    1.421   0      0.000    1.421
72960.0 59008.0  0.0   58975.6 7548416.0 5634592.4 15379136.0  732348.9  51392.0 51342.7     57    1.421   0      0.000    1.421
72960.0 59008.0  0.0   58975.6 7548416.0 5888331.9 15379136.0  732348.9  51392.0 51342.9     57    1.421   0      0.000    1.421
72960.0 59008.0  0.0   58975.6 7548416.0 5998216.1 15379136.0  732348.9  51392.0 51342.9     57    1.421   0      0.000    1.421
72960.0 59008.0  0.0   58975.6 7548416.0 6278808.5 15379136.0  732348.9  51392.0 51342.9     57    1.421   0      0.000    1.421
72960.0 59008.0  0.0   58975.6 7548416.0 6592211.0 15379136.0  732348.9  51392.0 51342.9     57    1.421   0      0.000    1.421
72960.0 59008.0  0.0   58975.6 7548416.0 6919580.3 15379136.0  732348.9  51392.0 51342.9     57    1.421   0      0.000    1.421
72960.0 59008.0  0.0   58975.6 7548416.0 7288568.1 15379136.0  732348.9  51392.0 51342.9     57    1.421   0      0.000    1.421
72960.0 77248.0 63699.2  0.0   7535040.0 15959.2  15379136.0  737274.6  51392.0 51342.9     58    1.443   0      0.000    1.443
72960.0 77248.0 63699.2  0.0   7535040.0 615997.8 15379136.0  737274.6  51392.0 51342.9     58    1.443   0      0.000    1.443
72960.0 77248.0 63699.2  0.0   7535040.0 1635348.7 15379136.0  737274.6  51392.0 51343.0     58    1.443   0      0.000    1.443
72960.0 77248.0 63699.2  0.0   7535040.0 3300113.1 15379136.0  737274.6  51392.0 51343.8     58    1.443   0      0.000    1.443
72960.0 77248.0 63699.2  0.0   7535040.0 3877794.9 15379136.0  737274.6  51392.0 51343.9     58    1.443   0      0.000    1.443
72960.0 77248.0 63699.2  0.0   7535040.0 5261668.5 15379136.0  737274.6  51392.0 51343.9     58    1.443   0      0.000    1.443
72960.0 77248.0 63699.2  0.0   7535040.0 6520583.0 15379136.0  737274.6  51392.0 51343.9     58    1.443   0      0.000    1.443
75072.0 77248.0  0.0   48730.9 7535040.0 465248.5 15379136.0  750826.5  51392.0 51343.9     59    1.464   0      0.000    1.464
75072.0 77248.0  0.0   48730.9 7535040.0 1938844.9 15379136.0  750826.5  51392.0 51348.9     59    1.464   0      0.000    1.464
75072.0 77248.0  0.0   48730.9 7535040.0 2237797.0 15379136.0  750826.5  51392.0 51348.9     59    1.464   0      0.000    1.464
75072.0 77248.0  0.0   48730.9 7535040.0 2415961.4 15379136.0  750826.5  51392.0 51349.1     59    1.464   0      0.000    1.464
75072.0 77248.0  0.0   48730.9 7535040.0 2821713.9 15379136.0  750826.5  51392.0 51349.1     59    1.464   0      0.000    1.464
75072.0 77248.0  0.0   48730.9 7535040.0 3073166.6 15379136.0  750826.5  51392.0 51349.1     59    1.464   0      0.000    1.464
75072.0 77248.0  0.0   48730.9 7535040.0 3310156.5 15379136.0  750826.5  51392.0 51349.6     59    1.464   0      0.000    1.464
75072.0 77248.0  0.0   48730.9 7535040.0 3579853.7 15379136.0  750826.5  51392.0 51349.6     59    1.464   0      0.000    1.464
75072.0 77248.0  0.0   48730.9 7535040.0 3790611.6 15379136.0  750826.5  51392.0 51351.3     59    1.464   0      0.000    1.464
75072.0 77248.0  0.0   48730.9 7535040.0 4118022.2 15379136.0  750826.5  51392.0 51351.8     59    1.464   0      0.000    1.464
75072.0 77248.0  0.0   48730.9 7535040.0 4313179.4 15379136.0  750826.5  51392.0 51351.8     59    1.464   0      0.000    1.464
75072.0 77248.0  0.0   48730.9 7535040.0 5122739.3 15379136.0  750826.5  51392.0 51351.8     59    1.464   0      0.000    1.464
75072.0 77248.0  0.0   48730.9 7535040.0 6394547.9 15379136.0  750826.5  51392.0 51351.8     59    1.464   0      0.000    1.464
75072.0 77248.0  0.0   48730.9 7535040.0 7195362.4 15379136.0  750826.5  51392.0 51351.8     59    1.464   0      0.000    1.464
75072.0 79552.0 66221.0  0.0   7530432.0 361145.9 15379136.0  752782.3  51392.0 51351.8     60    1.489   0      0.000    1.489
75072.0 79552.0 66221.0  0.0   7530432.0 1009604.6 15379136.0  752782.3  51392.0 51351.8     60    1.489   0      0.000    1.489
75072.0 79552.0 66221.0  0.0   7530432.0 1792688.8 15379136.0  752782.3  51392.0 51351.8     60    1.489   0      0.000    1.489
75072.0 79552.0 66221.0  0.0   7530432.0 2776504.4 15379136.0  752782.3  51392.0 51351.8     60    1.489   0      0.000    1.489
75072.0 79552.0 66221.0  0.0   7530432.0 3794723.0 15379136.0  752782.3  51392.0 51351.8     60    1.489   0      0.000    1.489
75072.0 79552.0 66221.0  0.0   7530432.0 5218223.0 15379136.0  752782.3  51392.0 51351.8     60    1.489   0      0.000    1.489
75072.0 79552.0 66221.0  0.0   7530432.0 6714311.7 15379136.0  752782.3  51392.0 51352.3     60    1.489   0      0.000    1.489
76800.0 79552.0  0.0   46202.9 7530432.0 1033393.8 15379136.0  773218.7  51392.0 51352.9     61    1.511   0      0.000    1.511
76800.0 79552.0  0.0   46202.9 7530432.0 2490336.3 15379136.0  773218.7  51392.0 51355.0     61    1.511   0      0.000    1.511
76800.0 79552.0  0.0   46202.9 7530432.0 3588016.2 15379136.0  773218.7  51392.0 51358.1     61    1.511   0      0.000    1.511
76800.0 79552.0  0.0   46202.9 7530432.0 4185307.4 15379136.0  773218.7  51392.0 51358.6     61    1.511   0      0.000    1.511
76800.0 79552.0  0.0   46202.9 7530432.0 4722113.0 15379136.0  773218.7  51392.0 51358.8     61    1.511   0      0.000    1.511
76800.0 79552.0  0.0   46202.9 7530432.0 5908883.5 15379136.0  773218.7  51392.0 51358.8     61    1.511   0      0.000    1.511
76800.0 79552.0  0.0   46202.9 7530432.0 6456326.7 15379136.0  773218.7  51392.0 51358.8     61    1.511   0      0.000    1.511
76800.0 79552.0  0.0   46202.9 7530432.0 7213813.4 15379136.0  773218.7  51392.0 51358.8     61    1.511   0      0.000    1.511
76800.0 75904.0 53369.9  0.0   7536832.0 851496.6 15379136.0  788228.0  51392.0 51359.1     62    1.536   0      0.000    1.536
76800.0 75904.0 53369.9  0.0   7536832.0 2144078.8 15379136.0  788228.0  51392.0 51359.1     62    1.536   0      0.000    1.536
76800.0 75904.0 53369.9  0.0   7536832.0 3025449.2 15379136.0  788228.0  51392.0 51359.1     62    1.536   0      0.000    1.536
76800.0 75904.0 53369.9  0.0   7536832.0 3628228.1 15379136.0  788228.0  51392.0 51359.1     62    1.536   0      0.000    1.536
76800.0 75904.0 53369.9  0.0   7536832.0 3999015.4 15379136.0  788228.0  51392.0 51359.1     62    1.536   0      0.000    1.536
76800.0 75904.0 53369.9  0.0   7536832.0 4793041.6 15379136.0  788228.0  51392.0 51359.1     62    1.536   0      0.000    1.536
76800.0 75904.0 53369.9  0.0   7536832.0 6555270.2 15379136.0  788228.0  51392.0 51359.1     62    1.536   0      0.000    1.536
73472.0 75904.0  0.0   46895.7 7536832.0 1624170.9 15379136.0  808080.1  51392.0 51359.1     63    1.558   0      0.000    1.558
73472.0 75904.0  0.0   46895.7 7536832.0 2739258.6 15379136.0  808080.1  51392.0 51359.1     63    1.558   0      0.000    1.558
73472.0 75904.0  0.0   46895.7 7536832.0 3832268.5 15379136.0  808080.1  51392.0 51359.1     63    1.558   0      0.000    1.558
73472.0 75904.0  0.0   46895.7 7536832.0 4942129.6 15379136.0  808080.1  51392.0 51359.1     63    1.558   0      0.000    1.558
73472.0 75904.0  0.0   46895.7 7536832.0 5805861.1 15379136.0  808080.1  51392.0 51360.1     63    1.558   0      0.000    1.558
73472.0 75904.0  0.0   46895.7 7536832.0 7046410.2 15379136.0  808080.1  51392.0 51360.1     63    1.558   0      0.000    1.558
73472.0 71040.0 48643.1  0.0   7545024.0 802845.1 15379136.0  828010.5  51392.0 51360.1     64    1.585   0      0.000    1.585
73472.0 71040.0 48643.1  0.0   7545024.0 1814910.0 15379136.0  828010.5  51392.0 51360.9     64    1.585   0      0.000    1.585
73472.0 71040.0 48643.1  0.0   7545024.0 2958752.5 15379136.0  828010.5  51392.0 51360.9     64    1.585   0      0.000    1.585
73472.0 71040.0 48643.1  0.0   7545024.0 3364094.9 15379136.0  828010.5  51392.0 51361.5     64    1.585   0      0.000    1.585
73472.0 71040.0 48643.1  0.0   7545024.0 3983388.1 15379136.0  828010.5  51392.0 51361.5     64    1.585   0      0.000    1.585
73472.0 71040.0 48643.1  0.0   7545024.0 4719400.8 15379136.0  828010.5  51392.0 51361.5     64    1.585   0      0.000    1.585
73472.0 71040.0 48643.1  0.0   7545024.0 5366180.8 15379136.0  828010.5  51392.0 51361.5     64    1.585   0      0.000    1.585
73472.0 71040.0 48643.1  0.0   7545024.0 6188830.3 15379136.0  828010.5  51392.0 51361.5     64    1.585   0      0.000    1.585
73472.0 71040.0 48643.1  0.0   7545024.0 7069306.2 15379136.0  828010.5  51392.0 51361.5     64    1.585   0      0.000    1.585
73024.0 71040.0  0.0   60100.9 7545024.0 605742.8 15379136.0  837952.0  51392.0 51361.8     65    1.609   0      0.000    1.609
73024.0 71040.0  0.0   60100.9 7545024.0 1148106.0 15379136.0  837952.0  51392.0 51361.8     65    1.609   0      0.000    1.609
73024.0 71040.0  0.0   60100.9 7545024.0 1825182.4 15379136.0  837952.0  51392.0 51362.1     65    1.609   0      0.000    1.609
73024.0 71040.0  0.0   60100.9 7545024.0 2351442.7 15379136.0  837952.0  51392.0 51362.3     65    1.609   0      0.000    1.609
73024.0 71040.0  0.0   60100.9 7545024.0 3241225.9 15379136.0  837952.0  51392.0 51362.3     65    1.609   0      0.000    1.609
73024.0 71040.0  0.0   60100.9 7545024.0 4117693.5 15379136.0  837952.0  51392.0 51362.3     65    1.609   0      0.000    1.609
73024.0 71040.0  0.0   60100.9 7545024.0 4548515.8 15379136.0  837952.0  51392.0 51362.3     65    1.609   0      0.000    1.609
73024.0 71040.0  0.0   60100.9 7545024.0 5056283.5 15379136.0  837952.0  51392.0 51362.3     65    1.609   0      0.000    1.609
73024.0 71040.0  0.0   60100.9 7545024.0 5394636.0 15379136.0  837952.0  51392.0 51362.3     65    1.609   0      0.000    1.609
73024.0 71040.0  0.0   60100.9 7545024.0 6044503.2 15379136.0  837952.0  51392.0 51362.3     65    1.609   0      0.000    1.609
73024.0 71040.0  0.0   60100.9 7545024.0 6999219.2 15379136.0  837952.0  51392.0 51362.3     65    1.609   0      0.000    1.609
73024.0 76672.0 65840.0  0.0   7536192.0 1116030.0 15379136.0  841366.1  51392.0 51362.3     66    1.636   0      0.000    1.636
73024.0 76672.0 65840.0  0.0   7536192.0 3112945.4 15379136.0  841366.1  51392.0 51362.3     66    1.636   0      0.000    1.636
73024.0 76672.0 65840.0  0.0   7536192.0 5248441.9 15379136.0  841366.1  51392.0 51362.3     66    1.636   0      0.000    1.636
73024.0 76672.0 65840.0  0.0   7536192.0 6013302.1 15379136.0  841366.1  51392.0 51362.3     66    1.636   0      0.000    1.636
73024.0 76672.0 65840.0  0.0   7536192.0 6674156.5 15379136.0  841366.1  51392.0 51362.3     66    1.636   0      0.000    1.636
74688.0 76672.0  0.0   52787.7 7536192.0 291527.8 15379136.0  862992.9  51392.0 51362.3     67    1.664   0      0.000    1.664
74688.0 76672.0  0.0   52787.7 7536192.0 801491.2 15379136.0  862992.9  51392.0 51362.7     67    1.664   0      0.000    1.664
74688.0 76672.0  0.0   52787.7 7536192.0 1333298.2 15379136.0  862992.9  51392.0 51362.9     67    1.664   0      0.000    1.664
74688.0 76672.0  0.0   52787.7 7536192.0 2132758.6 15379136.0  862992.9  51392.0 51362.9     67    1.664   0      0.000    1.664
74688.0 76672.0  0.0   52787.7 7536192.0 3187393.1 15379136.0  862992.9  51392.0 51362.9     67    1.664   0      0.000    1.664
74688.0 76672.0  0.0   52787.7 7536192.0 4004171.5 15379136.0  862992.9  51392.0 51362.9     67    1.664   0      0.000    1.664
74688.0 76672.0  0.0   52787.7 7536192.0 4679597.9 15379136.0  862992.9  51392.0 51362.9     67    1.664   0      0.000    1.664
74688.0 76672.0  0.0   52787.7 7536192.0 5299309.9 15379136.0  862992.9  51392.0 51362.9     67    1.664   0      0.000    1.664
74688.0 76672.0  0.0   52787.7 7536192.0 5904291.7 15379136.0  862992.9  51392.0 51362.9     67    1.664   0      0.000    1.664
74688.0 76672.0  0.0   52787.7 7536192.0 6453993.5 15379136.0  862992.9  51392.0 51362.9     67    1.664   0      0.000    1.664
74688.0 76672.0  0.0   52787.7 7536192.0 6876662.3 15379136.0  862992.9  51392.0 51362.9     67    1.664   0      0.000    1.664
74688.0 76672.0  0.0   52787.7 7536192.0 7265429.7 15379136.0  862992.9  51392.0 51362.9     67    1.664   0      0.000    1.664
74688.0 76416.0 62342.3  0.0   7536704.0 470883.5 15379136.0  869922.5  51392.0 51362.9     68    1.690   0      0.000    1.690
74688.0 76416.0 62342.3  0.0   7536704.0 920337.6 15379136.0  869922.5  51392.0 51362.9     68    1.690   0      0.000    1.690
74688.0 76416.0 62342.3  0.0   7536704.0 1423922.5 15379136.0  869922.5  51392.0 51363.1     68    1.690   0      0.000    1.690
74688.0 76416.0 62342.3  0.0   7536704.0 1891808.0 15379136.0  869922.5  51392.0 51363.3     68    1.690   0      0.000    1.690
74688.0 76416.0 62342.3  0.0   7536704.0 2293625.5 15379136.0  869922.5  51392.0 51363.7     68    1.690   0      0.000    1.690
74688.0 76416.0 62342.3  0.0   7536704.0 2640501.9 15379136.0  869922.5  51392.0 51364.1     68    1.690   0      0.000    1.690
74688.0 76416.0 62342.3  0.0   7536704.0 3155962.6 15379136.0  869922.5  51392.0 51364.1     68    1.690   0      0.000    1.690
74688.0 76416.0 62342.3  0.0   7536704.0 3556258.2 15379136.0  869922.5  51392.0 51364.6     68    1.690   0      0.000    1.690
74688.0 76416.0 62342.3  0.0   7536704.0 4032333.5 15379136.0  869922.5  51392.0 51364.9     68    1.690   0      0.000    1.690
74688.0 76416.0 62342.3  0.0   7536704.0 4395456.1 15379136.0  869922.5  51392.0 51364.9     68    1.690   0      0.000    1.690
74688.0 76416.0 62342.3  0.0   7536704.0 4887160.2 15379136.0  869922.5  51392.0 51364.9     68    1.690   0      0.000    1.690
74688.0 76416.0 62342.3  0.0   7536704.0 5315904.2 15379136.0  869922.5  51392.0 51364.9     68    1.690   0      0.000    1.690
74688.0 76416.0 62342.3  0.0   7536704.0 6030043.2 15379136.0  869922.5  51392.0 51364.9     68    1.690   0      0.000    1.690
74688.0 76416.0 62342.3  0.0   7536704.0 6470776.7 15379136.0  869922.5  51392.0 51364.9     68    1.690   0      0.000    1.690
74688.0 76416.0 62342.3  0.0   7536704.0 7068821.1 15379136.0  869922.5  51392.0 51364.9     68    1.690   0      0.000    1.690
74688.0 76416.0 62342.3  0.0   7536704.0 7527087.2 15379136.0  869922.5  51392.0 51365.1     68    1.690   0      0.000    1.690
77888.0 62976.0  0.0   62960.5 7536704.0 477515.0 15379136.0  872354.3  51392.0 51365.1     69    1.711   0      0.000    1.711
77888.0 62976.0  0.0   62960.5 7536704.0 836985.0 15379136.0  872354.3  51392.0 51365.1     69    1.711   0      0.000    1.711
77888.0 62976.0  0.0   62960.5 7536704.0 2401026.6 15379136.0  872354.3  51392.0 51365.1     69    1.711   0      0.000    1.711
77888.0 62976.0  0.0   62960.5 7536704.0 3864150.4 15379136.0  872354.3  51392.0 51365.1     69    1.711   0      0.000    1.711
77888.0 62976.0  0.0   62960.5 7536704.0 5925712.2 15379136.0  872354.3  51392.0 51365.1     69    1.711   0      0.000    1.711
77888.0 78336.0 36510.8  0.0   7532864.0 1121909.5 15379136.0  893116.6  51392.0 51365.1     70    1.730   0      0.000    1.730
77888.0 78336.0 36510.8  0.0   7532864.0 3572940.8 15379136.0  893116.6  51392.0 51365.1     70    1.730   0      0.000    1.730
77888.0 78336.0 36510.8  0.0   7532864.0 5154238.0 15379136.0  893116.6  51392.0 51365.1     70    1.730   0      0.000    1.730
77888.0 78336.0 36510.8  0.0   7532864.0 6395638.6 15379136.0  893116.6  51392.0 51365.1     70    1.730   0      0.000    1.730
76800.0 78336.0  0.0   45477.1 7532864.0 126538.3 15379136.0  912301.3  51392.0 51365.1     71    1.756   0      0.000    1.756
76800.0 78336.0  0.0   45477.1 7532864.0 1849245.8 15379136.0  912301.3  51392.0 51365.1     71    1.756   0      0.000    1.756
76800.0 78336.0  0.0   45477.1 7532864.0 3777847.1 15379136.0  912301.3  51392.0 51365.1     71    1.756   0      0.000    1.756
76800.0 78336.0  0.0   45477.1 7532864.0 5385333.6 15379136.0  912301.3  51392.0 51365.1     71    1.756   0      0.000    1.756
76800.0 78336.0  0.0   45477.1 7532864.0 6593416.9 15379136.0  912301.3  51392.0 51365.7     71    1.756   0      0.000    1.756
76800.0 76032.0 40807.5  0.0   7536704.0 865927.6 15379136.0  936442.5  51392.0 51366.7     72    1.778   0      0.000    1.778
76800.0 76032.0 40807.5  0.0   7536704.0 2963446.6 15379136.0  936442.5  51392.0 51366.7     72    1.778   0      0.000    1.778
76800.0 76032.0 40807.5  0.0   7536704.0 4770146.3 15379136.0  936442.5  51392.0 51366.7     72    1.778   0      0.000    1.778
76800.0 76032.0 40807.5  0.0   7536704.0 6452014.9 15379136.0  936442.5  51392.0 51366.7     72    1.778   0      0.000    1.778
76800.0 76032.0  0.0   30361.9 7536704.0 1229379.2 15379136.0  959836.6  51392.0 51374.5     73    1.798   0      0.000    1.798
76800.0 76032.0  0.0   30361.9 7536704.0 2737452.6 15379136.0  959836.6  51392.0 51374.5     73    1.798   0      0.000    1.798
76800.0 76032.0  0.0   30361.9 7536704.0 3642427.9 15379136.0  959836.6  51392.0 51374.5     73    1.798   0      0.000    1.798
76800.0 76032.0  0.0   30361.9 7536704.0 4666977.6 15379136.0  959836.6  51392.0 51374.5     73    1.798   0      0.000    1.798
76800.0 76032.0  0.0   30361.9 7536704.0 6858588.2 15379136.0  959836.6  51392.0 51374.5     73    1.798   0      0.000    1.798
76800.0 74688.0 43767.5  0.0   7538048.0 896883.2 15379136.0  976945.1  51392.0 51374.5     74    1.821   0      0.000    1.821
76800.0 74688.0 43767.5  0.0   7538048.0 2961527.9 15379136.0  976945.1  51392.0 51374.5     74    1.821   0      0.000    1.821
76800.0 74688.0 43767.5  0.0   7538048.0 3961934.5 15379136.0  976945.1  51392.0 51374.5     74    1.821   0      0.000    1.821
76800.0 74688.0 43767.5  0.0   7538048.0 4728634.0 15379136.0  976945.1  51392.0 51376.2     74    1.821   0      0.000    1.821
76800.0 74688.0 43767.5  0.0   7538048.0 5799121.5 15379136.0  976945.1  51392.0 51376.2     74    1.821   0      0.000    1.821
76800.0 74688.0 43767.5  0.0   7538048.0 7501614.6 15379136.0  976945.1  51392.0 51376.4     74    1.821   0      0.000    1.821
72832.0 74688.0  0.0   50046.0 7538048.0 2340225.7 15379136.0  992145.1  51392.0 51377.9     75    1.846   0      0.000    1.846
72832.0 74688.0  0.0   50046.0 7538048.0 4095377.6 15379136.0  992145.1  51392.0 51377.9     75    1.846   0      0.000    1.846
72832.0 74688.0  0.0   50046.0 7538048.0 6363890.1 15379136.0  992145.1  51392.0 51377.9     75    1.846   0      0.000    1.846
72832.0 72960.0 32760.9  0.0   7543616.0 869465.2 15379136.0 1019920.8  51392.0 51377.9     76    1.868   0      0.000    1.868
72832.0 72960.0 32760.9  0.0   7543616.0 2890513.6 15379136.0 1019920.8  51392.0 51377.9     76    1.868   0      0.000    1.868
72832.0 72960.0 32760.9  0.0   7543616.0 4742376.9 15379136.0 1019920.8  51392.0 51377.9     76    1.868   0      0.000    1.868
72832.0 72960.0 32760.9  0.0   7543616.0 6328966.5 15379136.0 1019920.8  51392.0 51378.8     76    1.868   0      0.000    1.868
72448.0 72960.0  0.0   34075.2 7543616.0 1229516.1 15379136.0 1034777.7  51392.0 51378.8     77    1.888   0      0.000    1.888
72448.0 72960.0  0.0   34075.2 7543616.0 3805434.2 15379136.0 1034777.7  51392.0 51378.8     77    1.888   0      0.000    1.888
72448.0 72960.0  0.0   34075.2 7543616.0 5528229.1 15379136.0 1034777.7  51392.0 51378.8     77    1.888   0      0.000    1.888
72448.0 72960.0  0.0   34075.2 7543616.0 6634287.8 15379136.0 1034777.7  51392.0 51378.8     77    1.888   0      0.000    1.888
72448.0 71232.0 36278.5  0.0   7545856.0 846352.0 15379136.0 1056685.2  51392.0 51379.9     78    1.910   0      0.000    1.910
72448.0 71232.0 36278.5  0.0   7545856.0 2209015.2 15379136.0 1056685.2  51392.0 51379.9     78    1.910   0      0.000    1.910
72448.0 71232.0 36278.5  0.0   7545856.0 3715144.9 15379136.0 1056685.2  51392.0 51379.9     78    1.910   0      0.000    1.910
72448.0 71232.0 36278.5  0.0   7545856.0 5855346.2 15379136.0 1056685.2  51392.0 51380.0     78    1.910   0      0.000    1.910
72448.0 71232.0 36278.5  0.0   7545856.0 6929097.3 15379136.0 1056685.2  51392.0 51380.0     78    1.910   0      0.000    1.910
69632.0 71232.0  0.0   37954.8 7545856.0 680533.2 15379136.0 1080698.3  51392.0 51380.0     79    1.932   0      0.000    1.932
69632.0 71232.0  0.0   37954.8 7545856.0 1909630.5 15379136.0 1080698.3  51392.0 51380.0     79    1.932   0      0.000    1.932
69632.0 71232.0  0.0   37954.8 7545856.0 3544944.2 15379136.0 1080698.3  51392.0 51380.0     79    1.932   0      0.000    1.932
69632.0 71232.0  0.0   37954.8 7545856.0 4922324.6 15379136.0 1080698.3  51392.0 51380.0     79    1.932   0      0.000    1.932
69632.0 71232.0  0.0   37954.8 7545856.0 6256862.8 15379136.0 1080698.3  51392.0 51380.0     79    1.932   0      0.000    1.932
69632.0 67136.0 43891.8  0.0   7552768.0 322203.3 15379136.0 1099038.3  51392.0 51380.0     80    1.956   0      0.000    1.956
69632.0 67136.0 43891.8  0.0   7552768.0 1119970.5 15379136.0 1099038.3  51392.0 51380.0     80    1.956   0      0.000    1.956
69632.0 67136.0 43891.8  0.0   7552768.0 1573004.0 15379136.0 1099038.3  51392.0 51380.0     80    1.956   0      0.000    1.956
69632.0 67136.0 43891.8  0.0   7552768.0 2616608.9 15379136.0 1099038.3  51392.0 51380.0     80    1.956   0      0.000    1.956
69632.0 67136.0 43891.8  0.0   7552768.0 4327354.0 15379136.0 1099038.3  51392.0 51380.0     80    1.956   0      0.000    1.956
69632.0 67136.0 43891.8  0.0   7552768.0 5550693.1 15379136.0 1099038.3  51392.0 51380.0     80    1.956   0      0.000    1.956
67776.0 67136.0  0.0   51758.4 7552768.0 116918.1 15379136.0 1115411.5  51392.0 51380.0     81    1.980   0      0.000    1.980
67776.0 67136.0  0.0   51758.4 7552768.0 1624774.1 15379136.0 1115411.5  51392.0 51380.0     81    1.980   0      0.000    1.980
67776.0 67136.0  0.0   51758.4 7552768.0 3985019.1 15379136.0 1115411.5  51392.0 51380.0     81    1.980   0      0.000    1.980
67776.0 67136.0  0.0   51758.4 7552768.0 5638230.6 15379136.0 1115411.5  51392.0 51380.0     81    1.980   0      0.000    1.980
67776.0 67392.0 32911.5  0.0   7554368.0 423589.4 15379136.0 1142499.3  51392.0 51380.0     82    1.998   0      0.000    1.998
67776.0 67392.0 32911.5  0.0   7554368.0 2207929.7 15379136.0 1142499.3  51392.0 51380.0     82    1.998   0      0.000    1.998
67776.0 67392.0 32911.5  0.0   7554368.0 4308334.4 15379136.0 1142499.3  51392.0 51380.0     82    1.998   0      0.000    1.998
67776.0 67392.0 32911.5  0.0   7554368.0 6520102.6 15379136.0 1142499.3  51392.0 51380.0     82    1.998   0      0.000    1.998
66112.0 67392.0  0.0   37024.1 7554368.0 1023274.0 15379136.0 1158490.1  51392.0 51380.0     83    2.017   0      0.000    2.017
66112.0 67392.0  0.0   37024.1 7554368.0 2552941.6 15379136.0 1158490.1  51392.0 51380.0     83    2.017   0      0.000    2.017
66112.0 67392.0  0.0   37024.1 7554368.0 3944639.7 15379136.0 1158490.1  51392.0 51380.0     83    2.017   0      0.000    2.017
66112.0 67392.0  0.0   37024.1 7554368.0 5221975.3 15379136.0 1158490.1  51392.0 51380.0     83    2.017   0      0.000    2.017
66112.0 67392.0  0.0   37024.1 7554368.0 7441598.4 15379136.0 1158490.1  51392.0 51380.0     83    2.017   0      0.000    2.017
66112.0 63808.0 42402.3  0.0   7559616.0 2440296.9 15379136.0 1171130.4  51392.0 51380.0     84    2.038   0      0.000    2.038
66112.0 63808.0 42402.3  0.0   7559616.0 4248098.7 15379136.0 1171130.4  51392.0 51380.5     84    2.038   0      0.000    2.038
66112.0 63808.0 42402.3  0.0   7559616.0 5451436.6 15379136.0 1171130.4  51392.0 51380.5     84    2.038   0      0.000    2.038
66112.0 63808.0 42402.3  0.0   7559616.0 7035111.1 15379136.0 1171130.4  51392.0 51380.5     84    2.038   0      0.000    2.038
61824.0 63808.0  0.0   41809.9 7559616.0 1302241.2 15379136.0 1189101.5  51392.0 51381.3     85    2.061   0      0.000    2.061
61824.0 63808.0  0.0   41809.9 7559616.0 4077039.6 15379136.0 1189101.5  51392.0 51381.3     85    2.061   0      0.000    2.061
61824.0 63808.0  0.0   41809.9 7559616.0 7290411.6 15379136.0 1189101.5  51392.0 51381.3     85    2.061   0      0.000    2.061
61824.0 62528.0 27331.8  0.0   7564480.0 2699365.2 15379136.0 1210908.6  51392.0 51381.3     86    2.079   0      0.000    2.079
61824.0 62528.0 27331.8  0.0   7564480.0 4751937.6 15379136.0 1210908.6  51392.0 51381.7     86    2.079   0      0.000    2.079
61824.0 62528.0 27331.8  0.0   7564480.0 6760382.0 15379136.0 1210908.6  51392.0 51381.7     86    2.079   0      0.000    2.079
61120.0 62528.0  0.0   36942.7 7564480.0 1396885.0 15379136.0 1217934.1  51392.0 51382.9     87    2.096   0      0.000    2.096
61120.0 62528.0  0.0   36942.7 7564480.0 4053805.8 15379136.0 1217934.1  51392.0 51382.9     87    2.096   0      0.000    2.096
61120.0 62528.0  0.0   36942.7 7564480.0 6433638.7 15379136.0 1217934.1  51392.0 51382.9     87    2.096   0      0.000    2.096
61120.0 59520.0 37761.2  0.0   7568896.0 1148234.9 15379136.0 1235100.1  51392.0 51382.9     88    2.118   0      0.000    2.118
61120.0 59520.0 37761.2  0.0   7568896.0 3278570.1 15379136.0 1235100.1  51392.0 51382.9     88    2.118   0      0.000    2.118
61120.0 59520.0 37761.2  0.0   7568896.0 6036449.6 15379136.0 1235100.1  51392.0 51382.9     88    2.118   0      0.000    2.118
59328.0 59520.0  0.0   30252.6 7568896.0 292350.9 15379136.0 1251671.5  51392.0 51382.9     89    2.145   0      0.000    2.145
59328.0 59520.0  0.0   30252.6 7568896.0 3037729.4 15379136.0 1251671.5  51392.0 51382.9     89    2.145   0      0.000    2.145
59328.0 59520.0  0.0   30252.6 7568896.0 5485247.5 15379136.0 1251671.5  51392.0 51382.9     89    2.145   0      0.000    2.145
59328.0 59264.0 28334.0  0.0   7570944.0 816362.1 15379136.0 1269408.7  51392.0 51382.9     90    2.161   0      0.000    2.161
59328.0 59264.0 28334.0  0.0   7570944.0 3037332.9 15379136.0 1269408.7  51392.0 51382.9     90    2.161   0      0.000    2.161
59328.0 59264.0 28334.0  0.0   7570944.0 4531303.1 15379136.0 1269408.7  51392.0 51383.4     90    2.161   0      0.000    2.161
59328.0 59264.0 28334.0  0.0   7570944.0 7497741.1 15379136.0 1269408.7  51392.0 51383.4     90    2.161   0      0.000    2.161
59008.0 59264.0  0.0   27436.1 7570944.0 2332293.0 15379136.0 1285709.5  51392.0 51384.5     91    2.182   0      0.000    2.182
59008.0 59264.0  0.0   27436.1 7570944.0 5567410.3 15379136.0 1285709.5  51392.0 51384.5     91    2.182   0      0.000    2.182
59008.0 58688.0 26240.0  0.0   7571840.0 1210373.1 15379136.0 1302416.9  51392.0 51384.5     92    2.199   0      0.000    2.199
59008.0 58688.0 26240.0  0.0   7571840.0 3964462.9 15379136.0 1302416.9  51392.0 51385.5     92    2.199   0      0.000    2.199
59008.0 58688.0 26240.0  0.0   7571840.0 5475728.2 15379136.0 1302416.9  51392.0 51385.5     92    2.199   0      0.000    2.199
57216.0 58688.0  0.0   38262.7 7571840.0 288126.4 15379136.0 1315888.1  51392.0 51385.5     93    2.217   0      0.000    2.217
57216.0 58688.0  0.0   38262.7 7571840.0 2033334.3 15379136.0 1315888.1  51392.0 51385.5     93    2.217   0      0.000    2.217
57216.0 58688.0  0.0   38262.7 7571840.0 3686824.6 15379136.0 1315888.1  51392.0 51385.5     93    2.217   0      0.000    2.217
57216.0 58688.0  0.0   38262.7 7571840.0 4565802.6 15379136.0 1315888.1  51392.0 51385.5     93    2.217   0      0.000    2.217
57216.0 58688.0  0.0   38262.7 7571840.0 5597104.9 15379136.0 1315888.1  51392.0 51385.5     93    2.217   0      0.000    2.217
57216.0 58688.0  0.0   38262.7 7571840.0 7010807.7 15379136.0 1315888.1  51392.0 51385.5     93    2.217   0      0.000    2.217
57216.0 68672.0 57188.6  0.0   7552192.0 1085655.0 15379136.0 1331532.1  51392.0 51385.5     94    2.241   0      0.000    2.241
57216.0 68672.0 57188.6  0.0   7552192.0 2598687.0 15379136.0 1331532.1  51392.0 51385.5     94    2.241   0      0.000    2.241
57216.0 68672.0 57188.6  0.0   7552192.0 4073521.2 15379136.0 1331532.1  51392.0 51385.5     94    2.241   0      0.000    2.241
57216.0 68672.0 57188.6  0.0   7552192.0 4964549.9 15379136.0 1331532.1  51392.0 51385.5     94    2.241   0      0.000    2.241
57216.0 68672.0 57188.6  0.0   7552192.0 5297406.3 15379136.0 1331532.1  51392.0 51386.9     94    2.241   0      0.000    2.241
57216.0 68672.0 57188.6  0.0   7552192.0 6312866.5 15379136.0 1331532.1  51392.0 51386.9     94    2.241   0      0.000    2.241
57216.0 68672.0 57188.6  0.0   7552192.0 7120934.8 15379136.0 1331532.1  51392.0 51386.9     94    2.241   0      0.000    2.241
69120.0 49024.0  0.0   48975.2 7552192.0 967860.3 15379136.0 1354804.9  51392.0 51386.9     95    2.267   0      0.000    2.267
69120.0 49024.0  0.0   48975.2 7552192.0 2097793.8 15379136.0 1354804.9  51392.0 51386.9     95    2.267   0      0.000    2.267
69120.0 49024.0  0.0   48975.2 7552192.0 3458941.9 15379136.0 1354804.9  51392.0 51386.9     95    2.267   0      0.000    2.267
69120.0 49024.0  0.0   48975.2 7552192.0 4573279.9 15379136.0 1354804.9  51392.0 51386.9     95    2.267   0      0.000    2.267
69120.0 49024.0  0.0   48975.2 7552192.0 5187341.9 15379136.0 1354804.9  51392.0 51386.9     95    2.267   0      0.000    2.267
69120.0 49024.0  0.0   48975.2 7552192.0 5929430.7 15379136.0 1354804.9  51392.0 51386.9     95    2.267   0      0.000    2.267
69120.0 49024.0  0.0   48975.2 7552192.0 6517427.5 15379136.0 1354804.9  51392.0 51386.9     95    2.267   0      0.000    2.267
69120.0 49024.0  0.0   48975.2 7552192.0 7141790.2 15379136.0 1354804.9  51392.0 51386.9     95    2.267   0      0.000    2.267
69120.0 73536.0 60397.9  0.0   7542464.0 376957.9 15379136.0 1365415.2  51392.0 51386.9     96    2.294   0      0.000    2.294
69120.0 73536.0 60397.9  0.0   7542464.0 929569.3 15379136.0 1365415.2  51392.0 51386.9     96    2.294   0      0.000    2.294
69120.0 73536.0 60397.9  0.0   7542464.0 1577555.8 15379136.0 1365415.2  51392.0 51386.9     96    2.294   0      0.000    2.294
69120.0 73536.0 60397.9  0.0   7542464.0 2002070.6 15379136.0 1365415.2  51392.0 51386.9     96    2.294   0      0.000    2.294
69120.0 73536.0 60397.9  0.0   7542464.0 2739335.2 15379136.0 1365415.2  51392.0 51386.9     96    2.294   0      0.000    2.294
69120.0 73536.0 60397.9  0.0   7542464.0 3780734.9 15379136.0 1365415.2  51392.0 51386.9     96    2.294   0      0.000    2.294
69120.0 73536.0 60397.9  0.0   7542464.0 5087675.5 15379136.0 1365415.2  51392.0 51386.9     96    2.294   0      0.000    2.294
69120.0 73536.0 60397.9  0.0   7542464.0 6515630.8 15379136.0 1365415.2  51392.0 51386.9     96    2.294   0      0.000    2.294
74112.0 52800.0  0.0   52757.2 7542464.0 189100.3 15379136.0 1381570.1  51392.0 51386.9     97    2.316   0      0.000    2.316
74112.0 52800.0  0.0   52757.2 7542464.0 1082293.1 15379136.0 1381570.1  51392.0 51386.9     97    2.316   0      0.000    2.316
74112.0 52800.0  0.0   52757.2 7542464.0 1840222.3 15379136.0 1381570.1  51392.0 51386.9     97    2.316   0      0.000    2.316
74112.0 52800.0  0.0   52757.2 7542464.0 2539380.0 15379136.0 1381570.1  51392.0 51386.9     97    2.316   0      0.000    2.316
74112.0 52800.0  0.0   52757.2 7542464.0 2829835.6 15379136.0 1381570.1  51392.0 51386.9     97    2.316   0      0.000    2.316
74112.0 52800.0  0.0   52757.2 7542464.0 3350348.3 15379136.0 1381570.1  51392.0 51386.9     97    2.316   0      0.000    2.316
74112.0 52800.0  0.0   52757.2 7542464.0 4263561.6 15379136.0 1381570.1  51392.0 51386.9     97    2.316   0      0.000    2.316
74112.0 52800.0  0.0   52757.2 7542464.0 4943549.9 15379136.0 1381570.1  51392.0 51386.9     97    2.316   0      0.000    2.316
74112.0 52800.0  0.0   52757.2 7542464.0 5616085.4 15379136.0 1381570.1  51392.0 51386.9     97    2.316   0      0.000    2.316
74112.0 52800.0  0.0   52757.2 7542464.0 6469371.5 15379136.0 1381570.1  51392.0 51386.9     97    2.316   0      0.000    2.316
74112.0 52800.0  0.0   52757.2 7542464.0 7088357.1 15379136.0 1381570.1  51392.0 51386.9     97    2.316   0      0.000    2.316
74112.0 79040.0 65317.3  0.0   7531456.0 299932.2 15379136.0 1383038.2  51392.0 51386.9     98    2.342   0      0.000    2.342
74112.0 79040.0 65317.3  0.0   7531456.0 574896.0 15379136.0 1383038.2  51392.0 51386.9     98    2.342   0      0.000    2.342
74112.0 79040.0 65317.3  0.0   7531456.0 920237.7 15379136.0 1383038.2  51392.0 51386.9     98    2.342   0      0.000    2.342
74112.0 79040.0 65317.3  0.0   7531456.0 1430648.4 15379136.0 1383038.2  51392.0 51386.9     98    2.342   0      0.000    2.342
74112.0 79040.0 65317.3  0.0   7531456.0 2296539.2 15379136.0 1383038.2  51392.0 51386.9     98    2.342   0      0.000    2.342
74112.0 79040.0 65317.3  0.0   7531456.0 3532007.6 15379136.0 1383038.2  51392.0 51386.9     98    2.342   0      0.000    2.342
74112.0 79040.0 65317.3  0.0   7531456.0 4414420.6 15379136.0 1383038.2  51392.0 51386.9     98    2.342   0      0.000    2.342
74112.0 79040.0 65317.3  0.0   7531456.0 5713456.8 15379136.0 1383038.2  51392.0 51386.9     98    2.342   0      0.000    2.342
74112.0 79040.0 65317.3  0.0   7531456.0 6470074.5 15379136.0 1383038.2  51392.0 51386.9     98    2.342   0      0.000    2.342
77568.0 79040.0  0.0   50882.1 7531456.0 319272.0 15379136.0 1391081.7  51392.0 51386.9     99    2.364   0      0.000    2.364
77568.0 79040.0  0.0   50882.1 7531456.0 1496434.5 15379136.0 1391081.7  51392.0 51386.9     99    2.364   0      0.000    2.364
77568.0 79040.0  0.0   50882.1 7531456.0 3566627.7 15379136.0 1391081.7  51392.0 51386.9     99    2.364   0      0.000    2.364
77568.0 79040.0  0.0   50882.1 7531456.0 5324745.6 15379136.0 1391081.7  51392.0 51386.9     99    2.364   0      0.000    2.364
77568.0 79040.0  0.0   50882.1 7531456.0 6597774.4 15379136.0 1391081.7  51392.0 51386.9     99    2.364   0      0.000    2.364
77568.0 74880.0 43939.1  0.0   7537088.0 1167529.1 15379136.0 1411177.9  51392.0 51386.9    100    2.389   0      0.000    2.389
77568.0 74880.0 43939.1  0.0   7537088.0 4276729.8 15379136.0 1411177.9  51392.0 51386.9    100    2.389   0      0.000    2.389
77568.0 74880.0 43939.1  0.0   7537088.0 6057112.0 15379136.0 1411177.9  51392.0 51386.9    100    2.389   0      0.000    2.389
74176.0 74880.0  0.0   33547.2 7537088.0 798671.6 15379136.0 1432732.1  51392.0 51386.9    101    2.410   0      0.000    2.410
74176.0 74880.0  0.0   33547.2 7537088.0 3061437.1 15379136.0 1432732.1  51392.0 51386.9    101    2.410   0      0.000    2.410
74176.0 74880.0  0.0   33547.2 7537088.0 5934102.0 15379136.0 1432732.1  51392.0 51386.9    101    2.410   0      0.000    2.410
74176.0 72768.0 36088.8  0.0   7542592.0 1765240.0 15379136.0 1447829.6  51392.0 51386.9    102    2.430   0      0.000    2.430
74176.0 72768.0 36088.8  0.0   7542592.0 5109599.8 15379136.0 1447829.6  51392.0 51386.9    102    2.430   0      0.000    2.430
73280.0 72768.0  0.0   24292.6 7542592.0 976140.7 15379136.0 1468678.7  51392.0 51386.9    103    2.452   0      0.000    2.452
73280.0 72768.0  0.0   24292.6 7542592.0 3277425.7 15379136.0 1468678.7  51392.0 51386.9    103    2.452   0      0.000    2.452
73280.0 72768.0  0.0   24292.6 7542592.0 5311196.0 15379136.0 1468678.7  51392.0 51386.9    103    2.452   0      0.000    2.452
73280.0 70912.0 37383.4  0.0   7545344.0 145326.5 15379136.0 1477571.7  51392.0 51386.9    104    2.471   0      0.000    2.471
73280.0 70912.0 37383.4  0.0   7545344.0 2441710.3 15379136.0 1477571.7  51392.0 51386.9    104    2.471   0      0.000    2.471
73280.0 70912.0 37383.4  0.0   7545344.0 3682793.1 15379136.0 1477571.7  51392.0 51386.9    104    2.471   0      0.000    2.471
73280.0 70912.0 37383.4  0.0   7545344.0 4911520.2 15379136.0 1477571.7  51392.0 51386.9    104    2.471   0      0.000    2.471
73280.0 70912.0 37383.4  0.0   7545344.0 6231215.4 15379136.0 1477571.7  51392.0 51386.9    104    2.471   0      0.000    2.471
68480.0 70912.0  0.0   42947.8 7545344.0 219629.1 15379136.0 1496954.7  51392.0 51386.9    105    2.494   0      0.000    2.494
68480.0 70912.0  0.0   42947.8 7545344.0 1555940.3 15379136.0 1496954.7  51392.0 51386.9    105    2.494   0      0.000    2.494
68480.0 70912.0  0.0   42947.8 7545344.0 3203452.2 15379136.0 1496954.7  51392.0 51386.9    105    2.494   0      0.000    2.494
68480.0 70912.0  0.0   42947.8 7545344.0 4499236.0 15379136.0 1496954.7  51392.0 51386.9    105    2.494   0      0.000    2.494
68480.0 70912.0  0.0   42947.8 7545344.0 6078211.7 15379136.0 1496954.7  51392.0 51386.9    105    2.494   0      0.000    2.494
68480.0 66368.0 38716.9  0.0   7554688.0 351784.6 15379136.0 1518369.9  51392.0 51386.9    106    2.516   0      0.000    2.516
68480.0 66368.0 38716.9  0.0   7554688.0 1556994.1 15379136.0 1518369.9  51392.0 51386.9    106    2.516   0      0.000    2.516
68480.0 66368.0 38716.9  0.0   7554688.0 2942693.5 15379136.0 1518369.9  51392.0 51386.9    106    2.516   0      0.000    2.516
68480.0 66368.0 38716.9  0.0   7554688.0 3509310.3 15379136.0 1518369.9  51392.0 51386.9    106    2.516   0      0.000    2.516
68480.0 66368.0 38716.9  0.0   7554688.0 3735209.5 15379136.0 1518369.9  51392.0 51386.9    106    2.516   0      0.000    2.516
68480.0 66368.0 38716.9  0.0   7554688.0 4017056.4 15379136.0 1518369.9  51392.0 51386.9    106    2.516   0      0.000    2.516
68480.0 66368.0 38716.9  0.0   7554688.0 4443650.4 15379136.0 1518369.9  51392.0 51386.9    106    2.516   0      0.000    2.516
68480.0 66368.0 38716.9  0.0   7554688.0 4925534.7 15379136.0 1518369.9  51392.0 51386.9    106    2.516   0      0.000    2.516
68480.0 66368.0 38716.9  0.0   7554688.0 5338240.8 15379136.0 1518369.9  51392.0 51386.9    106    2.516   0      0.000    2.516
68480.0 66368.0 38716.9  0.0   7554688.0 5745569.6 15379136.0 1518369.9  51392.0 51386.9    106    2.516   0      0.000    2.516
68480.0 66368.0 38716.9  0.0   7554688.0 5974567.4 15379136.0 1518369.9  51392.0 51386.9    106    2.516   0      0.000    2.516
68480.0 66368.0 38716.9  0.0   7554688.0 6558112.4 15379136.0 1518369.9  51392.0 51386.9    106    2.516   0      0.000    2.516
68480.0 66368.0 38716.9  0.0   7554688.0 6907937.9 15379136.0 1518369.9  51392.0 51386.9    106    2.516   0      0.000    2.516
70528.0 64320.0  0.0   64313.1 7554688.0 184807.3 15379136.0 1519153.0  51392.0 51386.9    107    2.539   0      0.000    2.539
70528.0 64320.0  0.0   64313.1 7554688.0 1361202.2 15379136.0 1519153.0  51392.0 51386.9    107    2.539   0      0.000    2.539
70528.0 64320.0  0.0   64313.1 7554688.0 2273102.6 15379136.0 1519153.0  51392.0 51386.9    107    2.539   0      0.000    2.539
70528.0 64320.0  0.0   64313.1 7554688.0 3644458.8 15379136.0 1519153.0  51392.0 51386.9    107    2.539   0      0.000    2.539
70528.0 64320.0  0.0   64313.1 7554688.0 4834716.1 15379136.0 1519153.0  51392.0 51386.9    107    2.539   0      0.000    2.539
70528.0 64320.0  0.0   64313.1 7554688.0 5431514.6 15379136.0 1519153.0  51392.0 51386.9    107    2.539   0      0.000    2.539
70528.0 64320.0  0.0   64313.1 7554688.0 6161397.5 15379136.0 1519153.0  51392.0 51386.9    107    2.539   0      0.000    2.539
70528.0 64320.0  0.0   64313.1 7554688.0 7305304.7 15379136.0 1519153.0  51392.0 51386.9    107    2.539   0      0.000    2.539
70528.0 70784.0 47335.2  0.0   7547968.0 722154.4 15379136.0 1543227.5  51392.0 51386.9    108    2.565   0      0.000    2.565
70528.0 70784.0 47335.2  0.0   7547968.0 1786703.9 15379136.0 1543227.5  51392.0 51386.9    108    2.565   0      0.000    2.565
70528.0 70784.0 47335.2  0.0   7547968.0 2814530.9 15379136.0 1543227.5  51392.0 51386.9    108    2.565   0      0.000    2.565
70528.0 70784.0 47335.2  0.0   7547968.0 3424109.1 15379136.0 1543227.5  51392.0 51386.9    108    2.565   0      0.000    2.565
70528.0 70784.0 47335.2  0.0   7547968.0 4576560.1 15379136.0 1543227.5  51392.0 51386.9    108    2.565   0      0.000    2.565
70528.0 70784.0 47335.2  0.0   7547968.0 5071785.2 15379136.0 1543227.5  51392.0 51386.9    108    2.565   0      0.000    2.565
70528.0 70784.0 47335.2  0.0   7547968.0 6146160.5 15379136.0 1543227.5  51392.0 51386.9    108    2.565   0      0.000    2.565
70528.0 70784.0 47335.2  0.0   7547968.0 6815350.3 15379136.0 1543227.5  51392.0 51386.9    108    2.565   0      0.000    2.565
68224.0 70784.0  0.0   43701.8 7547968.0 958452.2 15379136.0 1561882.8  51392.0 51386.9    109    2.587   0      0.000    2.587
68224.0 70784.0  0.0   43701.8 7547968.0 1817288.8 15379136.0 1561882.8  51392.0 51386.9    109    2.587   0      0.000    2.587
68224.0 70784.0  0.0   43701.8 7547968.0 3239570.8 15379136.0 1561882.8  51392.0 51386.9    109    2.587   0      0.000    2.587
68224.0 70784.0  0.0   43701.8 7547968.0 4091318.3 15379136.0 1561882.8  51392.0 51386.9    109    2.587   0      0.000    2.587
68224.0 70784.0  0.0   43701.8 7547968.0 4280024.9 15379136.0 1561882.8  51392.0 51386.9    109    2.587   0      0.000    2.587
68224.0 70784.0  0.0   43701.8 7547968.0 4421615.9 15379136.0 1561882.8  51392.0 51386.9    109    2.587   0      0.000    2.587
68224.0 70784.0  0.0   43701.8 7547968.0 4588931.3 15379136.0 1561882.8  51392.0 51386.9    109    2.587   0      0.000    2.587
68224.0 70784.0  0.0   43701.8 7547968.0 4799767.1 15379136.0 1561882.8  51392.0 51386.9    109    2.587   0      0.000    2.587
68224.0 70784.0  0.0   43701.8 7547968.0 4866610.0 15379136.0 1561882.8  51392.0 51386.9    109    2.587   0      0.000    2.587
68224.0 70784.0  0.0   43701.8 7547968.0 4997690.0 15379136.0 1561882.8  51392.0 51386.9    109    2.587   0      0.000    2.587
68224.0 70784.0  0.0   43701.8 7547968.0 5145277.8 15379136.0 1561882.8  51392.0 51386.9    109    2.587   0      0.000    2.587
68224.0 70784.0  0.0   43701.8 7547968.0 5302487.4 15379136.0 1561882.8  51392.0 51386.9    109    2.587   0      0.000    2.587
68224.0 70784.0  0.0   43701.8 7547968.0 5410261.0 15379136.0 1561882.8  51392.0 51386.9    109    2.587   0      0.000    2.587
68224.0 70784.0  0.0   43701.8 7547968.0 5588213.9 15379136.0 1561882.8  51392.0 51386.9    109    2.587   0      0.000    2.587
68224.0 70784.0  0.0   43701.8 7547968.0 5727179.8 15379136.0 1561882.8  51392.0 51386.9    109    2.587   0      0.000    2.587
68224.0 70784.0  0.0   43701.8 7547968.0 5918759.5 15379136.0 1561882.8  51392.0 51386.9    109    2.587   0      0.000    2.587
68224.0 70784.0  0.0   43701.8 7547968.0 6110261.2 15379136.0 1561882.8  51392.0 51386.9    109    2.587   0      0.000    2.587
68224.0 70784.0  0.0   43701.8 7547968.0 6209411.2 15379136.0 1561882.8  51392.0 51386.9    109    2.587   0      0.000    2.587
68224.0 70784.0  0.0   43701.8 7547968.0 6484059.5 15379136.0 1561882.8  51392.0 51386.9    109    2.587   0      0.000    2.587
68224.0 70784.0  0.0   43701.8 7547968.0 6672094.5 15379136.0 1561882.8  51392.0 51386.9    109    2.587   0      0.000    2.587
68224.0 70784.0  0.0   43701.8 7547968.0 6798621.6 15379136.0 1561882.8  51392.0 51386.9    109    2.587   0      0.000    2.587
68224.0 70784.0  0.0   43701.8 7547968.0 7043877.4 15379136.0 1561882.8  51392.0 51386.9    109    2.587   0      0.000    2.587
68224.0 70784.0  0.0   43701.8 7547968.0 7216651.2 15379136.0 1561882.8  51392.0 51386.9    109    2.587   0      0.000    2.587
68224.0 70784.0  0.0   43701.8 7547968.0 7316032.0 15379136.0 1561882.8  51392.0 51386.9    109    2.587   0      0.000    2.587
68224.0 70784.0  0.0   43701.8 7547968.0 7496862.8 15379136.0 1561882.8  51392.0 51386.9    109    2.587   0      0.000    2.587
68224.0 67200.0 47900.3  0.0   7554112.0 110800.2 15379136.0 1562727.5  51392.0 51386.9    110    2.606   0      0.000    2.606
68224.0 67200.0 47900.3  0.0   7554112.0 250982.4 15379136.0 1562727.5  51392.0 51386.9    110    2.606   0      0.000    2.606
68224.0 67200.0 47900.3  0.0   7554112.0 361993.9 15379136.0 1562727.5  51392.0 51386.9    110    2.606   0      0.000    2.606
68224.0 67200.0 47900.3  0.0   7554112.0 517343.4 15379136.0 1562727.5  51392.0 51386.9    110    2.606   0      0.000    2.606
68224.0 67200.0 47900.3  0.0   7554112.0 682578.1 15379136.0 1562727.5  51392.0 51386.9    110    2.606   0      0.000    2.606
68224.0 67200.0 47900.3  0.0   7554112.0 841203.7 15379136.0 1562727.5  51392.0 51386.9    110    2.606   0      0.000    2.606
68224.0 67200.0 47900.3  0.0   7554112.0 1029528.2 15379136.0 1562727.5  51392.0 51386.9    110    2.606   0      0.000    2.606
68224.0 67200.0 47900.3  0.0   7554112.0 1239367.2 15379136.0 1562727.5  51392.0 51386.9    110    2.606   0      0.000    2.606
68224.0 67200.0 47900.3  0.0   7554112.0 1397690.0 15379136.0 1562727.5  51392.0 51386.9    110    2.606   0      0.000    2.606
68224.0 67200.0 47900.3  0.0   7554112.0 1552185.3 15379136.0 1562727.5  51392.0 51387.1    110    2.606   0      0.000    2.606
68224.0 67200.0 47900.3  0.0   7554112.0 1742280.6 15379136.0 1562727.5  51392.0 51387.1    110    2.606   0      0.000    2.606
68224.0 67200.0 47900.3  0.0   7554112.0 1915824.7 15379136.0 1562727.5  51392.0 51387.6    110    2.606   0      0.000    2.606
68224.0 67200.0 47900.3  0.0   7554112.0 2073881.0 15379136.0 1562727.5  51392.0 51388.1    110    2.606   0      0.000    2.606
68224.0 67200.0 47900.3  0.0   7554112.0 2319830.0 15379136.0 1562727.5  51392.0 51388.1    110    2.606   0      0.000    2.606
68224.0 67200.0 47900.3  0.0   7554112.0 2494949.2 15379136.0 1562727.5  51392.0 51388.1    110    2.606   0      0.000    2.606
68224.0 67200.0 47900.3  0.0   7554112.0 2741529.8 15379136.0 1562727.5  51392.0 51388.1    110    2.606   0      0.000    2.606
68224.0 67200.0 47900.3  0.0   7554112.0 2903646.1 15379136.0 1562727.5  51392.0 51388.1    110    2.606   0      0.000    2.606
68224.0 67200.0 47900.3  0.0   7554112.0 3132779.5 15379136.0 1562727.5  51392.0 51388.1    110    2.606   0      0.000    2.606
68224.0 67200.0 47900.3  0.0   7554112.0 3286863.7 15379136.0 1562727.5  51392.0 51388.1    110    2.606   0      0.000    2.606
68224.0 67200.0 47900.3  0.0   7554112.0 3546737.2 15379136.0 1562727.5  51392.0 51388.1    110    2.606   0      0.000    2.606
68224.0 67200.0 47900.3  0.0   7554112.0 3796344.4 15379136.0 1562727.5  51392.0 51388.1    110    2.606   0      0.000    2.606
68224.0 67200.0 47900.3  0.0   7554112.0 4027162.0 15379136.0 1562727.5  51392.0 51388.1    110    2.606   0      0.000    2.606
68224.0 67200.0 47900.3  0.0   7554112.0 4214231.3 15379136.0 1562727.5  51392.0 51388.1    110    2.606   0      0.000    2.606
68224.0 67200.0 47900.3  0.0   7554112.0 4471199.2 15379136.0 1562727.5  51392.0 51388.1    110    2.606   0      0.000    2.606
68224.0 67200.0 47900.3  0.0   7554112.0 4722140.4 15379136.0 1562727.5  51392.0 51388.1    110    2.606   0      0.000    2.606
68224.0 67200.0 47900.3  0.0   7554112.0 4994595.1 15379136.0 1562727.5  51392.0 51388.1    110    2.606   0      0.000    2.606
68224.0 67200.0 47900.3  0.0   7554112.0 5267681.0 15379136.0 1562727.5  51392.0 51388.1    110    2.606   0      0.000    2.606
68224.0 67200.0 47900.3  0.0   7554112.0 5479297.1 15379136.0 1562727.5  51392.0 51388.1    110    2.606   0      0.000    2.606
68224.0 67200.0 47900.3  0.0   7554112.0 5694020.5 15379136.0 1562727.5  51392.0 51388.1    110    2.606   0      0.000    2.606
68224.0 67200.0 47900.3  0.0   7554112.0 5878795.6 15379136.0 1562727.5  51392.0 51388.1    110    2.606   0      0.000    2.606
68224.0 67200.0 47900.3  0.0   7554112.0 6080956.4 15379136.0 1562727.5  51392.0 51388.1    110    2.606   0      0.000    2.606
68224.0 67200.0 47900.3  0.0   7554112.0 6302378.0 15379136.0 1562727.5  51392.0 51388.1    110    2.606   0      0.000    2.606
68224.0 67200.0 47900.3  0.0   7554112.0 6487833.7 15379136.0 1562727.5  51392.0 51388.1    110    2.606   0      0.000    2.606
68224.0 67200.0 47900.3  0.0   7554112.0 6695006.8 15379136.0 1562727.5  51392.0 51388.1    110    2.606   0      0.000    2.606
68224.0 67200.0 47900.3  0.0   7554112.0 6886283.9 15379136.0 1562727.5  51392.0 51388.1    110    2.606   0      0.000    2.606
68224.0 67200.0 47900.3  0.0   7554112.0 7099178.9 15379136.0 1562727.5  51392.0 51388.1    110    2.606   0      0.000    2.606
68224.0 67200.0 47900.3  0.0   7554112.0 7312247.5 15379136.0 1562727.5  51392.0 51388.1    110    2.606   0      0.000    2.606
68224.0 67200.0 47900.3  0.0   7554112.0 7497829.9 15379136.0 1562727.5  51392.0 51388.1    110    2.606   0      0.000    2.606
65216.0 67200.0  0.0   42595.0 7554112.0 191928.4 15379136.0 1562853.0  51392.0 51388.3    111    2.622   0      0.000    2.622
65216.0 67200.0  0.0   42595.0 7554112.0 403180.9 15379136.0 1562853.0  51392.0 51388.5    111    2.622   0      0.000    2.622
65216.0 67200.0  0.0   42595.0 7554112.0 603478.8 15379136.0 1562853.0  51392.0 51388.8    111    2.622   0      0.000    2.622
65216.0 67200.0  0.0   42595.0 7554112.0 761747.6 15379136.0 1562853.0  51392.0 51388.8    111    2.622   0      0.000    2.622
65216.0 67200.0  0.0   42595.0 7554112.0 974973.1 15379136.0 1562853.0  51392.0 51388.8    111    2.622   0      0.000    2.622
65216.0 67200.0  0.0   42595.0 7554112.0 1153466.0 15379136.0 1562853.0  51392.0 51388.8    111    2.622   0      0.000    2.622
65216.0 67200.0  0.0   42595.0 7554112.0 1339045.3 15379136.0 1562853.0  51392.0 51388.8    111    2.622   0      0.000    2.622
65216.0 67200.0  0.0   42595.0 7554112.0 1518436.7 15379136.0 1562853.0  51392.0 51388.8    111    2.622   0      0.000    2.622
65216.0 67200.0  0.0   42595.0 7554112.0 1681829.2 15379136.0 1562853.0  51392.0 51388.8    111    2.622   0      0.000    2.622
65216.0 67200.0  0.0   42595.0 7554112.0 1857271.6 15379136.0 1562853.0  51392.0 51388.8    111    2.622   0      0.000    2.622
65216.0 67200.0  0.0   42595.0 7554112.0 2022813.4 15379136.0 1562853.0  51392.0 51388.8    111    2.622   0      0.000    2.622
65216.0 67200.0  0.0   42595.0 7554112.0 2222453.8 15379136.0 1562853.0  51392.0 51389.0    111    2.622   0      0.000    2.622
65216.0 67200.0  0.0   42595.0 7554112.0 2435311.5 15379136.0 1562853.0  51392.0 51389.2    111    2.622   0      0.000    2.622
65216.0 67200.0  0.0   42595.0 7554112.0 2628077.4 15379136.0 1562853.0  51392.0 51389.2    111    2.622   0      0.000    2.622
65216.0 67200.0  0.0   42595.0 7554112.0 2865974.0 15379136.0 1562853.0  51392.0 51389.2    111    2.622   0      0.000    2.622
65216.0 67200.0  0.0   42595.0 7554112.0 3060114.6 15379136.0 1562853.0  51392.0 51389.5    111    2.622   0      0.000    2.622
65216.0 67200.0  0.0   42595.0 7554112.0 3226387.5 15379136.0 1562853.0  51392.0 51389.5    111    2.622   0      0.000    2.622
65216.0 67200.0  0.0   42595.0 7554112.0 3426404.4 15379136.0 1562853.0  51392.0 51389.5    111    2.622   0      0.000    2.622
65216.0 67200.0  0.0   42595.0 7554112.0 3644521.2 15379136.0 1562853.0  51392.0 51389.5    111    2.622   0      0.000    2.622
65216.0 67200.0  0.0   42595.0 7554112.0 3881013.8 15379136.0 1562853.0  51392.0 51389.5    111    2.622   0      0.000    2.622
65216.0 67200.0  0.0   42595.0 7554112.0 4146324.1 15379136.0 1562853.0  51392.0 51389.5    111    2.622   0      0.000    2.622
65216.0 67200.0  0.0   42595.0 7554112.0 4413357.5 15379136.0 1562853.0  51392.0 51389.7    111    2.622   0      0.000    2.622
65216.0 67200.0  0.0   42595.0 7554112.0 4717372.8 15379136.0 1562853.0  51392.0 51389.7    111    2.622   0      0.000    2.622
65216.0 67200.0  0.0   42595.0 7554112.0 4973509.4 15379136.0 1562853.0  51392.0 51389.7    111    2.622   0      0.000    2.622
65216.0 67200.0  0.0   42595.0 7554112.0 5298289.9 15379136.0 1562853.0  51392.0 51389.7    111    2.622   0      0.000    2.622
65216.0 67200.0  0.0   42595.0 7554112.0 5618609.7 15379136.0 1562853.0  51392.0 51390.0    111    2.622   0      0.000    2.622
65216.0 67200.0  0.0   42595.0 7554112.0 5959908.5 15379136.0 1562853.0  51392.0 51390.0    111    2.622   0      0.000    2.622
65216.0 67200.0  0.0   42595.0 7554112.0 6322591.0 15379136.0 1562853.0  51392.0 51390.2    111    2.622   0      0.000    2.622
65216.0 67200.0  0.0   42595.0 7554112.0 6626029.1 15379136.0 1562853.0  51392.0 51390.4    111    2.622   0      0.000    2.622
65216.0 67200.0  0.0   42595.0 7554112.0 6924140.6 15379136.0 1562853.0  51392.0 51390.4    111    2.622   0      0.000    2.622
65216.0 67200.0  0.0   42595.0 7554112.0 7153109.5 15379136.0 1562853.0  51392.0 51390.4    111    2.622   0      0.000    2.622
65216.0 67200.0  0.0   42595.0 7554112.0 7413026.1 15379136.0 1562853.0  51392.0 51390.4    111    2.622   0      0.000    2.622
65216.0 67584.0 17990.6  0.0   7554368.0 185788.0 15379136.0 1562954.5  51392.0 51390.4    112    2.633   0      0.000    2.633
65216.0 67584.0 17990.6  0.0   7554368.0 612472.7 15379136.0 1562954.5  51392.0 51390.4    112    2.633   0      0.000    2.633
65216.0 67584.0 17990.6  0.0   7554368.0 1054942.2 15379136.0 1562954.5  51392.0 51390.6    112    2.633   0      0.000    2.633
65216.0 67584.0 17990.6  0.0   7554368.0 1530520.7 15379136.0 1562954.5  51392.0 51390.6    112    2.633   0      0.000    2.633
65216.0 67584.0 17990.6  0.0   7554368.0 2007148.4 15379136.0 1562954.5  51392.0 51390.6    112    2.633   0      0.000    2.633
65216.0 67584.0 17990.6  0.0   7554368.0 2343283.8 15379136.0 1562954.5  51392.0 51390.6    112    2.633   0      0.000    2.633
65216.0 67584.0 17990.6  0.0   7554368.0 2513430.7 15379136.0 1562954.5  51392.0 51390.6    112    2.633   0      0.000    2.633
65216.0 67584.0 17990.6  0.0   7554368.0 2517229.0 15379136.0 1562954.5  51392.0 51390.6    112    2.633   0      0.000    2.633
65216.0 67584.0 17990.6  0.0   7554368.0 2517276.1 15379136.0 1562954.5  51392.0 51390.6    112    2.633   0      0.000    2.633
65216.0 67584.0 17990.6  0.0   7554368.0 2517294.8 15379136.0 1562954.5  51392.0 51390.6    112    2.633   0      0.000    2.633
65216.0 67584.0 17990.6  0.0   7554368.0 2517313.7 15379136.0 1562954.5  51392.0 51390.6    112    2.633   0      0.000    2.633
65216.0 67584.0 17990.6  0.0   7554368.0 2517335.6 15379136.0 1562954.5  51392.0 51390.6    112    2.633   0      0.000    2.633
65216.0 67584.0 17990.6  0.0   7554368.0 2517348.5 15379136.0 1562954.5  51392.0 51390.6    112    2.633   0      0.000    2.633
65216.0 67584.0 17990.6  0.0   7554368.0 2517390.2 15379136.0 1562954.5  51392.0 51390.6    112    2.633   0      0.000    2.633
65216.0 67584.0 17990.6  0.0   7554368.0 2517408.9 15379136.0 1562954.5  51392.0 51390.6    112    2.633   0      0.000    2.633
65216.0 67584.0 17990.6  0.0   7554368.0 2517431.0 15379136.0 1562954.5  51392.0 51390.6    112    2.633   0      0.000    2.633
65216.0 67584.0 17990.6  0.0   7554368.0 2517466.0 15379136.0 1562954.5  51392.0 51390.6    112    2.633   0      0.000    2.633
65216.0 67584.0 17990.6  0.0   7554368.0 2690147.2 15379136.0 1562954.5  51584.0 51416.8    112    2.633   0      0.000    2.633
