 S0C    S1C    S0U    S1U      EC       EU        OC         OU       PC     PU    YGC     YGCT    FGC    FGCT     GCT   
961152.0 961152.0  0.0    0.0   5767232.0 115344.7 15379136.0    0.0     21248.0 5696.4      0    0.000   0      0.000    0.000
961152.0 961152.0  0.0    0.0   5767232.0 230689.5 15379136.0    0.0     21248.0 15578.4      0    0.000   0      0.000    0.000
961152.0 961152.0  0.0    0.0   5767232.0 3691483.9 15379136.0    0.0     29504.0 29451.6      0    0.000   0      0.000    0.000
961152.0 961152.0  0.0    0.0   5767232.0 4037518.0 15379136.0    0.0     33920.0 33857.6      0    0.000   0      0.000    0.000
961152.0 961152.0  0.0    0.0   5767232.0 4037518.0 15379136.0    0.0     33920.0 33857.8      0    0.000   0      0.000    0.000
961152.0 961152.0  0.0    0.0   5767232.0 5537351.0 15379136.0    0.0     36608.0 36526.4      0    0.000   0      0.000    0.000
961152.0 961152.0  0.0    0.0   5767232.0 5652695.7 15379136.0    0.0     40064.0 39603.1      0    0.000   0      0.000    0.000
961152.0 961152.0  0.0   101967.2 5767232.0 1175681.6 15379136.0    0.0     47936.0 47806.0      1    0.069   0      0.000    0.069
961152.0 961152.0  0.0   101967.2 5767232.0 2019787.7 15379136.0    0.0     48896.0 48796.8      1    0.069   0      0.000    0.069
961152.0 961152.0  0.0   101967.2 5767232.0 4503562.3 15379136.0    0.0     50240.0 50088.6      1    0.069   0      0.000    0.069
961152.0 961152.0 123359.9  0.0   5767232.0 679138.1 15379136.0    0.0     50240.0 50119.0      2    0.116   0      0.000    0.116
961152.0 961152.0 123359.9  0.0   5767232.0 1409456.2 15379136.0    0.0     50240.0 50167.2      2    0.116   0      0.000    0.116
961152.0 961152.0 123359.9  0.0   5767232.0 3336618.2 15379136.0    0.0     50432.0 50376.5      2    0.116   0      0.000    0.116
961152.0 961152.0 123359.9  0.0   5767232.0 5170575.9 15379136.0    0.0     50624.0 50478.9      2    0.116   0      0.000    0.116
961152.0 961152.0  0.0   99453.4 5767232.0 1612179.1 15379136.0    0.0     50624.0 50485.6      3    0.155   0      0.000    0.155
961152.0 961152.0  0.0   99453.4 5767232.0 3517398.5 15379136.0    0.0     50624.0 50487.5      3    0.155   0      0.000    0.155
961152.0 961152.0  0.0   99453.4 5767232.0 5550439.9 15379136.0    0.0     50624.0 50501.7      3    0.155   0      0.000    0.155
961152.0 961152.0 99558.4  0.0   5767232.0 1873818.6 15379136.0    0.0     50624.0 50504.7      4    0.195   0      0.000    0.195
961152.0 961152.0 99558.4  0.0   5767232.0 4008676.3 15379136.0    0.0     50624.0 50509.7      4    0.195   0      0.000    0.195
123968.0 961152.0  0.0   98453.7 5767232.0 305112.4 15379136.0    0.0     50624.0 50510.0      5    0.234   0      0.000    0.234
123968.0 961152.0  0.0   98453.7 5767232.0 2049132.0 15379136.0    0.0     50624.0 50510.2      5    0.234   0      0.000    0.234
123968.0 961152.0  0.0   98453.7 5767232.0 3882136.4 15379136.0    0.0     50624.0 50510.2      5    0.234   0      0.000    0.234
123968.0 961152.0  0.0   98453.7 5767232.0 5767232.0 15379136.0   3332.8   50624.0 50510.5      6    0.280   0      0.000    0.280
123968.0 133632.0 123946.3  0.0   7422272.0 1319579.6 15379136.0   3332.8   50624.0 50550.0      6    0.280   0      0.000    0.280
123968.0 133632.0 123946.3  0.0   7422272.0 3105351.2 15379136.0   3332.8   50624.0 50550.3      6    0.280   0      0.000    0.280
123968.0 133632.0 123946.3  0.0   7422272.0 4984070.5 15379136.0   3332.8   50624.0 50551.1      6    0.280   0      0.000    0.280
123968.0 133632.0 123946.3  0.0   7422272.0 6694987.2 15379136.0   3332.8   50816.0 50761.8      6    0.280   0      0.000    0.280
145856.0 37056.0  0.0   37016.2 7422272.0 1239022.1 15379136.0  73624.1   50816.0 50808.2      7    0.326   0      0.000    0.326
145856.0 37056.0  0.0   37016.2 7422272.0 3133414.6 15379136.0  73624.1   50816.0 50813.4      7    0.326   0      0.000    0.326
145856.0 37056.0  0.0   37016.2 7422272.0 4888326.3 15379136.0  73624.1   51008.0 50817.2      7    0.326   0      0.000    0.326
145856.0 37056.0  0.0   37016.2 7422272.0 6839331.2 15379136.0  73624.1   51008.0 50823.1      7    0.326   0      0.000    0.326
145856.0 152896.0 33168.8  0.0   7383744.0 1511421.5 15379136.0  90281.8   51008.0 50824.1      8    0.349   0      0.000    0.349
145856.0 152896.0 33168.8  0.0   7383744.0 3497589.3 15379136.0  90281.8   51008.0 50829.2      8    0.349   0      0.000    0.349
145856.0 152896.0 33168.8  0.0   7383744.0 5422836.0 15379136.0  90281.8   51008.0 50863.2      8    0.349   0      0.000    0.349
145856.0 152896.0 33168.8  0.0   7383744.0 7241776.5 15379136.0  90281.8   51008.0 50866.7      8    0.349   0      0.000    0.349
153536.0 49856.0  0.0   49846.8 7383744.0 1748258.4 15379136.0  90345.8   51008.0 50889.4      9    0.371   0      0.000    0.371
153536.0 49856.0  0.0   49846.8 7383744.0 3688742.7 15379136.0  90345.8   51008.0 50889.6      9    0.371   0      0.000    0.371
153536.0 49856.0  0.0   49846.8 7383744.0 5359399.9 15379136.0  90345.8   51008.0 50891.7      9    0.371   0      0.000    0.371
153536.0 153472.0 46422.2  0.0   7382528.0 217690.9 15379136.0  95186.0   51008.0 50892.1     10    0.391   0      0.000    0.391
153536.0 153472.0 46422.2  0.0   7382528.0 2179560.6 15379136.0  95186.0   51008.0 50896.5     10    0.391   0      0.000    0.391
153536.0 153472.0 46422.2  0.0   7382528.0 3789183.4 15379136.0  95186.0   51008.0 50899.3     10    0.391   0      0.000    0.391
153536.0 153472.0 46422.2  0.0   7382528.0 5776099.3 15379136.0  95186.0   51008.0 50899.7     10    0.391   0      0.000    0.391
154560.0 33536.0  0.0   33500.2 7382528.0 270067.0 15379136.0  110560.9  51008.0 50899.7     11    0.412   0      0.000    0.412
154560.0 33536.0  0.0   33500.2 7382528.0 1985562.2 15379136.0  110560.9  51008.0 50901.7     11    0.412   0      0.000    0.412
154560.0 33536.0  0.0   33500.2 7382528.0 3904115.5 15379136.0  110560.9  51008.0 50906.1     11    0.412   0      0.000    0.412
154560.0 33536.0  0.0   33500.2 7382528.0 5887597.6 15379136.0  110560.9  51008.0 50906.1     11    0.412   0      0.000    0.412
154560.0 151744.0 48243.6  0.0   7383232.0 758181.7 15379136.0  115482.2  51008.0 50906.1     12    0.432   0      0.000    0.432
154560.0 151744.0 48243.6  0.0   7383232.0 2535201.8 15379136.0  115482.2  51008.0 50907.2     12    0.432   0      0.000    0.432
154560.0 151744.0 48243.6  0.0   7383232.0 4474809.8 15379136.0  115482.2  51008.0 50908.0     12    0.432   0      0.000    0.432
154560.0 151744.0 48243.6  0.0   7383232.0 6483138.1 15379136.0  115482.2  51008.0 50913.7     12    0.432   0      0.000    0.432
150400.0 151744.0  0.0   36678.5 7383232.0 1277610.7 15379136.0  125264.1  51008.0 50914.7     13    0.451   0      0.000    0.451
150400.0 151744.0  0.0   36678.5 7383232.0 3172485.8 15379136.0  125264.1  51008.0 50917.6     13    0.451   0      0.000    0.451
150400.0 151744.0  0.0   36678.5 7383232.0 5012816.4 15379136.0  125264.1  51008.0 50918.6     13    0.451   0      0.000    0.451
150400.0 151744.0  0.0   36678.5 7383232.0 6833476.3 15379136.0  125264.1  51008.0 50919.4     13    0.451   0      0.000    0.451
150400.0 146560.0 46118.4  0.0   7392576.0 1284764.8 15379136.0  130128.1  51008.0 50924.3     14    0.469   0      0.000    0.469
150400.0 146560.0 46118.4  0.0   7392576.0 2963868.1 15379136.0  130128.1  51008.0 50924.3     14    0.469   0      0.000    0.469
150400.0 146560.0 46118.4  0.0   7392576.0 4979280.7 15379136.0  130128.1  51008.0 50925.0     14    0.469   0      0.000    0.469
150400.0 146560.0 46118.4  0.0   7392576.0 7102107.5 15379136.0  130128.1  51008.0 50926.2     14    0.469   0      0.000    0.469
144832.0 146560.0  0.0   32056.7 7392576.0 1608445.9 15379136.0  135119.8  51008.0 50926.7     15    0.482   0      0.000    0.482
144832.0 146560.0  0.0   32056.7 7392576.0 3948868.3 15379136.0  135119.8  51008.0 50941.6     15    0.482   0      0.000    0.482
144832.0 146560.0  0.0   32056.7 7392576.0 6070654.1 15379136.0  135119.8  51008.0 50942.0     15    0.482   0      0.000    0.482
144832.0 141056.0 39466.7  0.0   7403648.0 748883.3 15379136.0  138381.3  51008.0 50943.2     16    0.498   0      0.000    0.498
144832.0 141056.0 39466.7  0.0   7403648.0 2846880.6 15379136.0  138381.3  51008.0 50947.1     16    0.498   0      0.000    0.498
144832.0 141056.0 39466.7  0.0   7403648.0 4813130.7 15379136.0  138381.3  51008.0 50947.1     16    0.498   0      0.000    0.498
144832.0 141056.0 39466.7  0.0   7403648.0 6737849.9 15379136.0  138381.3  51008.0 50948.0     16    0.498   0      0.000    0.498
137536.0 141056.0  0.0   36401.0 7403648.0 1101380.9 15379136.0  146613.7  51008.0 50957.7     17    0.514   0      0.000    0.514
137536.0 141056.0  0.0   36401.0 7403648.0 3019395.5 15379136.0  146613.7  51008.0 50958.6     17    0.514   0      0.000    0.514
137536.0 141056.0  0.0   36401.0 7403648.0 4705662.2 15379136.0  146613.7  51008.0 50959.3     17    0.514   0      0.000    0.514
137536.0 141056.0  0.0   36401.0 7403648.0 6282153.5 15379136.0  146613.7  51008.0 50959.3     17    0.514   0      0.000    0.514
137536.0 131584.0 48324.9  0.0   7420416.0 563001.9 15379136.0  154603.0  51008.0 50961.6     18    0.535   0      0.000    0.535
137536.0 131584.0 48324.9  0.0   7420416.0 2383293.8 15379136.0  154603.0  51008.0 50962.3     18    0.535   0      0.000    0.535
137536.0 131584.0 48324.9  0.0   7420416.0 3720861.6 15379136.0  154603.0  51008.0 50962.3     18    0.535   0      0.000    0.535
137536.0 131584.0 48324.9  0.0   7420416.0 5037174.4 15379136.0  154603.0  51008.0 50962.7     18    0.535   0      0.000    0.535
137536.0 131584.0 48324.9  0.0   7420416.0 6499566.5 15379136.0  154603.0  51008.0 50962.9     18    0.535   0      0.000    0.535
126848.0 131584.0  0.0   43213.9 7420416.0 707894.7 15379136.0  169384.3  51008.0 50962.9     19    0.556   0      0.000    0.556
126848.0 131584.0  0.0   43213.9 7420416.0 2261814.5 15379136.0  169384.3  51008.0 50966.6     19    0.556   0      0.000    0.556
126848.0 131584.0  0.0   43213.9 7420416.0 4005257.4 15379136.0  169384.3  51008.0 50966.6     19    0.556   0      0.000    0.556
126848.0 131584.0  0.0   43213.9 7420416.0 4265556.1 15379136.0  169384.3  51008.0 50968.2     19    0.556   0      0.000    0.556
126848.0 131584.0  0.0   43213.9 7420416.0 5376407.2 15379136.0  169384.3  51008.0 50968.2     19    0.556   0      0.000    0.556
126848.0 131584.0  0.0   43213.9 7420416.0 7238703.2 15379136.0  169384.3  51008.0 50968.2     19    0.556   0      0.000    0.556
126848.0 124224.0 30804.5  0.0   7438464.0 1611033.6 15379136.0  186518.8  51008.0 50968.9     20    0.573   0      0.000    0.573
126848.0 124224.0 30804.5  0.0   7438464.0 3350141.3 15379136.0  186518.8  51008.0 50969.5     20    0.573   0      0.000    0.573
126848.0 124224.0 30804.5  0.0   7438464.0 5145378.9 15379136.0  186518.8  51008.0 50970.2     20    0.573   0      0.000    0.573
126848.0 124224.0 30804.5  0.0   7438464.0 6568656.4 15379136.0  186518.8  51008.0 50971.2     20    0.573   0      0.000    0.573
118848.0 124224.0  0.0   44846.7 7438464.0 842552.8 15379136.0  192087.6  51008.0 50971.2     21    0.592   0      0.000    0.592
118848.0 124224.0  0.0   44846.7 7438464.0 2388707.0 15379136.0  192087.6  51008.0 50971.2     21    0.592   0      0.000    0.592
118848.0 124224.0  0.0   44846.7 7438464.0 3757462.6 15379136.0  192087.6  51008.0 50972.7     21    0.592   0      0.000    0.592
118848.0 124224.0  0.0   44846.7 7438464.0 5196928.0 15379136.0  192087.6  51008.0 50973.2     21    0.592   0      0.000    0.592
118848.0 124224.0  0.0   44846.7 7438464.0 6980838.9 15379136.0  192087.6  51008.0 50973.2     21    0.592   0      0.000    0.592
118848.0 112832.0 49889.2  0.0   7457856.0 1091698.0 15379136.0  200855.3  51008.0 50973.2     22    0.614   0      0.000    0.614
118848.0 112832.0 49889.2  0.0   7457856.0 2601285.3 15379136.0  200855.3  51008.0 50973.2     22    0.614   0      0.000    0.614
118848.0 112832.0 49889.2  0.0   7457856.0 4544493.1 15379136.0  200855.3  51008.0 50973.2     22    0.614   0      0.000    0.614
118848.0 112832.0 49889.2  0.0   7457856.0 6090154.3 15379136.0  200855.3  51008.0 50973.4     22    0.614   0      0.000    0.614
106944.0 112832.0  0.0   52466.6 7457856.0 405900.3 15379136.0  210917.8  51008.0 50973.4     23    0.636   0      0.000    0.636
106944.0 112832.0  0.0   52466.6 7457856.0 2083696.6 15379136.0  210917.8  51008.0 50973.4     23    0.636   0      0.000    0.636
106944.0 112832.0  0.0   52466.6 7457856.0 2707496.3 15379136.0  210917.8  51008.0 50973.4     23    0.636   0      0.000    0.636
106944.0 112832.0  0.0   52466.6 7457856.0 4063139.8 15379136.0  210917.8  51008.0 50973.4     23    0.636   0      0.000    0.636
106944.0 112832.0  0.0   52466.6 7457856.0 5203704.4 15379136.0  210917.8  51008.0 50973.7     23    0.636   0      0.000    0.636
106944.0 112832.0  0.0   52466.6 7457856.0 6666281.6 15379136.0  210917.8  51008.0 50973.8     23    0.636   0      0.000    0.636
106944.0 112832.0  0.0   52466.6 7457856.0 6998684.2 15379136.0  210917.8  51008.0 50974.5     23    0.636   0      0.000    0.636
106944.0 101952.0 53949.9  0.0   7480640.0 88021.6  15379136.0  217021.5  51008.0 50974.5     24    0.657   0      0.000    0.657
106944.0 101952.0 53949.9  0.0   7480640.0 1650006.7 15379136.0  217021.5  51008.0 50974.5     24    0.657   0      0.000    0.657
106944.0 101952.0 53949.9  0.0   7480640.0 2236442.5 15379136.0  217021.5  51008.0 50974.8     24    0.657   0      0.000    0.657
106944.0 101952.0 53949.9  0.0   7480640.0 3571278.0 15379136.0  217021.5  51008.0 50975.2     24    0.657   0      0.000    0.657
106944.0 101952.0 53949.9  0.0   7480640.0 5333386.8 15379136.0  217021.5  51008.0 50975.6     24    0.657   0      0.000    0.657
97728.0 101952.0  0.0   48847.6 7480640.0 210545.0 15379136.0  223983.0  51008.0 50975.8     25    0.678   0      0.000    0.678
97728.0 101952.0  0.0   48847.6 7480640.0 2071377.6 15379136.0  223983.0  51008.0 50975.8     25    0.678   0      0.000    0.678
97728.0 101952.0  0.0   48847.6 7480640.0 2909620.9 15379136.0  223983.0  51008.0 50975.8     25    0.678   0      0.000    0.678
97728.0 101952.0  0.0   48847.6 7480640.0 3929111.7 15379136.0  223983.0  51008.0 50975.8     25    0.678   0      0.000    0.678
97728.0 101952.0  0.0   48847.6 7480640.0 3929119.9 15379136.0  223983.0  51008.0 50975.8     25    0.678   0      0.000    0.678
97728.0 101952.0  0.0   48847.6 7480640.0 4509748.4 15379136.0  223983.0  51008.0 50975.8     25    0.678   0      0.000    0.678
97728.0 101952.0  0.0   48847.6 7480640.0 4586770.7 15379136.0  223983.0  51008.0 50975.8     25    0.678   0      0.000    0.678
97728.0 101952.0  0.0   48847.6 7480640.0 5203374.1 15379136.0  223983.0  51008.0 50975.8     25    0.678   0      0.000    0.678
97728.0 101952.0  0.0   48847.6 7480640.0 5216294.3 15379136.0  223983.0  51008.0 50975.8     25    0.678   0      0.000    0.678
97728.0 101952.0  0.0   48847.6 7480640.0 6135508.4 15379136.0  223983.0  51008.0 50976.0     25    0.678   0      0.000    0.678
97728.0 101952.0  0.0   48847.6 7480640.0 7395192.6 15379136.0  223983.0  51008.0 50976.0     25    0.678   0      0.000    0.678
97728.0 93632.0 50322.5  0.0   7498176.0 257505.7 15379136.0  226644.7  51008.0 50976.0     26    0.697   0      0.000    0.697
97728.0 93632.0 50322.5  0.0   7498176.0 1250650.4 15379136.0  226644.7  51008.0 50976.0     26    0.697   0      0.000    0.697
97728.0 93632.0 50322.5  0.0   7498176.0 1739584.0 15379136.0  226644.7  51008.0 50976.2     26    0.697   0      0.000    0.697
97728.0 93632.0 50322.5  0.0   7498176.0 2347592.3 15379136.0  226644.7  51008.0 50977.6     26    0.697   0      0.000    0.697
97728.0 93632.0 50322.5  0.0   7498176.0 3007673.6 15379136.0  226644.7  51008.0 50977.6     26    0.697   0      0.000    0.697
97728.0 93632.0 50322.5  0.0   7498176.0 3453199.6 15379136.0  226644.7  51008.0 50978.2     26    0.697   0      0.000    0.697
97728.0 93632.0 50322.5  0.0   7498176.0 4995551.1 15379136.0  226644.7  51008.0 50978.4     26    0.697   0      0.000    0.697
97728.0 93632.0 50322.5  0.0   7498176.0 5674475.5 15379136.0  226644.7  51008.0 50981.6     26    0.697   0      0.000    0.697
97728.0 93632.0 50322.5  0.0   7498176.0 6279231.2 15379136.0  226644.7  51008.0 50982.2     26    0.697   0      0.000    0.697
97728.0 93632.0 50322.5  0.0   7498176.0 6928562.0 15379136.0  226644.7  51008.0 50982.8     26    0.697   0      0.000    0.697
97728.0 93632.0 50322.5  0.0   7498176.0 7341120.7 15379136.0  226644.7  51008.0 50982.8     26    0.697   0      0.000    0.697
89728.0 93632.0  0.0   51041.1 7498176.0 902937.2 15379136.0  229398.7  51008.0 50985.5     27    0.718   0      0.000    0.718
89728.0 93632.0  0.0   51041.1 7498176.0 1593645.2 15379136.0  229398.7  51008.0 50985.7     27    0.718   0      0.000    0.718
89728.0 93632.0  0.0   51041.1 7498176.0 2705640.2 15379136.0  229398.7  51008.0 50985.9     27    0.718   0      0.000    0.718
89728.0 93632.0  0.0   51041.1 7498176.0 2868469.2 15379136.0  229398.7  51008.0 50987.5     27    0.718   0      0.000    0.718
89728.0 93632.0  0.0   51041.1 7498176.0 2869331.1 15379136.0  229398.7  51008.0 50988.2     27    0.718   0      0.000    0.718
89728.0 93632.0  0.0   51041.1 7498176.0 2869364.8 15379136.0  229398.7  51008.0 50988.6     27    0.718   0      0.000    0.718
89728.0 93632.0  0.0   51041.1 7498176.0 3473193.6 15379136.0  229398.7  51008.0 50988.8     27    0.718   0      0.000    0.718
89728.0 93632.0  0.0   51041.1 7498176.0 4289735.8 15379136.0  229398.7  51008.0 50989.9     27    0.718   0      0.000    0.718
89728.0 93632.0  0.0   51041.1 7498176.0 6066865.0 15379136.0  229398.7  51008.0 50990.1     27    0.718   0      0.000    0.718
89728.0 93632.0  0.0   51041.1 7498176.0 6757466.1 15379136.0  229398.7  51008.0 50990.6     27    0.718   0      0.000    0.718
89728.0 93632.0  0.0   51041.1 7498176.0 7253976.2 15379136.0  229398.7  51008.0 50991.0     27    0.718   0      0.000    0.718
89728.0 87744.0 57019.6  0.0   7512064.0 577553.9 15379136.0  233717.0  51008.0 50991.0     28    0.740   0      0.000    0.740
89728.0 87744.0 57019.6  0.0   7512064.0 784816.3 15379136.0  233717.0  51008.0 50992.6     28    0.740   0      0.000    0.740
89728.0 87744.0 57019.6  0.0   7512064.0 1051418.3 15379136.0  233717.0  51008.0 50992.9     28    0.740   0      0.000    0.740
89728.0 87744.0 57019.6  0.0   7512064.0 1844863.5 15379136.0  233717.0  51008.0 50993.2     28    0.740   0      0.000    0.740
89728.0 87744.0 57019.6  0.0   7512064.0 3441463.5 15379136.0  233717.0  51008.0 50993.8     28    0.740   0      0.000    0.740
89728.0 87744.0 57019.6  0.0   7512064.0 4352753.1 15379136.0  233717.0  51008.0 50994.5     28    0.740   0      0.000    0.740
89728.0 87744.0 57019.6  0.0   7512064.0 5078075.7 15379136.0  233717.0  51008.0 50995.0     28    0.740   0      0.000    0.740
89728.0 87744.0 57019.6  0.0   7512064.0 5962645.6 15379136.0  233717.0  51008.0 50998.3     28    0.740   0      0.000    0.740
89728.0 87744.0 57019.6  0.0   7512064.0 7139926.3 15379136.0  233717.0  51008.0 51001.0     28    0.740   0      0.000    0.740
84736.0 87744.0  0.0   49656.5 7512064.0 330580.5 15379136.0  240329.1  51008.0 51001.6     29    0.761   0      0.000    0.761
84736.0 87744.0  0.0   49656.5 7512064.0 992176.3 15379136.0  240329.1  51008.0 51003.1     29    0.761   0      0.000    0.761
84736.0 87744.0  0.0   49656.5 7512064.0 1729716.1 15379136.0  240329.1  51008.0 51006.8     29    0.761   0      0.000    0.761
84736.0 87744.0  0.0   49656.5 7512064.0 2514738.3 15379136.0  240329.1  51008.0 51006.8     29    0.761   0      0.000    0.761
84736.0 87744.0  0.0   49656.5 7512064.0 3341159.7 15379136.0  240329.1  51008.0 51007.1     29    0.761   0      0.000    0.761
84736.0 87744.0  0.0   49656.5 7512064.0 4128398.3 15379136.0  240329.1  51008.0 51007.1     29    0.761   0      0.000    0.761
84736.0 87744.0  0.0   49656.5 7512064.0 5137021.0 15379136.0  240329.1  51008.0 51007.8     29    0.761   0      0.000    0.761
84736.0 87744.0  0.0   49656.5 7512064.0 6137373.1 15379136.0  240329.1  51200.0 51008.4     29    0.761   0      0.000    0.761
84736.0 87744.0  0.0   49656.5 7512064.0 6517262.3 15379136.0  240329.1  51200.0 51008.4     29    0.761   0      0.000    0.761
84736.0 87744.0  0.0   49656.5 7512064.0 7086046.4 15379136.0  240329.1  51200.0 51009.6     29    0.761   0      0.000    0.761
84736.0 85120.0 62071.7  0.0   7519296.0 245762.2 15379136.0  244330.5  51200.0 51009.6     30    0.784   0      0.000    0.784
84736.0 85120.0 62071.7  0.0   7519296.0 771249.5 15379136.0  244330.5  51200.0 51009.6     30    0.784   0      0.000    0.784
84736.0 85120.0 62071.7  0.0   7519296.0 1265448.5 15379136.0  244330.5  51200.0 51009.6     30    0.784   0      0.000    0.784
84736.0 85120.0 62071.7  0.0   7519296.0 1865700.3 15379136.0  244330.5  51200.0 51009.6     30    0.784   0      0.000    0.784
84736.0 85120.0 62071.7  0.0   7519296.0 2170756.5 15379136.0  244330.5  51200.0 51009.9     30    0.784   0      0.000    0.784
84736.0 85120.0 62071.7  0.0   7519296.0 2755014.5 15379136.0  244330.5  51200.0 51009.9     30    0.784   0      0.000    0.784
84736.0 85120.0 62071.7  0.0   7519296.0 3224229.7 15379136.0  244330.5  51200.0 51010.1     30    0.784   0      0.000    0.784
84736.0 85120.0 62071.7  0.0   7519296.0 3680551.4 15379136.0  244330.5  51200.0 51010.5     30    0.784   0      0.000    0.784
84736.0 85120.0 62071.7  0.0   7519296.0 4095734.1 15379136.0  244330.5  51200.0 51011.7     30    0.784   0      0.000    0.784
84736.0 85120.0 62071.7  0.0   7519296.0 4408080.9 15379136.0  244330.5  51200.0 51013.0     30    0.784   0      0.000    0.784
84736.0 85120.0 62071.7  0.0   7519296.0 4910114.0 15379136.0  244330.5  51200.0 51013.6     30    0.784   0      0.000    0.784
84736.0 85120.0 62071.7  0.0   7519296.0 5688526.2 15379136.0  244330.5  51200.0 51013.6     30    0.784   0      0.000    0.784
84736.0 85120.0 62071.7  0.0   7519296.0 5996508.2 15379136.0  244330.5  51200.0 51015.1     30    0.784   0      0.000    0.784
84736.0 85120.0 62071.7  0.0   7519296.0 6240468.2 15379136.0  244330.5  51200.0 51015.4     30    0.784   0      0.000    0.784
84736.0 85120.0 62071.7  0.0   7519296.0 6334220.1 15379136.0  244330.5  51200.0 51015.4     30    0.784   0      0.000    0.784
84736.0 85120.0 62071.7  0.0   7519296.0 6574168.7 15379136.0  244330.5  51200.0 51015.4     30    0.784   0      0.000    0.784
84736.0 85120.0 62071.7  0.0   7519296.0 7089425.8 15379136.0  244330.5  51200.0 51016.9     30    0.784   0      0.000    0.784
83008.0 85120.0  0.0   56263.9 7519296.0 305438.5 15379136.0  249155.6  51200.0 51017.1     31    0.807   0      0.000    0.807
83008.0 85120.0  0.0   56263.9 7519296.0 1137535.1 15379136.0  249155.6  51200.0 51017.1     31    0.807   0      0.000    0.807
83008.0 85120.0  0.0   56263.9 7519296.0 1583735.2 15379136.0  249155.6  51200.0 51017.3     31    0.807   0      0.000    0.807
83008.0 85120.0  0.0   56263.9 7519296.0 2266364.6 15379136.0  249155.6  51200.0 51017.3     31    0.807   0      0.000    0.807
83008.0 85120.0  0.0   56263.9 7519296.0 2944313.3 15379136.0  249155.6  51200.0 51017.3     31    0.807   0      0.000    0.807
83008.0 85120.0  0.0   56263.9 7519296.0 3356099.4 15379136.0  249155.6  51200.0 51017.6     31    0.807   0      0.000    0.807
83008.0 85120.0  0.0   56263.9 7519296.0 4247686.0 15379136.0  249155.6  51200.0 51017.6     31    0.807   0      0.000    0.807
83008.0 85120.0  0.0   56263.9 7519296.0 4641558.9 15379136.0  249155.6  51200.0 51017.6     31    0.807   0      0.000    0.807
83008.0 85120.0  0.0   56263.9 7519296.0 5144201.6 15379136.0  249155.6  51200.0 51017.6     31    0.807   0      0.000    0.807
83008.0 85120.0  0.0   56263.9 7519296.0 5799171.1 15379136.0  249155.6  51200.0 51017.9     31    0.807   0      0.000    0.807
83008.0 85120.0  0.0   56263.9 7519296.0 6678205.6 15379136.0  249155.6  51200.0 51017.9     31    0.807   0      0.000    0.807
83008.0 80512.0 50939.7  0.0   7526016.0 43790.8  15379136.0  252102.1  51200.0 51018.9     32    0.827   0      0.000    0.827
83008.0 80512.0 50939.7  0.0   7526016.0 712547.5 15379136.0  252102.1  51200.0 51101.4     32    0.827   0      0.000    0.827
83008.0 80512.0 50939.7  0.0   7526016.0 1363313.8 15379136.0  252102.1  51200.0 51101.4     32    0.827   0      0.000    0.827
83008.0 80512.0 50939.7  0.0   7526016.0 1723695.6 15379136.0  252102.1  51200.0 51101.4     32    0.827   0      0.000    0.827
83008.0 80512.0 50939.7  0.0   7526016.0 2351056.9 15379136.0  252102.1  51200.0 51101.4     32    0.827   0      0.000    0.827
83008.0 80512.0 50939.7  0.0   7526016.0 3002571.4 15379136.0  252102.1  51200.0 51101.4     32    0.827   0      0.000    0.827
83008.0 80512.0 50939.7  0.0   7526016.0 3204352.2 15379136.0  252102.1  51200.0 51101.4     32    0.827   0      0.000    0.827
83008.0 80512.0 50939.7  0.0   7526016.0 3204371.9 15379136.0  252102.1  51200.0 51101.4     32    0.827   0      0.000    0.827
83008.0 80512.0 50939.7  0.0   7526016.0 3204550.0 15379136.0  252102.1  51200.0 51101.7     32    0.827   0      0.000    0.827
83008.0 80512.0 50939.7  0.0   7526016.0 3204653.2 15379136.0  252102.1  51200.0 51102.2     32    0.827   0      0.000    0.827
83008.0 80512.0 50939.7  0.0   7526016.0 3204672.9 15379136.0  252102.1  51200.0 51102.2     32    0.827   0      0.000    0.827
83008.0 80512.0 50939.7  0.0   7526016.0 3204695.2 15379136.0  252102.1  51200.0 51102.2     32    0.827   0      0.000    0.827
83008.0 80512.0 50939.7  0.0   7526016.0 3594684.6 15379136.0  252102.1  51200.0 51102.2     32    0.827   0      0.000    0.827
83008.0 80512.0 50939.7  0.0   7526016.0 3923688.5 15379136.0  252102.1  51200.0 51102.2     32    0.827   0      0.000    0.827
83008.0 80512.0 50939.7  0.0   7526016.0 4351029.0 15379136.0  252102.1  51200.0 51102.2     32    0.827   0      0.000    0.827
83008.0 80512.0 50939.7  0.0   7526016.0 5029800.6 15379136.0  252102.1  51200.0 51102.2     32    0.827   0      0.000    0.827
83008.0 80512.0 50939.7  0.0   7526016.0 5778502.8 15379136.0  252102.1  51200.0 51103.0     32    0.827   0      0.000    0.827
83008.0 80512.0 50939.7  0.0   7526016.0 5966545.2 15379136.0  252102.1  51200.0 51103.0     32    0.827   0      0.000    0.827
83008.0 80512.0 50939.7  0.0   7526016.0 6503233.5 15379136.0  252102.1  51200.0 51103.0     32    0.827   0      0.000    0.827
83008.0 80512.0 50939.7  0.0   7526016.0 6679996.8 15379136.0  252102.1  51200.0 51103.0     32    0.827   0      0.000    0.827
83008.0 80512.0 50939.7  0.0   7526016.0 6965994.1 15379136.0  252102.1  51200.0 51103.0     32    0.827   0      0.000    0.827
83008.0 80512.0 50939.7  0.0   7526016.0 7390570.8 15379136.0  252102.1  51200.0 51103.0     32    0.827   0      0.000    0.827
78208.0 80512.0  0.0   51232.9 7526016.0 211499.6 15379136.0  257137.8  51200.0 51103.2     33    0.850   0      0.000    0.850
78208.0 80512.0  0.0   51232.9 7526016.0 776122.6 15379136.0  257137.8  51200.0 51103.2     33    0.850   0      0.000    0.850
78208.0 80512.0  0.0   51232.9 7526016.0 1719423.8 15379136.0  257137.8  51200.0 51103.2     33    0.850   0      0.000    0.850
78208.0 80512.0  0.0   51232.9 7526016.0 2870103.8 15379136.0  257137.8  51200.0 51104.6     33    0.850   0      0.000    0.850
78208.0 80512.0  0.0   51232.9 7526016.0 3608160.9 15379136.0  257137.8  51200.0 51104.6     33    0.850   0      0.000    0.850
78208.0 80512.0  0.0   51232.9 7526016.0 4262679.6 15379136.0  257137.8  51200.0 51104.6     33    0.850   0      0.000    0.850
78208.0 80512.0  0.0   51232.9 7526016.0 5110059.6 15379136.0  257137.8  51200.0 51104.6     33    0.850   0      0.000    0.850
78208.0 80512.0  0.0   51232.9 7526016.0 6377532.5 15379136.0  257137.8  51200.0 51105.3     33    0.850   0      0.000    0.850
78208.0 80512.0  0.0   51232.9 7526016.0 7426964.8 15379136.0  257137.8  51200.0 51105.3     33    0.850   0      0.000    0.850
78208.0 76032.0 51273.1  0.0   7535296.0 1260288.2 15379136.0  266318.0  51200.0 51105.3     34    0.874   0      0.000    0.874
78208.0 76032.0 51273.1  0.0   7535296.0 2687660.9 15379136.0  266318.0  51200.0 51105.4     34    0.874   0      0.000    0.874
78208.0 76032.0 51273.1  0.0   7535296.0 3416897.9 15379136.0  266318.0  51200.0 51105.6     34    0.874   0      0.000    0.874
78208.0 76032.0 51273.1  0.0   7535296.0 4214722.3 15379136.0  266318.0  51200.0 51105.6     34    0.874   0      0.000    0.874
78208.0 76032.0 51273.1  0.0   7535296.0 5248857.7 15379136.0  266318.0  51200.0 51105.6     34    0.874   0      0.000    0.874
78208.0 76032.0 51273.1  0.0   7535296.0 5958726.8 15379136.0  266318.0  51200.0 51105.6     34    0.874   0      0.000    0.874
78208.0 76032.0 51273.1  0.0   7535296.0 6447436.2 15379136.0  266318.0  51200.0 51105.6     34    0.874   0      0.000    0.874
78208.0 76032.0 51273.1  0.0   7535296.0 7277715.5 15379136.0  266318.0  51200.0 51105.6     34    0.874   0      0.000    0.874
76096.0 76032.0  0.0   39113.0 7535296.0 182156.6 15379136.0  273068.8  51200.0 51105.6     35    0.890   0      0.000    0.890
76096.0 76032.0  0.0   39113.0 7535296.0 1056334.8 15379136.0  273068.8  51200.0 51105.6     35    0.890   0      0.000    0.890
76096.0 76032.0  0.0   39113.0 7535296.0 2431142.5 15379136.0  273068.8  51200.0 51105.6     35    0.890   0      0.000    0.890
76096.0 76032.0  0.0   39113.0 7535296.0 3582317.1 15379136.0  273068.8  51200.0 51105.6     35    0.890   0      0.000    0.890
76096.0 76032.0  0.0   39113.0 7535296.0 5237022.7 15379136.0  273068.8  51200.0 51105.6     35    0.890   0      0.000    0.890
76096.0 76032.0  0.0   39113.0 7535296.0 6188417.1 15379136.0  273068.8  51200.0 51105.6     35    0.890   0      0.000    0.890
76096.0 76032.0  0.0   39113.0 7535296.0 6813067.3 15379136.0  273068.8  51200.0 51105.6     35    0.890   0      0.000    0.890
76096.0 74752.0 54589.3  0.0   7538688.0 357693.3 15379136.0  279172.8  51200.0 51105.6     36    0.912   0      0.000    0.912
76096.0 74752.0 54589.3  0.0   7538688.0 1499743.0 15379136.0  279172.8  51200.0 51105.6     36    0.912   0      0.000    0.912
76096.0 74752.0 54589.3  0.0   7538688.0 1999429.1 15379136.0  279172.8  51200.0 51105.6     36    0.912   0      0.000    0.912
76096.0 74752.0 54589.3  0.0   7538688.0 3164894.7 15379136.0  279172.8  51200.0 51105.6     36    0.912   0      0.000    0.912
76096.0 74752.0 54589.3  0.0   7538688.0 4346054.5 15379136.0  279172.8  51200.0 51105.6     36    0.912   0      0.000    0.912
76096.0 74752.0 54589.3  0.0   7538688.0 4589307.4 15379136.0  279172.8  51200.0 51105.6     36    0.912   0      0.000    0.912
76096.0 74752.0 54589.3  0.0   7538688.0 4995327.1 15379136.0  279172.8  51200.0 51105.6     36    0.912   0      0.000    0.912
76096.0 74752.0 54589.3  0.0   7538688.0 5648087.4 15379136.0  279172.8  51200.0 51105.6     36    0.912   0      0.000    0.912
76096.0 74752.0 54589.3  0.0   7538688.0 6366922.8 15379136.0  279172.8  51200.0 51105.6     36    0.912   0      0.000    0.912
76096.0 74752.0 54589.3  0.0   7538688.0 7506529.9 15379136.0  279172.8  51200.0 51105.6     36    0.912   0      0.000    0.912
73216.0 74752.0  0.0   47243.7 7538688.0 1015865.6 15379136.0  292077.3  51200.0 51105.6     37    0.934   0      0.000    0.934
73216.0 74752.0  0.0   47243.7 7538688.0 1660522.5 15379136.0  292077.3  51200.0 51105.6     37    0.934   0      0.000    0.934
73216.0 74752.0  0.0   47243.7 7538688.0 2462226.3 15379136.0  292077.3  51200.0 51106.5     37    0.934   0      0.000    0.934
73216.0 74752.0  0.0   47243.7 7538688.0 3179894.1 15379136.0  292077.3  51200.0 51107.2     37    0.934   0      0.000    0.934
73216.0 74752.0  0.0   47243.7 7538688.0 3843545.1 15379136.0  292077.3  51200.0 51107.2     37    0.934   0      0.000    0.934
73216.0 74752.0  0.0   47243.7 7538688.0 5298287.0 15379136.0  292077.3  51200.0 51110.2     37    0.934   0      0.000    0.934
73216.0 74752.0  0.0   47243.7 7538688.0 6529169.8 15379136.0  292077.3  51200.0 51110.2     37    0.934   0      0.000    0.934
73216.0 71616.0 48173.4  0.0   7544704.0   0.0    15379136.0  298967.8  51200.0 51110.2     38    0.954   0      0.000    0.954
73216.0 71616.0 48173.4  0.0   7544704.0 507901.2 15379136.0  298967.8  51200.0 51110.2     38    0.954   0      0.000    0.954
73216.0 71616.0 48173.4  0.0   7544704.0 1888510.6 15379136.0  298967.8  51200.0 51110.2     38    0.954   0      0.000    0.954
73216.0 71616.0 48173.4  0.0   7544704.0 2864753.8 15379136.0  298967.8  51200.0 51110.2     38    0.954   0      0.000    0.954
73216.0 71616.0 48173.4  0.0   7544704.0 4104567.2 15379136.0  298967.8  51200.0 51110.2     38    0.954   0      0.000    0.954
73216.0 71616.0 48173.4  0.0   7544704.0 4793141.5 15379136.0  298967.8  51200.0 51111.0     38    0.954   0      0.000    0.954
73216.0 71616.0 48173.4  0.0   7544704.0 5825575.4 15379136.0  298967.8  51200.0 51111.0     38    0.954   0      0.000    0.954
73216.0 71616.0 48173.4  0.0   7544704.0 6601755.5 15379136.0  298967.8  51200.0 51111.0     38    0.954   0      0.000    0.954
70208.0 71616.0  0.0   47386.1 7544704.0 497847.7 15379136.0  314982.8  51200.0 51111.0     39    0.976   0      0.000    0.976
70208.0 71616.0  0.0   47386.1 7544704.0 1165469.6 15379136.0  314982.8  51200.0 51111.0     39    0.976   0      0.000    0.976
70208.0 71616.0  0.0   47386.1 7544704.0 2092738.9 15379136.0  314982.8  51200.0 51111.0     39    0.976   0      0.000    0.976
70208.0 71616.0  0.0   47386.1 7544704.0 3269959.0 15379136.0  314982.8  51200.0 51111.0     39    0.976   0      0.000    0.976
70208.0 71616.0  0.0   47386.1 7544704.0 3775163.8 15379136.0  314982.8  51200.0 51111.0     39    0.976   0      0.000    0.976
70208.0 71616.0  0.0   47386.1 7544704.0 6071567.7 15379136.0  314982.8  51200.0 51111.0     39    0.976   0      0.000    0.976
70208.0 71616.0  0.0   47386.1 7544704.0 7133975.5 15379136.0  314982.8  51200.0 51112.7     39    0.976   0      0.000    0.976
70208.0 69248.0 44823.9  0.0   7550080.0 890524.2 15379136.0  319312.5  51200.0 51112.7     40    0.994   0      0.000    0.994
70208.0 69248.0 44823.9  0.0   7550080.0 1428082.5 15379136.0  319312.5  51200.0 51112.7     40    0.994   0      0.000    0.994
70208.0 69248.0 44823.9  0.0   7550080.0 2198844.7 15379136.0  319312.5  51200.0 51112.7     40    0.994   0      0.000    0.994
70208.0 69248.0 44823.9  0.0   7550080.0 3400619.1 15379136.0  319312.5  51200.0 51112.7     40    0.994   0      0.000    0.994
70208.0 69248.0 44823.9  0.0   7550080.0 3830644.5 15379136.0  319312.5  51200.0 51112.7     40    0.994   0      0.000    0.994
70208.0 69248.0 44823.9  0.0   7550080.0 4572661.8 15379136.0  319312.5  51200.0 51112.7     40    0.994   0      0.000    0.994
70208.0 69248.0 44823.9  0.0   7550080.0 5580195.3 15379136.0  319312.5  51200.0 51112.7     40    0.994   0      0.000    0.994
70208.0 69248.0 44823.9  0.0   7550080.0 6899838.0 15379136.0  319312.5  51200.0 51112.7     40    0.994   0      0.000    0.994
68608.0 69248.0  0.0   53458.9 7550080.0 590919.2 15379136.0  328761.4  51200.0 51112.7     41    1.018   0      0.000    1.018
68608.0 69248.0  0.0   53458.9 7550080.0 1802384.3 15379136.0  328761.4  51200.0 51112.7     41    1.018   0      0.000    1.018
68608.0 69248.0  0.0   53458.9 7550080.0 3420221.6 15379136.0  328761.4  51200.0 51112.8     41    1.018   0      0.000    1.018
68608.0 69248.0  0.0   53458.9 7550080.0 4535802.0 15379136.0  328761.4  51200.0 51112.8     41    1.018   0      0.000    1.018
68608.0 69248.0  0.0   53458.9 7550080.0 5464515.2 15379136.0  328761.4  51200.0 51112.8     41    1.018   0      0.000    1.018
68608.0 69248.0  0.0   53458.9 7550080.0 6220517.5 15379136.0  328761.4  51200.0 51112.8     41    1.018   0      0.000    1.018
68608.0 70272.0 29700.0  0.0   7548992.0   0.0    15379136.0  343793.7  51200.0 51113.0     42    1.036   0      0.000    1.036
68608.0 70272.0 29700.0  0.0   7548992.0 1433051.1 15379136.0  343793.7  51200.0 51113.0     42    1.036   0      0.000    1.036
68608.0 70272.0 29700.0  0.0   7548992.0 2492029.1 15379136.0  343793.7  51200.0 51113.0     42    1.036   0      0.000    1.036
68608.0 70272.0 29700.0  0.0   7548992.0 3569705.2 15379136.0  343793.7  51200.0 51113.0     42    1.036   0      0.000    1.036
68608.0 70272.0 29700.0  0.0   7548992.0 5071371.8 15379136.0  343793.7  51200.0 51113.0     42    1.036   0      0.000    1.036
68608.0 70272.0 29700.0  0.0   7548992.0 6281502.8 15379136.0  343793.7  51200.0 51113.0     42    1.036   0      0.000    1.036
69696.0 70272.0  0.0   39041.7 7548992.0 652304.7 15379136.0  346728.9  51200.0 51113.0     43    1.053   0      0.000    1.053
69696.0 70272.0  0.0   39041.7 7548992.0 1850190.8 15379136.0  346728.9  51200.0 51113.0     43    1.053   0      0.000    1.053
69696.0 70272.0  0.0   39041.7 7548992.0 3016024.6 15379136.0  346728.9  51200.0 51113.0     43    1.053   0      0.000    1.053
69696.0 70272.0  0.0   39041.7 7548992.0 3925642.0 15379136.0  346728.9  51200.0 51113.0     43    1.053   0      0.000    1.053
69696.0 70272.0  0.0   39041.7 7548992.0 4979429.3 15379136.0  346728.9  51200.0 51114.0     43    1.053   0      0.000    1.053
69696.0 70272.0  0.0   39041.7 7548992.0 6841866.1 15379136.0  346728.9  51200.0 51114.0     43    1.053   0      0.000    1.053
69696.0 69568.0 35261.5  0.0   7550272.0 683775.7 15379136.0  361791.2  51200.0 51115.4     44    1.071   0      0.000    1.071
69696.0 69568.0 35261.5  0.0   7550272.0 2181562.6 15379136.0  361791.2  51200.0 51115.7     44    1.071   0      0.000    1.071
69696.0 69568.0 35261.5  0.0   7550272.0 3050545.8 15379136.0  361791.2  51200.0 51115.7     44    1.071   0      0.000    1.071
69696.0 69568.0 35261.5  0.0   7550272.0 4357075.6 15379136.0  361791.2  51200.0 51115.7     44    1.071   0      0.000    1.071
69696.0 69568.0 35261.5  0.0   7550272.0 5654203.3 15379136.0  361791.2  51200.0 51116.2     44    1.071   0      0.000    1.071
69696.0 69568.0 35261.5  0.0   7550272.0 6376728.2 15379136.0  361791.2  51200.0 51116.2     44    1.071   0      0.000    1.071
69696.0 69568.0 35261.5  0.0   7550272.0 7353683.9 15379136.0  361791.2  51200.0 51116.2     44    1.071   0      0.000    1.071
68032.0 69568.0  0.0   41682.2 7550272.0 796069.3 15379136.0  370310.5  51200.0 51116.2     45    1.091   0      0.000    1.091
68032.0 69568.0  0.0   41682.2 7550272.0 1389236.4 15379136.0  370310.5  51200.0 51116.2     45    1.091   0      0.000    1.091
68032.0 69568.0  0.0   41682.2 7550272.0 3056465.4 15379136.0  370310.5  51200.0 51116.5     45    1.091   0      0.000    1.091
68032.0 69568.0  0.0   41682.2 7550272.0 4554304.8 15379136.0  370310.5  51200.0 51116.5     45    1.091   0      0.000    1.091
68032.0 69568.0  0.0   41682.2 7550272.0 6211812.0 15379136.0  370310.5  51200.0 51116.5     45    1.091   0      0.000    1.091
68032.0 69568.0  0.0   41682.2 7550272.0 7206636.0 15379136.0  370310.5  51200.0 51116.5     45    1.091   0      0.000    1.091
68032.0 69056.0 26534.5  0.0   7551424.0 930519.1 15379136.0  390855.0  51200.0 51116.5     46    1.109   0      0.000    1.109
68032.0 69056.0 26534.5  0.0   7551424.0 1543908.7 15379136.0  390855.0  51200.0 51116.7     46    1.109   0      0.000    1.109
68032.0 69056.0 26534.5  0.0   7551424.0 2656409.5 15379136.0  390855.0  51200.0 51116.7     46    1.109   0      0.000    1.109
68032.0 69056.0 26534.5  0.0   7551424.0 3980988.8 15379136.0  390855.0  51200.0 51116.7     46    1.109   0      0.000    1.109
68032.0 69056.0 26534.5  0.0   7551424.0 5018403.1 15379136.0  390855.0  51200.0 51116.7     46    1.109   0      0.000    1.109
68032.0 69056.0 26534.5  0.0   7551424.0 6488988.7 15379136.0  390855.0  51200.0 51117.7     46    1.109   0      0.000    1.109
66816.0 69056.0  0.0   42134.9 7551424.0 549781.4 15379136.0  393330.8  51200.0 51120.8     47    1.127   0      0.000    1.127
66816.0 69056.0  0.0   42134.9 7551424.0 2194201.5 15379136.0  393330.8  51200.0 51120.8     47    1.127   0      0.000    1.127
66816.0 69056.0  0.0   42134.9 7551424.0 3373882.6 15379136.0  393330.8  51200.0 51120.8     47    1.127   0      0.000    1.127
66816.0 69056.0  0.0   42134.9 7551424.0 4977078.0 15379136.0  393330.8  51200.0 51120.8     47    1.127   0      0.000    1.127
66816.0 69056.0  0.0   42134.9 7551424.0 6074112.0 15379136.0  393330.8  51200.0 51124.1     47    1.127   0      0.000    1.127
66816.0 69056.0  0.0   42134.9 7551424.0 7103052.6 15379136.0  393330.8  51200.0 51125.8     47    1.127   0      0.000    1.127
66816.0 68800.0 18678.3  0.0   7551936.0 1493022.3 15379136.0  412045.8  51200.0 51125.8     48    1.144   0      0.000    1.144
66816.0 68800.0 18678.3  0.0   7551936.0 3136235.2 15379136.0  412045.8  51200.0 51125.8     48    1.144   0      0.000    1.144
66816.0 68800.0 18678.3  0.0   7551936.0 4276251.4 15379136.0  412045.8  51200.0 51125.8     48    1.144   0      0.000    1.144
66816.0 68800.0 18678.3  0.0   7551936.0 5227769.8 15379136.0  412045.8  51200.0 51127.6     48    1.144   0      0.000    1.144
66816.0 68800.0 18678.3  0.0   7551936.0 6762312.1 15379136.0  412045.8  51200.0 51127.6     48    1.144   0      0.000    1.144
68928.0 23936.0  0.0   23876.3 7551936.0 471213.4 15379136.0  422109.1  51200.0 51127.6     49    1.158   0      0.000    1.158
68928.0 23936.0  0.0   23876.3 7551936.0 1274870.2 15379136.0  422109.1  51200.0 51127.6     49    1.158   0      0.000    1.158
68928.0 23936.0  0.0   23876.3 7551936.0 2141708.9 15379136.0  422109.1  51200.0 51127.6     49    1.158   0      0.000    1.158
68928.0 23936.0  0.0   23876.3 7551936.0 3081199.7 15379136.0  422109.1  51200.0 51128.7     49    1.158   0      0.000    1.158
68928.0 23936.0  0.0   23876.3 7551936.0 4476307.0 15379136.0  422109.1  51200.0 51130.9     49    1.158   0      0.000    1.158
68928.0 23936.0  0.0   23876.3 7551936.0 4768455.7 15379136.0  422109.1  51200.0 51131.0     49    1.158   0      0.000    1.158
68928.0 23936.0  0.0   23876.3 7551936.0 5883828.8 15379136.0  422109.1  51200.0 51131.0     49    1.158   0      0.000    1.158
68928.0 23936.0  0.0   23876.3 7551936.0 6907314.2 15379136.0  422109.1  51200.0 51131.0     49    1.158   0      0.000    1.158
68928.0 66944.0 34007.1  0.0   7553664.0 730823.9 15379136.0  427421.5  51200.0 51131.0     50    1.174   0      0.000    1.174
68928.0 66944.0 34007.1  0.0   7553664.0 1959022.8 15379136.0  427421.5  51200.0 51131.0     50    1.174   0      0.000    1.174
68928.0 66944.0 34007.1  0.0   7553664.0 3378925.4 15379136.0  427421.5  51200.0 51131.0     50    1.174   0      0.000    1.174
68928.0 66944.0 34007.1  0.0   7553664.0 4642754.5 15379136.0  427421.5  51200.0 51131.2     50    1.174   0      0.000    1.174
68928.0 66944.0 34007.1  0.0   7553664.0 5776596.5 15379136.0  427421.5  51200.0 51131.2     50    1.174   0      0.000    1.174
68928.0 66944.0 34007.1  0.0   7553664.0 7111038.2 15379136.0  427421.5  51200.0 51132.7     50    1.174   0      0.000    1.174
65728.0 66944.0  0.0   29577.3 7553664.0 1151627.9 15379136.0  441717.8  51200.0 51134.0     51    1.194   0      0.000    1.194
65728.0 66944.0  0.0   29577.3 7553664.0 2399896.8 15379136.0  441717.8  51200.0 51134.0     51    1.194   0      0.000    1.194
65728.0 66944.0  0.0   29577.3 7553664.0 3441428.8 15379136.0  441717.8  51200.0 51134.0     51    1.194   0      0.000    1.194
65728.0 66944.0  0.0   29577.3 7553664.0 4379915.9 15379136.0  441717.8  51200.0 51134.0     51    1.194   0      0.000    1.194
65728.0 66944.0  0.0   29577.3 7553664.0 5255416.9 15379136.0  441717.8  51200.0 51134.0     51    1.194   0      0.000    1.194
65728.0 66944.0  0.0   29577.3 7553664.0 6509769.9 15379136.0  441717.8  51200.0 51134.0     51    1.194   0      0.000    1.194
65728.0 66944.0  0.0   29577.3 7553664.0 7542172.9 15379136.0  441717.8  51200.0 51134.0     51    1.194   0      0.000    1.194
65728.0 64448.0 29345.2  0.0   7559360.0 1466733.8 15379136.0  449196.4  51200.0 51134.0     52    1.209   0      0.000    1.209
65728.0 64448.0 29345.2  0.0   7559360.0 2537131.2 15379136.0  449196.4  51200.0 51134.0     52    1.209   0      0.000    1.209
65728.0 64448.0 29345.2  0.0   7559360.0 3169674.7 15379136.0  449196.4  51200.0 51134.0     52    1.209   0      0.000    1.209
65728.0 64448.0 29345.2  0.0   7559360.0 4220691.4 15379136.0  449196.4  51200.0 51134.3     52    1.209   0      0.000    1.209
65728.0 64448.0 29345.2  0.0   7559360.0 5176165.2 15379136.0  449196.4  51200.0 51134.3     52    1.209   0      0.000    1.209
65728.0 64448.0 29345.2  0.0   7559360.0 5829188.6 15379136.0  449196.4  51200.0 51134.3     52    1.209   0      0.000    1.209
65728.0 64448.0 29345.2  0.0   7559360.0 7067488.0 15379136.0  449196.4  51200.0 51134.3     52    1.209   0      0.000    1.209
63424.0 64448.0  0.0   41783.5 7559360.0 1136553.2 15379136.0  453903.1  51200.0 51134.3     53    1.228   0      0.000    1.228
63424.0 64448.0  0.0   41783.5 7559360.0 1999431.7 15379136.0  453903.1  51200.0 51134.3     53    1.228   0      0.000    1.228
63424.0 64448.0  0.0   41783.5 7559360.0 2984346.6 15379136.0  453903.1  51200.0 51134.3     53    1.228   0      0.000    1.228
63424.0 64448.0  0.0   41783.5 7559360.0 4217887.9 15379136.0  453903.1  51200.0 51134.3     53    1.228   0      0.000    1.228
63424.0 64448.0  0.0   41783.5 7559360.0 5675312.1 15379136.0  453903.1  51200.0 51134.7     53    1.228   0      0.000    1.228
63424.0 64448.0  0.0   41783.5 7559360.0 6405060.2 15379136.0  453903.1  51200.0 51134.7     53    1.228   0      0.000    1.228
63424.0 62720.0 26560.2  0.0   7563392.0 489856.4 15379136.0  463069.7  51200.0 51134.7     54    1.243   0      0.000    1.243
63424.0 62720.0 26560.2  0.0   7563392.0 1838031.5 15379136.0  463069.7  51200.0 51134.7     54    1.243   0      0.000    1.243
63424.0 62720.0 26560.2  0.0   7563392.0 3041959.6 15379136.0  463069.7  51200.0 51134.7     54    1.243   0      0.000    1.243
63424.0 62720.0 26560.2  0.0   7563392.0 3961727.3 15379136.0  463069.7  51200.0 51134.7     54    1.243   0      0.000    1.243
63424.0 62720.0 26560.2  0.0   7563392.0 5292607.7 15379136.0  463069.7  51200.0 51134.8     54    1.243   0      0.000    1.243
63424.0 62720.0 26560.2  0.0   7563392.0 6393564.5 15379136.0  463069.7  51200.0 51134.8     54    1.243   0      0.000    1.243
61376.0 62720.0  0.0   28774.0 7563392.0 351902.5 15379136.0  475327.3  51200.0 51134.8     55    1.261   0      0.000    1.261
61376.0 62720.0  0.0   28774.0 7563392.0 1795098.9 15379136.0  475327.3  51200.0 51134.8     55    1.261   0      0.000    1.261
61376.0 62720.0  0.0   28774.0 7563392.0 2799533.4 15379136.0  475327.3  51200.0 51134.8     55    1.261   0      0.000    1.261
61376.0 62720.0  0.0   28774.0 7563392.0 3699629.1 15379136.0  475327.3  51200.0 51135.2     55    1.261   0      0.000    1.261
61376.0 62720.0  0.0   28774.0 7563392.0 4906515.6 15379136.0  475327.3  51200.0 51135.2     55    1.261   0      0.000    1.261
61376.0 62720.0  0.0   28774.0 7563392.0 5803008.9 15379136.0  475327.3  51200.0 51135.2     55    1.261   0      0.000    1.261
61376.0 62720.0  0.0   28774.0 7563392.0 6396998.7 15379136.0  475327.3  51200.0 51135.2     55    1.261   0      0.000    1.261
61376.0 62592.0 45811.6  0.0   7564352.0 349110.9 15379136.0  482281.8  51200.0 51135.6     56    1.281   0      0.000    1.281
61376.0 62592.0 45811.6  0.0   7564352.0 1708914.8 15379136.0  482281.8  51200.0 51135.6     56    1.281   0      0.000    1.281
61376.0 62592.0 45811.6  0.0   7564352.0 2931763.2 15379136.0  482281.8  51200.0 51135.6     56    1.281   0      0.000    1.281
61376.0 62592.0 45811.6  0.0   7564352.0 3945165.2 15379136.0  482281.8  51200.0 51135.6     56    1.281   0      0.000    1.281
61376.0 62592.0 45811.6  0.0   7564352.0 5103956.6 15379136.0  482281.8  51200.0 51136.1     56    1.281   0      0.000    1.281
61376.0 62592.0 45811.6  0.0   7564352.0 6666361.8 15379136.0  482281.8  51200.0 51136.1     56    1.281   0      0.000    1.281
61312.0 62592.0  0.0   28989.9 7564352.0 142227.1 15379136.0  495929.1  51200.0 51137.5     57    1.299   0      0.000    1.299
61312.0 62592.0  0.0   28989.9 7564352.0 901019.5 15379136.0  495929.1  51200.0 51137.5     57    1.299   0      0.000    1.299
61312.0 62592.0  0.0   28989.9 7564352.0 2048973.2 15379136.0  495929.1  51200.0 51137.5     57    1.299   0      0.000    1.299
61312.0 62592.0  0.0   28989.9 7564352.0 3009915.0 15379136.0  495929.1  51200.0 51137.5     57    1.299   0      0.000    1.299
61312.0 62592.0  0.0   28989.9 7564352.0 4367029.3 15379136.0  495929.1  51200.0 51137.5     57    1.299   0      0.000    1.299
61312.0 62592.0  0.0   28989.9 7564352.0 5586325.9 15379136.0  495929.1  51200.0 51137.5     57    1.299   0      0.000    1.299
61312.0 60864.0 23693.2  0.0   7567360.0 642370.1 15379136.0  507029.0  51200.0 51137.5     58    1.314   0      0.000    1.314
61312.0 60864.0 23693.2  0.0   7567360.0 1485154.2 15379136.0  507029.0  51200.0 51137.5     58    1.314   0      0.000    1.314
61312.0 60864.0 23693.2  0.0   7567360.0 1871753.0 15379136.0  507029.0  51200.0 51137.5     58    1.314   0      0.000    1.314
61312.0 60864.0 23693.2  0.0   7567360.0 2760399.9 15379136.0  507029.0  51200.0 51137.5     58    1.314   0      0.000    1.314
61312.0 60864.0 23693.2  0.0   7567360.0 4661852.3 15379136.0  507029.0  51200.0 51137.5     58    1.314   0      0.000    1.314
61312.0 60864.0 23693.2  0.0   7567360.0 5729133.3 15379136.0  507029.0  51200.0 51137.5     58    1.314   0      0.000    1.314
61312.0 60864.0 23693.2  0.0   7567360.0 7178761.0 15379136.0  507029.0  51200.0 51137.5     58    1.314   0      0.000    1.314
58816.0 60864.0  0.0   36185.6 7567360.0 416135.0 15379136.0  510580.0  51200.0 51137.5     59    1.331   0      0.000    1.331
58816.0 60864.0  0.0   36185.6 7567360.0 1363683.0 15379136.0  510580.0  51200.0 51137.5     59    1.331   0      0.000    1.331
58816.0 60864.0  0.0   36185.6 7567360.0 2698136.3 15379136.0  510580.0  51200.0 51137.5     59    1.331   0      0.000    1.331
58816.0 60864.0  0.0   36185.6 7567360.0 3690803.9 15379136.0  510580.0  51200.0 51137.5     59    1.331   0      0.000    1.331
58816.0 60864.0  0.0   36185.6 7567360.0 5116671.8 15379136.0  510580.0  51200.0 51137.5     59    1.331   0      0.000    1.331
58816.0 60864.0  0.0   36185.6 7567360.0 6530896.1 15379136.0  510580.0  51200.0 51139.6     59    1.331   0      0.000    1.331
58816.0 57216.0 30031.6  0.0   7573504.0 390776.1 15379136.0  523540.6  51200.0 51140.4     60    1.350   0      0.000    1.350
58816.0 57216.0 30031.6  0.0   7573504.0 1770720.6 15379136.0  523540.6  51200.0 51140.5     60    1.350   0      0.000    1.350
58816.0 57216.0 30031.6  0.0   7573504.0 2881363.5 15379136.0  523540.6  51200.0 51140.5     60    1.350   0      0.000    1.350
58816.0 57216.0 30031.6  0.0   7573504.0 4180613.0 15379136.0  523540.6  51200.0 51140.5     60    1.350   0      0.000    1.350
58816.0 57216.0 30031.6  0.0   7573504.0 5472545.2 15379136.0  523540.6  51200.0 51140.5     60    1.350   0      0.000    1.350
58816.0 57216.0 30031.6  0.0   7573504.0 6602040.3 15379136.0  523540.6  51200.0 51140.5     60    1.350   0      0.000    1.350
56256.0 57216.0  0.0   26510.7 7573504.0 411798.2 15379136.0  536331.7  51200.0 51140.5     61    1.368   0      0.000    1.368
56256.0 57216.0  0.0   26510.7 7573504.0 1522487.2 15379136.0  536331.7  51200.0 51140.5     61    1.368   0      0.000    1.368
56256.0 57216.0  0.0   26510.7 7573504.0 2527540.5 15379136.0  536331.7  51200.0 51140.5     61    1.368   0      0.000    1.368
56256.0 57216.0  0.0   26510.7 7573504.0 3415361.1 15379136.0  536331.7  51200.0 51142.6     61    1.368   0      0.000    1.368
56256.0 57216.0  0.0   26510.7 7573504.0 4681170.0 15379136.0  536331.7  51200.0 51142.6     61    1.368   0      0.000    1.368
56256.0 57216.0  0.0   26510.7 7573504.0 6340383.5 15379136.0  536331.7  51200.0 51142.6     61    1.368   0      0.000    1.368
56256.0 58432.0 45466.5  0.0   7572672.0 433144.7 15379136.0  543984.6  51200.0 51142.6     62    1.386   0      0.000    1.386
56256.0 58432.0 45466.5  0.0   7572672.0 1483146.4 15379136.0  543984.6  51200.0 51142.6     62    1.386   0      0.000    1.386
56256.0 58432.0 45466.5  0.0   7572672.0 2607646.8 15379136.0  543984.6  51200.0 51143.7     62    1.386   0      0.000    1.386
56256.0 58432.0 45466.5  0.0   7572672.0 3523617.6 15379136.0  543984.6  51200.0 51143.7     62    1.386   0      0.000    1.386
56256.0 58432.0 45466.5  0.0   7572672.0 4863060.8 15379136.0  543984.6  51200.0 51143.7     62    1.386   0      0.000    1.386
56256.0 58432.0 45466.5  0.0   7572672.0 6226815.6 15379136.0  543984.6  51200.0 51143.7     62    1.386   0      0.000    1.386
56256.0 58432.0 45466.5  0.0   7572672.0 7302597.4 15379136.0  543984.6  51200.0 51143.7     62    1.386   0      0.000    1.386
61440.0 49344.0  0.0   49307.7 7572672.0 505801.0 15379136.0  549207.1  51200.0 51143.7     63    1.405   0      0.000    1.405
61440.0 49344.0  0.0   49307.7 7572672.0 1994995.6 15379136.0  549207.1  51200.0 51143.7     63    1.405   0      0.000    1.405
61440.0 49344.0  0.0   49307.7 7572672.0 2808477.8 15379136.0  549207.1  51200.0 51143.7     63    1.405   0      0.000    1.405
61440.0 49344.0  0.0   49307.7 7572672.0 3873347.8 15379136.0  549207.1  51200.0 51144.7     63    1.405   0      0.000    1.405
61440.0 49344.0  0.0   49307.7 7572672.0 5007420.7 15379136.0  549207.1  51200.0 51144.7     63    1.405   0      0.000    1.405
61440.0 49344.0  0.0   49307.7 7572672.0 5931982.4 15379136.0  549207.1  51200.0 51144.7     63    1.405   0      0.000    1.405
61440.0 49344.0  0.0   49307.7 7572672.0 6867062.4 15379136.0  549207.1  51200.0 51144.7     63    1.405   0      0.000    1.405
61440.0 60032.0 29450.6  0.0   7568064.0 202321.1 15379136.0  552726.7  51200.0 51144.7     64    1.420   0      0.000    1.420
61440.0 60032.0 29450.6  0.0   7568064.0 1230924.7 15379136.0  552726.7  51200.0 51144.7     64    1.420   0      0.000    1.420
61440.0 60032.0 29450.6  0.0   7568064.0 1965431.2 15379136.0  552726.7  51200.0 51144.7     64    1.420   0      0.000    1.420
61440.0 60032.0 29450.6  0.0   7568064.0 2486941.7 15379136.0  552726.7  51200.0 51144.7     64    1.420   0      0.000    1.420
61440.0 60032.0 29450.6  0.0   7568064.0 3608853.3 15379136.0  552726.7  51200.0 51144.7     64    1.420   0      0.000    1.420
61440.0 60032.0 29450.6  0.0   7568064.0 4575313.0 15379136.0  552726.7  51200.0 51144.7     64    1.420   0      0.000    1.420
61440.0 60032.0 29450.6  0.0   7568064.0 5239625.2 15379136.0  552726.7  51200.0 51144.7     64    1.420   0      0.000    1.420
61440.0 60032.0 29450.6  0.0   7568064.0 6665354.9 15379136.0  552726.7  51200.0 51144.7     64    1.420   0      0.000    1.420
57600.0 60032.0  0.0   35564.5 7568064.0 420731.5 15379136.0  560335.8  51200.0 51144.7     65    1.442   0      0.000    1.442
57600.0 60032.0  0.0   35564.5 7568064.0 1430680.7 15379136.0  560335.8  51200.0 51144.7     65    1.442   0      0.000    1.442
57600.0 60032.0  0.0   35564.5 7568064.0 2136959.9 15379136.0  560335.8  51200.0 51144.7     65    1.442   0      0.000    1.442
57600.0 60032.0  0.0   35564.5 7568064.0 2857413.8 15379136.0  560335.8  51200.0 51144.7     65    1.442   0      0.000    1.442
57600.0 60032.0  0.0   35564.5 7568064.0 3893493.0 15379136.0  560335.8  51200.0 51144.7     65    1.442   0      0.000    1.442
57600.0 60032.0  0.0   35564.5 7568064.0 4733786.7 15379136.0  560335.8  51200.0 51144.7     65    1.442   0      0.000    1.442
57600.0 60032.0  0.0   35564.5 7568064.0 5866897.3 15379136.0  560335.8  51200.0 51144.7     65    1.442   0      0.000    1.442
57600.0 60032.0  0.0   35564.5 7568064.0 7017044.8 15379136.0  560335.8  51200.0 51144.7     65    1.442   0      0.000    1.442
57600.0 56320.0 30090.0  0.0   7575616.0 277926.3 15379136.0  578390.5  51200.0 51144.7     66    1.461   0      0.000    1.461
57600.0 56320.0 30090.0  0.0   7575616.0 1060573.6 15379136.0  578390.5  51200.0 51144.7     66    1.461   0      0.000    1.461
57600.0 56320.0 30090.0  0.0   7575616.0 1989064.0 15379136.0  578390.5  51200.0 51144.7     66    1.461   0      0.000    1.461
57600.0 56320.0 30090.0  0.0   7575616.0 3216840.4 15379136.0  578390.5  51200.0 51144.7     66    1.461   0      0.000    1.461
57600.0 56320.0 30090.0  0.0   7575616.0 4524368.9 15379136.0  578390.5  51200.0 51144.7     66    1.461   0      0.000    1.461
57600.0 56320.0 30090.0  0.0   7575616.0 5295208.0 15379136.0  578390.5  51200.0 51144.7     66    1.461   0      0.000    1.461
57600.0 56320.0 30090.0  0.0   7575616.0 6588281.7 15379136.0  578390.5  51200.0 51145.1     66    1.461   0      0.000    1.461
57280.0 56320.0  0.0   43237.6 7575616.0 343083.3 15379136.0  588481.5  51200.0 51145.1     67    1.481   0      0.000    1.481
57280.0 56320.0  0.0   43237.6 7575616.0 1066900.4 15379136.0  588481.5  51200.0 51145.1     67    1.481   0      0.000    1.481
57280.0 56320.0  0.0   43237.6 7575616.0 2180584.3 15379136.0  588481.5  51200.0 51145.1     67    1.481   0      0.000    1.481
57280.0 56320.0  0.0   43237.6 7575616.0 3178534.1 15379136.0  588481.5  51200.0 51145.1     67    1.481   0      0.000    1.481
57280.0 56320.0  0.0   43237.6 7575616.0 4081661.3 15379136.0  588481.5  51200.0 51145.1     67    1.481   0      0.000    1.481
57280.0 56320.0  0.0   43237.6 7575616.0 4965784.2 15379136.0  588481.5  51200.0 51145.1     67    1.481   0      0.000    1.481
57280.0 56320.0  0.0   43237.6 7575616.0 6145456.4 15379136.0  588481.5  51200.0 51145.1     67    1.481   0      0.000    1.481
57280.0 56320.0  0.0   43237.6 7575616.0 6795207.2 15379136.0  588481.5  51200.0 51145.1     67    1.481   0      0.000    1.481
57280.0 59968.0 49024.5  0.0   7569600.0 131716.6 15379136.0  593343.7  51200.0 51145.1     68    1.499   0      0.000    1.499
57280.0 59968.0 49024.5  0.0   7569600.0 1087994.4 15379136.0  593343.7  51200.0 51145.1     68    1.499   0      0.000    1.499
57280.0 59968.0 49024.5  0.0   7569600.0 1678044.4 15379136.0  593343.7  51200.0 51145.2     68    1.499   0      0.000    1.499
57280.0 59968.0 49024.5  0.0   7569600.0 2846748.0 15379136.0  593343.7  51200.0 51145.2     68    1.499   0      0.000    1.499
57280.0 59968.0 49024.5  0.0   7569600.0 3650215.5 15379136.0  593343.7  51200.0 51145.2     68    1.499   0      0.000    1.499
57280.0 59968.0 49024.5  0.0   7569600.0 4692698.4 15379136.0  593343.7  51200.0 51145.2     68    1.499   0      0.000    1.499
57280.0 59968.0 49024.5  0.0   7569600.0 5334615.6 15379136.0  593343.7  51200.0 51145.4     68    1.499   0      0.000    1.499
58368.0 59968.0  0.0   33344.2 7569600.0 109760.1 15379136.0  596115.6  51200.0 51145.4     69    1.517   0      0.000    1.517
58368.0 59968.0  0.0   33344.2 7569600.0 1144152.7 15379136.0  596115.6  51200.0 51145.4     69    1.517   0      0.000    1.517
58368.0 59968.0  0.0   33344.2 7569600.0 2345693.0 15379136.0  596115.6  51200.0 51145.4     69    1.517   0      0.000    1.517
58368.0 59968.0  0.0   33344.2 7569600.0 3156788.0 15379136.0  596115.6  51200.0 51146.0     69    1.517   0      0.000    1.517
58368.0 59968.0  0.0   33344.2 7569600.0 3962951.5 15379136.0  596115.6  51200.0 51146.0     69    1.517   0      0.000    1.517
58368.0 59968.0  0.0   33344.2 7569600.0 5033915.9 15379136.0  596115.6  51200.0 51146.0     69    1.517   0      0.000    1.517
58368.0 59968.0  0.0   33344.2 7569600.0 6118175.0 15379136.0  596115.6  51200.0 51146.0     69    1.517   0      0.000    1.517
58368.0 59968.0  0.0   33344.2 7569600.0 6484610.4 15379136.0  596115.6  51200.0 51146.0     69    1.517   0      0.000    1.517
58368.0 62144.0 52845.5  0.0   7565248.0 485984.8 15379136.0  609980.5  51200.0 51146.0     70    1.538   0      0.000    1.538
58368.0 62144.0 52845.5  0.0   7565248.0 1366091.6 15379136.0  609980.5  51200.0 51146.0     70    1.538   0      0.000    1.538
58368.0 62144.0 52845.5  0.0   7565248.0 2644556.5 15379136.0  609980.5  51200.0 51146.0     70    1.538   0      0.000    1.538
58368.0 62144.0 52845.5  0.0   7565248.0 3650456.7 15379136.0  609980.5  51200.0 51146.0     70    1.538   0      0.000    1.538
58368.0 62144.0 52845.5  0.0   7565248.0 4353223.6 15379136.0  609980.5  51200.0 51146.0     70    1.538   0      0.000    1.538
58368.0 62144.0 52845.5  0.0   7565248.0 5786614.7 15379136.0  609980.5  51200.0 51146.5     70    1.538   0      0.000    1.538
58368.0 62144.0 52845.5  0.0   7565248.0 6748790.3 15379136.0  609980.5  51200.0 51146.5     70    1.538   0      0.000    1.538
58368.0 62144.0 52845.5  0.0   7565248.0 7322665.8 15379136.0  609980.5  51200.0 51154.2     70    1.538   0      0.000    1.538
58368.0 62144.0 52845.5  0.0   7565248.0 7464993.8 15379136.0  609980.5  51200.0 51154.2     70    1.538   0      0.000    1.538
61248.0 62144.0  0.0   29802.4 7565248.0 894756.1 15379136.0  616339.5  51200.0 51154.2     71    1.553   0      0.000    1.553
61248.0 62144.0  0.0   29802.4 7565248.0 1444114.4 15379136.0  616339.5  51200.0 51154.2     71    1.553   0      0.000    1.553
61248.0 62144.0  0.0   29802.4 7565248.0 2381110.7 15379136.0  616339.5  51200.0 51154.2     71    1.553   0      0.000    1.553
61248.0 62144.0  0.0   29802.4 7565248.0 3109514.4 15379136.0  616339.5  51200.0 51154.2     71    1.553   0      0.000    1.553
61248.0 62144.0  0.0   29802.4 7565248.0 3174635.7 15379136.0  616339.5  51200.0 51154.2     71    1.553   0      0.000    1.553
61248.0 62144.0  0.0   29802.4 7565248.0 4114970.1 15379136.0  616339.5  51200.0 51154.2     71    1.553   0      0.000    1.553
61248.0 62144.0  0.0   29802.4 7565248.0 5294425.8 15379136.0  616339.5  51200.0 51154.2     71    1.553   0      0.000    1.553
61248.0 62144.0  0.0   29802.4 7565248.0 6628692.1 15379136.0  616339.5  51200.0 51154.2     71    1.553   0      0.000    1.553
61248.0 59392.0 38974.3  0.0   7568896.0 953885.1 15379136.0  625345.1  51200.0 51154.2     72    1.571   0      0.000    1.571
61248.0 59392.0 38974.3  0.0   7568896.0 2182974.5 15379136.0  625345.1  51200.0 51154.2     72    1.571   0      0.000    1.571
61248.0 59392.0 38974.3  0.0   7568896.0 3288895.6 15379136.0  625345.1  51200.0 51154.2     72    1.571   0      0.000    1.571
61248.0 59392.0 38974.3  0.0   7568896.0 4484787.2 15379136.0  625345.1  51200.0 51154.2     72    1.571   0      0.000    1.571
61248.0 59392.0 38974.3  0.0   7568896.0 5985113.2 15379136.0  625345.1  51200.0 51154.2     72    1.571   0      0.000    1.571
61248.0 59392.0 38974.3  0.0   7568896.0 7117018.8 15379136.0  625345.1  51200.0 51154.2     72    1.571   0      0.000    1.571
57920.0 59392.0  0.0   39531.1 7568896.0 669126.5 15379136.0  636400.0  51200.0 51154.2     73    1.591   0      0.000    1.591
57920.0 59392.0  0.0   39531.1 7568896.0 1261253.8 15379136.0  636400.0  51200.0 51154.2     73    1.591   0      0.000    1.591
57920.0 59392.0  0.0   39531.1 7568896.0 2563740.6 15379136.0  636400.0  51200.0 51154.2     73    1.591   0      0.000    1.591
57920.0 59392.0  0.0   39531.1 7568896.0 4330793.9 15379136.0  636400.0  51200.0 51154.2     73    1.591   0      0.000    1.591
57920.0 59392.0  0.0   39531.1 7568896.0 5476903.8 15379136.0  636400.0  51200.0 51154.2     73    1.591   0      0.000    1.591
57920.0 59392.0  0.0   39531.1 7568896.0 6416916.1 15379136.0  636400.0  51200.0 51154.2     73    1.591   0      0.000    1.591
57920.0 59392.0  0.0   39531.1 7568896.0 7145982.2 15379136.0  636400.0  51200.0 51154.2     73    1.591   0      0.000    1.591
57920.0 56960.0 31774.9  0.0   7574656.0 615484.9 15379136.0  647249.6  51200.0 51154.2     74    1.607   0      0.000    1.607
57920.0 56960.0 31774.9  0.0   7574656.0 1887645.9 15379136.0  647249.6  51200.0 51154.2     74    1.607   0      0.000    1.607
57920.0 56960.0 31774.9  0.0   7574656.0 2772710.0 15379136.0  647249.6  51200.0 51154.2     74    1.607   0      0.000    1.607
57920.0 56960.0 31774.9  0.0   7574656.0 3974686.3 15379136.0  647249.6  51200.0 51154.2     74    1.607   0      0.000    1.607
57920.0 56960.0 31774.9  0.0   7574656.0 5058105.5 15379136.0  647249.6  51200.0 51154.2     74    1.607   0      0.000    1.607
57920.0 56960.0 31774.9  0.0   7574656.0 6261784.0 15379136.0  647249.6  51200.0 51154.2     74    1.607   0      0.000    1.607
56192.0 56960.0  0.0   40450.2 7574656.0 135859.6 15379136.0  650382.3  51200.0 51154.2     75    1.627   0      0.000    1.627
56192.0 56960.0  0.0   40450.2 7574656.0 1657745.1 15379136.0  650382.3  51200.0 51154.9     75    1.627   0      0.000    1.627
56192.0 56960.0  0.0   40450.2 7574656.0 2782154.7 15379136.0  650382.3  51200.0 51154.9     75    1.627   0      0.000    1.627
56192.0 56960.0  0.0   40450.2 7574656.0 3907733.5 15379136.0  650382.3  51200.0 51154.9     75    1.627   0      0.000    1.627
56192.0 56960.0  0.0   40450.2 7574656.0 5036667.4 15379136.0  650382.3  51200.0 51154.9     75    1.627   0      0.000    1.627
56192.0 56960.0  0.0   40450.2 7574656.0 6228131.0 15379136.0  650382.3  51200.0 51154.9     75    1.627   0      0.000    1.627
56192.0 56960.0  0.0   40450.2 7574656.0 7137297.0 15379136.0  650382.3  51200.0 51154.9     75    1.627   0      0.000    1.627
56192.0 55232.0 32100.4  0.0   7578112.0 1257529.9 15379136.0  661864.6  51200.0 51154.9     76    1.647   0      0.000    1.647
56192.0 55232.0 32100.4  0.0   7578112.0 2315453.7 15379136.0  661864.6  51200.0 51154.9     76    1.647   0      0.000    1.647
56192.0 55232.0 32100.4  0.0   7578112.0 2947679.9 15379136.0  661864.6  51200.0 51154.9     76    1.647   0      0.000    1.647
56192.0 55232.0 32100.4  0.0   7578112.0 4096003.2 15379136.0  661864.6  51200.0 51154.9     76    1.647   0      0.000    1.647
56192.0 55232.0 32100.4  0.0   7578112.0 5537831.9 15379136.0  661864.6  51200.0 51154.9     76    1.647   0      0.000    1.647
56192.0 55232.0 32100.4  0.0   7578112.0 6354475.3 15379136.0  661864.6  51200.0 51154.9     76    1.647   0      0.000    1.647
54464.0 55232.0  0.0   30863.9 7578112.0 535290.2 15379136.0  669807.2  51200.0 51154.9     77    1.664   0      0.000    1.664
54464.0 55232.0  0.0   30863.9 7578112.0 1898372.9 15379136.0  669807.2  51200.0 51156.0     77    1.664   0      0.000    1.664
54464.0 55232.0  0.0   30863.9 7578112.0 2725408.0 15379136.0  669807.2  51200.0 51156.0     77    1.664   0      0.000    1.664
54464.0 55232.0  0.0   30863.9 7578112.0 4216412.8 15379136.0  669807.2  51200.0 51156.0     77    1.664   0      0.000    1.664
54464.0 55232.0  0.0   30863.9 7578112.0 5096302.2 15379136.0  669807.2  51200.0 51156.0     77    1.664   0      0.000    1.664
54464.0 55232.0  0.0   30863.9 7578112.0 6494380.0 15379136.0  669807.2  51200.0 51156.0     77    1.664   0      0.000    1.664
54464.0 55424.0 20012.6  0.0   7578688.0 336723.2 15379136.0  674313.0  51200.0 51156.0     78    1.676   0      0.000    1.676
54464.0 55424.0 20012.6  0.0   7578688.0 1097951.1 15379136.0  674313.0  51200.0 51156.0     78    1.676   0      0.000    1.676
54464.0 55424.0 20012.6  0.0   7578688.0 1586523.0 15379136.0  674313.0  51200.0 51156.0     78    1.676   0      0.000    1.676
54464.0 55424.0 20012.6  0.0   7578688.0 1864622.4 15379136.0  674313.0  51200.0 51156.0     78    1.676   0      0.000    1.676
54464.0 55424.0 20012.6  0.0   7578688.0 2684285.1 15379136.0  674313.0  51200.0 51156.0     78    1.676   0      0.000    1.676
54464.0 55424.0 20012.6  0.0   7578688.0 3942831.8 15379136.0  674313.0  51200.0 51156.0     78    1.676   0      0.000    1.676
54464.0 55424.0 20012.6  0.0   7578688.0 5150726.4 15379136.0  674313.0  51200.0 51156.0     78    1.676   0      0.000    1.676
54464.0 55424.0 20012.6  0.0   7578688.0 6088768.5 15379136.0  674313.0  51200.0 51156.0     78    1.676   0      0.000    1.676
57280.0 12032.0  0.0   12009.6 7578688.0 314034.3 15379136.0  677272.2  51200.0 51156.0     79    1.686   0      0.000    1.686
57280.0 12032.0  0.0   12009.6 7578688.0 1685155.2 15379136.0  677272.2  51200.0 51156.0     79    1.686   0      0.000    1.686
57280.0 12032.0  0.0   12009.6 7578688.0 2931627.6 15379136.0  677272.2  51200.0 51156.0     79    1.686   0      0.000    1.686
57280.0 12032.0  0.0   12009.6 7578688.0 3027841.9 15379136.0  677272.2  51200.0 51156.0     79    1.686   0      0.000    1.686
57280.0 12032.0  0.0   12009.6 7578688.0 3149091.3 15379136.0  677272.2  51200.0 51156.0     79    1.686   0      0.000    1.686
57280.0 12032.0  0.0   12009.6 7578688.0 3248854.4 15379136.0  677272.2  51200.0 51156.0     79    1.686   0      0.000    1.686
57280.0 12032.0  0.0   12009.6 7578688.0 3332767.8 15379136.0  677272.2  51200.0 51156.0     79    1.686   0      0.000    1.686
57280.0 12032.0  0.0   12009.6 7578688.0 3460826.0 15379136.0  677272.2  51200.0 51156.0     79    1.686   0      0.000    1.686
57280.0 12032.0  0.0   12009.6 7578688.0 3497631.9 15379136.0  677272.2  51200.0 51156.0     79    1.686   0      0.000    1.686
57280.0 12032.0  0.0   12009.6 7578688.0 3607919.4 15379136.0  677272.2  51200.0 51156.0     79    1.686   0      0.000    1.686
57280.0 12032.0  0.0   12009.6 7578688.0 3690873.3 15379136.0  677272.2  51200.0 51156.0     79    1.686   0      0.000    1.686
57280.0 12032.0  0.0   12009.6 7578688.0 3788898.3 15379136.0  677272.2  51200.0 51156.0     79    1.686   0      0.000    1.686
57280.0 12032.0  0.0   12009.6 7578688.0 3869526.5 15379136.0  677272.2  51200.0 51156.0     79    1.686   0      0.000    1.686
57280.0 12032.0  0.0   12009.6 7578688.0 3914774.7 15379136.0  677272.2  51200.0 51156.0     79    1.686   0      0.000    1.686
57280.0 12032.0  0.0   12009.6 7578688.0 4044429.9 15379136.0  677272.2  51200.0 51156.0     79    1.686   0      0.000    1.686
57280.0 12032.0  0.0   12009.6 7578688.0 4363162.9 15379136.0  677272.2  51200.0 51156.0     79    1.686   0      0.000    1.686
57280.0 12032.0  0.0   12009.6 7578688.0 4582285.1 15379136.0  677272.2  51200.0 51156.0     79    1.686   0      0.000    1.686
57280.0 12032.0  0.0   12009.6 7578688.0 4647701.6 15379136.0  677272.2  51200.0 51156.0     79    1.686   0      0.000    1.686
57280.0 12032.0  0.0   12009.6 7578688.0 4733144.9 15379136.0  677272.2  51200.0 51156.0     79    1.686   0      0.000    1.686
57280.0 12032.0  0.0   12009.6 7578688.0 4788752.1 15379136.0  677272.2  51200.0 51156.0     79    1.686   0      0.000    1.686
57280.0 12032.0  0.0   12009.6 7578688.0 4839381.0 15379136.0  677272.2  51200.0 51156.0     79    1.686   0      0.000    1.686
57280.0 12032.0  0.0   12009.6 7578688.0 4942078.3 15379136.0  677272.2  51200.0 51156.0     79    1.686   0      0.000    1.686
57280.0 12032.0  0.0   12009.6 7578688.0 5003646.1 15379136.0  677272.2  51200.0 51156.0     79    1.686   0      0.000    1.686
57280.0 12032.0  0.0   12009.6 7578688.0 5081693.8 15379136.0  677272.2  51200.0 51156.0     79    1.686   0      0.000    1.686
57280.0 12032.0  0.0   12009.6 7578688.0 5200830.5 15379136.0  677272.2  51200.0 51156.0     79    1.686   0      0.000    1.686
57280.0 12032.0  0.0   12009.6 7578688.0 5395910.1 15379136.0  677272.2  51200.0 51156.0     79    1.686   0      0.000    1.686
57280.0 12032.0  0.0   12009.6 7578688.0 5780339.6 15379136.0  677272.2  51200.0 51156.0     79    1.686   0      0.000    1.686
57280.0 12032.0  0.0   12009.6 7578688.0 5867442.1 15379136.0  677272.2  51200.0 51156.0     79    1.686   0      0.000    1.686
57280.0 12032.0  0.0   12009.6 7578688.0 5951855.9 15379136.0  677272.2  51200.0 51156.0     79    1.686   0      0.000    1.686
57280.0 12032.0  0.0   12009.6 7578688.0 6046558.8 15379136.0  677272.2  51200.0 51156.0     79    1.686   0      0.000    1.686
57280.0 12032.0  0.0   12009.6 7578688.0 6158456.3 15379136.0  677272.2  51200.0 51156.0     79    1.686   0      0.000    1.686
57280.0 12032.0  0.0   12009.6 7578688.0 6275546.7 15379136.0  677272.2  51200.0 51156.0     79    1.686   0      0.000    1.686
57280.0 12032.0  0.0   12009.6 7578688.0 6331692.7 15379136.0  677272.2  51200.0 51156.0     79    1.686   0      0.000    1.686
57280.0 12032.0  0.0   12009.6 7578688.0 6397159.8 15379136.0  677272.2  51200.0 51156.0     79    1.686   0      0.000    1.686
57280.0 12032.0  0.0   12009.6 7578688.0 6474373.2 15379136.0  677272.2  51200.0 51156.0     79    1.686   0      0.000    1.686
57280.0 12032.0  0.0   12009.6 7578688.0 6545886.4 15379136.0  677272.2  51200.0 51156.0     79    1.686   0      0.000    1.686
57280.0 12032.0  0.0   12009.6 7578688.0 6604622.9 15379136.0  677272.2  51200.0 51156.0     79    1.686   0      0.000    1.686
57280.0 12032.0  0.0   12009.6 7578688.0 6670374.4 15379136.0  677272.2  51200.0 51156.0     79    1.686   0      0.000    1.686
57280.0 12032.0  0.0   12009.6 7578688.0 6736131.5 15379136.0  677272.2  51200.0 51156.0     79    1.686   0      0.000    1.686
57280.0 12032.0  0.0   12009.6 7578688.0 6795233.6 15379136.0  677272.2  51200.0 51156.0     79    1.686   0      0.000    1.686
57280.0 12032.0  0.0   12009.6 7578688.0 6853182.3 15379136.0  677272.2  51200.0 51156.0     79    1.686   0      0.000    1.686
57280.0 12032.0  0.0   12009.6 7578688.0 6916031.0 15379136.0  677272.2  51200.0 51156.0     79    1.686   0      0.000    1.686
57280.0 12032.0  0.0   12009.6 7578688.0 6942703.2 15379136.0  677272.2  51200.0 51156.0     79    1.686   0      0.000    1.686
57280.0 12032.0  0.0   12009.6 7578688.0 6974932.2 15379136.0  677272.2  51200.0 51156.0     79    1.686   0      0.000    1.686
57280.0 12032.0  0.0   12009.6 7578688.0 7015032.6 15379136.0  677272.2  51200.0 51156.0     79    1.686   0      0.000    1.686
57280.0 12032.0  0.0   12009.6 7578688.0 7039250.5 15379136.0  677272.2  51200.0 51156.0     79    1.686   0      0.000    1.686
57280.0 12032.0  0.0   12009.6 7578688.0 7066043.9 15379136.0  677272.2  51200.0 51156.0     79    1.686   0      0.000    1.686
57280.0 12032.0  0.0   12009.6 7578688.0 7091218.8 15379136.0  677272.2  51200.0 51156.0     79    1.686   0      0.000    1.686
57280.0 12032.0  0.0   12009.6 7578688.0 7117940.3 15379136.0  677272.2  51200.0 51156.0     79    1.686   0      0.000    1.686
57280.0 12032.0  0.0   12009.6 7578688.0 7141994.3 15379136.0  677272.2  51200.0 51156.0     79    1.686   0      0.000    1.686
57280.0 12032.0  0.0   12009.6 7578688.0 7309266.1 15379136.0  677272.2  51200.0 51156.0     79    1.686   0      0.000    1.686
57280.0 12032.0  0.0   12009.6 7578688.0 7378804.3 15379136.0  677272.2  51200.0 51156.0     79    1.686   0      0.000    1.686
57280.0 12032.0  0.0   12009.6 7578688.0 7467245.0 15379136.0  677272.2  51200.0 51156.0     79    1.686   0      0.000    1.686
57280.0 12032.0  0.0   12009.6 7578688.0 7521230.2 15379136.0  677272.2  51200.0 51156.0     79    1.686   0      0.000    1.686
57280.0 12032.0  0.0   12009.6 7578688.0 7545752.2 15379136.0  677272.2  51200.0 51156.0     79    1.686   0      0.000    1.686
57280.0 12032.0  0.0   12009.6 7578688.0 7577909.1 15379136.0  677272.2  51200.0 51156.0     79    1.686   0      0.000    1.686
57280.0 60032.0 1446.2  0.0   7569472.0 15551.9  15379136.0  677288.2  51200.0 51156.0     80    1.691   0      0.000    1.691
57280.0 60032.0 1446.2  0.0   7569472.0 139696.7 15379136.0  677288.2  51200.0 51156.4     80    1.691   0      0.000    1.691
57280.0 60032.0 1446.2  0.0   7569472.0 145016.3 15379136.0  677288.2  51200.0 51156.4     80    1.691   0      0.000    1.691
57280.0 60032.0 1446.2  0.0   7569472.0 145033.9 15379136.0  677288.2  51200.0 51156.4     80    1.691   0      0.000    1.691
57280.0 60032.0 1446.2  0.0   7569472.0 145054.8 15379136.0  677288.2  51200.0 51156.4     80    1.691   0      0.000    1.691
57280.0 60032.0 1446.2  0.0   7569472.0 145072.5 15379136.0  677288.2  51200.0 51156.4     80    1.691   0      0.000    1.691
57280.0 60032.0 1446.2  0.0   7569472.0 145124.3 15379136.0  677288.2  51200.0 51156.4     80    1.691   0      0.000    1.691
57280.0 60032.0 1446.2  0.0   7569472.0 145141.9 15379136.0  677288.2  51200.0 51156.4     80    1.691   0      0.000    1.691
57280.0 60032.0 1446.2  0.0   7569472.0 145164.7 15379136.0  677288.2  51200.0 51156.4     80    1.691   0      0.000    1.691
57280.0 60032.0 1446.2  0.0   7569472.0 145182.3 15379136.0  677288.2  51200.0 51156.4     80    1.691   0      0.000    1.691
57280.0 60032.0 1446.2  0.0   7569472.0 145202.0 15379136.0  677288.2  51200.0 51156.4     80    1.691   0      0.000    1.691
57280.0 60032.0 1446.2  0.0   7569472.0 145248.0 15379136.0  677288.2  51200.0 51156.4     80    1.691   0      0.000    1.691
57280.0 60032.0 1446.2  0.0   7569472.0 145265.6 15379136.0  677288.2  51200.0 51156.4     80    1.691   0      0.000    1.691
57280.0 60032.0 1446.2  0.0   7569472.0 145286.4 15379136.0  677288.2  51200.0 51156.4     80    1.691   0      0.000    1.691
57280.0 60032.0 1446.2  0.0   7569472.0 145307.4 15379136.0  677288.2  51200.0 51156.4     80    1.691   0      0.000    1.691
57280.0 60032.0 1446.2  0.0   7569472.0 145325.1 15379136.0  677288.2  51200.0 51156.4     80    1.691   0      0.000    1.691
57280.0 60032.0 1446.2  0.0   7569472.0 145370.8 15379136.0  677288.2  51200.0 51156.4     80    1.691   0      0.000    1.691
57280.0 60032.0 1446.2  0.0   7569472.0 145391.6 15379136.0  677288.2  51200.0 51156.4     80    1.691   0      0.000    1.691
57280.0 60032.0 1446.2  0.0   7569472.0 145412.6 15379136.0  677288.2  51200.0 51156.4     80    1.691   0      0.000    1.691
57280.0 60032.0 1446.2  0.0   7569472.0 145430.2 15379136.0  677288.2  51200.0 51156.4     80    1.691   0      0.000    1.691
57280.0 60032.0 1446.2  0.0   7569472.0 145453.1 15379136.0  677288.2  51200.0 51156.4     80    1.691   0      0.000    1.691
57280.0 60032.0 1446.2  0.0   7569472.0 145498.0 15379136.0  677288.2  51200.0 51156.4     80    1.691   0      0.000    1.691
57280.0 60032.0 1446.2  0.0   7569472.0 145518.8 15379136.0  677288.2  51200.0 51156.4     80    1.691   0      0.000    1.691
57280.0 60032.0 1446.2  0.0   7569472.0 145536.4 15379136.0  677288.2  51200.0 51156.4     80    1.691   0      0.000    1.691
57280.0 60032.0 1446.2  0.0   7569472.0 145556.0 15379136.0  677288.2  51200.0 51156.4     80    1.691   0      0.000    1.691
57280.0 60032.0 1446.2  0.0   7569472.0 145577.1 15379136.0  677288.2  51200.0 51156.4     80    1.691   0      0.000    1.691
57280.0 60032.0 1446.2  0.0   7569472.0 145622.9 15379136.0  677288.2  51200.0 51156.4     80    1.691   0      0.000    1.691
57280.0 60032.0 1446.2  0.0   7569472.0 145640.5 15379136.0  677288.2  51200.0 51156.4     80    1.691   0      0.000    1.691
57280.0 60032.0 1446.2  0.0   7569472.0 145658.0 15379136.0  677288.2  51200.0 51156.4     80    1.691   0      0.000    1.691
57280.0 60032.0 1446.2  0.0   7569472.0 145679.0 15379136.0  677288.2  51200.0 51156.4     80    1.691   0      0.000    1.691
57280.0 60032.0 1446.2  0.0   7569472.0 145699.8 15379136.0  677288.2  51200.0 51156.4     80    1.691   0      0.000    1.691
57280.0 60032.0 1446.2  0.0   7569472.0 145742.8 15379136.0  677288.2  51200.0 51156.4     80    1.691   0      0.000    1.691
57280.0 60032.0 1446.2  0.0   7569472.0 145764.7 15379136.0  677288.2  51200.0 51156.4     80    1.691   0      0.000    1.691
57280.0 60032.0 1446.2  0.0   7569472.0 145782.2 15379136.0  677288.2  51200.0 51156.4     80    1.691   0      0.000    1.691
57280.0 60032.0 1446.2  0.0   7569472.0 145808.5 15379136.0  677288.2  51200.0 51156.4     80    1.691   0      0.000    1.691
57280.0 60032.0 1446.2  0.0   7569472.0 145826.0 15379136.0  677288.2  51200.0 51156.4     80    1.691   0      0.000    1.691
57280.0 60032.0 1446.2  0.0   7569472.0 145871.5 15379136.0  677288.2  51200.0 51156.4     80    1.691   0      0.000    1.691
57280.0 60032.0 1446.2  0.0   7569472.0 145892.5 15379136.0  677288.2  51200.0 51156.4     80    1.691   0      0.000    1.691
57280.0 60032.0 1446.2  0.0   7569472.0 145910.0 15379136.0  677288.2  51200.0 51156.4     80    1.691   0      0.000    1.691
57280.0 60032.0 1446.2  0.0   7569472.0 145927.6 15379136.0  677288.2  51200.0 51156.4     80    1.691   0      0.000    1.691
57280.0 60032.0 1446.2  0.0   7569472.0 930970.5 15379136.0  677288.2  51392.0 51317.9     80    1.691   0      0.000    1.691
